[96mscripts/repl.ts[0m:[93m6[0m:[93m10[0m - [91merror[0m[90m TS2305: [0mModule '"../src/protocol/index.js"' has no exported member 'AggregateType'.

[7m6[0m import { AggregateType } from '../src/protocol/index.js'
[7m [0m [91m         ~~~~~~~~~~~~~[0m

[96mscripts/test_push_exports.ts[0m:[93m13[0m:[93m37[0m - [91merror[0m[90m TS2307: [0mCannot find module '../src/modify/AutoSizedUint8Array.js' or its corresponding type declarations.

[7m13[0m import { AutoSizedUint8Array } from '../src/modify/AutoSizedUint8Array.js'
[7m  [0m [91m                                    ~~~~~~~~~~~~~~~~~~~~~~~~~~~~~~~~~~~~~~[0m

[96mscripts/test_push_exports.ts[0m:[93m17[0m:[93m9[0m - [91merror[0m[90m TS2739: [0mType '{ id: number; start: number; size: number; }' is missing the following properties from type 'ModifyMainHeader': type, increment, incrementPositive, expire

[7m17[0m   const header: ModifyMainHeader = {
[7m  [0m [91m        ~~~~~~[0m

[96msrc/db-client/query2/index.ts[0m:[93m73[0m:[93m5[0m - [91merror[0m[90m TS2304: [0mCannot find name 'L'.

[7m73[0m     L,
[7m  [0m [91m    ~[0m

[96msrc/db-client/query2/index.ts[0m:[93m142[0m:[93m6[0m - [91merror[0m[90m TS2314: [0mGeneric type 'NextBranch' requires 10 type argument(s).

[7m142[0m   ): NextBranch<
[7m   [0m [91m     ~~~~~~~~~~~[0m
[7m143[0m     S,
[7m   [0m [91m~~~~~~[0m
[7m...[0m 
[7m151[0m     GroupedKey
[7m   [0m [91m~~~~~~~~~~~~~~[0m
[7m152[0m   >
[7m   [0m [91m~~~[0m

[96msrc/db-client/query2/index.ts[0m:[93m155[0m:[93m6[0m - [91merror[0m[90m TS2314: [0mGeneric type 'NextBranch' requires 10 type argument(s).

[7m155[0m   ): NextBranch<
[7m   [0m [91m     ~~~~~~~~~~~[0m
[7m156[0m     S,
[7m   [0m [91m~~~~~~[0m
[7m...[0m 
[7m164[0m     GroupedKey
[7m   [0m [91m~~~~~~~~~~~~~~[0m
[7m165[0m   >
[7m   [0m [91m~~~[0m

[96msrc/db-client/query2/index.ts[0m:[93m182[0m:[93m12[0m - [91merror[0m[90m TS2314: [0mGeneric type 'NextBranch' requires 10 type argument(s).

[7m182[0m   count(): NextBranch<
[7m   [0m [91m           ~~~~~~~~~~~[0m
[7m183[0m     S,
[7m   [0m [91m~~~~~~[0m
[7m...[0m 
[7m191[0m     GroupedKey
[7m   [0m [91m~~~~~~~~~~~~~~[0m
[7m192[0m   > {
[7m   [0m [91m~~~[0m

[96msrc/db-client/query2/index.ts[0m:[93m199[0m:[93m6[0m - [91merror[0m[90m TS2314: [0mGeneric type 'NextBranch' requires 10 type argument(s).

[7m199[0m   ): NextBranch<
[7m   [0m [91m     ~~~~~~~~~~~[0m
[7m200[0m     S,
[7m   [0m [91m~~~~~~[0m
[7m...[0m 
[7m208[0m     GroupedKey
[7m   [0m [91m~~~~~~~~~~~~~~[0m
[7m209[0m   >
[7m   [0m [91m~~~[0m

[96msrc/db-client/query2/index.ts[0m:[93m212[0m:[93m6[0m - [91merror[0m[90m TS2314: [0mGeneric type 'NextBranch' requires 10 type argument(s).

[7m212[0m   ): NextBranch<
[7m   [0m [91m     ~~~~~~~~~~~[0m
[7m213[0m     S,
[7m   [0m [91m~~~~~~[0m
[7m...[0m 
[7m221[0m     GroupedKey
[7m   [0m [91m~~~~~~~~~~~~~~[0m
[7m222[0m   >
[7m   [0m [91m~~~[0m

[96msrc/db-client/query2/index.ts[0m:[93m241[0m:[93m6[0m - [91merror[0m[90m TS2314: [0mGeneric type 'NextBranch' requires 10 type argument(s).

[7m241[0m   ): NextBranch<
[7m   [0m [91m     ~~~~~~~~~~~[0m
[7m242[0m     S,
[7m   [0m [91m~~~~~~[0m
[7m...[0m 
[7m250[0m     GroupedKey
[7m   [0m [91m~~~~~~~~~~~~~~[0m
[7m251[0m   >
[7m   [0m [91m~~~[0m

[96msrc/db-client/query2/index.ts[0m:[93m254[0m:[93m6[0m - [91merror[0m[90m TS2314: [0mGeneric type 'NextBranch' requires 10 type argument(s).

[7m254[0m   ): NextBranch<
[7m   [0m [91m     ~~~~~~~~~~~[0m
[7m255[0m     S,
[7m   [0m [91m~~~~~~[0m
[7m...[0m 
[7m263[0m     GroupedKey
[7m   [0m [91m~~~~~~~~~~~~~~[0m
[7m264[0m   >
[7m   [0m [91m~~~[0m

[96msrc/db-client/query2/index.ts[0m:[93m283[0m:[93m6[0m - [91merror[0m[90m TS2314: [0mGeneric type 'NextBranch' requires 10 type argument(s).

[7m283[0m   ): NextBranch<
[7m   [0m [91m     ~~~~~~~~~~~[0m
[7m284[0m     S,
[7m   [0m [91m~~~~~~[0m
[7m...[0m 
[7m292[0m     GroupedKey
[7m   [0m [91m~~~~~~~~~~~~~~[0m
[7m293[0m   >
[7m   [0m [91m~~~[0m

[96msrc/db-client/query2/index.ts[0m:[93m296[0m:[93m6[0m - [91merror[0m[90m TS2314: [0mGeneric type 'NextBranch' requires 10 type argument(s).

[7m296[0m   ): NextBranch<
[7m   [0m [91m     ~~~~~~~~~~~[0m
[7m297[0m     S,
[7m   [0m [91m~~~~~~[0m
[7m...[0m 
[7m305[0m     GroupedKey
[7m   [0m [91m~~~~~~~~~~~~~~[0m
[7m306[0m   >
[7m   [0m [91m~~~[0m

[96msrc/db-client/query2/index.ts[0m:[93m325[0m:[93m6[0m - [91merror[0m[90m TS2314: [0mGeneric type 'NextBranch' requires 10 type argument(s).

[7m325[0m   ): NextBranch<
[7m   [0m [91m     ~~~~~~~~~~~[0m
[7m326[0m     S,
[7m   [0m [91m~~~~~~[0m
[7m...[0m 
[7m334[0m     GroupedKey
[7m   [0m [91m~~~~~~~~~~~~~~[0m
[7m335[0m   >
[7m   [0m [91m~~~[0m

[96msrc/db-client/query2/index.ts[0m:[93m338[0m:[93m6[0m - [91merror[0m[90m TS2314: [0mGeneric type 'NextBranch' requires 10 type argument(s).

[7m338[0m   ): NextBranch<
[7m   [0m [91m     ~~~~~~~~~~~[0m
[7m339[0m     S,
[7m   [0m [91m~~~~~~[0m
[7m...[0m 
[7m348[0m     GroupedKey
[7m   [0m [91m~~~~~~~~~~~~~~[0m
[7m349[0m   >
[7m   [0m [91m~~~[0m

[96msrc/db-client/query2/index.ts[0m:[93m368[0m:[93m6[0m - [91merror[0m[90m TS2314: [0mGeneric type 'NextBranch' requires 10 type argument(s).

[7m368[0m   ): NextBranch<
[7m   [0m [91m     ~~~~~~~~~~~[0m
[7m369[0m     S,
[7m   [0m [91m~~~~~~[0m
[7m...[0m 
[7m377[0m     GroupedKey
[7m   [0m [91m~~~~~~~~~~~~~~[0m
[7m378[0m   >
[7m   [0m [91m~~~[0m

[96msrc/db-client/query2/index.ts[0m:[93m381[0m:[93m6[0m - [91merror[0m[90m TS2314: [0mGeneric type 'NextBranch' requires 10 type argument(s).

[7m381[0m   ): NextBranch<
[7m   [0m [91m     ~~~~~~~~~~~[0m
[7m382[0m     S,
[7m   [0m [91m~~~~~~[0m
[7m...[0m 
[7m391[0m     GroupedKey
[7m   [0m [91m~~~~~~~~~~~~~~[0m
[7m392[0m   >
[7m   [0m [91m~~~[0m

[96msrc/db-client/query2/index.ts[0m:[93m412[0m:[93m6[0m - [91merror[0m[90m TS2314: [0mGeneric type 'NextBranch' requires 10 type argument(s).

[7m412[0m   ): NextBranch<
[7m   [0m [91m     ~~~~~~~~~~~[0m
[7m413[0m     S,
[7m   [0m [91m~~~~~~[0m
[7m...[0m 
[7m421[0m     GroupedKey
[7m   [0m [91m~~~~~~~~~~~~~~[0m
[7m422[0m   >
[7m   [0m [91m~~~[0m

[96msrc/db-client/query2/index.ts[0m:[93m425[0m:[93m6[0m - [91merror[0m[90m TS2314: [0mGeneric type 'NextBranch' requires 10 type argument(s).

[7m425[0m   ): NextBranch<
[7m   [0m [91m     ~~~~~~~~~~~[0m
[7m426[0m     S,
[7m   [0m [91m~~~~~~[0m
[7m...[0m 
[7m434[0m     GroupedKey
[7m   [0m [91m~~~~~~~~~~~~~~[0m
[7m435[0m   >
[7m   [0m [91m~~~[0m

[96msrc/db-client/query2/index.ts[0m:[93m438[0m:[93m6[0m - [91merror[0m[90m TS2314: [0mGeneric type 'NextBranch' requires 10 type argument(s).

[7m438[0m   ): NextBranch<any, any, any, any, any, any, any, any, any> {
[7m   [0m [91m     ~~~~~~~~~~~~~~~~~~~~~~~~~~~~~~~~~~~~~~~~~~~~~~~~~~~~~~~[0m

[96msrc/db-client/query2/index.ts[0m:[93m472[0m:[93m6[0m - [91merror[0m[90m TS2314: [0mGeneric type 'NextBranch' requires 10 type argument(s).

[7m472[0m   ): NextBranch<
[7m   [0m [91m     ~~~~~~~~~~~[0m
[7m473[0m     S,
[7m   [0m [91m~~~~~~[0m
[7m...[0m 
[7m481[0m     GroupedKey
[7m   [0m [91m~~~~~~~~~~~~~~[0m
[7m482[0m   >
[7m   [0m [91m~~~[0m

[96msrc/db-client/query2/index.ts[0m:[93m493[0m:[93m5[0m - [91merror[0m[90m TS2304: [0mCannot find name 'L'.

[7m493[0m     L,
[7m   [0m [91m    ~[0m

[96msrc/db-client/query2/index.ts[0m:[93m541[0m:[93m5[0m - [91merror[0m[90m TS2304: [0mCannot find name 'L'.

[7m541[0m     L,
[7m   [0m [91m    ~[0m

[96msrc/db-client/query2/index.ts[0m:[93m550[0m:[93m36[0m - [91merror[0m[90m TS2536: [0mType '"locales"' cannot be used to index type 'S'.

[7m550[0m   locale<Loc extends Extract<keyof S['locales'], string>>(
[7m   [0m [91m                                   ~~~~~~~~~~~~[0m

[96msrc/db-client/query2/index.ts[0m:[93m579[0m:[93m5[0m - [91merror[0m[90m TS2304: [0mCannot find name 'L'.

[7m579[0m     L,
[7m   [0m [91m    ~[0m

[96msrc/db-client/query2/index.ts[0m:[93m598[0m:[93m5[0m - [91merror[0m[90m TS2304: [0mCannot find name 'L'.

[7m598[0m     L,
[7m   [0m [91m    ~[0m

[96msrc/db-client/query2/index.ts[0m:[93m617[0m:[93m5[0m - [91merror[0m[90m TS2304: [0mCannot find name 'L'.

[7m617[0m     L,
[7m   [0m [91m    ~[0m

[96msrc/db-client/query2/index.ts[0m:[93m675[0m:[93m13[0m - [91merror[0m[90m TS2707: [0mGeneric type 'Query<S, T, K, IsSingle, SourceField, IsRoot, EdgeProps, Aggregate, GroupedKey>' requires between 0 and 9 type arguments.

[7m675[0m >(type: T): Query<S, T, '*', false, undefined, false, {}, L, {}, undefined>
[7m   [0m [91m            ~~~~~~~~~~~~~~~~~~~~~~~~~~~~~~~~~~~~~~~~~~~~~~~~~~~~~~~~~~~~~~~[0m

[96msrc/db-client/query2/index.ts[0m:[93m684[0m:[93m24[0m - [91merror[0m[90m TS2314: [0mGeneric type 'InferSchemaOutput' requires 2 type argument(s).

[7m684[0m   id: number | Partial<InferSchemaOutput<S, T, L>>,
[7m   [0m [91m                       ~~~~~~~~~~~~~~~~~~~~~~~~~~[0m

[96msrc/db-client/query2/index.ts[0m:[93m685[0m:[93m4[0m - [91merror[0m[90m TS2707: [0mGeneric type 'Query<S, T, K, IsSingle, SourceField, IsRoot, EdgeProps, Aggregate, GroupedKey>' requires between 0 and 9 type arguments.

[7m685[0m ): Query<S, T, '*', true, undefined, false, {}, L, {}, undefined>
[7m   [0m [91m   ~~~~~~~~~~~~~~~~~~~~~~~~~~~~~~~~~~~~~~~~~~~~~~~~~~~~~~~~~~~~~~[0m

[96msrc/db-client/query2/index.ts[0m:[93m693[0m:[93m40[0m - [91merror[0m[90m TS2314: [0mGeneric type 'InferSchemaOutput' requires 2 type argument(s).

[7m693[0m   target?: number | number[] | Partial<InferSchemaOutput<S, T, L>>,
[7m   [0m [91m                                       ~~~~~~~~~~~~~~~~~~~~~~~~~~[0m

[96msrc/db-client/query2/index.ts[0m:[93m694[0m:[93m4[0m - [91merror[0m[90m TS2707: [0mGeneric type 'Query<S, T, K, IsSingle, SourceField, IsRoot, EdgeProps, Aggregate, GroupedKey>' requires between 0 and 9 type arguments.

[7m694[0m ): Query<S, T, '*', boolean, undefined, false, {}, L, {}, undefined> {
[7m   [0m [91m   ~~~~~~~~~~~~~~~~~~~~~~~~~~~~~~~~~~~~~~~~~~~~~~~~~~~~~~~~~~~~~~~~~[0m

[96msrc/db-client/query2/index.ts[0m:[93m697[0m:[93m20[0m - [91merror[0m[90m TS2558: [0mExpected 0-9 type arguments, but got 10.

[7m697[0m   return new Query<S, T, '*', boolean, undefined, false, {}, L, {}, undefined>(
[7m   [0m [91m                   ~~~~~~~~~~~~~~~~~~~~~~~~~~~~~~~~~~~~~~~~~~~~~~~~~~~~~~~~~~[0m

[96msrc/db-client/query2/index.ts[0m:[93m715[0m:[93m11[0m - [91merror[0m[90m TS2707: [0mGeneric type 'Query<S, T, K, IsSingle, SourceField, IsRoot, EdgeProps, Aggregate, GroupedKey>' requires between 0 and 9 type arguments.

[7m715[0m > extends Query<
[7m   [0m [91m          ~~~~~~[0m
[7m716[0m   S,
[7m   [0m [91m~~~~[0m
[7m...[0m 
[7m725[0m   GroupedKey
[7m   [0m [91m~~~~~~~~~~~~[0m
[7m726[0m > {
[7m   [0m [91m~[0m

[96msrc/db-client/query2/index.ts[0m:[93m730[0m:[93m42[0m - [91merror[0m[90m TS2314: [0mGeneric type 'InferSchemaOutput' requires 2 type argument(s).

[7m730[0m     target?: number | number[] | Partial<InferSchemaOutput<S, T, L>>,
[7m   [0m [91m                                         ~~~~~~~~~~~~~~~~~~~~~~~~~~[0m

[96msrc/db-client/query2/index.ts[0m:[93m733[0m:[93m10[0m - [91merror[0m[90m TS2339: [0mProperty 'ast' does not exist on type 'BasedQuery2<S, T, K, IsSingle, L, Aggregate, GroupedKey>'.

[7m733[0m     this.ast.type = type as string
[7m   [0m [91m         ~~~[0m

[96msrc/db-client/query2/index.ts[0m:[93m734[0m:[93m22[0m - [91merror[0m[90m TS2339: [0mProperty 'ast' does not exist on type 'BasedQuery2<S, T, K, IsSingle, L, Aggregate, GroupedKey>'.

[7m734[0m     if (target) this.ast.target = target
[7m   [0m [91m                     ~~~[0m

[96msrc/db-client/query2/index.ts[0m:[93m758[0m:[93m13[0m - [91merror[0m[90m TS2339: [0mProperty 'ast' does not exist on type 'BasedQuery2<S, T, K, IsSingle, L, Aggregate, GroupedKey>'.

[7m758[0m       !this.ast.props &&
[7m   [0m [91m            ~~~[0m

[96msrc/db-client/query2/index.ts[0m:[93m759[0m:[93m13[0m - [91merror[0m[90m TS2339: [0mProperty 'ast' does not exist on type 'BasedQuery2<S, T, K, IsSingle, L, Aggregate, GroupedKey>'.

[7m759[0m       !this.ast.sum &&
[7m   [0m [91m            ~~~[0m

[96msrc/db-client/query2/index.ts[0m:[93m760[0m:[93m13[0m - [91merror[0m[90m TS2339: [0mProperty 'ast' does not exist on type 'BasedQuery2<S, T, K, IsSingle, L, Aggregate, GroupedKey>'.

[7m760[0m       !this.ast.count &&
[7m   [0m [91m            ~~~[0m

[96msrc/db-client/query2/index.ts[0m:[93m761[0m:[93m13[0m - [91merror[0m[90m TS2339: [0mProperty 'ast' does not exist on type 'BasedQuery2<S, T, K, IsSingle, L, Aggregate, GroupedKey>'.

[7m761[0m       !this.ast.avg &&
[7m   [0m [91m            ~~~[0m

[96msrc/db-client/query2/index.ts[0m:[93m762[0m:[93m13[0m - [91merror[0m[90m TS2339: [0mProperty 'ast' does not exist on type 'BasedQuery2<S, T, K, IsSingle, L, Aggregate, GroupedKey>'.

[7m762[0m       !this.ast.hmean &&
[7m   [0m [91m            ~~~[0m

[96msrc/db-client/query2/index.ts[0m:[93m763[0m:[93m13[0m - [91merror[0m[90m TS2339: [0mProperty 'ast' does not exist on type 'BasedQuery2<S, T, K, IsSingle, L, Aggregate, GroupedKey>'.

[7m763[0m       !this.ast.max &&
[7m   [0m [91m            ~~~[0m

[96msrc/db-client/query2/index.ts[0m:[93m764[0m:[93m13[0m - [91merror[0m[90m TS2339: [0mProperty 'ast' does not exist on type 'BasedQuery2<S, T, K, IsSingle, L, Aggregate, GroupedKey>'.

[7m764[0m       !this.ast.min &&
[7m   [0m [91m            ~~~[0m

[96msrc/db-client/query2/index.ts[0m:[93m765[0m:[93m13[0m - [91merror[0m[90m TS2339: [0mProperty 'ast' does not exist on type 'BasedQuery2<S, T, K, IsSingle, L, Aggregate, GroupedKey>'.

[7m765[0m       !this.ast.stddev &&
[7m   [0m [91m            ~~~[0m

[96msrc/db-client/query2/index.ts[0m:[93m766[0m:[93m13[0m - [91merror[0m[90m TS2339: [0mProperty 'ast' does not exist on type 'BasedQuery2<S, T, K, IsSingle, L, Aggregate, GroupedKey>'.

[7m766[0m       !this.ast.variance &&
[7m   [0m [91m            ~~~[0m

[96msrc/db-client/query2/index.ts[0m:[93m767[0m:[93m13[0m - [91merror[0m[90m TS2339: [0mProperty 'ast' does not exist on type 'BasedQuery2<S, T, K, IsSingle, L, Aggregate, GroupedKey>'.

[7m767[0m       !this.ast.cardinality
[7m   [0m [91m            ~~~[0m

[96msrc/db-client/query2/index.ts[0m:[93m769[0m:[93m12[0m - [91merror[0m[90m TS2339: [0mProperty 'include' does not exist on type 'BasedQuery2<S, T, K, IsSingle, L, Aggregate, GroupedKey>'.

[7m769[0m       this.include('*')
[7m   [0m [91m           ~~~~~~~[0m

[96msrc/db-client/query2/index.ts[0m:[93m777[0m:[93m12[0m - [91merror[0m[90m TS2339: [0mProperty 'ast' does not exist on type 'BasedQuery2<S, T, K, IsSingle, L, Aggregate, GroupedKey>'.

[7m777[0m       this.ast,
[7m   [0m [91m           ~~~[0m

[96msrc/db-client/query2/index.ts[0m:[93m875[0m:[93m43[0m - [91merror[0m[90m TS2707: [0mGeneric type 'Query<S, T, K, IsSingle, SourceField, IsRoot, EdgeProps, Aggregate, GroupedKey>' requires between 0 and 9 type arguments.

[7m875[0m type AnyQuery<S extends { types: any }> = Query<
[7m   [0m [91m                                          ~~~~~~[0m
[7m876[0m   S,
[7m   [0m [91m~~~~[0m
[7m...[0m 
[7m885[0m   any
[7m   [0m [91m~~~~~[0m
[7m886[0m >
[7m   [0m [91m~[0m

[96msrc/db-client/query2/index.ts[0m:[93m907[0m:[93m5[0m - [91merror[0m[90m TS2707: [0mGeneric type 'Query<S, T, K, IsSingle, SourceField, IsRoot, EdgeProps, Aggregate, GroupedKey>' requires between 0 and 9 type arguments.

[7m907[0m   : Query<
[7m   [0m [91m    ~~~~~~[0m
[7m908[0m       S,
[7m   [0m [91m~~~~~~~~[0m
[7m...[0m 
[7m917[0m       GroupedKey
[7m   [0m [91m~~~~~~~~~~~~~~~~[0m
[7m918[0m     >
[7m   [0m [91m~~~~~[0m

[96msrc/db-client/query2/types.ts[0m:[93m347[0m:[93m15[0m - [91merror[0m[90m TS2314: [0mGeneric type 'InferPropsPathType' requires 3 type argument(s).

[7m347[0m             ? InferPropsPathType<S, NestedProps, Tail, L>
[7m   [0m [91m              ~~~~~~~~~~~~~~~~~~~~~~~~~~~~~~~~~~~~~~~~~~~[0m

[96msrc/db-client/query2/types.ts[0m:[93m347[0m:[93m56[0m - [91merror[0m[90m TS2304: [0mCannot find name 'L'.

[7m347[0m             ? InferPropsPathType<S, NestedProps, Tail, L>
[7m   [0m [91m                                                       ~[0m

[96msrc/db-client/query2/types.ts[0m:[93m376[0m:[93m5[0m - [91merror[0m[90m TS2314: [0mGeneric type 'InferPropsPathType' requires 3 type argument(s).

[7m376[0m > = InferPropsPathType<S, ResolvedProps<S['types'], T> & EdgeProps, P, L>
[7m   [0m [91m    ~~~~~~~~~~~~~~~~~~~~~~~~~~~~~~~~~~~~~~~~~~~~~~~~~~~~~~~~~~~~~~~~~~~~~[0m

[96mtest/aggregate/basic.ts[0m:[93m55[0m:[93m29[0m - [91merror[0m[90m TS2339: [0mProperty 'sum' does not exist on type 'BasedQuery2<{ version?: string | undefined; defaultTimezone?: string | undefined; migrations?: SchemaMigrations | undefined; hash: number; types: { readonly sequence: { props: { readonly votes: Omit<...> & { ...; }; }; }; readonly vote: { ...; }; }; locales: Partial<...>; }, ... 5 more ..., undefined>'.

[7m55[0m     await db.query2('vote').sum('NL').get(),
[7m  [0m [91m                            ~~~[0m

[96mtest/aggregate/basic.ts[0m:[93m61[0m:[93m29[0m - [91merror[0m[90m TS2339: [0mProperty 'sum' does not exist on type 'BasedQuery2<{ version?: string | undefined; defaultTimezone?: string | undefined; migrations?: SchemaMigrations | undefined; hash: number; types: { readonly sequence: { props: { readonly votes: Omit<...> & { ...; }; }; }; readonly vote: { ...; }; }; locales: Partial<...>; }, ... 5 more ..., undefined>'.

[7m61[0m     await db.query2('vote').sum('NL', 'AU').get(),
[7m  [0m [91m                            ~~~[0m

[96mtest/aggregate/basic.ts[0m:[93m72[0m:[93m29[0m - [91merror[0m[90m TS2339: [0mProperty 'sum' does not exist on type 'BasedQuery2<{ version?: string | undefined; defaultTimezone?: string | undefined; migrations?: SchemaMigrations | undefined; hash: number; types: { readonly sequence: { props: { readonly votes: Omit<...> & { ...; }; }; }; readonly vote: { ...; }; }; locales: Partial<...>; }, ... 5 more ..., undefined>'.

[7m72[0m     await db.query2('vote').sum('flap.hello').get(),
[7m  [0m [91m                            ~~~[0m

[96mtest/aggregate/basic.ts[0m:[93m126[0m:[93m29[0m - [91merror[0m[90m TS2339: [0mProperty 'count' does not exist on type 'BasedQuery2<{ version?: string | undefined; defaultTimezone?: string | undefined; migrations?: SchemaMigrations | undefined; hash: number; types: { readonly sequence: { props: { readonly votes: Omit<...> & { ...; }; }; }; readonly vote: { ...; }; }; locales: Partial<...>; }, ... 5 more ..., undefined>'.

[7m126[0m     await db.query2('vote').count().get(),
[7m   [0m [91m                            ~~~~~[0m

[96mtest/aggregate/basic.ts[0m:[93m142[0m:[93m29[0m - [91merror[0m[90m TS2339: [0mProperty 'include' does not exist on type 'BasedQuery2<{ version?: string | undefined; defaultTimezone?: string | undefined; migrations?: SchemaMigrations | undefined; hash: number; types: { readonly sequence: { props: { readonly votes: Omit<...> & { ...; }; }; }; readonly vote: { ...; }; }; locales: Partial<...>; }, ... 5 more ..., undefined>'.

[7m142[0m     await db.query2('vote').include('IT').count().get(),
[7m   [0m [91m                            ~~~~~~~[0m

[96mtest/aggregate/basic.ts[0m:[93m158[0m:[93m29[0m - [91merror[0m[90m TS2339: [0mProperty 'filter' does not exist on type 'BasedQuery2<{ version?: string | undefined; defaultTimezone?: string | undefined; migrations?: SchemaMigrations | undefined; hash: number; types: { readonly sequence: { props: { readonly votes: Omit<...> & { ...; }; }; }; readonly vote: { ...; }; }; locales: Partial<...>; }, ... 5 more ..., undefined>'.

[7m158[0m     await db.query2('vote').filter('NL', '=', 20).count().get(),
[7m   [0m [91m                            ~~~~~~[0m

[96mtest/aggregate/basic.ts[0m:[93m164[0m:[93m29[0m - [91merror[0m[90m TS2339: [0mProperty 'filter' does not exist on type 'BasedQuery2<{ version?: string | undefined; defaultTimezone?: string | undefined; migrations?: SchemaMigrations | undefined; hash: number; types: { readonly sequence: { props: { readonly votes: Omit<...> & { ...; }; }; }; readonly vote: { ...; }; }; locales: Partial<...>; }, ... 5 more ..., undefined>'.

[7m164[0m     await db.query2('vote').filter('NL', '>', 255).count().get(),
[7m   [0m [91m                            ~~~~~~[0m

[96mtest/aggregate/basic.ts[0m:[93m225[0m:[93m29[0m - [91merror[0m[90m TS2339: [0mProperty 'stddev' does not exist on type 'BasedQuery2<{ version?: string | undefined; defaultTimezone?: string | undefined; migrations?: SchemaMigrations | undefined; hash: number; types: { readonly sequence: { props: { readonly votes: Omit<...> & { ...; }; }; }; readonly vote: { ...; }; }; locales: Partial<...>; }, ... 5 more ..., undefined>'.

[7m225[0m     await db.query2('vote').stddev('NL', { mode: 'sample' }).get(),
[7m   [0m [91m                            ~~~~~~[0m

[96mtest/aggregate/basic.ts[0m:[93m233[0m:[93m29[0m - [91merror[0m[90m TS2339: [0mProperty 'stddev' does not exist on type 'BasedQuery2<{ version?: string | undefined; defaultTimezone?: string | undefined; migrations?: SchemaMigrations | undefined; hash: number; types: { readonly sequence: { props: { readonly votes: Omit<...> & { ...; }; }; }; readonly vote: { ...; }; }; locales: Partial<...>; }, ... 5 more ..., undefined>'.

[7m233[0m     await db.query2('vote').stddev('NL', { mode: 'sample' }).get(),
[7m   [0m [91m                            ~~~~~~[0m

[96mtest/aggregate/basic.ts[0m:[93m241[0m:[93m29[0m - [91merror[0m[90m TS2339: [0mProperty 'stddev' does not exist on type 'BasedQuery2<{ version?: string | undefined; defaultTimezone?: string | undefined; migrations?: SchemaMigrations | undefined; hash: number; types: { readonly sequence: { props: { readonly votes: Omit<...> & { ...; }; }; }; readonly vote: { ...; }; }; locales: Partial<...>; }, ... 5 more ..., undefined>'.

[7m241[0m     await db.query2('vote').stddev('NL', { mode: 'population' }).get(),
[7m   [0m [91m                            ~~~~~~[0m

[96mtest/aggregate/basic.ts[0m:[93m249[0m:[93m29[0m - [91merror[0m[90m TS2339: [0mProperty 'sum' does not exist on type 'BasedQuery2<{ version?: string | undefined; defaultTimezone?: string | undefined; migrations?: SchemaMigrations | undefined; hash: number; types: { readonly sequence: { props: { readonly votes: Omit<...> & { ...; }; }; }; readonly vote: { ...; }; }; locales: Partial<...>; }, ... 5 more ..., undefined>'.

[7m249[0m     await db.query2('vote').sum('NL').get(),
[7m   [0m [91m                            ~~~[0m

[96mtest/aggregate/basic.ts[0m:[93m259[0m:[93m8[0m - [91merror[0m[90m TS2339: [0mProperty 'stddev' does not exist on type 'BasedQuery2<{ version?: string | undefined; defaultTimezone?: string | undefined; migrations?: SchemaMigrations | undefined; hash: number; types: { readonly sequence: { props: { readonly votes: Omit<...> & { ...; }; }; }; readonly vote: { ...; }; }; locales: Partial<...>; }, ... 5 more ..., undefined>'.

[7m259[0m       .stddev('NL', { mode: 'population' })
[7m   [0m [91m       ~~~~~~[0m

[96mtest/aggregate/basic.ts[0m:[93m392[0m:[93m29[0m - [91merror[0m[90m TS2339: [0mProperty 'groupBy' does not exist on type 'BasedQuery2<{ version?: string | undefined; defaultTimezone?: string | undefined; migrations?: SchemaMigrations | undefined; hash: number; types: { readonly sequence: { props: { readonly votes: Omit<...> & { ...; }; }; }; readonly vote: { ...; }; }; locales: Partial<...>; }, ... 5 more ..., undefined>'.

[7m392[0m     await db.query2('vote').groupBy('region').get(),
[7m   [0m [91m                            ~~~~~~~[0m

[96mtest/aggregate/basic.ts[0m:[93m402[0m:[93m29[0m - [91merror[0m[90m TS2339: [0mProperty 'sum' does not exist on type 'BasedQuery2<{ version?: string | undefined; defaultTimezone?: string | undefined; migrations?: SchemaMigrations | undefined; hash: number; types: { readonly sequence: { props: { readonly votes: Omit<...> & { ...; }; }; }; readonly vote: { ...; }; }; locales: Partial<...>; }, ... 5 more ..., undefined>'.

[7m402[0m     await db.query2('vote').sum('NL', 'FI').groupBy('region').get(),
[7m   [0m [91m                            ~~~[0m

[96mtest/aggregate/basic.ts[0m:[93m421[0m:[93m29[0m - [91merror[0m[90m TS2339: [0mProperty 'count' does not exist on type 'BasedQuery2<{ version?: string | undefined; defaultTimezone?: string | undefined; migrations?: SchemaMigrations | undefined; hash: number; types: { readonly sequence: { props: { readonly votes: Omit<...> & { ...; }; }; }; readonly vote: { ...; }; }; locales: Partial<...>; }, ... 5 more ..., undefined>'.

[7m421[0m     await db.query2('vote').count().groupBy('region').get(),
[7m   [0m [91m                            ~~~~~[0m

[96mtest/aggregate/basic.ts[0m:[93m437[0m:[93m29[0m - [91merror[0m[90m TS2339: [0mProperty 'avg' does not exist on type 'BasedQuery2<{ version?: string | undefined; defaultTimezone?: string | undefined; migrations?: SchemaMigrations | undefined; hash: number; types: { readonly sequence: { props: { readonly votes: Omit<...> & { ...; }; }; }; readonly vote: { ...; }; }; locales: Partial<...>; }, ... 5 more ..., undefined>'.

[7m437[0m     await db.query2('vote').avg('NL', 'PT', 'FI').groupBy('region').get(),
[7m   [0m [91m                            ~~~[0m

[96mtest/aggregate/basic.ts[0m:[93m459[0m:[93m29[0m - [91merror[0m[90m TS2339: [0mProperty 'hmean' does not exist on type 'BasedQuery2<{ version?: string | undefined; defaultTimezone?: string | undefined; migrations?: SchemaMigrations | undefined; hash: number; types: { readonly sequence: { props: { readonly votes: Omit<...> & { ...; }; }; }; readonly vote: { ...; }; }; locales: Partial<...>; }, ... 5 more ..., undefined>'.

[7m459[0m     await db.query2('vote').hmean('NL', 'PT', 'FI').groupBy('region').get(),
[7m   [0m [91m                            ~~~~~[0m

[96mtest/aggregate/basic.ts[0m:[93m483[0m:[93m8[0m - [91merror[0m[90m TS2339: [0mProperty 'stddev' does not exist on type 'BasedQuery2<{ version?: string | undefined; defaultTimezone?: string | undefined; migrations?: SchemaMigrations | undefined; hash: number; types: { readonly sequence: { props: { readonly votes: Omit<...> & { ...; }; }; }; readonly vote: { ...; }; }; locales: Partial<...>; }, ... 5 more ..., undefined>'.

[7m483[0m       .stddev('NL', 'PL', { mode: 'population' })
[7m   [0m [91m       ~~~~~~[0m

[96mtest/aggregate/basic.ts[0m:[93m504[0m:[93m29[0m - [91merror[0m[90m TS2339: [0mProperty 'stddev' does not exist on type 'BasedQuery2<{ version?: string | undefined; defaultTimezone?: string | undefined; migrations?: SchemaMigrations | undefined; hash: number; types: { readonly sequence: { props: { readonly votes: Omit<...> & { ...; }; }; }; readonly vote: { ...; }; }; locales: Partial<...>; }, ... 5 more ..., undefined>'.

[7m504[0m     await db.query2('vote').stddev('NL', 'PL').groupBy('region').get(),
[7m   [0m [91m                            ~~~~~~[0m

[96mtest/aggregate/basic.ts[0m:[93m525[0m:[93m8[0m - [91merror[0m[90m TS2339: [0mProperty 'var' does not exist on type 'BasedQuery2<{ version?: string | undefined; defaultTimezone?: string | undefined; migrations?: SchemaMigrations | undefined; hash: number; types: { readonly sequence: { props: { readonly votes: Omit<...> & { ...; }; }; }; readonly vote: { ...; }; }; locales: Partial<...>; }, ... 5 more ..., undefined>'.

[7m525[0m       .var('NL', 'PL', { mode: 'population' })
[7m   [0m [91m       ~~~[0m

[96mtest/aggregate/basic.ts[0m:[93m548[0m:[93m8[0m - [91merror[0m[90m TS2339: [0mProperty 'var' does not exist on type 'BasedQuery2<{ version?: string | undefined; defaultTimezone?: string | undefined; migrations?: SchemaMigrations | undefined; hash: number; types: { readonly sequence: { props: { readonly votes: Omit<...> & { ...; }; }; }; readonly vote: { ...; }; }; locales: Partial<...>; }, ... 5 more ..., undefined>'.

[7m548[0m       .var('NL', 'PL', { mode: 'sample' })
[7m   [0m [91m       ~~~[0m

[96mtest/aggregate/basic.ts[0m:[93m560[0m:[93m29[0m - [91merror[0m[90m TS2339: [0mProperty 'var' does not exist on type 'BasedQuery2<{ version?: string | undefined; defaultTimezone?: string | undefined; migrations?: SchemaMigrations | undefined; hash: number; types: { readonly sequence: { props: { readonly votes: Omit<...> & { ...; }; }; }; readonly vote: { ...; }; }; locales: Partial<...>; }, ... 5 more ..., undefined>'.

[7m560[0m     await db.query2('vote').var('NL', 'PL').groupBy('region').get(),
[7m   [0m [91m                            ~~~[0m

[96mtest/aggregate/basic.ts[0m:[93m570[0m:[93m29[0m - [91merror[0m[90m TS2339: [0mProperty 'max' does not exist on type 'BasedQuery2<{ version?: string | undefined; defaultTimezone?: string | undefined; migrations?: SchemaMigrations | undefined; hash: number; types: { readonly sequence: { props: { readonly votes: Omit<...> & { ...; }; }; }; readonly vote: { ...; }; }; locales: Partial<...>; }, ... 5 more ..., undefined>'.

[7m570[0m     await db.query2('vote').max('NL', 'NO', 'PT', 'FI').groupBy('region').get(),
[7m   [0m [91m                            ~~~[0m

[96mtest/aggregate/basic.ts[0m:[93m595[0m:[93m29[0m - [91merror[0m[90m TS2339: [0mProperty 'min' does not exist on type 'BasedQuery2<{ version?: string | undefined; defaultTimezone?: string | undefined; migrations?: SchemaMigrations | undefined; hash: number; types: { readonly sequence: { props: { readonly votes: Omit<...> & { ...; }; }; }; readonly vote: { ...; }; }; locales: Partial<...>; }, ... 5 more ..., undefined>'.

[7m595[0m     await db.query2('vote').min('NL', 'NO', 'PT', 'FI').groupBy('region').get(),
[7m   [0m [91m                            ~~~[0m

[96mtest/aggregate/basic.ts[0m:[93m915[0m:[93m12[0m - [91merror[0m[90m TS2339: [0mProperty 'include' does not exist on type 'BasedQuery2<{ version?: string | undefined; defaultTimezone?: string | undefined; migrations?: SchemaMigrations | undefined; hash: number; types: { readonly product: { props: { readonly name: { readonly type: "string"; readonly maxBytes: 10; }; readonly flap: { ...; }; readonly product: { ...; }; }; }; readonly shel...'.

[7m915[0m           .include('*')
[7m   [0m [91m           ~~~~~~~[0m

[96mtest/aggregate/basic.ts[0m:[93m1002[0m:[93m10[0m - [91merror[0m[90m TS2339: [0mProperty 'groupBy' does not exist on type 'BasedQuery2<{ version?: string | undefined; defaultTimezone?: string | undefined; migrations?: SchemaMigrations | undefined; hash: number; types: { readonly job: { props: { readonly day: { type: "timestamp"; }; readonly tip: { ...; }; readonly employee: { ...; } & { ...; }; }; }; readonly employee: { ...; }; readonl...'.

[7m1002[0m         .groupBy('day', { step: 'hour', timeZone: 'America/Sao_Paulo' })
[7m    [0m [91m         ~~~~~~~[0m

[96mtest/aggregate/deep.ts[0m:[93m57[0m:[93m8[0m - [91merror[0m[90m TS2339: [0mProperty 'include' does not exist on type 'BasedQuery2<{ version?: string | undefined; defaultTimezone?: string | undefined; migrations?: SchemaMigrations | undefined; hash: number; types: { readonly sequence: { props: { readonly votes: Omit<...> & { ...; }; }; }; readonly vote: { ...; }; }; locales: Partial<...>; }, ... 5 more ..., undefined>'.

[7m57[0m       .include((select) => select('votes').sum('NL', 'AU'))
[7m  [0m [91m       ~~~~~~~[0m

[96mtest/aggregate/deep.ts[0m:[93m66[0m:[93m8[0m - [91merror[0m[90m TS2339: [0mProperty 'include' does not exist on type 'BasedQuery2<{ version?: string | undefined; defaultTimezone?: string | undefined; migrations?: SchemaMigrations | undefined; hash: number; types: { readonly sequence: { props: { readonly votes: Omit<...> & { ...; }; }; }; readonly vote: { ...; }; }; locales: Partial<...>; }, ... 5 more ..., undefined>'.

[7m66[0m       .include((select) => select('votes').groupBy('country').sum('NL', 'AU'))
[7m  [0m [91m       ~~~~~~~[0m

[96mtest/aggregate/deep.ts[0m:[93m142[0m:[93m8[0m - [91merror[0m[90m TS2339: [0mProperty 'include' does not exist on type 'BasedQuery2<{ version?: string | undefined; defaultTimezone?: string | undefined; migrations?: SchemaMigrations | undefined; hash: number; types: { readonly sequence: { props: { readonly votes: Omit<...> & { ...; }; }; }; readonly vote: { ...; }; }; locales: Partial<...>; }, ... 5 more ..., undefined>'.

[7m142[0m       .include((select) => select('votes').count())
[7m   [0m [91m       ~~~~~~~[0m

[96mtest/aggregate/deep.ts[0m:[93m151[0m:[93m8[0m - [91merror[0m[90m TS2339: [0mProperty 'include' does not exist on type 'BasedQuery2<{ version?: string | undefined; defaultTimezone?: string | undefined; migrations?: SchemaMigrations | undefined; hash: number; types: { readonly sequence: { props: { readonly votes: Omit<...> & { ...; }; }; }; readonly vote: { ...; }; }; locales: Partial<...>; }, ... 5 more ..., undefined>'.

[7m151[0m       .include((select) => select('votes').groupBy('country').sum('NL', 'AU'))
[7m   [0m [91m       ~~~~~~~[0m

[96mtest/aggregate/deep.ts[0m:[93m271[0m:[93m6[0m - [91merror[0m[90m TS2339: [0mProperty 'include' does not exist on type 'BasedQuery2<{ version?: string | undefined; defaultTimezone?: string | undefined; migrations?: SchemaMigrations | undefined; hash: number; types: { readonly team: { props: { readonly teamName: { readonly type: "string"; }; readonly city: { ...; }; readonly players: Omit<...> & { ...; }; }; }; readonly player: { ...;...'.

[7m271[0m     .include('teamName', 'city', (select) =>
[7m   [0m [91m     ~~~~~~~[0m

[96mtest/aggregate/deep.ts[0m:[93m357[0m:[93m29[0m - [91merror[0m[90m TS2339: [0mProperty 'avg' does not exist on type 'BasedQuery2<{ version?: string | undefined; defaultTimezone?: string | undefined; migrations?: SchemaMigrations | undefined; hash: number; types: { readonly beer: { props: { readonly name: { type: "string"; }; ... 4 more ...; readonly year: { ...; }; }; }; }; locales: Partial<...>; }, ... 5 more ..., undefined>'.

[7m357[0m     await db.query2('beer').avg('price').groupBy('type').get(),
[7m   [0m [91m                            ~~~[0m

[96mtest/aggregate/deep.ts[0m:[93m370[0m:[93m29[0m - [91merror[0m[90m TS2339: [0mProperty 'hmean' does not exist on type 'BasedQuery2<{ version?: string | undefined; defaultTimezone?: string | undefined; migrations?: SchemaMigrations | undefined; hash: number; types: { readonly beer: { props: { readonly name: { type: "string"; }; ... 4 more ...; readonly year: { ...; }; }; }; }; locales: Partial<...>; }, ... 5 more ..., undefined>'.

[7m370[0m     await db.query2('beer').hmean('price').groupBy('type').get(),
[7m   [0m [91m                            ~~~~~[0m

[96mtest/aggregate/deep.ts[0m:[93m422[0m:[93m8[0m - [91merror[0m[90m TS2339: [0mProperty 'include' does not exist on type 'BasedQuery2<{ version?: string | undefined; defaultTimezone?: string | undefined; migrations?: SchemaMigrations | undefined; hash: number; types: { readonly movie: { props: { readonly name: { type: "string"; }; readonly genre: { ...; }; readonly actors: Omit<...> & { ...; }; readonly movie: { ...; }; }; }; readonly ...'.

[7m422[0m       .include((q) => q('movies').groupBy('genre').count())
[7m   [0m [91m       ~~~~~~~[0m

[96mtest/aggregate/deep.ts[0m:[93m508[0m:[93m30[0m - [91merror[0m[90m TS2339: [0mProperty 'cardinality' does not exist on type 'BasedQuery2<{ version?: string | undefined; defaultTimezone?: string | undefined; migrations?: SchemaMigrations | undefined; hash: number; types: { readonly lunch: { props: { readonly week: { type: "string"; }; ... 6 more ...; readonly Fri: { ...; }; }; }; }; locales: Partial<...>; }, ... 5 more ..., undefined>'.

[7m508[0m     await db.query2('lunch').cardinality('Mon').get(),
[7m   [0m [91m                             ~~~~~~~~~~~[0m

[96mtest/aggregate/deep.ts[0m:[93m514[0m:[93m30[0m - [91merror[0m[90m TS2339: [0mProperty 'cardinality' does not exist on type 'BasedQuery2<{ version?: string | undefined; defaultTimezone?: string | undefined; migrations?: SchemaMigrations | undefined; hash: number; types: { readonly lunch: { props: { readonly week: { type: "string"; }; ... 6 more ...; readonly Fri: { ...; }; }; }; }; locales: Partial<...>; }, ... 5 more ..., undefined>'.

[7m514[0m     await db.query2('lunch').cardinality('Mon').groupBy('week').get(),
[7m   [0m [91m                             ~~~~~~~~~~~[0m

[96mtest/aggregate/deep.ts[0m:[93m571[0m:[93m8[0m - [91merror[0m[90m TS2339: [0mProperty 'include' does not exist on type 'BasedQuery2<{ version?: string | undefined; defaultTimezone?: string | undefined; migrations?: SchemaMigrations | undefined; hash: number; types: { readonly booth: { props: { readonly company: { type: "string"; }; readonly badgesScanned: { ...; }; readonly booth: { ...; }; }; }; readonly fair: { ...; }; }; locales: ...'.

[7m571[0m       .include((s) => s('booths').cardinality('badgesScanned'))
[7m   [0m [91m       ~~~~~~~[0m

[96mtest/aggregate/deep.ts[0m:[93m655[0m:[93m31[0m - [91merror[0m[90m TS2339: [0mProperty 'sum' does not exist on type 'BasedQuery2<{ version?: string | undefined; defaultTimezone?: string | undefined; migrations?: SchemaMigrations | undefined; hash: number; types: { readonly trip: { props: { readonly pickup: { type: "timestamp"; }; readonly dropoff: { ...; }; readonly distance: { ...; }; readonly vehicle: { ...; } & { ...; }; readon...'.

[7m655[0m     await db.query2('driver').sum('rank').groupBy('vehicle').get(),
[7m   [0m [91m                              ~~~[0m

[96mtest/aggregate/deep.ts[0m:[93m667[0m:[93m8[0m - [91merror[0m[90m TS2339: [0mProperty 'include' does not exist on type 'BasedQuery2<{ version?: string | undefined; defaultTimezone?: string | undefined; migrations?: SchemaMigrations | undefined; hash: number; types: { readonly trip: { props: { readonly pickup: { type: "timestamp"; }; readonly dropoff: { ...; }; readonly distance: { ...; }; readonly vehicle: { ...; } & { ...; }; readon...'.

[7m667[0m       .include((q) => q('trips').groupBy('vehicle').max('distance'))
[7m   [0m [91m       ~~~~~~~[0m

[96mtest/aggregate/deep.ts[0m:[93m723[0m:[93m29[0m - [91merror[0m[90m TS2339: [0mProperty 'sum' does not exist on type 'BasedQuery2<{ version?: string | undefined; defaultTimezone?: string | undefined; migrations?: SchemaMigrations | undefined; hash: number; types: { readonly user: { props: { readonly name: { type: "string"; }; readonly strong: { ...; }; readonly friends: Omit<...> & { ...; }; }; }; }; locales: Partial<...>; }, ... 5...'.

[7m723[0m     await db.query2('user').sum('friends.strong').get(),
[7m   [0m [91m                            ~~~[0m

[96mtest/aggregate/experimental.ts[0m:[93m90[0m:[93m30[0m - [91merror[0m[90m TS2339: [0mProperty 'cardinality' does not exist on type 'BasedQuery2<{ version?: string | undefined; defaultTimezone?: string | undefined; migrations?: SchemaMigrations | undefined; hash: number; types: { readonly lunch: { props: { readonly week: { type: "string"; }; ... 6 more ...; readonly Fri: { ...; }; }; }; }; locales: Partial<...>; }, ... 5 more ..., undefined>'.

[7m90[0m     await db.query2('lunch').cardinality('Mon').get(),
[7m  [0m [91m                             ~~~~~~~~~~~[0m

[96mtest/aggregate/experimental.ts[0m:[93m98[0m:[93m30[0m - [91merror[0m[90m TS2339: [0mProperty 'cardinality' does not exist on type 'BasedQuery2<{ version?: string | undefined; defaultTimezone?: string | undefined; migrations?: SchemaMigrations | undefined; hash: number; types: { readonly lunch: { props: { readonly week: { type: "string"; }; ... 6 more ...; readonly Fri: { ...; }; }; }; }; locales: Partial<...>; }, ... 5 more ..., undefined>'.

[7m98[0m     await db.query2('lunch').cardinality('Mon').groupBy('week').get(),
[7m  [0m [91m                             ~~~~~~~~~~~[0m

[96mtest/aggregate/groupBY.ts[0m:[93m52[0m:[93m29[0m - [91merror[0m[90m TS2339: [0mProperty 'sum' does not exist on type 'BasedQuery2<{ version?: string | undefined; defaultTimezone?: string | undefined; migrations?: SchemaMigrations | undefined; hash: number; types: { readonly sequence: { props: { readonly votes: Omit<...> & { ...; }; }; }; readonly vote: { ...; }; }; locales: Partial<...>; }, ... 5 more ..., undefined>'.

[7m52[0m     await db.query2('vote').sum('NL', 'AU').groupBy('country').get(),
[7m  [0m [91m                            ~~~[0m

[96mtest/aggregate/groupBY.ts[0m:[93m61[0m:[93m29[0m - [91merror[0m[90m TS2339: [0mProperty 'groupBy' does not exist on type 'BasedQuery2<{ version?: string | undefined; defaultTimezone?: string | undefined; migrations?: SchemaMigrations | undefined; hash: number; types: { readonly sequence: { props: { readonly votes: Omit<...> & { ...; }; }; }; readonly vote: { ...; }; }; locales: Partial<...>; }, ... 5 more ..., undefined>'.

[7m61[0m     await db.query2('vote').groupBy('country').get(),
[7m  [0m [91m                            ~~~~~~~[0m

[96mtest/aggregate/groupBY.ts[0m:[93m126[0m:[93m29[0m - [91merror[0m[90m TS2339: [0mProperty 'count' does not exist on type 'BasedQuery2<{ version?: string | undefined; defaultTimezone?: string | undefined; migrations?: SchemaMigrations | undefined; hash: number; types: { readonly sequence: { props: { readonly votes: Omit<...> & { ...; }; }; }; readonly vote: { ...; }; }; locales: Partial<...>; }, ... 5 more ..., undefined>'.

[7m126[0m     await db.query2('vote').count().groupBy('country').get(),
[7m   [0m [91m                            ~~~~~[0m

[96mtest/aggregate/groupBY.ts[0m:[93m241[0m:[93m29[0m - [91merror[0m[90m TS2339: [0mProperty 'groupBy' does not exist on type 'BasedQuery2<{ version?: string | undefined; defaultTimezone?: string | undefined; migrations?: SchemaMigrations | undefined; hash: number; types: { readonly user: { props: { readonly flap: { readonly type: "uint32"; }; readonly country: { ...; }; readonly name: { ...; }; readonly articles: Omit<...> & { ...; }; }; }...'.

[7m241[0m     await db.query2('user').groupBy('name').sum('flap').get(),
[7m   [0m [91m                            ~~~~~~~[0m

[96mtest/aggregate/groupBY.ts[0m:[93m253[0m:[93m29[0m - [91merror[0m[90m TS2339: [0mProperty 'groupBy' does not exist on type 'BasedQuery2<{ version?: string | undefined; defaultTimezone?: string | undefined; migrations?: SchemaMigrations | undefined; hash: number; types: { readonly user: { props: { readonly flap: { readonly type: "uint32"; }; readonly country: { ...; }; readonly name: { ...; }; readonly articles: Omit<...> & { ...; }; }; }...'.

[7m253[0m     await db.query2('user').groupBy('country').sum('flap').get(),
[7m   [0m [91m                            ~~~~~~~[0m

[96mtest/aggregate/groupBY.ts[0m:[93m321[0m:[93m29[0m - [91merror[0m[90m TS2339: [0mProperty 'sum' does not exist on type 'BasedQuery2<{ version?: string | undefined; defaultTimezone?: string | undefined; migrations?: SchemaMigrations | undefined; hash: number; types: { readonly trip: { props: { readonly pickup: { type: "timestamp"; }; ... 8 more ...; readonly vendorIdnumber: { ...; }; }; }; }; locales: Partial<...>; }, ... 5 more ..., ...'.

[7m321[0m     await db.query2('trip').sum('distance').groupBy('vendorIduint8').get(),
[7m   [0m [91m                            ~~~[0m

[96mtest/aggregate/groupBY.ts[0m:[93m330[0m:[93m29[0m - [91merror[0m[90m TS2339: [0mProperty 'sum' does not exist on type 'BasedQuery2<{ version?: string | undefined; defaultTimezone?: string | undefined; migrations?: SchemaMigrations | undefined; hash: number; types: { readonly trip: { props: { readonly pickup: { type: "timestamp"; }; ... 8 more ...; readonly vendorIdnumber: { ...; }; }; }; }; locales: Partial<...>; }, ... 5 more ..., ...'.

[7m330[0m     await db.query2('trip').sum('distance').groupBy('vendorIdint8').get(),
[7m   [0m [91m                            ~~~[0m

[96mtest/aggregate/groupBY.ts[0m:[93m339[0m:[93m29[0m - [91merror[0m[90m TS2339: [0mProperty 'sum' does not exist on type 'BasedQuery2<{ version?: string | undefined; defaultTimezone?: string | undefined; migrations?: SchemaMigrations | undefined; hash: number; types: { readonly trip: { props: { readonly pickup: { type: "timestamp"; }; ... 8 more ...; readonly vendorIdnumber: { ...; }; }; }; }; locales: Partial<...>; }, ... 5 more ..., ...'.

[7m339[0m     await db.query2('trip').sum('distance').groupBy('vendorIduint16').get(),
[7m   [0m [91m                            ~~~[0m

[96mtest/aggregate/groupBY.ts[0m:[93m348[0m:[93m29[0m - [91merror[0m[90m TS2339: [0mProperty 'sum' does not exist on type 'BasedQuery2<{ version?: string | undefined; defaultTimezone?: string | undefined; migrations?: SchemaMigrations | undefined; hash: number; types: { readonly trip: { props: { readonly pickup: { type: "timestamp"; }; ... 8 more ...; readonly vendorIdnumber: { ...; }; }; }; }; locales: Partial<...>; }, ... 5 more ..., ...'.

[7m348[0m     await db.query2('trip').sum('distance').groupBy('vendorIdint16').get(),
[7m   [0m [91m                            ~~~[0m

[96mtest/aggregate/groupBY.ts[0m:[93m357[0m:[93m29[0m - [91merror[0m[90m TS2339: [0mProperty 'sum' does not exist on type 'BasedQuery2<{ version?: string | undefined; defaultTimezone?: string | undefined; migrations?: SchemaMigrations | undefined; hash: number; types: { readonly trip: { props: { readonly pickup: { type: "timestamp"; }; ... 8 more ...; readonly vendorIdnumber: { ...; }; }; }; }; locales: Partial<...>; }, ... 5 more ..., ...'.

[7m357[0m     await db.query2('trip').sum('distance').groupBy('vendorIduint32').get(),
[7m   [0m [91m                            ~~~[0m

[96mtest/aggregate/groupBY.ts[0m:[93m366[0m:[93m29[0m - [91merror[0m[90m TS2339: [0mProperty 'sum' does not exist on type 'BasedQuery2<{ version?: string | undefined; defaultTimezone?: string | undefined; migrations?: SchemaMigrations | undefined; hash: number; types: { readonly trip: { props: { readonly pickup: { type: "timestamp"; }; ... 8 more ...; readonly vendorIdnumber: { ...; }; }; }; }; locales: Partial<...>; }, ... 5 more ..., ...'.

[7m366[0m     await db.query2('trip').sum('distance').groupBy('vendorIdint32').get(),
[7m   [0m [91m                            ~~~[0m

[96mtest/aggregate/groupBY.ts[0m:[93m375[0m:[93m29[0m - [91merror[0m[90m TS2339: [0mProperty 'sum' does not exist on type 'BasedQuery2<{ version?: string | undefined; defaultTimezone?: string | undefined; migrations?: SchemaMigrations | undefined; hash: number; types: { readonly trip: { props: { readonly pickup: { type: "timestamp"; }; ... 8 more ...; readonly vendorIdnumber: { ...; }; }; }; }; locales: Partial<...>; }, ... 5 more ..., ...'.

[7m375[0m     await db.query2('trip').sum('distance').groupBy('vendorIdnumber').get(),
[7m   [0m [91m                            ~~~[0m

[96mtest/aggregate/groupBY.ts[0m:[93m386[0m:[93m20[0m - [91merror[0m[90m TS2448: [0mBlock-scoped variable 'db' used before its declaration.

[7m386[0m   const db = await db.setSchema({
[7m   [0m [91m                   ~~[0m

  [96mtest/aggregate/groupBY.ts[0m:[93m386[0m:[93m9[0m
    [7m386[0m   const db = await db.setSchema({
    [7m   [0m [96m        ~~[0m
    'db' is declared here.

[96mtest/aggregate/multiple.ts[0m:[93m77[0m:[93m29[0m - [91merror[0m[90m TS2339: [0mProperty 'sum' does not exist on type 'BasedQuery2<{ version?: string | undefined; defaultTimezone?: string | undefined; migrations?: SchemaMigrations | undefined; hash: number; types: { readonly sequence: { props: { readonly votes: Omit<...> & { ...; }; }; }; readonly vote: { ...; }; }; locales: Partial<...>; }, ... 5 more ..., undefined>'.

[7m77[0m     await db.query2('vote').sum('NL').sum('NO').max('NL').min('NL').get(),
[7m  [0m [91m                            ~~~[0m

[96mtest/aggregate/multiple.ts[0m:[93m85[0m:[93m8[0m - [91merror[0m[90m TS2339: [0mProperty 'sum' does not exist on type 'BasedQuery2<{ version?: string | undefined; defaultTimezone?: string | undefined; migrations?: SchemaMigrations | undefined; hash: number; types: { readonly sequence: { props: { readonly votes: Omit<...> & { ...; }; }; }; readonly vote: { ...; }; }; locales: Partial<...>; }, ... 5 more ..., undefined>'.

[7m85[0m       .sum('NL')
[7m  [0m [91m       ~~~[0m

[96mtest/aggregate/multiple.ts[0m:[93m106[0m:[93m6[0m - [91merror[0m[90m TS2339: [0mProperty 'sum' does not exist on type 'BasedQuery2<{ version?: string | undefined; defaultTimezone?: string | undefined; migrations?: SchemaMigrations | undefined; hash: number; types: { readonly sequence: { props: { readonly votes: Omit<...> & { ...; }; }; }; readonly vote: { ...; }; }; locales: Partial<...>; }, ... 5 more ..., undefined>'.

[7m106[0m     .sum('NL')
[7m   [0m [91m     ~~~[0m

[96mtest/aggregate/multiple.ts[0m:[93m139[0m:[93m6[0m - [91merror[0m[90m TS2339: [0mProperty 'sum' does not exist on type 'BasedQuery2<{ version?: string | undefined; defaultTimezone?: string | undefined; migrations?: SchemaMigrations | undefined; hash: number; types: { readonly sequence: { props: { readonly votes: Omit<...> & { ...; }; }; }; readonly vote: { ...; }; }; locales: Partial<...>; }, ... 5 more ..., undefined>'.

[7m139[0m     .sum('NL')
[7m   [0m [91m     ~~~[0m

[96mtest/aggregate/multiple.ts[0m:[93m206[0m:[93m29[0m - [91merror[0m[90m TS2339: [0mProperty 'sum' does not exist on type 'BasedQuery2<{ version?: string | undefined; defaultTimezone?: string | undefined; migrations?: SchemaMigrations | undefined; hash: number; types: { readonly sequence: { props: { readonly votes: Omit<...> & { ...; }; }; }; readonly vote: { ...; }; }; locales: Partial<...>; }, ... 5 more ..., undefined>'.

[7m206[0m     await db.query2('vote').sum('NL').count().sum('PT').stddev('NO').get(),
[7m   [0m [91m                            ~~~[0m

[96mtest/aggregate/multiple.ts[0m:[93m224[0m:[93m8[0m - [91merror[0m[90m TS2339: [0mProperty 'sum' does not exist on type 'BasedQuery2<{ version?: string | undefined; defaultTimezone?: string | undefined; migrations?: SchemaMigrations | undefined; hash: number; types: { readonly sequence: { props: { readonly votes: Omit<...> & { ...; }; }; }; readonly vote: { ...; }; }; locales: Partial<...>; }, ... 5 more ..., undefined>'.

[7m224[0m       .sum('NL')
[7m   [0m [91m       ~~~[0m

[96mtest/aggregate/overall.perf.ts[0m:[93m41[0m:[93m29[0m - [91merror[0m[90m TS2339: [0mProperty 'sum' does not exist on type 'BasedQuery2<{ version?: string | undefined; defaultTimezone?: string | undefined; migrations?: SchemaMigrations | undefined; hash: number; types: { readonly beer: { props: { readonly name: { type: "string"; }; ... 4 more ...; readonly year: { ...; }; }; }; }; locales: Partial<...>; }, ... 5 more ..., undefined>'.

[7m41[0m     await db.query2('beer').sum('price').get()
[7m  [0m [91m                            ~~~[0m

[96mtest/aggregate/overall.perf.ts[0m:[93m45[0m:[93m29[0m - [91merror[0m[90m TS2339: [0mProperty 'groupBy' does not exist on type 'BasedQuery2<{ version?: string | undefined; defaultTimezone?: string | undefined; migrations?: SchemaMigrations | undefined; hash: number; types: { readonly beer: { props: { readonly name: { type: "string"; }; ... 4 more ...; readonly year: { ...; }; }; }; }; locales: Partial<...>; }, ... 5 more ..., undefined>'.

[7m45[0m     await db.query2('beer').groupBy('year').get()
[7m  [0m [91m                            ~~~~~~~[0m

[96mtest/aggregate/overall.perf.ts[0m:[93m49[0m:[93m29[0m - [91merror[0m[90m TS2339: [0mProperty 'groupBy' does not exist on type 'BasedQuery2<{ version?: string | undefined; defaultTimezone?: string | undefined; migrations?: SchemaMigrations | undefined; hash: number; types: { readonly beer: { props: { readonly name: { type: "string"; }; ... 4 more ...; readonly year: { ...; }; }; }; }; locales: Partial<...>; }, ... 5 more ..., undefined>'.

[7m49[0m     await db.query2('beer').groupBy('type').get()
[7m  [0m [91m                            ~~~~~~~[0m

[96mtest/aggregate/overall.perf.ts[0m:[93m53[0m:[93m29[0m - [91merror[0m[90m TS2339: [0mProperty 'max' does not exist on type 'BasedQuery2<{ version?: string | undefined; defaultTimezone?: string | undefined; migrations?: SchemaMigrations | undefined; hash: number; types: { readonly beer: { props: { readonly name: { type: "string"; }; ... 4 more ...; readonly year: { ...; }; }; }; }; locales: Partial<...>; }, ... 5 more ..., undefined>'.

[7m53[0m     await db.query2('beer').max('price').groupBy('type').get()
[7m  [0m [91m                            ~~~[0m

[96mtest/aggregate/overall.perf.ts[0m:[93m72[0m:[93m41[0m - [91merror[0m[90m TS2339: [0mProperty 'count' does not exist on type 'BasedQuery2<{ version?: string | undefined; defaultTimezone?: string | undefined; migrations?: SchemaMigrations | undefined; hash: number; types: { readonly sequence: { props: { readonly bla: { type: "uint32"; }; }; }; }; locales: Partial<...>; }, ... 5 more ..., undefined>'.

[7m72[0m   const q = await db.query2('sequence').count().get()
[7m  [0m [91m                                        ~~~~~[0m

[96mtest/aggregate/overall.perf.ts[0m:[93m316[0m:[93m8[0m - [91merror[0m[90m TS2339: [0mProperty 'avg' does not exist on type 'BasedQuery2<{ version?: string | undefined; defaultTimezone?: string | undefined; migrations?: SchemaMigrations | undefined; hash: number; types: { readonly audience: { partial?: boolean | undefined; ... 4 more ...; props: { ...; }; }; }; locales: Partial<...>; }, ... 5 more ..., undefined>'.

[7m316[0m       .avg(...countries)
[7m   [0m [91m       ~~~[0m

[96mtest/aggregate/overall.perf.ts[0m:[93m337[0m:[93m8[0m - [91merror[0m[90m TS2339: [0mProperty 'avg' does not exist on type 'BasedQuery2<{ version?: string | undefined; defaultTimezone?: string | undefined; migrations?: SchemaMigrations | undefined; hash: number; types: { readonly audience: { partial?: boolean | undefined; ... 4 more ...; props: { ...; }; }; }; locales: Partial<...>; }, ... 5 more ..., undefined>'.

[7m337[0m       .avg(...countries)
[7m   [0m [91m       ~~~[0m

[96mtest/aggregate/overall.perf.ts[0m:[93m349[0m:[93m8[0m - [91merror[0m[90m TS2339: [0mProperty 'avg' does not exist on type 'BasedQuery2<{ version?: string | undefined; defaultTimezone?: string | undefined; migrations?: SchemaMigrations | undefined; hash: number; types: { readonly audience: { partial?: boolean | undefined; ... 4 more ...; props: { ...; }; }; }; locales: Partial<...>; }, ... 5 more ..., undefined>'.

[7m349[0m       .avg(...countries)
[7m   [0m [91m       ~~~[0m

[96mtest/aggregate/overall.perf.ts[0m:[93m361[0m:[93m8[0m - [91merror[0m[90m TS2339: [0mProperty 'avg' does not exist on type 'BasedQuery2<{ version?: string | undefined; defaultTimezone?: string | undefined; migrations?: SchemaMigrations | undefined; hash: number; types: { readonly audience: { partial?: boolean | undefined; ... 4 more ...; props: { ...; }; }; }; locales: Partial<...>; }, ... 5 more ..., undefined>'.

[7m361[0m       .avg(...countries)
[7m   [0m [91m       ~~~[0m

[96mtest/aggregate/overall.perf.ts[0m:[93m373[0m:[93m8[0m - [91merror[0m[90m TS2339: [0mProperty 'avg' does not exist on type 'BasedQuery2<{ version?: string | undefined; defaultTimezone?: string | undefined; migrations?: SchemaMigrations | undefined; hash: number; types: { readonly audience: { partial?: boolean | undefined; ... 4 more ...; props: { ...; }; }; }; locales: Partial<...>; }, ... 5 more ..., undefined>'.

[7m373[0m       .avg(...countries)
[7m   [0m [91m       ~~~[0m

[96mtest/aggregate/temporal.ts[0m:[93m32[0m:[93m29[0m - [91merror[0m[90m TS2339: [0mProperty 'sum' does not exist on type 'BasedQuery2<{ version?: string | undefined; defaultTimezone?: string | undefined; migrations?: SchemaMigrations | undefined; hash: number; types: { readonly trip: { props: { readonly pickup: { type: "timestamp"; }; readonly dropoff: { ...; }; readonly distance: { ...; }; readonly vendorId: { ...; }; }; }; }; locales...'.

[7m32[0m     await db.query2('trip').sum('distance').groupBy('pickup', 'day').get(),
[7m  [0m [91m                            ~~~[0m

[96mtest/aggregate/temporal.ts[0m:[93m43[0m:[93m8[0m - [91merror[0m[90m TS2339: [0mProperty 'sum' does not exist on type 'BasedQuery2<{ version?: string | undefined; defaultTimezone?: string | undefined; migrations?: SchemaMigrations | undefined; hash: number; types: { readonly trip: { props: { readonly pickup: { type: "timestamp"; }; readonly dropoff: { ...; }; readonly distance: { ...; }; readonly vendorId: { ...; }; }; }; }; locales...'.

[7m43[0m       .sum('distance')
[7m  [0m [91m       ~~~[0m

[96mtest/aggregate/temporal.ts[0m:[93m54[0m:[93m29[0m - [91merror[0m[90m TS2339: [0mProperty 'sum' does not exist on type 'BasedQuery2<{ version?: string | undefined; defaultTimezone?: string | undefined; migrations?: SchemaMigrations | undefined; hash: number; types: { readonly trip: { props: { readonly pickup: { type: "timestamp"; }; readonly dropoff: { ...; }; readonly distance: { ...; }; readonly vendorId: { ...; }; }; }; }; locales...'.

[7m54[0m     await db.query2('trip').sum('distance').groupBy('pickup', 'hour').get(),
[7m  [0m [91m                            ~~~[0m

[96mtest/aggregate/temporal.ts[0m:[93m63[0m:[93m29[0m - [91merror[0m[90m TS2339: [0mProperty 'sum' does not exist on type 'BasedQuery2<{ version?: string | undefined; defaultTimezone?: string | undefined; migrations?: SchemaMigrations | undefined; hash: number; types: { readonly trip: { props: { readonly pickup: { type: "timestamp"; }; readonly dropoff: { ...; }; readonly distance: { ...; }; readonly vendorId: { ...; }; }; }; }; locales...'.

[7m63[0m     await db.query2('trip').sum('distance').groupBy('pickup', 'dow').get(),
[7m  [0m [91m                            ~~~[0m

[96mtest/aggregate/temporal.ts[0m:[93m72[0m:[93m29[0m - [91merror[0m[90m TS2339: [0mProperty 'sum' does not exist on type 'BasedQuery2<{ version?: string | undefined; defaultTimezone?: string | undefined; migrations?: SchemaMigrations | undefined; hash: number; types: { readonly trip: { props: { readonly pickup: { type: "timestamp"; }; readonly dropoff: { ...; }; readonly distance: { ...; }; readonly vendorId: { ...; }; }; }; }; locales...'.

[7m72[0m     await db.query2('trip').sum('distance').groupBy('pickup', 'isoDOW').get(),
[7m  [0m [91m                            ~~~[0m

[96mtest/aggregate/temporal.ts[0m:[93m81[0m:[93m29[0m - [91merror[0m[90m TS2339: [0mProperty 'sum' does not exist on type 'BasedQuery2<{ version?: string | undefined; defaultTimezone?: string | undefined; migrations?: SchemaMigrations | undefined; hash: number; types: { readonly trip: { props: { readonly pickup: { type: "timestamp"; }; readonly dropoff: { ...; }; readonly distance: { ...; }; readonly vendorId: { ...; }; }; }; }; locales...'.

[7m81[0m     await db.query2('trip').sum('distance').groupBy('pickup', 'doy').get(),
[7m  [0m [91m                            ~~~[0m

[96mtest/aggregate/temporal.ts[0m:[93m90[0m:[93m29[0m - [91merror[0m[90m TS2339: [0mProperty 'sum' does not exist on type 'BasedQuery2<{ version?: string | undefined; defaultTimezone?: string | undefined; migrations?: SchemaMigrations | undefined; hash: number; types: { readonly trip: { props: { readonly pickup: { type: "timestamp"; }; readonly dropoff: { ...; }; readonly distance: { ...; }; readonly vendorId: { ...; }; }; }; }; locales...'.

[7m90[0m     await db.query2('trip').sum('distance').groupBy('pickup', 'month').get(),
[7m  [0m [91m                            ~~~[0m

[96mtest/aggregate/temporal.ts[0m:[93m99[0m:[93m29[0m - [91merror[0m[90m TS2339: [0mProperty 'sum' does not exist on type 'BasedQuery2<{ version?: string | undefined; defaultTimezone?: string | undefined; migrations?: SchemaMigrations | undefined; hash: number; types: { readonly trip: { props: { readonly pickup: { type: "timestamp"; }; readonly dropoff: { ...; }; readonly distance: { ...; }; readonly vendorId: { ...; }; }; }; }; locales...'.

[7m99[0m     await db.query2('trip').sum('distance').groupBy('pickup', 'year').get(),
[7m  [0m [91m                            ~~~[0m

[96mtest/aggregate/temporal.ts[0m:[93m144[0m:[93m6[0m - [91merror[0m[90m TS2339: [0mProperty 'sum' does not exist on type 'BasedQuery2<{ version?: string | undefined; defaultTimezone?: string | undefined; migrations?: SchemaMigrations | undefined; hash: number; types: { readonly trip: { props: { readonly pickup: { type: "timestamp"; }; readonly dropoff: { ...; }; readonly distance: { ...; }; readonly vendorId: { ...; }; }; }; }; locales...'.

[7m144[0m     .sum('distance')
[7m   [0m [91m     ~~~[0m

[96mtest/aggregate/temporal.ts[0m:[93m179[0m:[93m6[0m - [91merror[0m[90m TS2339: [0mProperty 'sum' does not exist on type 'BasedQuery2<{ version?: string | undefined; defaultTimezone?: string | undefined; migrations?: SchemaMigrations | undefined; hash: number; types: { readonly trip: { props: { readonly pickup: { type: "timestamp"; }; readonly dropoff: { ...; }; readonly distance: { ...; }; readonly vendorId: { ...; }; }; }; }; locales...'.

[7m179[0m     .sum('distance')
[7m   [0m [91m     ~~~[0m

[96mtest/aggregate/temporal.ts[0m:[93m260[0m:[93m42[0m - [91merror[0m[90m TS2339: [0mProperty 'cardinality' does not exist on type 'BasedQuery2<{ version?: string | undefined; defaultTimezone?: string | undefined; migrations?: SchemaMigrations | undefined; hash: number; types: { readonly lunch: { props: { readonly day: { type: "timestamp"; }; readonly eaters: { ...; }; }; }; }; locales: Partial<...>; }, ... 5 more ..., undefined>'.

[7m260[0m   const total = await db.query2('lunch').cardinality('eaters').get()
[7m   [0m [91m                                         ~~~~~~~~~~~[0m

[96mtest/aggregate/temporal.ts[0m:[93m267[0m:[93m6[0m - [91merror[0m[90m TS2339: [0mProperty 'cardinality' does not exist on type 'BasedQuery2<{ version?: string | undefined; defaultTimezone?: string | undefined; migrations?: SchemaMigrations | undefined; hash: number; types: { readonly lunch: { props: { readonly day: { type: "timestamp"; }; readonly eaters: { ...; }; }; }; }; locales: Partial<...>; }, ... 5 more ..., undefined>'.

[7m267[0m     .cardinality('eaters')
[7m   [0m [91m     ~~~~~~~~~~~[0m

[96mtest/aggregate/temporal.ts[0m:[93m295[0m:[93m6[0m - [91merror[0m[90m TS2339: [0mProperty 'cardinality' does not exist on type 'BasedQuery2<{ version?: string | undefined; defaultTimezone?: string | undefined; migrations?: SchemaMigrations | undefined; hash: number; types: { readonly lunch: { props: { readonly day: { type: "timestamp"; }; readonly eaters: { ...; }; }; }; }; locales: Partial<...>; }, ... 5 more ..., undefined>'.

[7m295[0m     .cardinality('eaters')
[7m   [0m [91m     ~~~~~~~~~~~[0m

[96mtest/aggregate/temporal.ts[0m:[93m345[0m:[93m29[0m - [91merror[0m[90m TS2339: [0mProperty 'sum' does not exist on type 'BasedQuery2<{ version?: string | undefined; defaultTimezone?: string | undefined; migrations?: SchemaMigrations | undefined; hash: number; types: { readonly trip: { props: { readonly pickup: { type: "timestamp"; }; readonly dropoff: { ...; }; readonly distance: { ...; }; readonly vendorId: { ...; }; }; }; }; locales...'.

[7m345[0m     await db.query2('trip').sum('distance').groupBy('pickup').get(),
[7m   [0m [91m                            ~~~[0m

[96mtest/aggregate/temporal.ts[0m:[93m360[0m:[93m8[0m - [91merror[0m[90m TS2339: [0mProperty 'sum' does not exist on type 'BasedQuery2<{ version?: string | undefined; defaultTimezone?: string | undefined; migrations?: SchemaMigrations | undefined; hash: number; types: { readonly trip: { props: { readonly pickup: { type: "timestamp"; }; readonly dropoff: { ...; }; readonly distance: { ...; }; readonly vendorId: { ...; }; }; }; }; locales...'.

[7m360[0m       .sum('distance')
[7m   [0m [91m       ~~~[0m

[96mtest/aggregate/temporal.ts[0m:[93m374[0m:[93m8[0m - [91merror[0m[90m TS2339: [0mProperty 'sum' does not exist on type 'BasedQuery2<{ version?: string | undefined; defaultTimezone?: string | undefined; migrations?: SchemaMigrations | undefined; hash: number; types: { readonly trip: { props: { readonly pickup: { type: "timestamp"; }; readonly dropoff: { ...; }; readonly distance: { ...; }; readonly vendorId: { ...; }; }; }; }; locales...'.

[7m374[0m       .sum('distance')
[7m   [0m [91m       ~~~[0m

[96mtest/aggregate/temporal.ts[0m:[93m420[0m:[93m8[0m - [91merror[0m[90m TS2339: [0mProperty 'sum' does not exist on type 'BasedQuery2<{ version?: string | undefined; defaultTimezone?: string | undefined; migrations?: SchemaMigrations | undefined; hash: number; types: { readonly trip: { props: { readonly pickup: { type: "timestamp"; }; readonly dropoff: { ...; }; readonly distance: { ...; }; readonly vendorId: { ...; }; }; }; }; locales...'.

[7m420[0m       .sum('distance')
[7m   [0m [91m       ~~~[0m

[96mtest/aggregate/temporal.ts[0m:[93m437[0m:[93m8[0m - [91merror[0m[90m TS2339: [0mProperty 'sum' does not exist on type 'BasedQuery2<{ version?: string | undefined; defaultTimezone?: string | undefined; migrations?: SchemaMigrations | undefined; hash: number; types: { readonly trip: { props: { readonly pickup: { type: "timestamp"; }; readonly dropoff: { ...; }; readonly distance: { ...; }; readonly vendorId: { ...; }; }; }; }; locales...'.

[7m437[0m       .sum('distance')
[7m   [0m [91m       ~~~[0m

[96mtest/aggregate/temporal.ts[0m:[93m453[0m:[93m8[0m - [91merror[0m[90m TS2339: [0mProperty 'sum' does not exist on type 'BasedQuery2<{ version?: string | undefined; defaultTimezone?: string | undefined; migrations?: SchemaMigrations | undefined; hash: number; types: { readonly trip: { props: { readonly pickup: { type: "timestamp"; }; readonly dropoff: { ...; }; readonly distance: { ...; }; readonly vendorId: { ...; }; }; }; }; locales...'.

[7m453[0m       .sum('distance')
[7m   [0m [91m       ~~~[0m

[96mtest/aggregate/validation.ts[0m:[93m29[0m:[93m29[0m - [91merror[0m[90m TS2339: [0mProperty 'max' does not exist on type 'BasedQuery2<{ version?: string | undefined; defaultTimezone?: string | undefined; migrations?: SchemaMigrations | undefined; hash: number; types: { readonly vote: { props: { readonly region: { readonly type: "string"; }; readonly AU: { ...; }; readonly FI: { ...; }; }; }; }; locales: Partial<...>; }, ... 5 more ...,...'.

[7m29[0m     await db.query2('vote').max('AU', 'FI').groupBy('region').get(),
[7m  [0m [91m                            ~~~[0m

[96mtest/aggregate/validation.ts[0m:[93m39[0m:[93m29[0m - [91merror[0m[90m TS2339: [0mProperty 'avg' does not exist on type 'BasedQuery2<{ version?: string | undefined; defaultTimezone?: string | undefined; migrations?: SchemaMigrations | undefined; hash: number; types: { readonly vote: { props: { readonly region: { readonly type: "string"; }; readonly AU: { ...; }; readonly FI: { ...; }; }; }; }; locales: Partial<...>; }, ... 5 more ...,...'.

[7m39[0m     await db.query2('vote').avg('AU', 'FI').groupBy('region').get(),
[7m  [0m [91m                            ~~~[0m

[96mtest/aggregate/validation.ts[0m:[93m50[0m:[93m29[0m - [91merror[0m[90m TS2339: [0mProperty 'hmean' does not exist on type 'BasedQuery2<{ version?: string | undefined; defaultTimezone?: string | undefined; migrations?: SchemaMigrations | undefined; hash: number; types: { readonly vote: { props: { readonly region: { readonly type: "string"; }; readonly AU: { ...; }; readonly FI: { ...; }; }; }; }; locales: Partial<...>; }, ... 5 more ...,...'.

[7m50[0m     await db.query2('vote').hmean('AU', 'FI').groupBy('region').get(),
[7m  [0m [91m                            ~~~~~[0m

[96mtest/aggregate/validation.ts[0m:[93m121[0m:[93m30[0m - [91merror[0m[90m TS2339: [0mProperty 'groupBy' does not exist on type 'BasedQuery2<{ version?: string | undefined; defaultTimezone?: string | undefined; migrations?: SchemaMigrations | undefined; hash: number; types: { readonly movie: { props: { readonly name: { type: "string"; }; readonly year: { ...; }; readonly genre: { ...; }; readonly actors: Omit<...> & { ...; }; readonly movies:...'.

[7m121[0m     await db.query2('movie').groupBy('year').count().get(),
[7m   [0m [91m                             ~~~~~~~[0m

[96mtest/aggregate/validation.ts[0m:[93m134[0m:[93m30[0m - [91merror[0m[90m TS2339: [0mProperty 'groupBy' does not exist on type 'BasedQuery2<{ version?: string | undefined; defaultTimezone?: string | undefined; migrations?: SchemaMigrations | undefined; hash: number; types: { readonly movie: { props: { readonly name: { type: "string"; }; readonly year: { ...; }; readonly genre: { ...; }; readonly actors: Omit<...> & { ...; }; readonly movies:...'.

[7m134[0m     await db.query2('movie').groupBy('genre').min('year').get(),
[7m   [0m [91m                             ~~~~~~~[0m

[96mtest/alias/alias.ts[0m:[93m43[0m:[93m37[0m - [91merror[0m[90m TS2339: [0mProperty 'filter' does not exist on type 'BasedQuery2<{ version?: string | undefined; defaultTimezone?: string | undefined; migrations?: SchemaMigrations | undefined; hash: number; types: { readonly user: { props: { readonly externalId: { ...; }; readonly potato: { ...; }; }; }; }; locales: Partial<...>; }, ... 5 more ..., undefined>'.

[7m43[0m   deepEqual(await db.query2('user').filter('externalId', '=', 'cool').get(), [
[7m  [0m [91m                                    ~~~~~~[0m

[96mtest/alias/alias.ts[0m:[93m52[0m:[93m29[0m - [91merror[0m[90m TS2339: [0mProperty 'filter' does not exist on type 'BasedQuery2<{ version?: string | undefined; defaultTimezone?: string | undefined; migrations?: SchemaMigrations | undefined; hash: number; types: { readonly user: { props: { readonly externalId: { ...; }; readonly potato: { ...; }; }; }; }; locales: Partial<...>; }, ... 5 more ..., undefined>'.

[7m52[0m     await db.query2('user').filter('externalId', 'includes', 'cool').get(),
[7m  [0m [91m                            ~~~~~~[0m

[96mtest/alias/alias.ts[0m:[93m156[0m:[93m29[0m - [91merror[0m[90m TS2339: [0mProperty 'include' does not exist on type 'BasedQuery2<{ version?: string | undefined; defaultTimezone?: string | undefined; migrations?: SchemaMigrations | undefined; hash: number; types: { readonly user: { props: { readonly name: { type: "string"; }; readonly email: { ...; }; readonly bestFriend: { ...; } & { ...; }; readonly friends: Omit<...> & { ...; };...'.

[7m156[0m     await db.query2('user').include('email', 'friends').get(),
[7m   [0m [91m                            ~~~~~~~[0m

[96mtest/alias/alias.ts[0m:[93m191[0m:[93m29[0m - [91merror[0m[90m TS2339: [0mProperty 'include' does not exist on type 'BasedQuery2<{ version?: string | undefined; defaultTimezone?: string | undefined; migrations?: SchemaMigrations | undefined; hash: number; types: { readonly user: { props: { readonly name: { type: "string"; }; readonly email: { ...; }; readonly bestFriend: { ...; } & { ...; }; readonly friends: Omit<...> & { ...; };...'.

[7m191[0m     await db.query2('user').include('friends', 'email').get(),
[7m   [0m [91m                            ~~~~~~~[0m

[96mtest/alias/alias.ts[0m:[93m210[0m:[93m8[0m - [91merror[0m[90m TS2339: [0mProperty 'filter' does not exist on type 'BasedQuery2<{ version?: string | undefined; defaultTimezone?: string | undefined; migrations?: SchemaMigrations | undefined; hash: number; types: { readonly user: { props: { readonly name: { type: "string"; }; readonly email: { ...; }; readonly bestFriend: { ...; } & { ...; }; readonly friends: Omit<...> & { ...; };...'.

[7m210[0m       .filter('email', 'includes', '2', { lowerCase: true })
[7m   [0m [91m       ~~~~~~[0m

[96mtest/alias/alias.ts[0m:[93m545[0m:[93m48[0m - [91merror[0m[90m TS2339: [0mProperty 'include' does not exist on type 'BasedQuery2<{ version?: string | undefined; defaultTimezone?: string | undefined; migrations?: SchemaMigrations | undefined; hash: number; types: { readonly user: { props: { readonly name: { type: "alias"; }; readonly role: { ...; } & { ...; }; }; }; readonly role: { ...; }; }; locales: Partial<...>; }, ... 5 more ....'.

[7m545[0m   deepEqual(await db.query2('role', adminRole).include('name', 'users').get(), {
[7m   [0m [91m                                               ~~~~~~~[0m

[96mtest/alias/alias.ts[0m:[93m605[0m:[93m6[0m - [91merror[0m[90m TS2339: [0mProperty 'include' does not exist on type 'BasedQuery2<{ version?: string | undefined; defaultTimezone?: string | undefined; migrations?: SchemaMigrations | undefined; hash: number; types: { readonly user: { props: { readonly name: { type: "alias"; }; readonly role: { ...; } & { ...; }; readonly projects: { ...; }; }; }; readonly project: { ...; }; readonly ...'.

[7m605[0m     .include('id')
[7m   [0m [91m     ~~~~~~~[0m

[96mtest/alias/alias.ts[0m:[93m615[0m:[93m8[0m - [91merror[0m[90m TS2339: [0mProperty 'include' does not exist on type 'BasedQuery2<{ version?: string | undefined; defaultTimezone?: string | undefined; migrations?: SchemaMigrations | undefined; hash: number; types: { readonly user: { props: { readonly name: { type: "alias"; }; readonly role: { ...; } & { ...; }; readonly projects: { ...; }; }; }; readonly project: { ...; }; readonly ...'.

[7m615[0m       .include('name', 'users', 'users.$role')
[7m   [0m [91m       ~~~~~~~[0m

[96mtest/alias/filter.ts[0m:[93m33[0m:[93m6[0m - [91merror[0m[90m TS2339: [0mProperty 'filter' does not exist on type 'BasedQuery2<{ version?: string | undefined; defaultTimezone?: string | undefined; migrations?: SchemaMigrations | undefined; hash: number; types: { readonly plot: { props: { readonly uuid: { type: "alias"; }; readonly slug: { ...; }; readonly name: { ...; }; readonly age: { ...; }; }; }; }; locales: Partial<...>; },...'.

[7m33[0m     .filter('age', '>', 10)
[7m  [0m [91m     ~~~~~~[0m

[96mtest/alignModify.ts[0m:[93m45[0m:[93m24[0m - [91merror[0m[90m TS2551: [0mProperty 'query2' does not exist on type 'BasedDb'. Did you mean 'query'?

[7m45[0m   const res = await db.query2('user').include('friends', 'str').get()
[7m  [0m [91m                       ~~~~~~[0m

  [96msrc/index.ts[0m:[93m101[0m:[93m3[0m
    [7m101[0m   query: DbClient['query'] = function (this: BasedDb) {
    [7m   [0m [96m  ~~~~~[0m
    'query' is declared here.

[96mtest/based-client/addSpecs.ts[0m:[93m57[0m:[93m10[0m - [91merror[0m[90m TS2551: [0mProperty 'query2' does not exist on type 'BasedClient'. Did you mean 'query'?

[7m57[0m   client.query2('cookie').subscribe(
[7m  [0m [91m         ~~~~~~[0m

  [96msrc/client/index.ts[0m:[93m389[0m:[93m3[0m
    [7m389[0m   query(name: string, payload?: any, opts?: QueryOptions): BasedClientQuery {
    [7m   [0m [96m  ~~~~~[0m
    'query' is declared here.

[96mtest/based-client/authorize.ts[0m:[93m139[0m:[93m8[0m - [91merror[0m[90m TS2551: [0mProperty 'query2' does not exist on type 'BasedClient'. Did you mean 'query'?

[7m139[0m       .query2('counter', {
[7m   [0m [91m       ~~~~~~[0m

  [96msrc/client/index.ts[0m:[93m389[0m:[93m3[0m
    [7m389[0m   query(name: string, payload?: any, opts?: QueryOptions): BasedClientQuery {
    [7m   [0m [96m  ~~~~~[0m
    'query' is declared here.

[96mtest/based-client/authorize.ts[0m:[93m156[0m:[93m8[0m - [91merror[0m[90m TS2551: [0mProperty 'query2' does not exist on type 'BasedClient'. Did you mean 'query'?

[7m156[0m       .query2('counter', {
[7m   [0m [91m       ~~~~~~[0m

  [96msrc/client/index.ts[0m:[93m389[0m:[93m3[0m
    [7m389[0m   query(name: string, payload?: any, opts?: QueryOptions): BasedClientQuery {
    [7m   [0m [96m  ~~~~~[0m
    'query' is declared here.

[96mtest/based-client/authorize.ts[0m:[93m197[0m:[93m6[0m - [91merror[0m[90m TS2551: [0mProperty 'query2' does not exist on type 'BasedClient'. Did you mean 'query'?

[7m197[0m     .query2('counter', {
[7m   [0m [91m     ~~~~~~[0m

  [96msrc/client/index.ts[0m:[93m389[0m:[93m3[0m
    [7m389[0m   query(name: string, payload?: any, opts?: QueryOptions): BasedClientQuery {
    [7m   [0m [96m  ~~~~~[0m
    'query' is declared here.

[96mtest/based-client/authorize.ts[0m:[93m242[0m:[93m6[0m - [91merror[0m[90m TS2551: [0mProperty 'query2' does not exist on type 'BasedClient'. Did you mean 'query'?

[7m242[0m     .query2('counter', {
[7m   [0m [91m     ~~~~~~[0m

  [96msrc/client/index.ts[0m:[93m389[0m:[93m3[0m
    [7m389[0m   query(name: string, payload?: any, opts?: QueryOptions): BasedClientQuery {
    [7m   [0m [96m  ~~~~~[0m
    'query' is declared here.

[96mtest/based-client/authorizeOnSpec.ts[0m:[93m94[0m:[93m16[0m - [91merror[0m[90m TS2551: [0mProperty 'query2' does not exist on type 'BasedClient'. Did you mean 'query'?

[7m94[0m   await client.query2('slax').get()
[7m  [0m [91m               ~~~~~~[0m

  [96msrc/client/index.ts[0m:[93m389[0m:[93m3[0m
    [7m389[0m   query(name: string, payload?: any, opts?: QueryOptions): BasedClientQuery {
    [7m   [0m [96m  ~~~~~[0m
    'query' is declared here.

[96mtest/based-client/browser/index.ts[0m:[93m78[0m:[93m10[0m - [91merror[0m[90m TS2551: [0mProperty 'query2' does not exist on type 'BasedClient'. Did you mean 'query'?

[7m78[0m   client.query2('counter').subscribe(
[7m  [0m [91m         ~~~~~~[0m

  [96msrc/client/index.ts[0m:[93m389[0m:[93m3[0m
    [7m389[0m   query(name: string, payload?: any, opts?: QueryOptions): BasedClientQuery {
    [7m   [0m [96m  ~~~~~[0m
    'query' is declared here.

[96mtest/based-client/browser/index.ts[0m:[93m89[0m:[93m10[0m - [91merror[0m[90m TS2551: [0mProperty 'query2' does not exist on type 'BasedClient'. Did you mean 'query'?

[7m89[0m   client.query2('text').subscribe(
[7m  [0m [91m         ~~~~~~[0m

  [96msrc/client/index.ts[0m:[93m389[0m:[93m3[0m
    [7m389[0m   query(name: string, payload?: any, opts?: QueryOptions): BasedClientQuery {
    [7m   [0m [96m  ~~~~~[0m
    'query' is declared here.

[96mtest/based-client/dbQuery.ts[0m:[93m32[0m:[93m23[0m - [91merror[0m[90m TS2551: [0mProperty 'query2' does not exist on type 'BasedDb'. Did you mean 'query'?

[7m32[0m             return db.query2('user').subscribe(update)
[7m  [0m [91m                      ~~~~~~[0m

  [96msrc/index.ts[0m:[93m101[0m:[93m3[0m
    [7m101[0m   query: DbClient['query'] = function (this: BasedDb) {
    [7m   [0m [96m  ~~~~~[0m
    'query' is declared here.

[96mtest/based-client/dbQuery.ts[0m:[93m38[0m:[93m23[0m - [91merror[0m[90m TS2551: [0mProperty 'query2' does not exist on type 'BasedDb'. Did you mean 'query'?

[7m38[0m             return db.query2('user').get()
[7m  [0m [91m                      ~~~~~~[0m

  [96msrc/index.ts[0m:[93m101[0m:[93m3[0m
    [7m101[0m   query: DbClient['query'] = function (this: BasedDb) {
    [7m   [0m [96m  ~~~~~[0m
    'query' is declared here.

[96mtest/based-client/dbQuery.ts[0m:[93m73[0m:[93m10[0m - [91merror[0m[90m TS2551: [0mProperty 'query2' does not exist on type 'BasedClient'. Did you mean 'query'?

[7m73[0m   client.query2('users').subscribe((res) => nextResolve?.(res))
[7m  [0m [91m         ~~~~~~[0m

  [96msrc/client/index.ts[0m:[93m389[0m:[93m3[0m
    [7m389[0m   query(name: string, payload?: any, opts?: QueryOptions): BasedClientQuery {
    [7m   [0m [96m  ~~~~~[0m
    'query' is declared here.

[96mtest/based-client/dbQuery.ts[0m:[93m74[0m:[93m13[0m - [91merror[0m[90m TS2551: [0mProperty 'query2' does not exist on type 'BasedClient'. Did you mean 'query'?

[7m74[0m   clientOld.query2('users').subscribe((res) => nextResolveOld?.(res))
[7m  [0m [91m            ~~~~~~[0m

  [96mnode_modules/@based/client-old/dist/src/index.d.ts[0m:[93m141[0m:[93m5[0m
    [7m141[0m     query(name: string, payload?: any, opts?: QueryOptions): BasedQuery;
    [7m   [0m [96m    ~~~~~[0m
    'query' is declared here.

[96mtest/based-client/error.ts[0m:[93m140[0m:[93m16[0m - [91merror[0m[90m TS2551: [0mProperty 'query2' does not exist on type 'BasedClient'. Did you mean 'query'?

[7m140[0m     coreClient.query2('counter', {}).subscribe(
[7m   [0m [91m               ~~~~~~[0m

  [96msrc/client/index.ts[0m:[93m389[0m:[93m3[0m
    [7m389[0m   query(name: string, payload?: any, opts?: QueryOptions): BasedClientQuery {
    [7m   [0m [96m  ~~~~~[0m
    'query' is declared here.

[96mtest/based-client/error.ts[0m:[93m177[0m:[93m18[0m - [91merror[0m[90m TS2551: [0mProperty 'query2' does not exist on type 'BasedClient'. Did you mean 'query'?

[7m177[0m       coreClient.query2('errorTimer', {}).subscribe(() => {}, reject),
[7m   [0m [91m                 ~~~~~~[0m

  [96msrc/client/index.ts[0m:[93m389[0m:[93m3[0m
    [7m389[0m   query(name: string, payload?: any, opts?: QueryOptions): BasedClientQuery {
    [7m   [0m [96m  ~~~~~[0m
    'query' is declared here.

[96mtest/based-client/functions.ts[0m:[93m3[0m:[93m22[0m - [91merror[0m[90m TS2307: [0mCannot find module '@based/utils' or its corresponding type declarations.

[7m3[0m import { wait } from '@based/utils'
[7m [0m [91m                     ~~~~~~~~~~~~~~[0m

[96mtest/based-client/functionsPerf.ts[0m:[93m2[0m:[93m22[0m - [91merror[0m[90m TS2307: [0mCannot find module '@based/utils' or its corresponding type declarations.

[7m2[0m import { wait } from '@based/utils'
[7m [0m [91m                     ~~~~~~~~~~~~~~[0m

[96mtest/based-client/get.ts[0m:[93m2[0m:[93m22[0m - [91merror[0m[90m TS2307: [0mCannot find module '@based/utils' or its corresponding type declarations.

[7m2[0m import { wait } from '@based/utils'
[7m [0m [91m                     ~~~~~~~~~~~~~~[0m

[96mtest/based-client/get.ts[0m:[93m3[0m:[93m44[0m - [91merror[0m[90m TS2307: [0mCannot find module '@based/errors' or its corresponding type declarations.

[7m3[0m import { BasedError, BasedErrorCode } from '@based/errors'
[7m [0m [91m                                           ~~~~~~~~~~~~~~~[0m

[96mtest/based-client/get.ts[0m:[93m36[0m:[93m37[0m - [91merror[0m[90m TS2551: [0mProperty 'query2' does not exist on type 'BasedFunctionClient'. Did you mean 'query'?

[7m36[0m             const bla = await based.query2('any', payload).get()
[7m  [0m [91m                                    ~~~~~~[0m

  [96msrc/functions/client.ts[0m:[93m17[0m:[93m12[0m
    [7m17[0m   abstract query(
    [7m  [0m [96m           ~~~~~[0m
    'query' is declared here.

[96mtest/based-client/get.ts[0m:[93m83[0m:[93m26[0m - [91merror[0m[90m TS2551: [0mProperty 'query2' does not exist on type 'BasedFunctionClient'. Did you mean 'query'?

[7m83[0m             return based.query2('checkPayload', payload).get()
[7m  [0m [91m                         ~~~~~~[0m

  [96msrc/functions/client.ts[0m:[93m17[0m:[93m12[0m
    [7m17[0m   abstract query(
    [7m  [0m [96m           ~~~~~[0m
    'query' is declared here.

[96mtest/based-client/get.ts[0m:[93m108[0m:[93m16[0m - [91merror[0m[90m TS2551: [0mProperty 'query2' does not exist on type 'BasedClient'. Did you mean 'query'?

[7m108[0m     coreClient.query2('any', 'xxx').subscribe((res) => {
[7m   [0m [91m               ~~~~~~[0m

  [96msrc/client/index.ts[0m:[93m389[0m:[93m3[0m
    [7m389[0m   query(name: string, payload?: any, opts?: QueryOptions): BasedClientQuery {
    [7m   [0m [96m  ~~~~~[0m
    'query' is declared here.

[96mtest/based-client/get.ts[0m:[93m113[0m:[93m33[0m - [91merror[0m[90m TS2551: [0mProperty 'query2' does not exist on type 'BasedClient'. Did you mean 'query'?

[7m113[0m   const res1 = await coreClient.query2('any', 'xxx').get()
[7m   [0m [91m                                ~~~~~~[0m

  [96msrc/client/index.ts[0m:[93m389[0m:[93m3[0m
    [7m389[0m   query(name: string, payload?: any, opts?: QueryOptions): BasedClientQuery {
    [7m   [0m [96m  ~~~~~[0m
    'query' is declared here.

[96mtest/based-client/get.ts[0m:[93m115[0m:[93m33[0m - [91merror[0m[90m TS2551: [0mProperty 'query2' does not exist on type 'BasedClient'. Did you mean 'query'?

[7m115[0m   const res2 = await coreClient.query2('any', 'xxx').get()
[7m   [0m [91m                                ~~~~~~[0m

  [96msrc/client/index.ts[0m:[93m389[0m:[93m3[0m
    [7m389[0m   query(name: string, payload?: any, opts?: QueryOptions): BasedClientQuery {
    [7m   [0m [96m  ~~~~~[0m
    'query' is declared here.

[96mtest/based-client/get.ts[0m:[93m133[0m:[93m32[0m - [91merror[0m[90m TS2551: [0mProperty 'query2' does not exist on type 'BasedClient'. Did you mean 'query'?

[7m133[0m   const str = await coreClient.query2('any', 'xxx').get()
[7m   [0m [91m                               ~~~~~~[0m

  [96msrc/client/index.ts[0m:[93m389[0m:[93m3[0m
    [7m389[0m   query(name: string, payload?: any, opts?: QueryOptions): BasedClientQuery {
    [7m   [0m [96m  ~~~~~[0m
    'query' is declared here.

[96mtest/based-client/get.ts[0m:[93m137[0m:[93m32[0m - [91merror[0m[90m TS2551: [0mProperty 'query2' does not exist on type 'BasedClient'. Did you mean 'query'?

[7m137[0m   const num = await coreClient.query2('any', 19).get()
[7m   [0m [91m                               ~~~~~~[0m

  [96msrc/client/index.ts[0m:[93m389[0m:[93m3[0m
    [7m389[0m   query(name: string, payload?: any, opts?: QueryOptions): BasedClientQuery {
    [7m   [0m [96m  ~~~~~[0m
    'query' is declared here.

[96mtest/based-client/get.ts[0m:[93m141[0m:[93m37[0m - [91merror[0m[90m TS2551: [0mProperty 'query2' does not exist on type 'BasedClient'. Did you mean 'query'?

[7m141[0m   const boolTrue = await coreClient.query2('any', true).get()
[7m   [0m [91m                                    ~~~~~~[0m

  [96msrc/client/index.ts[0m:[93m389[0m:[93m3[0m
    [7m389[0m   query(name: string, payload?: any, opts?: QueryOptions): BasedClientQuery {
    [7m   [0m [96m  ~~~~~[0m
    'query' is declared here.

[96mtest/based-client/get.ts[0m:[93m145[0m:[93m38[0m - [91merror[0m[90m TS2551: [0mProperty 'query2' does not exist on type 'BasedClient'. Did you mean 'query'?

[7m145[0m   const boolFalse = await coreClient.query2('any', false).get()
[7m   [0m [91m                                     ~~~~~~[0m

  [96msrc/client/index.ts[0m:[93m389[0m:[93m3[0m
    [7m389[0m   query(name: string, payload?: any, opts?: QueryOptions): BasedClientQuery {
    [7m   [0m [96m  ~~~~~[0m
    'query' is declared here.

[96mtest/based-client/get.ts[0m:[93m151[0m:[93m6[0m - [91merror[0m[90m TS2551: [0mProperty 'query2' does not exist on type 'BasedClient'. Did you mean 'query'?

[7m151[0m     .query2('checkPayload', {
[7m   [0m [91m     ~~~~~~[0m

  [96msrc/client/index.ts[0m:[93m389[0m:[93m3[0m
    [7m389[0m   query(name: string, payload?: any, opts?: QueryOptions): BasedClientQuery {
    [7m   [0m [96m  ~~~~~[0m
    'query' is declared here.

[96mtest/based-client/get.ts[0m:[93m172[0m:[93m25[0m - [91merror[0m[90m TS2551: [0mProperty 'query2' does not exist on type 'BasedClient'. Did you mean 'query'?

[7m172[0m   t.is(await coreClient.query2('counter').get(), 0)
[7m   [0m [91m                        ~~~~~~[0m

  [96msrc/client/index.ts[0m:[93m389[0m:[93m3[0m
    [7m389[0m   query(name: string, payload?: any, opts?: QueryOptions): BasedClientQuery {
    [7m   [0m [96m  ~~~~~[0m
    'query' is declared here.

[96mtest/based-client/get.ts[0m:[93m176[0m:[93m25[0m - [91merror[0m[90m TS2551: [0mProperty 'query2' does not exist on type 'BasedClient'. Did you mean 'query'?

[7m176[0m   t.is(await coreClient.query2('counter').get(), 0)
[7m   [0m [91m                        ~~~~~~[0m

  [96msrc/client/index.ts[0m:[93m389[0m:[93m3[0m
    [7m389[0m   query(name: string, payload?: any, opts?: QueryOptions): BasedClientQuery {
    [7m   [0m [96m  ~~~~~[0m
    'query' is declared here.

[96mtest/based-client/get.ts[0m:[93m181[0m:[93m25[0m - [91merror[0m[90m TS2551: [0mProperty 'query2' does not exist on type 'BasedClient'. Did you mean 'query'?

[7m181[0m   t.is(await coreClient.query2('counter').get(), 0)
[7m   [0m [91m                        ~~~~~~[0m

  [96msrc/client/index.ts[0m:[93m389[0m:[93m3[0m
    [7m389[0m   query(name: string, payload?: any, opts?: QueryOptions): BasedClientQuery {
    [7m   [0m [96m  ~~~~~[0m
    'query' is declared here.

[96mtest/based-client/get.ts[0m:[93m188[0m:[93m25[0m - [91merror[0m[90m TS2551: [0mProperty 'query2' does not exist on type 'BasedClient'. Did you mean 'query'?

[7m188[0m   t.is(await coreClient.query2('counter-cached').get(), 0)
[7m   [0m [91m                        ~~~~~~[0m

  [96msrc/client/index.ts[0m:[93m389[0m:[93m3[0m
    [7m389[0m   query(name: string, payload?: any, opts?: QueryOptions): BasedClientQuery {
    [7m   [0m [96m  ~~~~~[0m
    'query' is declared here.

[96mtest/based-client/get.ts[0m:[93m189[0m:[93m25[0m - [91merror[0m[90m TS2551: [0mProperty 'query2' does not exist on type 'BasedClient'. Did you mean 'query'?

[7m189[0m   t.is(await coreClient.query2('counter-cached').get(), 0)
[7m   [0m [91m                        ~~~~~~[0m

  [96msrc/client/index.ts[0m:[93m389[0m:[93m3[0m
    [7m389[0m   query(name: string, payload?: any, opts?: QueryOptions): BasedClientQuery {
    [7m   [0m [96m  ~~~~~[0m
    'query' is declared here.

[96mtest/based-client/get.ts[0m:[93m222[0m:[93m16[0m - [91merror[0m[90m TS2551: [0mProperty 'query2' does not exist on type 'BasedClient'. Did you mean 'query'?

[7m222[0m     coreClient.query2('counter').get(),
[7m   [0m [91m               ~~~~~~[0m

  [96msrc/client/index.ts[0m:[93m389[0m:[93m3[0m
    [7m389[0m   query(name: string, payload?: any, opts?: QueryOptions): BasedClientQuery {
    [7m   [0m [96m  ~~~~~[0m
    'query' is declared here.

[96mtest/based-client/get.ts[0m:[93m229[0m:[93m37[0m - [91merror[0m[90m TS2551: [0mProperty 'query2' does not exist on type 'BasedClient'. Did you mean 'query'?

[7m229[0m   await t.notThrowsAsync(coreClient.query2('counter').get())
[7m   [0m [91m                                    ~~~~~~[0m

  [96msrc/client/index.ts[0m:[93m389[0m:[93m3[0m
    [7m389[0m   query(name: string, payload?: any, opts?: QueryOptions): BasedClientQuery {
    [7m   [0m [96m  ~~~~~[0m
    'query' is declared here.

[96mtest/based-client/get.ts[0m:[93m270[0m:[93m26[0m - [91merror[0m[90m TS2551: [0mProperty 'query2' does not exist on type 'BasedClient'. Did you mean 'query'?

[7m270[0m   const g = await client.query2('flap').getWhen((d) => d.status)
[7m   [0m [91m                         ~~~~~~[0m

  [96msrc/client/index.ts[0m:[93m389[0m:[93m3[0m
    [7m389[0m   query(name: string, payload?: any, opts?: QueryOptions): BasedClientQuery {
    [7m   [0m [96m  ~~~~~[0m
    'query' is declared here.

[96mtest/based-client/hooks.ts[0m:[93m2[0m:[93m22[0m - [91merror[0m[90m TS2307: [0mCannot find module '@based/utils' or its corresponding type declarations.

[7m2[0m import { wait } from '@based/utils'
[7m [0m [91m                     ~~~~~~~~~~~~~~[0m

[96mtest/based-client/hooks.ts[0m:[93m112[0m:[93m26[0m - [91merror[0m[90m TS2551: [0mProperty 'query2' does not exist on type 'BasedFunctionClient'. Did you mean 'query'?

[7m112[0m             return based.query2('myobs').get()
[7m   [0m [91m                         ~~~~~~[0m

  [96msrc/functions/client.ts[0m:[93m17[0m:[93m12[0m
    [7m17[0m   abstract query(
    [7m  [0m [96m           ~~~~~[0m
    'query' is declared here.

[96mtest/based-client/hooks.ts[0m:[93m119[0m:[93m26[0m - [91merror[0m[90m TS2551: [0mProperty 'query2' does not exist on type 'BasedFunctionClient'. Did you mean 'query'?

[7m119[0m             return based.query2('myobs').subscribe(update)
[7m   [0m [91m                         ~~~~~~[0m

  [96msrc/functions/client.ts[0m:[93m17[0m:[93m12[0m
    [7m17[0m   abstract query(
    [7m  [0m [96m           ~~~~~[0m
    'query' is declared here.

[96mtest/based-client/hooks.ts[0m:[93m138[0m:[93m24[0m - [91merror[0m[90m TS2551: [0mProperty 'query2' does not exist on type 'BasedClient'. Did you mean 'query'?

[7m138[0m   const close = client.query2('myobs', { bla: true }).subscribe(() => {})
[7m   [0m [91m                       ~~~~~~[0m

  [96msrc/client/index.ts[0m:[93m389[0m:[93m3[0m
    [7m389[0m   query(name: string, payload?: any, opts?: QueryOptions): BasedClientQuery {
    [7m   [0m [96m  ~~~~~[0m
    'query' is declared here.

[96mtest/based-client/hooks.ts[0m:[93m149[0m:[93m16[0m - [91merror[0m[90m TS2551: [0mProperty 'query2' does not exist on type 'BasedClient'. Did you mean 'query'?

[7m149[0m   await client.query2('myobs').get()
[7m   [0m [91m               ~~~~~~[0m

  [96msrc/client/index.ts[0m:[93m389[0m:[93m3[0m
    [7m389[0m   query(name: string, payload?: any, opts?: QueryOptions): BasedClientQuery {
    [7m   [0m [96m  ~~~~~[0m
    'query' is declared here.

[96mtest/based-client/hooks.ts[0m:[93m157[0m:[93m25[0m - [91merror[0m[90m TS2551: [0mProperty 'query2' does not exist on type 'BasedClient'. Did you mean 'query'?

[7m157[0m   const close2 = client.query2('myobs2', { bla: true }).subscribe(() => {})
[7m   [0m [91m                        ~~~~~~[0m

  [96msrc/client/index.ts[0m:[93m389[0m:[93m3[0m
    [7m389[0m   query(name: string, payload?: any, opts?: QueryOptions): BasedClientQuery {
    [7m   [0m [96m  ~~~~~[0m
    'query' is declared here.

[96mtest/based-client/http.ts[0m:[93m2[0m:[93m22[0m - [91merror[0m[90m TS2307: [0mCannot find module '@based/utils' or its corresponding type declarations.

[7m2[0m import { wait } from '@based/utils'
[7m [0m [91m                     ~~~~~~~~~~~~~~[0m

[96mtest/based-client/httpGet.ts[0m:[93m2[0m:[93m22[0m - [91merror[0m[90m TS2307: [0mCannot find module '@based/utils' or its corresponding type declarations.

[7m2[0m import { wait } from '@based/utils'
[7m [0m [91m                     ~~~~~~~~~~~~~~[0m

[96mtest/based-client/installFunctions.ts[0m:[93m2[0m:[93m22[0m - [91merror[0m[90m TS2307: [0mCannot find module '@based/utils' or its corresponding type declarations.

[7m2[0m import { wait } from '@based/utils'
[7m [0m [91m                     ~~~~~~~~~~~~~~[0m

[96mtest/based-client/lazyConnect.ts[0m:[93m2[0m:[93m22[0m - [91merror[0m[90m TS2307: [0mCannot find module '@based/utils' or its corresponding type declarations.

[7m2[0m import { wait } from '@based/utils'
[7m [0m [91m                     ~~~~~~~~~~~~~~[0m

[96mtest/based-client/lazyConnect.ts[0m:[93m73[0m:[93m24[0m - [91merror[0m[90m TS2551: [0mProperty 'query2' does not exist on type 'BasedClient'. Did you mean 'query'?

[7m73[0m   const close = client.query2('cookie').subscribe(
[7m  [0m [91m                       ~~~~~~[0m

  [96msrc/client/index.ts[0m:[93m389[0m:[93m3[0m
    [7m389[0m   query(name: string, payload?: any, opts?: QueryOptions): BasedClientQuery {
    [7m   [0m [96m  ~~~~~[0m
    'query' is declared here.

[96mtest/based-client/memLeaks.ts[0m:[93m2[0m:[93m22[0m - [91merror[0m[90m TS2307: [0mCannot find module '@based/utils' or its corresponding type declarations.

[7m2[0m import { wait } from '@based/utils'
[7m [0m [91m                     ~~~~~~~~~~~~~~[0m

[96mtest/based-client/messages.ts[0m:[93m2[0m:[93m22[0m - [91merror[0m[90m TS2307: [0mCannot find module '@based/utils' or its corresponding type declarations.

[7m2[0m import { wait } from '@based/utils'
[7m [0m [91m                     ~~~~~~~~~~~~~~[0m

[96mtest/based-client/messages.ts[0m:[93m62[0m:[93m24[0m - [91merror[0m[90m TS2551: [0mProperty 'query2' does not exist on type 'BasedClient'. Did you mean 'query'?

[7m62[0m   const close = client.query2('counter').subscribe(() => {
[7m  [0m [91m                       ~~~~~~[0m

  [96msrc/client/index.ts[0m:[93m389[0m:[93m3[0m
    [7m389[0m   query(name: string, payload?: any, opts?: QueryOptions): BasedClientQuery {
    [7m   [0m [96m  ~~~~~[0m
    'query' is declared here.

[96mtest/based-client/nestedChannelSimple.ts[0m:[93m2[0m:[93m22[0m - [91merror[0m[90m TS2307: [0mCannot find module '@based/utils' or its corresponding type declarations.

[7m2[0m import { wait } from '@based/utils'
[7m [0m [91m                     ~~~~~~~~~~~~~~[0m

[96mtest/based-client/nestedFunctions.ts[0m:[93m3[0m:[93m22[0m - [91merror[0m[90m TS2307: [0mCannot find module '@based/utils' or its corresponding type declarations.

[7m3[0m import { wait } from '@based/utils'
[7m [0m [91m                     ~~~~~~~~~~~~~~[0m

[96mtest/based-client/nestedFunctions.ts[0m:[93m33[0m:[93m29[0m - [91merror[0m[90m TS2551: [0mProperty 'query2' does not exist on type 'BasedClient'. Did you mean 'query'?

[7m33[0m   const closeX = coreClient.query2('counter').subscribe(() => {
[7m  [0m [91m                            ~~~~~~[0m

  [96msrc/client/index.ts[0m:[93m389[0m:[93m3[0m
    [7m389[0m   query(name: string, payload?: any, opts?: QueryOptions): BasedClientQuery {
    [7m   [0m [96m  ~~~~~[0m
    'query' is declared here.

[96mtest/based-client/nestedFunctions.ts[0m:[93m45[0m:[93m28[0m - [91merror[0m[90m TS2551: [0mProperty 'query2' does not exist on type 'BasedClient'. Did you mean 'query'?

[7m45[0m   const close = coreClient.query2('obsWithNested').subscribe(() => {
[7m  [0m [91m                           ~~~~~~[0m

  [96msrc/client/index.ts[0m:[93m389[0m:[93m3[0m
    [7m389[0m   query(name: string, payload?: any, opts?: QueryOptions): BasedClientQuery {
    [7m   [0m [96m  ~~~~~[0m
    'query' is declared here.

[96mtest/based-client/nestedFunctions.ts[0m:[93m50[0m:[93m29[0m - [91merror[0m[90m TS2551: [0mProperty 'query2' does not exist on type 'BasedClient'. Did you mean 'query'?

[7m50[0m   const close2 = coreClient.query2('obsWithNested', 'json').subscribe(() => {
[7m  [0m [91m                            ~~~~~~[0m

  [96msrc/client/index.ts[0m:[93m389[0m:[93m3[0m
    [7m389[0m   query(name: string, payload?: any, opts?: QueryOptions): BasedClientQuery {
    [7m   [0m [96m  ~~~~~[0m
    'query' is declared here.

[96mtest/based-client/nestedFunctions.ts[0m:[93m56[0m:[93m32[0m - [91merror[0m[90m TS2551: [0mProperty 'query2' does not exist on type 'BasedClient'. Did you mean 'query'?

[7m56[0m   const bla = await coreClient.query2('obsWithNested', 'json').get()
[7m  [0m [91m                               ~~~~~~[0m

  [96msrc/client/index.ts[0m:[93m389[0m:[93m3[0m
    [7m389[0m   query(name: string, payload?: any, opts?: QueryOptions): BasedClientQuery {
    [7m   [0m [96m  ~~~~~[0m
    'query' is declared here.

[96mtest/based-client/nestedFunctions.ts[0m:[93m67[0m:[93m6[0m - [91merror[0m[90m TS2551: [0mProperty 'query2' does not exist on type 'BasedClient'. Did you mean 'query'?

[7m67[0m     .query2('obsWithNestedLvl2', 'glurk')
[7m  [0m [91m     ~~~~~~[0m

  [96msrc/client/index.ts[0m:[93m389[0m:[93m3[0m
    [7m389[0m   query(name: string, payload?: any, opts?: QueryOptions): BasedClientQuery {
    [7m   [0m [96m  ~~~~~[0m
    'query' is declared here.

[96mtest/based-client/nestedFunctions.ts[0m:[93m72[0m:[93m33[0m - [91merror[0m[90m TS2551: [0mProperty 'query2' does not exist on type 'BasedClient'. Did you mean 'query'?

[7m72[0m   const bla2 = await coreClient.query2('obsWithNestedLvl2', 'glakkel').get()
[7m  [0m [91m                                ~~~~~~[0m

  [96msrc/client/index.ts[0m:[93m389[0m:[93m3[0m
    [7m389[0m   query(name: string, payload?: any, opts?: QueryOptions): BasedClientQuery {
    [7m   [0m [96m  ~~~~~[0m
    'query' is declared here.

[96mtest/based-client/nestedFunctions.ts[0m:[93m109[0m:[93m26[0m - [91merror[0m[90m TS2551: [0mProperty 'query2' does not exist on type 'BasedFunctionClient'. Did you mean 'query'?

[7m109[0m             return based.query2('obsWithNested', 'json').subscribe(update)
[7m   [0m [91m                         ~~~~~~[0m

  [96msrc/functions/client.ts[0m:[93m17[0m:[93m12[0m
    [7m17[0m   abstract query(
    [7m  [0m [96m           ~~~~~[0m
    'query' is declared here.

[96mtest/based-client/nestedFunctions.ts[0m:[93m118[0m:[93m16[0m - [91merror[0m[90m TS2551: [0mProperty 'query2' does not exist on type 'BasedFunctionClient'. Did you mean 'query'?

[7m118[0m               .query2(payload === 'json' ? 'objectCounter' : 'counter', payload)
[7m   [0m [91m               ~~~~~~[0m

  [96msrc/functions/client.ts[0m:[93m17[0m:[93m12[0m
    [7m17[0m   abstract query(
    [7m  [0m [96m           ~~~~~[0m
    'query' is declared here.

[96mtest/based-client/nestedFunctions.ts[0m:[93m167[0m:[93m25[0m - [91merror[0m[90m TS2551: [0mProperty 'query2' does not exist on type 'BasedFunctionClient'. Did you mean 'query'?

[7m167[0m             await based.query2('obsWithNested', 'json', context).get()
[7m   [0m [91m                        ~~~~~~[0m

  [96msrc/functions/client.ts[0m:[93m17[0m:[93m12[0m
    [7m17[0m   abstract query(
    [7m  [0m [96m           ~~~~~[0m
    'query' is declared here.

[96mtest/based-client/nestedFunctions.ts[0m:[93m202[0m:[93m26[0m - [91merror[0m[90m TS2551: [0mProperty 'query2' does not exist on type 'BasedFunctionClient'. Did you mean 'query'?

[7m202[0m             return based.query2('obsWithNested', 'json').subscribe(update)
[7m   [0m [91m                         ~~~~~~[0m

  [96msrc/functions/client.ts[0m:[93m17[0m:[93m12[0m
    [7m17[0m   abstract query(
    [7m  [0m [96m           ~~~~~[0m
    'query' is declared here.

[96mtest/based-client/nestedFunctions.ts[0m:[93m211[0m:[93m16[0m - [91merror[0m[90m TS2551: [0mProperty 'query2' does not exist on type 'BasedFunctionClient'. Did you mean 'query'?

[7m211[0m               .query2(payload === 'json' ? 'objectCounter' : 'counter', payload)
[7m   [0m [91m               ~~~~~~[0m

  [96msrc/functions/client.ts[0m:[93m17[0m:[93m12[0m
    [7m17[0m   abstract query(
    [7m  [0m [96m           ~~~~~[0m
    'query' is declared here.

[96mtest/based-client/nestedFunctions.ts[0m:[93m260[0m:[93m25[0m - [91merror[0m[90m TS2551: [0mProperty 'query2' does not exist on type 'BasedFunctionClient'. Did you mean 'query'?

[7m260[0m             await based.query2('obsWithNested', 'json').get()
[7m   [0m [91m                        ~~~~~~[0m

  [96msrc/functions/client.ts[0m:[93m17[0m:[93m12[0m
    [7m17[0m   abstract query(
    [7m  [0m [96m           ~~~~~[0m
    'query' is declared here.

[96mtest/based-client/nestedFunctionsError.ts[0m:[93m2[0m:[93m22[0m - [91merror[0m[90m TS2307: [0mCannot find module '@based/utils' or its corresponding type declarations.

[7m2[0m import { wait } from '@based/utils'
[7m [0m [91m                     ~~~~~~~~~~~~~~[0m

[96mtest/based-client/nestedFunctionsError.ts[0m:[93m93[0m:[93m26[0m - [91merror[0m[90m TS2551: [0mProperty 'query2' does not exist on type 'BasedFunctionClient'. Did you mean 'query'?

[7m93[0m             return based.query2('blabla').subscribe(update)
[7m  [0m [91m                         ~~~~~~[0m

  [96msrc/functions/client.ts[0m:[93m17[0m:[93m12[0m
    [7m17[0m   abstract query(
    [7m  [0m [96m           ~~~~~[0m
    'query' is declared here.

[96mtest/based-client/nestedFunctionsError.ts[0m:[93m108[0m:[93m10[0m - [91merror[0m[90m TS2551: [0mProperty 'query2' does not exist on type 'BasedClient'. Did you mean 'query'?

[7m108[0m   client.query2('hello').subscribe(
[7m   [0m [91m         ~~~~~~[0m

  [96msrc/client/index.ts[0m:[93m389[0m:[93m3[0m
    [7m389[0m   query(name: string, payload?: any, opts?: QueryOptions): BasedClientQuery {
    [7m   [0m [96m  ~~~~~[0m
    'query' is declared here.

[96mtest/based-client/nestedQuerySimple.ts[0m:[93m2[0m:[93m22[0m - [91merror[0m[90m TS2307: [0mCannot find module '@based/utils' or its corresponding type declarations.

[7m2[0m import { wait } from '@based/utils'
[7m [0m [91m                     ~~~~~~~~~~~~~~[0m

[96mtest/based-client/nestedQuerySimple.ts[0m:[93m47[0m:[93m26[0m - [91merror[0m[90m TS2551: [0mProperty 'query2' does not exist on type 'BasedFunctionClient'. Did you mean 'query'?

[7m47[0m             return based.query2('nested').subscribe((r) => {
[7m  [0m [91m                         ~~~~~~[0m

  [96msrc/functions/client.ts[0m:[93m17[0m:[93m12[0m
    [7m17[0m   abstract query(
    [7m  [0m [96m           ~~~~~[0m
    'query' is declared here.

[96mtest/based-client/nestedQuerySimple.ts[0m:[93m58[0m:[93m10[0m - [91merror[0m[90m TS2551: [0mProperty 'query2' does not exist on type 'BasedClient'. Did you mean 'query'?

[7m58[0m   client.query2('bla').subscribe(() => {})
[7m  [0m [91m         ~~~~~~[0m

  [96msrc/client/index.ts[0m:[93m389[0m:[93m3[0m
    [7m389[0m   query(name: string, payload?: any, opts?: QueryOptions): BasedClientQuery {
    [7m   [0m [96m  ~~~~~[0m
    'query' is declared here.

[96mtest/based-client/nestedQuerySimple.ts[0m:[93m60[0m:[93m10[0m - [91merror[0m[90m TS2551: [0mProperty 'query2' does not exist on type 'BasedClient'. Did you mean 'query'?

[7m60[0m   client.query2('bla', { x: 1 }).subscribe(() => {})
[7m  [0m [91m         ~~~~~~[0m

  [96msrc/client/index.ts[0m:[93m389[0m:[93m3[0m
    [7m389[0m   query(name: string, payload?: any, opts?: QueryOptions): BasedClientQuery {
    [7m   [0m [96m  ~~~~~[0m
    'query' is declared here.

[96mtest/based-client/null.ts[0m:[93m2[0m:[93m22[0m - [91merror[0m[90m TS2307: [0mCannot find module '@based/utils' or its corresponding type declarations.

[7m2[0m import { wait } from '@based/utils'
[7m [0m [91m                     ~~~~~~~~~~~~~~[0m

[96mtest/based-client/null.ts[0m:[93m46[0m:[93m22[0m - [91merror[0m[90m TS2551: [0mProperty 'query2' does not exist on type 'BasedFunctionClient'. Did you mean 'query'?

[7m46[0m             return b.query2('null').subscribe(update)
[7m  [0m [91m                     ~~~~~~[0m

  [96msrc/functions/client.ts[0m:[93m17[0m:[93m12[0m
    [7m17[0m   abstract query(
    [7m  [0m [96m           ~~~~~[0m
    'query' is declared here.

[96mtest/based-client/null.ts[0m:[93m60[0m:[93m28[0m - [91merror[0m[90m TS2551: [0mProperty 'query2' does not exist on type 'BasedClient'. Did you mean 'query'?

[7m60[0m   const val = await client.query2('null').get()
[7m  [0m [91m                           ~~~~~~[0m

  [96msrc/client/index.ts[0m:[93m389[0m:[93m3[0m
    [7m389[0m   query(name: string, payload?: any, opts?: QueryOptions): BasedClientQuery {
    [7m   [0m [96m  ~~~~~[0m
    'query' is declared here.

[96mtest/based-client/null.ts[0m:[93m66[0m:[93m29[0m - [91merror[0m[90m TS2551: [0mProperty 'query2' does not exist on type 'BasedClient'. Did you mean 'query'?

[7m66[0m   const val2 = await client.query2('nestedNull').get()
[7m  [0m [91m                            ~~~~~~[0m

  [96msrc/client/index.ts[0m:[93m389[0m:[93m3[0m
    [7m389[0m   query(name: string, payload?: any, opts?: QueryOptions): BasedClientQuery {
    [7m   [0m [96m  ~~~~~[0m
    'query' is declared here.

[96mtest/based-client/null.ts[0m:[93m71[0m:[93m24[0m - [91merror[0m[90m TS2551: [0mProperty 'query2' does not exist on type 'BasedClient'. Did you mean 'query'?

[7m71[0m   const close = client.query2('null').subscribe((v) => {
[7m  [0m [91m                       ~~~~~~[0m

  [96msrc/client/index.ts[0m:[93m389[0m:[93m3[0m
    [7m389[0m   query(name: string, payload?: any, opts?: QueryOptions): BasedClientQuery {
    [7m   [0m [96m  ~~~~~[0m
    'query' is declared here.

[96mtest/based-client/payloadPerf.ts[0m:[93m85[0m:[93m6[0m - [91merror[0m[90m TS2551: [0mProperty 'query2' does not exist on type 'BasedClient'. Did you mean 'query'?

[7m85[0m     .query2('counter', {
[7m  [0m [91m     ~~~~~~[0m

  [96msrc/client/index.ts[0m:[93m389[0m:[93m3[0m
    [7m389[0m   query(name: string, payload?: any, opts?: QueryOptions): BasedClientQuery {
    [7m   [0m [96m  ~~~~~[0m
    'query' is declared here.

[96mtest/based-client/payloadPerf.ts[0m:[93m110[0m:[93m6[0m - [91merror[0m[90m TS2551: [0mProperty 'query2' does not exist on type 'BasedClient'. Did you mean 'query'?

[7m110[0m     .query2('counterUint8', {
[7m   [0m [91m     ~~~~~~[0m

  [96msrc/client/index.ts[0m:[93m389[0m:[93m3[0m
    [7m389[0m   query(name: string, payload?: any, opts?: QueryOptions): BasedClientQuery {
    [7m   [0m [96m  ~~~~~[0m
    'query' is declared here.

[96mtest/based-client/persist.ts[0m:[93m2[0m:[93m22[0m - [91merror[0m[90m TS2307: [0mCannot find module '@based/utils' or its corresponding type declarations.

[7m2[0m import { wait } from '@based/utils'
[7m [0m [91m                     ~~~~~~~~~~~~~~[0m

[96mtest/based-client/persist.ts[0m:[93m73[0m:[93m6[0m - [91merror[0m[90m TS2551: [0mProperty 'query2' does not exist on type 'BasedClient'. Did you mean 'query'?

[7m73[0m     .query2(
[7m  [0m [91m     ~~~~~~[0m

  [96msrc/client/index.ts[0m:[93m389[0m:[93m3[0m
    [7m389[0m   query(name: string, payload?: any, opts?: QueryOptions): BasedClientQuery {
    [7m   [0m [96m  ~~~~~[0m
    'query' is declared here.

[96mtest/based-client/persist.ts[0m:[93m85[0m:[93m6[0m - [91merror[0m[90m TS2551: [0mProperty 'query2' does not exist on type 'BasedClient'. Did you mean 'query'?

[7m85[0m     .query2(
[7m  [0m [91m     ~~~~~~[0m

  [96msrc/client/index.ts[0m:[93m389[0m:[93m3[0m
    [7m389[0m   query(name: string, payload?: any, opts?: QueryOptions): BasedClientQuery {
    [7m   [0m [96m  ~~~~~[0m
    'query' is declared here.

[96mtest/based-client/persist.ts[0m:[93m111[0m:[93m8[0m - [91merror[0m[90m TS2551: [0mProperty 'query2' does not exist on type 'BasedClient'. Did you mean 'query'?

[7m111[0m       .query2(
[7m   [0m [91m       ~~~~~~[0m

  [96msrc/client/index.ts[0m:[93m389[0m:[93m3[0m
    [7m389[0m   query(name: string, payload?: any, opts?: QueryOptions): BasedClientQuery {
    [7m   [0m [96m  ~~~~~[0m
    'query' is declared here.

[96mtest/based-client/persist.ts[0m:[93m128[0m:[93m8[0m - [91merror[0m[90m TS2551: [0mProperty 'query2' does not exist on type 'BasedClient'. Did you mean 'query'?

[7m128[0m       .query2(
[7m   [0m [91m       ~~~~~~[0m

  [96msrc/client/index.ts[0m:[93m389[0m:[93m3[0m
    [7m389[0m   query(name: string, payload?: any, opts?: QueryOptions): BasedClientQuery {
    [7m   [0m [96m  ~~~~~[0m
    'query' is declared here.

[96mtest/based-client/protocolContentType.ts[0m:[93m3[0m:[93m34[0m - [91merror[0m[90m TS2307: [0mCannot find module '@based/utils' or its corresponding type declarations.

[7m3[0m import { wait, readStream } from '@based/utils'
[7m [0m [91m                                 ~~~~~~~~~~~~~~[0m

[96mtest/based-client/protocolContentType.ts[0m:[93m245[0m:[93m12[0m - [91merror[0m[90m TS2551: [0mProperty 'query2' does not exist on type 'BasedClient'. Did you mean 'query'?

[7m245[0m     client.query2('errorQuery').subscribe((d, err) => {
[7m   [0m [91m           ~~~~~~[0m

  [96msrc/client/index.ts[0m:[93m389[0m:[93m3[0m
    [7m389[0m   query(name: string, payload?: any, opts?: QueryOptions): BasedClientQuery {
    [7m   [0m [96m  ~~~~~[0m
    'query' is declared here.

[96mtest/based-client/protocolContentType.ts[0m:[93m248[0m:[93m15[0m - [91merror[0m[90m TS2551: [0mProperty 'query2' does not exist on type 'BasedClient'. Did you mean 'query'?

[7m248[0m     clientOld.query2('errorQuery').subscribe((d, err) => {
[7m   [0m [91m              ~~~~~~[0m

  [96mnode_modules/@based/client-old/dist/src/index.d.ts[0m:[93m141[0m:[93m5[0m
    [7m141[0m     query(name: string, payload?: any, opts?: QueryOptions): BasedQuery;
    [7m   [0m [96m    ~~~~~[0m
    'query' is declared here.

[96mtest/based-client/protocolContentType.ts[0m:[93m251[0m:[93m12[0m - [91merror[0m[90m TS2551: [0mProperty 'query2' does not exist on type 'BasedClient'. Did you mean 'query'?

[7m251[0m     client.query2('nullQuery').subscribe((d) => {
[7m   [0m [91m           ~~~~~~[0m

  [96msrc/client/index.ts[0m:[93m389[0m:[93m3[0m
    [7m389[0m   query(name: string, payload?: any, opts?: QueryOptions): BasedClientQuery {
    [7m   [0m [96m  ~~~~~[0m
    'query' is declared here.

[96mtest/based-client/protocolContentType.ts[0m:[93m254[0m:[93m15[0m - [91merror[0m[90m TS2551: [0mProperty 'query2' does not exist on type 'BasedClient'. Did you mean 'query'?

[7m254[0m     clientOld.query2('nullQuery').subscribe((d) => {
[7m   [0m [91m              ~~~~~~[0m

  [96mnode_modules/@based/client-old/dist/src/index.d.ts[0m:[93m141[0m:[93m5[0m
    [7m141[0m     query(name: string, payload?: any, opts?: QueryOptions): BasedQuery;
    [7m   [0m [96m    ~~~~~[0m
    'query' is declared here.

[96mtest/based-client/protocolContentType.ts[0m:[93m257[0m:[93m12[0m - [91merror[0m[90m TS2551: [0mProperty 'query2' does not exist on type 'BasedClient'. Did you mean 'query'?

[7m257[0m     client.query2('undefinedQuery').subscribe((d) => {
[7m   [0m [91m           ~~~~~~[0m

  [96msrc/client/index.ts[0m:[93m389[0m:[93m3[0m
    [7m389[0m   query(name: string, payload?: any, opts?: QueryOptions): BasedClientQuery {
    [7m   [0m [96m  ~~~~~[0m
    'query' is declared here.

[96mtest/based-client/protocolContentType.ts[0m:[93m260[0m:[93m15[0m - [91merror[0m[90m TS2551: [0mProperty 'query2' does not exist on type 'BasedClient'. Did you mean 'query'?

[7m260[0m     clientOld.query2('undefinedQuery').subscribe((d) => {
[7m   [0m [91m              ~~~~~~[0m

  [96mnode_modules/@based/client-old/dist/src/index.d.ts[0m:[93m141[0m:[93m5[0m
    [7m141[0m     query(name: string, payload?: any, opts?: QueryOptions): BasedQuery;
    [7m   [0m [96m    ~~~~~[0m
    'query' is declared here.

[96mtest/based-client/protocolContentType.ts[0m:[93m263[0m:[93m12[0m - [91merror[0m[90m TS2551: [0mProperty 'query2' does not exist on type 'BasedClient'. Did you mean 'query'?

[7m263[0m     client.query2('numberQuery').subscribe((d) => {
[7m   [0m [91m           ~~~~~~[0m

  [96msrc/client/index.ts[0m:[93m389[0m:[93m3[0m
    [7m389[0m   query(name: string, payload?: any, opts?: QueryOptions): BasedClientQuery {
    [7m   [0m [96m  ~~~~~[0m
    'query' is declared here.

[96mtest/based-client/protocolContentType.ts[0m:[93m266[0m:[93m15[0m - [91merror[0m[90m TS2551: [0mProperty 'query2' does not exist on type 'BasedClient'. Did you mean 'query'?

[7m266[0m     clientOld.query2('numberQuery').subscribe((d) => {
[7m   [0m [91m              ~~~~~~[0m

  [96mnode_modules/@based/client-old/dist/src/index.d.ts[0m:[93m141[0m:[93m5[0m
    [7m141[0m     query(name: string, payload?: any, opts?: QueryOptions): BasedQuery;
    [7m   [0m [96m    ~~~~~[0m
    'query' is declared here.

[96mtest/based-client/protocolContentType.ts[0m:[93m270[0m:[93m8[0m - [91merror[0m[90m TS2551: [0mProperty 'query2' does not exist on type 'BasedClient'. Did you mean 'query'?

[7m270[0m       .query2('stringQuery', {
[7m   [0m [91m       ~~~~~~[0m

  [96msrc/client/index.ts[0m:[93m389[0m:[93m3[0m
    [7m389[0m   query(name: string, payload?: any, opts?: QueryOptions): BasedClientQuery {
    [7m   [0m [96m  ~~~~~[0m
    'query' is declared here.

[96mtest/based-client/protocolContentType.ts[0m:[93m277[0m:[93m8[0m - [91merror[0m[90m TS2551: [0mProperty 'query2' does not exist on type 'BasedClient'. Did you mean 'query'?

[7m277[0m       .query2('stringQuery', {
[7m   [0m [91m       ~~~~~~[0m

  [96mnode_modules/@based/client-old/dist/src/index.d.ts[0m:[93m141[0m:[93m5[0m
    [7m141[0m     query(name: string, payload?: any, opts?: QueryOptions): BasedQuery;
    [7m   [0m [96m    ~~~~~[0m
    'query' is declared here.

[96mtest/based-client/protocolContentType.ts[0m:[93m284[0m:[93m8[0m - [91merror[0m[90m TS2551: [0mProperty 'query2' does not exist on type 'BasedClient'. Did you mean 'query'?

[7m284[0m       .query2('bigStringQuery', {
[7m   [0m [91m       ~~~~~~[0m

  [96msrc/client/index.ts[0m:[93m389[0m:[93m3[0m
    [7m389[0m   query(name: string, payload?: any, opts?: QueryOptions): BasedClientQuery {
    [7m   [0m [96m  ~~~~~[0m
    'query' is declared here.

[96mtest/based-client/protocolContentType.ts[0m:[93m291[0m:[93m8[0m - [91merror[0m[90m TS2551: [0mProperty 'query2' does not exist on type 'BasedClient'. Did you mean 'query'?

[7m291[0m       .query2('bigStringQuery', {
[7m   [0m [91m       ~~~~~~[0m

  [96mnode_modules/@based/client-old/dist/src/index.d.ts[0m:[93m141[0m:[93m5[0m
    [7m141[0m     query(name: string, payload?: any, opts?: QueryOptions): BasedQuery;
    [7m   [0m [96m    ~~~~~[0m
    'query' is declared here.

[96mtest/based-client/protocolContentType.ts[0m:[93m298[0m:[93m8[0m - [91merror[0m[90m TS2551: [0mProperty 'query2' does not exist on type 'BasedClient'. Did you mean 'query'?

[7m298[0m       .query2('flap', {
[7m   [0m [91m       ~~~~~~[0m

  [96msrc/client/index.ts[0m:[93m389[0m:[93m3[0m
    [7m389[0m   query(name: string, payload?: any, opts?: QueryOptions): BasedClientQuery {
    [7m   [0m [96m  ~~~~~[0m
    'query' is declared here.

[96mtest/based-client/protocolContentType.ts[0m:[93m305[0m:[93m8[0m - [91merror[0m[90m TS2551: [0mProperty 'query2' does not exist on type 'BasedClient'. Did you mean 'query'?

[7m305[0m       .query2('flap', {
[7m   [0m [91m       ~~~~~~[0m

  [96mnode_modules/@based/client-old/dist/src/index.d.ts[0m:[93m141[0m:[93m5[0m
    [7m141[0m     query(name: string, payload?: any, opts?: QueryOptions): BasedQuery;
    [7m   [0m [96m    ~~~~~[0m
    'query' is declared here.

[96mtest/based-client/protocolContentType.ts[0m:[93m312[0m:[93m8[0m - [91merror[0m[90m TS2551: [0mProperty 'query2' does not exist on type 'BasedClient'. Did you mean 'query'?

[7m312[0m       .query2('counter', {
[7m   [0m [91m       ~~~~~~[0m

  [96msrc/client/index.ts[0m:[93m389[0m:[93m3[0m
    [7m389[0m   query(name: string, payload?: any, opts?: QueryOptions): BasedClientQuery {
    [7m   [0m [96m  ~~~~~[0m
    'query' is declared here.

[96mtest/based-client/query.ts[0m:[93m2[0m:[93m22[0m - [91merror[0m[90m TS2307: [0mCannot find module '@based/utils' or its corresponding type declarations.

[7m2[0m import { wait } from '@based/utils'
[7m [0m [91m                     ~~~~~~~~~~~~~~[0m

[96mtest/based-client/query.ts[0m:[93m51[0m:[93m6[0m - [91merror[0m[90m TS2551: [0mProperty 'query2' does not exist on type 'BasedClient'. Did you mean 'query'?

[7m51[0m     .query2('counter', {
[7m  [0m [91m     ~~~~~~[0m

  [96msrc/client/index.ts[0m:[93m389[0m:[93m3[0m
    [7m389[0m   query(name: string, payload?: any, opts?: QueryOptions): BasedClientQuery {
    [7m   [0m [96m  ~~~~~[0m
    'query' is declared here.

[96mtest/based-client/query.ts[0m:[93m59[0m:[93m6[0m - [91merror[0m[90m TS2551: [0mProperty 'query2' does not exist on type 'BasedClient'. Did you mean 'query'?

[7m59[0m     .query2('counter', {
[7m  [0m [91m     ~~~~~~[0m

  [96msrc/client/index.ts[0m:[93m389[0m:[93m3[0m
    [7m389[0m   query(name: string, payload?: any, opts?: QueryOptions): BasedClientQuery {
    [7m   [0m [96m  ~~~~~[0m
    'query' is declared here.

[96mtest/based-client/queryCache.ts[0m:[93m2[0m:[93m22[0m - [91merror[0m[90m TS2307: [0mCannot find module '@based/utils' or its corresponding type declarations.

[7m2[0m import { wait } from '@based/utils'
[7m [0m [91m                     ~~~~~~~~~~~~~~[0m

[96mtest/based-client/queryCache.ts[0m:[93m54[0m:[93m8[0m - [91merror[0m[90m TS2551: [0mProperty 'query2' does not exist on type 'BasedClient'. Did you mean 'query'?

[7m54[0m       .query2('counter', {
[7m  [0m [91m       ~~~~~~[0m

  [96msrc/client/index.ts[0m:[93m389[0m:[93m3[0m
    [7m389[0m   query(name: string, payload?: any, opts?: QueryOptions): BasedClientQuery {
    [7m   [0m [96m  ~~~~~[0m
    'query' is declared here.

[96mtest/based-client/queryCache.ts[0m:[93m68[0m:[93m6[0m - [91merror[0m[90m TS2551: [0mProperty 'query2' does not exist on type 'BasedClient'. Did you mean 'query'?

[7m68[0m     .query2('counter', {
[7m  [0m [91m     ~~~~~~[0m

  [96msrc/client/index.ts[0m:[93m389[0m:[93m3[0m
    [7m389[0m   query(name: string, payload?: any, opts?: QueryOptions): BasedClientQuery {
    [7m   [0m [96m  ~~~~~[0m
    'query' is declared here.

[96mtest/based-client/queryCtxBound.ts[0m:[93m2[0m:[93m22[0m - [91merror[0m[90m TS2307: [0mCannot find module '@based/utils' or its corresponding type declarations.

[7m2[0m import { wait } from '@based/utils'
[7m [0m [91m                     ~~~~~~~~~~~~~~[0m

[96mtest/based-client/queryCtxBound.ts[0m:[93m70[0m:[93m6[0m - [91merror[0m[90m TS2551: [0mProperty 'query2' does not exist on type 'BasedClient'. Did you mean 'query'?

[7m70[0m     .query2('counter', {
[7m  [0m [91m     ~~~~~~[0m

  [96msrc/client/index.ts[0m:[93m389[0m:[93m3[0m
    [7m389[0m   query(name: string, payload?: any, opts?: QueryOptions): BasedClientQuery {
    [7m   [0m [96m  ~~~~~[0m
    'query' is declared here.

[96mtest/based-client/queryCtxBound.ts[0m:[93m108[0m:[93m18[0m - [91merror[0m[90m TS2551: [0mProperty 'query2' does not exist on type 'BasedClient'. Did you mean 'query'?

[7m108[0m   close = client.query2('counter', 'error').subscribe(
[7m   [0m [91m                 ~~~~~~[0m

  [96msrc/client/index.ts[0m:[93m389[0m:[93m3[0m
    [7m389[0m   query(name: string, payload?: any, opts?: QueryOptions): BasedClientQuery {
    [7m   [0m [96m  ~~~~~[0m
    'query' is declared here.

[96mtest/based-client/queryCtxBound.ts[0m:[93m121[0m:[93m28[0m - [91merror[0m[90m TS2551: [0mProperty 'query2' does not exist on type 'BasedClient'. Did you mean 'query'?

[7m121[0m   t.deepEqual(await client.query2('counter').get(), { userId: 1, cnt: 0 })
[7m   [0m [91m                           ~~~~~~[0m

  [96msrc/client/index.ts[0m:[93m389[0m:[93m3[0m
    [7m389[0m   query(name: string, payload?: any, opts?: QueryOptions): BasedClientQuery {
    [7m   [0m [96m  ~~~~~[0m
    'query' is declared here.

[96mtest/based-client/queryCtxBound.ts[0m:[93m122[0m:[93m28[0m - [91merror[0m[90m TS2551: [0mProperty 'query2' does not exist on type 'BasedClient'. Did you mean 'query'?

[7m122[0m   t.deepEqual(await client.query2('counter', 'bla').get(), {
[7m   [0m [91m                           ~~~~~~[0m

  [96msrc/client/index.ts[0m:[93m389[0m:[93m3[0m
    [7m389[0m   query(name: string, payload?: any, opts?: QueryOptions): BasedClientQuery {
    [7m   [0m [96m  ~~~~~[0m
    'query' is declared here.

[96mtest/based-client/queryCtxBound.ts[0m:[93m127[0m:[93m30[0m - [91merror[0m[90m TS2551: [0mProperty 'query2' does not exist on type 'BasedClient'. Did you mean 'query'?

[7m127[0m   t.throwsAsync(() => client.query2('counter', 'error').get())
[7m   [0m [91m                             ~~~~~~[0m

  [96msrc/client/index.ts[0m:[93m389[0m:[93m3[0m
    [7m389[0m   query(name: string, payload?: any, opts?: QueryOptions): BasedClientQuery {
    [7m   [0m [96m  ~~~~~[0m
    'query' is declared here.

[96mtest/based-client/queryCtxBound.ts[0m:[93m187[0m:[93m6[0m - [91merror[0m[90m TS2551: [0mProperty 'query2' does not exist on type 'BasedClient'. Did you mean 'query'?

[7m187[0m     .query2('counter', {
[7m   [0m [91m     ~~~~~~[0m

  [96msrc/client/index.ts[0m:[93m389[0m:[93m3[0m
    [7m389[0m   query(name: string, payload?: any, opts?: QueryOptions): BasedClientQuery {
    [7m   [0m [96m  ~~~~~[0m
    'query' is declared here.

[96mtest/based-client/queryCtxBound.ts[0m:[93m280[0m:[93m6[0m - [91merror[0m[90m TS2551: [0mProperty 'query2' does not exist on type 'BasedClient'. Did you mean 'query'?

[7m280[0m     .query2('counter', {
[7m   [0m [91m     ~~~~~~[0m

  [96msrc/client/index.ts[0m:[93m389[0m:[93m3[0m
    [7m389[0m   query(name: string, payload?: any, opts?: QueryOptions): BasedClientQuery {
    [7m   [0m [96m  ~~~~~[0m
    'query' is declared here.

[96mtest/based-client/queryCtxBound.ts[0m:[93m318[0m:[93m18[0m - [91merror[0m[90m TS2551: [0mProperty 'query2' does not exist on type 'BasedClient'. Did you mean 'query'?

[7m318[0m   close = client.query2('counter', 'error').subscribe(
[7m   [0m [91m                 ~~~~~~[0m

  [96msrc/client/index.ts[0m:[93m389[0m:[93m3[0m
    [7m389[0m   query(name: string, payload?: any, opts?: QueryOptions): BasedClientQuery {
    [7m   [0m [96m  ~~~~~[0m
    'query' is declared here.

[96mtest/based-client/queryCtxBound.ts[0m:[93m331[0m:[93m28[0m - [91merror[0m[90m TS2551: [0mProperty 'query2' does not exist on type 'BasedClient'. Did you mean 'query'?

[7m331[0m   t.deepEqual(await client.query2('counter').get(), { userId: 1, cnt: 0 })
[7m   [0m [91m                           ~~~~~~[0m

  [96msrc/client/index.ts[0m:[93m389[0m:[93m3[0m
    [7m389[0m   query(name: string, payload?: any, opts?: QueryOptions): BasedClientQuery {
    [7m   [0m [96m  ~~~~~[0m
    'query' is declared here.

[96mtest/based-client/queryCtxBound.ts[0m:[93m332[0m:[93m28[0m - [91merror[0m[90m TS2551: [0mProperty 'query2' does not exist on type 'BasedClient'. Did you mean 'query'?

[7m332[0m   t.deepEqual(await client.query2('counter', 'bla').get(), {
[7m   [0m [91m                           ~~~~~~[0m

  [96msrc/client/index.ts[0m:[93m389[0m:[93m3[0m
    [7m389[0m   query(name: string, payload?: any, opts?: QueryOptions): BasedClientQuery {
    [7m   [0m [96m  ~~~~~[0m
    'query' is declared here.

[96mtest/based-client/queryCtxBound.ts[0m:[93m337[0m:[93m30[0m - [91merror[0m[90m TS2551: [0mProperty 'query2' does not exist on type 'BasedClient'. Did you mean 'query'?

[7m337[0m   t.throwsAsync(() => client.query2('counter', 'error').get())
[7m   [0m [91m                             ~~~~~~[0m

  [96msrc/client/index.ts[0m:[93m389[0m:[93m3[0m
    [7m389[0m   query(name: string, payload?: any, opts?: QueryOptions): BasedClientQuery {
    [7m   [0m [96m  ~~~~~[0m
    'query' is declared here.

[96mtest/based-client/queryCtxBound.ts[0m:[93m417[0m:[93m24[0m - [91merror[0m[90m TS2551: [0mProperty 'query2' does not exist on type 'BasedClient'. Did you mean 'query'?

[7m417[0m   const close = client.query2('counter').subscribe((d) => {
[7m   [0m [91m                       ~~~~~~[0m

  [96msrc/client/index.ts[0m:[93m389[0m:[93m3[0m
    [7m389[0m   query(name: string, payload?: any, opts?: QueryOptions): BasedClientQuery {
    [7m   [0m [96m  ~~~~~[0m
    'query' is declared here.

[96mtest/based-client/queryCtxBound.ts[0m:[93m421[0m:[93m26[0m - [91merror[0m[90m TS2551: [0mProperty 'query2' does not exist on type 'BasedClient'. Did you mean 'query'?

[7m421[0m   const close2 = client2.query2('counter').subscribe((d) => {
[7m   [0m [91m                         ~~~~~~[0m

  [96msrc/client/index.ts[0m:[93m389[0m:[93m3[0m
    [7m389[0m   query(name: string, payload?: any, opts?: QueryOptions): BasedClientQuery {
    [7m   [0m [96m  ~~~~~[0m
    'query' is declared here.

[96mtest/based-client/queryCtxBound.ts[0m:[93m477[0m:[93m26[0m - [91merror[0m[90m TS2551: [0mProperty 'query2' does not exist on type 'BasedFunctionClient'. Did you mean 'query'?

[7m477[0m             return based.query2('nest', payload, ctx).subscribe(update)
[7m   [0m [91m                         ~~~~~~[0m

  [96msrc/functions/client.ts[0m:[93m17[0m:[93m12[0m
    [7m17[0m   abstract query(
    [7m  [0m [96m           ~~~~~[0m
    'query' is declared here.

[96mtest/based-client/queryCtxBound.ts[0m:[93m492[0m:[93m24[0m - [91merror[0m[90m TS2551: [0mProperty 'query2' does not exist on type 'BasedClient'. Did you mean 'query'?

[7m492[0m   const close = client.query2('counter').subscribe((d) => {
[7m   [0m [91m                       ~~~~~~[0m

  [96msrc/client/index.ts[0m:[93m389[0m:[93m3[0m
    [7m389[0m   query(name: string, payload?: any, opts?: QueryOptions): BasedClientQuery {
    [7m   [0m [96m  ~~~~~[0m
    'query' is declared here.

[96mtest/based-client/queryCtxBound.ts[0m:[93m545[0m:[93m26[0m - [91merror[0m[90m TS2551: [0mProperty 'query2' does not exist on type 'BasedFunctionClient'. Did you mean 'query'?

[7m545[0m             return based.query2('nest', payload, ctx).get()
[7m   [0m [91m                         ~~~~~~[0m

  [96msrc/functions/client.ts[0m:[93m17[0m:[93m12[0m
    [7m17[0m   abstract query(
    [7m  [0m [96m           ~~~~~[0m
    'query' is declared here.

[96mtest/based-client/queryCtxBound.ts[0m:[93m613[0m:[93m26[0m - [91merror[0m[90m TS2551: [0mProperty 'query2' does not exist on type 'BasedFunctionClient'. Did you mean 'query'?

[7m613[0m             return based.query2('nest', payload, ctx).get()
[7m   [0m [91m                         ~~~~~~[0m

  [96msrc/functions/client.ts[0m:[93m17[0m:[93m12[0m
    [7m17[0m   abstract query(
    [7m  [0m [96m           ~~~~~[0m
    'query' is declared here.

[96mtest/based-client/queryDiff.ts[0m:[93m2[0m:[93m22[0m - [91merror[0m[90m TS2307: [0mCannot find module '@based/utils' or its corresponding type declarations.

[7m2[0m import { wait } from '@based/utils'
[7m [0m [91m                     ~~~~~~~~~~~~~~[0m

[96mtest/based-client/queryDiff.ts[0m:[93m62[0m:[93m6[0m - [91merror[0m[90m TS2551: [0mProperty 'query2' does not exist on type 'BasedClient'. Did you mean 'query'?

[7m62[0m     .query2('counter', {
[7m  [0m [91m     ~~~~~~[0m

  [96msrc/client/index.ts[0m:[93m389[0m:[93m3[0m
    [7m389[0m   query(name: string, payload?: any, opts?: QueryOptions): BasedClientQuery {
    [7m   [0m [96m  ~~~~~[0m
    'query' is declared here.

[96mtest/based-client/queryErrorHandling.ts[0m:[93m2[0m:[93m22[0m - [91merror[0m[90m TS2307: [0mCannot find module '@based/utils' or its corresponding type declarations.

[7m2[0m import { wait } from '@based/utils'
[7m [0m [91m                     ~~~~~~~~~~~~~~[0m

[96mtest/based-client/queryErrorHandling.ts[0m:[93m46[0m:[93m26[0m - [91merror[0m[90m TS2551: [0mProperty 'query2' does not exist on type 'BasedFunctionClient'. Did you mean 'query'?

[7m46[0m             return based.query2('nested').subscribe(
[7m  [0m [91m                         ~~~~~~[0m

  [96msrc/functions/client.ts[0m:[93m17[0m:[93m12[0m
    [7m17[0m   abstract query(
    [7m  [0m [96m           ~~~~~[0m
    'query' is declared here.

[96mtest/based-client/queryErrorHandling.ts[0m:[93m58[0m:[93m26[0m - [91merror[0m[90m TS2551: [0mProperty 'query2' does not exist on type 'BasedFunctionClient'. Did you mean 'query'?

[7m58[0m             return based.query2('nested').subscribe(async (r) => {
[7m  [0m [91m                         ~~~~~~[0m

  [96msrc/functions/client.ts[0m:[93m17[0m:[93m12[0m
    [7m17[0m   abstract query(
    [7m  [0m [96m           ~~~~~[0m
    'query' is declared here.

[96mtest/based-client/queryErrorHandling.ts[0m:[93m72[0m:[93m10[0m - [91merror[0m[90m TS2551: [0mProperty 'query2' does not exist on type 'BasedClient'. Did you mean 'query'?

[7m72[0m   client.query2('bla').subscribe(
[7m  [0m [91m         ~~~~~~[0m

  [96msrc/client/index.ts[0m:[93m389[0m:[93m3[0m
    [7m389[0m   query(name: string, payload?: any, opts?: QueryOptions): BasedClientQuery {
    [7m   [0m [96m  ~~~~~[0m
    'query' is declared here.

[96mtest/based-client/queryErrorHandling.ts[0m:[93m78[0m:[93m10[0m - [91merror[0m[90m TS2551: [0mProperty 'query2' does not exist on type 'BasedClient'. Did you mean 'query'?

[7m78[0m   client.query2('bla', { x: 1 }).subscribe(
[7m  [0m [91m         ~~~~~~[0m

  [96msrc/client/index.ts[0m:[93m389[0m:[93m3[0m
    [7m389[0m   query(name: string, payload?: any, opts?: QueryOptions): BasedClientQuery {
    [7m   [0m [96m  ~~~~~[0m
    'query' is declared here.

[96mtest/based-client/queryErrorHandling.ts[0m:[93m84[0m:[93m10[0m - [91merror[0m[90m TS2551: [0mProperty 'query2' does not exist on type 'BasedClient'. Did you mean 'query'?

[7m84[0m   client.query2('bla', new Uint8Array(1000)).subscribe(
[7m  [0m [91m         ~~~~~~[0m

  [96msrc/client/index.ts[0m:[93m389[0m:[93m3[0m
    [7m389[0m   query(name: string, payload?: any, opts?: QueryOptions): BasedClientQuery {
    [7m   [0m [96m  ~~~~~[0m
    'query' is declared here.

[96mtest/based-client/queryErrorHandling.ts[0m:[93m89[0m:[93m10[0m - [91merror[0m[90m TS2551: [0mProperty 'query2' does not exist on type 'BasedClient'. Did you mean 'query'?

[7m89[0m   client.query2('asyncBla', new Uint8Array(1000)).subscribe(
[7m  [0m [91m         ~~~~~~[0m

  [96msrc/client/index.ts[0m:[93m389[0m:[93m3[0m
    [7m389[0m   query(name: string, payload?: any, opts?: QueryOptions): BasedClientQuery {
    [7m   [0m [96m  ~~~~~[0m
    'query' is declared here.

[96mtest/based-client/queryErrorHandling.ts[0m:[93m94[0m:[93m10[0m - [91merror[0m[90m TS2551: [0mProperty 'query2' does not exist on type 'BasedClient'. Did you mean 'query'?

[7m94[0m   client.query2('asyncBla', new Uint8Array(1000)).subscribe(
[7m  [0m [91m         ~~~~~~[0m

  [96msrc/client/index.ts[0m:[93m389[0m:[93m3[0m
    [7m389[0m   query(name: string, payload?: any, opts?: QueryOptions): BasedClientQuery {
    [7m   [0m [96m  ~~~~~[0m
    'query' is declared here.

[96mtest/based-client/queryErrorHandling.ts[0m:[93m145[0m:[93m24[0m - [91merror[0m[90m TS2551: [0mProperty 'query2' does not exist on type 'BasedClient'. Did you mean 'query'?

[7m145[0m   const close = client.query2('bla', { x: 1 }).subscribe(
[7m   [0m [91m                       ~~~~~~[0m

  [96msrc/client/index.ts[0m:[93m389[0m:[93m3[0m
    [7m389[0m   query(name: string, payload?: any, opts?: QueryOptions): BasedClientQuery {
    [7m   [0m [96m  ~~~~~[0m
    'query' is declared here.

[96mtest/based-client/queryErrorHandling.ts[0m:[93m221[0m:[93m24[0m - [91merror[0m[90m TS2551: [0mProperty 'query2' does not exist on type 'BasedClient'. Did you mean 'query'?

[7m221[0m   const close = client.query2('bla', { x: 1 }).subscribe(
[7m   [0m [91m                       ~~~~~~[0m

  [96msrc/client/index.ts[0m:[93m389[0m:[93m3[0m
    [7m389[0m   query(name: string, payload?: any, opts?: QueryOptions): BasedClientQuery {
    [7m   [0m [96m  ~~~~~[0m
    'query' is declared here.

[96mtest/based-client/queryInstancePerf.ts[0m:[93m2[0m:[93m22[0m - [91merror[0m[90m TS2307: [0mCannot find module '@based/utils' or its corresponding type declarations.

[7m2[0m import { wait } from '@based/utils'
[7m [0m [91m                     ~~~~~~~~~~~~~~[0m

[96mtest/based-client/queryInstancePerf.ts[0m:[93m76[0m:[93m10[0m - [91merror[0m[90m TS2551: [0mProperty 'query2' does not exist on type 'BasedClient'. Did you mean 'query'?

[7m76[0m         .query2('counter', {
[7m  [0m [91m         ~~~~~~[0m

  [96msrc/client/index.ts[0m:[93m389[0m:[93m3[0m
    [7m389[0m   query(name: string, payload?: any, opts?: QueryOptions): BasedClientQuery {
    [7m   [0m [96m  ~~~~~[0m
    'query' is declared here.

[96mtest/based-client/queryReusedDiff.ts[0m:[93m2[0m:[93m22[0m - [91merror[0m[90m TS2307: [0mCannot find module '@based/utils' or its corresponding type declarations.

[7m2[0m import { wait } from '@based/utils'
[7m [0m [91m                     ~~~~~~~~~~~~~~[0m

[96mtest/based-client/queryReusedDiff.ts[0m:[93m62[0m:[93m6[0m - [91merror[0m[90m TS2551: [0mProperty 'query2' does not exist on type 'BasedClient'. Did you mean 'query'?

[7m62[0m     .query2('counter', {
[7m  [0m [91m     ~~~~~~[0m

  [96msrc/client/index.ts[0m:[93m389[0m:[93m3[0m
    [7m389[0m   query(name: string, payload?: any, opts?: QueryOptions): BasedClientQuery {
    [7m   [0m [96m  ~~~~~[0m
    'query' is declared here.

[96mtest/based-client/queryReusedDiff.ts[0m:[93m73[0m:[93m6[0m - [91merror[0m[90m TS2551: [0mProperty 'query2' does not exist on type 'BasedClient'. Did you mean 'query'?

[7m73[0m     .query2('counter', {
[7m  [0m [91m     ~~~~~~[0m

  [96msrc/client/index.ts[0m:[93m389[0m:[93m3[0m
    [7m389[0m   query(name: string, payload?: any, opts?: QueryOptions): BasedClientQuery {
    [7m   [0m [96m  ~~~~~[0m
    'query' is declared here.

[96mtest/based-client/queryUint8Payload.ts[0m:[93m2[0m:[93m22[0m - [91merror[0m[90m TS2307: [0mCannot find module '@based/utils' or its corresponding type declarations.

[7m2[0m import { wait } from '@based/utils'
[7m [0m [91m                     ~~~~~~~~~~~~~~[0m

[96mtest/based-client/queryUint8Payload.ts[0m:[93m66[0m:[93m24[0m - [91merror[0m[90m TS2551: [0mProperty 'query2' does not exist on type 'BasedClient'. Did you mean 'query'?

[7m66[0m   const close = client.query2('counter', flap).subscribe((d) => {
[7m  [0m [91m                       ~~~~~~[0m

  [96msrc/client/index.ts[0m:[93m389[0m:[93m3[0m
    [7m389[0m   query(name: string, payload?: any, opts?: QueryOptions): BasedClientQuery {
    [7m   [0m [96m  ~~~~~[0m
    'query' is declared here.

[96mtest/based-client/queryUint8Payload.ts[0m:[93m70[0m:[93m25[0m - [91merror[0m[90m TS2551: [0mProperty 'query2' does not exist on type 'BasedClient'. Did you mean 'query'?

[7m70[0m   const close2 = client.query2('counter', flap2).subscribe((d) => {
[7m  [0m [91m                        ~~~~~~[0m

  [96msrc/client/index.ts[0m:[93m389[0m:[93m3[0m
    [7m389[0m   query(name: string, payload?: any, opts?: QueryOptions): BasedClientQuery {
    [7m   [0m [96m  ~~~~~[0m
    'query' is declared here.

[96mtest/based-client/queryUint8Payload.ts[0m:[93m84[0m:[93m26[0m - [91merror[0m[90m TS2551: [0mProperty 'query2' does not exist on type 'BasedClient'. Did you mean 'query'?

[7m84[0m   const x = await client.query2('bla', flap2).get()
[7m  [0m [91m                         ~~~~~~[0m

  [96msrc/client/index.ts[0m:[93m389[0m:[93m3[0m
    [7m389[0m   query(name: string, payload?: any, opts?: QueryOptions): BasedClientQuery {
    [7m   [0m [96m  ~~~~~[0m
    'query' is declared here.

[96mtest/based-client/rateLimit.ts[0m:[93m2[0m:[93m22[0m - [91merror[0m[90m TS2307: [0mCannot find module '@based/utils' or its corresponding type declarations.

[7m2[0m import { wait } from '@based/utils'
[7m [0m [91m                     ~~~~~~~~~~~~~~[0m

[96mtest/based-client/reEvaluateAuthState.ts.ts[0m:[93m2[0m:[93m22[0m - [91merror[0m[90m TS2307: [0mCannot find module '@based/utils' or its corresponding type declarations.

[7m2[0m import { wait } from '@based/utils'
[7m [0m [91m                     ~~~~~~~~~~~~~~[0m

[96mtest/based-client/reEvaluateAuthState.ts.ts[0m:[93m83[0m:[93m14[0m - [91merror[0m[90m TS2551: [0mProperty 'query2' does not exist on type 'BasedClient'. Did you mean 'query'?

[7m83[0m       client.query2('counter').subscribe(
[7m  [0m [91m             ~~~~~~[0m

  [96msrc/client/index.ts[0m:[93m389[0m:[93m3[0m
    [7m389[0m   query(name: string, payload?: any, opts?: QueryOptions): BasedClientQuery {
    [7m   [0m [96m  ~~~~~[0m
    'query' is declared here.

[96mtest/based-client/relay.ts[0m:[93m2[0m:[93m22[0m - [91merror[0m[90m TS2307: [0mCannot find module '@based/utils' or its corresponding type declarations.

[7m2[0m import { wait } from '@based/utils'
[7m [0m [91m                     ~~~~~~~~~~~~~~[0m

[96mtest/based-client/relay.ts[0m:[93m125[0m:[93m26[0m - [91merror[0m[90m TS2551: [0mProperty 'query2' does not exist on type 'BasedClient'. Did you mean 'query'?

[7m125[0m   const x = await client.query2('counter').get()
[7m   [0m [91m                         ~~~~~~[0m

  [96msrc/client/index.ts[0m:[93m389[0m:[93m3[0m
    [7m389[0m   query(name: string, payload?: any, opts?: QueryOptions): BasedClientQuery {
    [7m   [0m [96m  ~~~~~[0m
    'query' is declared here.

[96mtest/based-client/relay.ts[0m:[93m142[0m:[93m30[0m - [91merror[0m[90m TS2551: [0mProperty 'query2' does not exist on type 'BasedClient'. Did you mean 'query'?

[7m142[0m   const count = await client.query2('flap').get()
[7m   [0m [91m                             ~~~~~~[0m

  [96msrc/client/index.ts[0m:[93m389[0m:[93m3[0m
    [7m389[0m   query(name: string, payload?: any, opts?: QueryOptions): BasedClientQuery {
    [7m   [0m [96m  ~~~~~[0m
    'query' is declared here.

[96mtest/based-client/reload.ts[0m:[93m2[0m:[93m22[0m - [91merror[0m[90m TS2307: [0mCannot find module '@based/utils' or its corresponding type declarations.

[7m2[0m import { wait } from '@based/utils'
[7m [0m [91m                     ~~~~~~~~~~~~~~[0m

[96mtest/based-client/ssr.ts[0m:[93m2[0m:[93m22[0m - [91merror[0m[90m TS2307: [0mCannot find module '@based/utils' or its corresponding type declarations.

[7m2[0m import { wait } from '@based/utils'
[7m [0m [91m                     ~~~~~~~~~~~~~~[0m

[96mtest/based-client/ssr.ts[0m:[93m51[0m:[93m16[0m - [91merror[0m[90m TS2551: [0mProperty 'query2' does not exist on type 'BasedClient'. Did you mean 'query'?

[7m51[0m   await client.query2('counter').get()
[7m  [0m [91m               ~~~~~~[0m

  [96msrc/client/index.ts[0m:[93m389[0m:[93m3[0m
    [7m389[0m   query(name: string, payload?: any, opts?: QueryOptions): BasedClientQuery {
    [7m   [0m [96m  ~~~~~[0m
    'query' is declared here.

[96mtest/based-client/ssr.ts[0m:[93m52[0m:[93m16[0m - [91merror[0m[90m TS2551: [0mProperty 'query2' does not exist on type 'BasedClient'. Did you mean 'query'?

[7m52[0m   await client.query2('counter', { bla: true }).get()
[7m  [0m [91m               ~~~~~~[0m

  [96msrc/client/index.ts[0m:[93m389[0m:[93m3[0m
    [7m389[0m   query(name: string, payload?: any, opts?: QueryOptions): BasedClientQuery {
    [7m   [0m [96m  ~~~~~[0m
    'query' is declared here.

[96mtest/based-client/ssr.ts[0m:[93m71[0m:[93m12[0m - [91merror[0m[90m TS2551: [0mProperty 'query2' does not exist on type 'BasedClient'. Did you mean 'query'?

[7m71[0m     client.query2('counter'),
[7m  [0m [91m           ~~~~~~[0m

  [96msrc/client/index.ts[0m:[93m389[0m:[93m3[0m
    [7m389[0m   query(name: string, payload?: any, opts?: QueryOptions): BasedClientQuery {
    [7m   [0m [96m  ~~~~~[0m
    'query' is declared here.

[96mtest/based-client/stream.ts[0m:[93m2[0m:[93m34[0m - [91merror[0m[90m TS2307: [0mCannot find module '@based/utils' or its corresponding type declarations.

[7m2[0m import { wait, readStream } from '@based/utils'
[7m [0m [91m                                 ~~~~~~~~~~~~~~[0m

[96mtest/based-client/streamChunks.ts[0m:[93m4[0m:[93m28[0m - [91merror[0m[90m TS2307: [0mCannot find module '@based/utils' or its corresponding type declarations.

[7m4[0m import { readStream } from '@based/utils'
[7m [0m [91m                           ~~~~~~~~~~~~~~[0m

[96mtest/based-client/streamHttp.ts[0m:[93m2[0m:[93m34[0m - [91merror[0m[90m TS2307: [0mCannot find module '@based/utils' or its corresponding type declarations.

[7m2[0m import { wait, readStream } from '@based/utils'
[7m [0m [91m                                 ~~~~~~~~~~~~~~[0m

[96mtest/based-client/streamNested.ts[0m:[93m2[0m:[93m34[0m - [91merror[0m[90m TS2307: [0mCannot find module '@based/utils' or its corresponding type declarations.

[7m2[0m import { readStream, wait } from '@based/utils'
[7m [0m [91m                                 ~~~~~~~~~~~~~~[0m

[96mtest/based-client/throttle.ts[0m:[93m2[0m:[93m22[0m - [91merror[0m[90m TS2307: [0mCannot find module '@based/utils' or its corresponding type declarations.

[7m2[0m import { wait } from '@based/utils'
[7m [0m [91m                     ~~~~~~~~~~~~~~[0m

[96mtest/based-client/throttle.ts[0m:[93m54[0m:[93m6[0m - [91merror[0m[90m TS2551: [0mProperty 'query2' does not exist on type 'BasedClient'. Did you mean 'query'?

[7m54[0m     .query2('counter', {
[7m  [0m [91m     ~~~~~~[0m

  [96msrc/client/index.ts[0m:[93m389[0m:[93m3[0m
    [7m389[0m   query(name: string, payload?: any, opts?: QueryOptions): BasedClientQuery {
    [7m   [0m [96m  ~~~~~[0m
    'query' is declared here.

[96mtest/based-client/verifyAuthState.ts[0m:[93m2[0m:[93m22[0m - [91merror[0m[90m TS2307: [0mCannot find module '@based/utils' or its corresponding type declarations.

[7m2[0m import { wait } from '@based/utils'
[7m [0m [91m                     ~~~~~~~~~~~~~~[0m

[96mtest/based-client/verifyAuthState.ts[0m:[93m80[0m:[93m8[0m - [91merror[0m[90m TS18048: [0m'err' is possibly 'undefined'.

[7m80[0m   t.is(err.message, 'Token is too small')
[7m  [0m [91m       ~~~[0m

[96mtest/bench.perf.ts[0m:[93m54[0m:[93m14[0m - [91merror[0m[90m TS2551: [0mProperty 'query2' does not exist on type 'BasedDb'. Did you mean 'query'?

[7m54[0m           db.query2('test').filter('x', '=', 0).range(1, 10_001).get(),
[7m  [0m [91m             ~~~~~~[0m

  [96msrc/index.ts[0m:[93m101[0m:[93m3[0m
    [7m101[0m   query: DbClient['query'] = function (this: BasedDb) {
    [7m   [0m [96m  ~~~~~[0m
    'query' is declared here.

[96mtest/bench.perf.ts[0m:[93m67[0m:[93m12[0m - [91merror[0m[90m TS2551: [0mProperty 'query2' does not exist on type 'BasedDb'. Did you mean 'query'?

[7m67[0m         db.query2('test', i + 1)
[7m  [0m [91m           ~~~~~~[0m

  [96msrc/index.ts[0m:[93m101[0m:[93m3[0m
    [7m101[0m   query: DbClient['query'] = function (this: BasedDb) {
    [7m   [0m [96m  ~~~~~[0m
    'query' is declared here.

[96mtest/bench.perf.ts[0m:[93m113[0m:[93m34[0m - [91merror[0m[90m TS2339: [0mProperty 'filter' does not exist on type 'BasedQuery2<{ version?: string | undefined; defaultTimezone?: string | undefined; migrations?: SchemaMigrations | undefined; hash: number; types: { [x: string]: { partial?: boolean | undefined; ... 4 more ...; props: any; }; }; locales: Partial<...>; }, ... 5 more ..., undefined>'.

[7m113[0m           client1.query2('test').filter('x', '=', 0).range(1, 10_001).get(),
[7m   [0m [91m                                 ~~~~~~[0m

[96mtest/bench.perf.ts[0m:[93m128[0m:[93m36[0m - [91merror[0m[90m TS18047: [0m'cur' is possibly 'null'.

[7m128[0m     ).reduce((prev, cur) => prev + cur.length, 0)
[7m   [0m [91m                                   ~~~[0m

[96mtest/bench.perf.ts[0m:[93m128[0m:[93m40[0m - [91merror[0m[90m TS2339: [0mProperty 'length' does not exist on type '{ id: any; }'.

[7m128[0m     ).reduce((prev, cur) => prev + cur.length, 0)
[7m   [0m [91m                                       ~~~~~~[0m

[96mtest/benchmarks/utils.ts[0m:[93m1[0m:[93m25[0m - [91merror[0m[90m TS2307: [0mCannot find module '@based/db' or its corresponding type declarations.

[7m1[0m import { BasedDb } from '@based/db'
[7m [0m [91m                        ~~~~~~~~~~~[0m

[96mtest/bigNode.perf.ts[0m:[93m37[0m:[93m5[0m - [91merror[0m[90m TS2353: [0mObject literal may only specify known properties, and 'f0' does not exist in type '{ ref?: number | BasedModify<never> | { id: number | BasedModify<never>; } | null | undefined; }'.

[7m37[0m     f0: 10,
[7m  [0m [91m    ~~[0m

[96mtest/bigNode.perf.ts[0m:[93m46[0m:[93m5[0m - [91merror[0m[90m TS2353: [0mObject literal may only specify known properties, and 'f0' does not exist in type '{ ref?: number | BasedModify<never> | { id: number | BasedModify<never>; } | null | undefined; }'.

[7m46[0m     f0: 10,
[7m  [0m [91m    ~~[0m

[96mtest/bigNode.perf.ts[0m:[93m53[0m:[93m21[0m - [91merror[0m[90m TS2339: [0mProperty 'f4092' does not exist on type '{ id: number; }'.

[7m53[0m   deepEqual(mega[1].f4092, 1337)
[7m  [0m [91m                    ~~~~~[0m

[96mtest/bigNode.perf.ts[0m:[93m54[0m:[93m21[0m - [91merror[0m[90m TS2339: [0mProperty 'f100' does not exist on type '{ id: number; }'.

[7m54[0m   deepEqual(giga[1].f100, 1337)
[7m  [0m [91m                    ~~~~[0m

[96mtest/bigNode.perf.ts[0m:[93m60[0m:[93m44[0m - [91merror[0m[90m TS2339: [0mProperty 'include' does not exist on type 'BasedQuery2<{ version?: string | undefined; defaultTimezone?: string | undefined; migrations?: SchemaMigrations | undefined; hash: number; types: { readonly mega: { props: { readonly ref: { readonly type: "reference"; readonly ref: "giga"; readonly prop: "ref"; } & { ...; }; }; }; readonly giga: { ...; }; }; locales...'.

[7m60[0m   const megaRefQ = await db.query2('mega').include('ref').get()
[7m  [0m [91m                                           ~~~~~~~[0m

[96mtest/bigNode.perf.ts[0m:[93m63[0m:[93m43[0m - [91merror[0m[90m TS2339: [0mProperty 'include' does not exist on type 'BasedQuery2<{ version?: string | undefined; defaultTimezone?: string | undefined; migrations?: SchemaMigrations | undefined; hash: number; types: { readonly mega: { props: { readonly ref: { readonly type: "reference"; readonly ref: "giga"; readonly prop: "ref"; } & { ...; }; }; }; readonly giga: { ...; }; }; locales...'.

[7m63[0m   const gigaRef = await db.query2('giga').include('ref').get()
[7m  [0m [91m                                          ~~~~~~~[0m

[96mtest/bigNode.perf.ts[0m:[93m70[0m:[93m50[0m - [91merror[0m[90m TS2339: [0mProperty 'def' does not exist on type '{ id: number; }[]'.

[7m70[0m   const serializedSchema = serialize(megaInclude.def.readSchema!)
[7m  [0m [91m                                                 ~~~[0m

[96mtest/bigNode.perf.ts[0m:[93m75[0m:[93m17[0m - [91merror[0m[90m TS2339: [0mProperty 'result' does not exist on type '{ id: number; }[]'.

[7m75[0m     megaInclude.result,
[7m  [0m [91m                ~~~~~~[0m

[96mtest/bigNode.perf.ts[0m:[93m76[0m:[93m17[0m - [91merror[0m[90m TS2339: [0mProperty 'result' does not exist on type '{ id: number; }[]'.

[7m76[0m     megaInclude.result.byteLength - 4,
[7m  [0m [91m                ~~~~~~[0m

[96mtest/bigNode.perf.ts[0m:[93m82[0m:[93m56[0m - [91merror[0m[90m TS2339: [0mProperty 'include' does not exist on type 'BasedQuery2<{ version?: string | undefined; defaultTimezone?: string | undefined; migrations?: SchemaMigrations | undefined; hash: number; types: { readonly mega: { props: { readonly ref: { readonly type: "reference"; readonly ref: "giga"; readonly prop: "ref"; } & { ...; }; }; }; readonly giga: { ...; }; }; locales...'.

[7m82[0m   const megaIncludeSelective = await db.query2('mega').include('f4092').get()
[7m  [0m [91m                                                       ~~~~~~~[0m

[96mtest/binary.ts[0m:[93m21[0m:[93m5[0m - [91merror[0m[90m TS2322: [0mType 'Uint32Array<ArrayBuffer>' is not assignable to type 'Uint8Array<ArrayBufferLike>'.
  The types of 'filter(...).findLast' are incompatible between these types.
    Type '{ <S extends number>(predicate: (value: number, index: number, array: Uint32Array<ArrayBuffer>) => value is S, thisArg?: any): S | undefined; (predicate: (value: number, index: number, array: Uint32Array<...>) => unknown, thisArg?: any): number | undefined; }' is not assignable to type '{ <S extends number>(predicate: (value: number, index: number, array: Uint8Array<ArrayBuffer>) => value is S, thisArg?: any): S | undefined; (predicate: (value: number, index: number, array: Uint8Array<...>) => unknown, thisArg?: any): number | undefined; }'.
      Types of parameters 'predicate' and 'predicate' are incompatible.
        Type '(value: number, index: number, array: Uint8Array<ArrayBuffer>) => unknown' is not assignable to type '(value: number, index: number, array: Uint32Array<ArrayBuffer>) => value is any'.
          Signature '(value: number, index: number, array: Uint8Array<ArrayBuffer>): unknown' must be a type predicate.

[7m21[0m     file: new Uint32Array([1, 2, 3, 4]),
[7m  [0m [91m    ~~~~[0m

[96mtest/binary.ts[0m:[93m51[0m:[93m9[0m - [91merror[0m[90m TS2531: [0mObject is possibly 'null'.

[7m51[0m   equal((await db.query2('user', id2).get()).file.length, italyBytes.byteLength)
[7m  [0m [91m        ~~~~~~~~~~~~~~~~~~~~~~~~~~~~~~~~~~~~[0m

[96mtest/binary.ts[0m:[93m69[0m:[93m20[0m - [91merror[0m[90m TS2531: [0mObject is possibly 'null'.

[7m69[0m   const checksum = (await db.query2('user', user1).get()).checksum
[7m  [0m [91m                   ~~~~~~~~~~~~~~~~~~~~~~~~~~~~~~~~~~~~~~[0m

[96mtest/binary.ts[0m:[93m69[0m:[93m59[0m - [91merror[0m[90m TS2339: [0mProperty 'checksum' does not exist on type '{ id: number; article: Uint8Array<ArrayBufferLike>; }'.

[7m69[0m   const checksum = (await db.query2('user', user1).get()).checksum
[7m  [0m [91m                                                          ~~~~~~~~[0m

[96mtest/binary.ts[0m:[93m75[0m:[93m21[0m - [91merror[0m[90m TS2531: [0mObject is possibly 'null'.

[7m75[0m   const checksum2 = (await db.query2('user', user1).get()).checksum
[7m  [0m [91m                    ~~~~~~~~~~~~~~~~~~~~~~~~~~~~~~~~~~~~~~[0m

[96mtest/binary.ts[0m:[93m75[0m:[93m60[0m - [91merror[0m[90m TS2339: [0mProperty 'checksum' does not exist on type '{ id: number; article: Uint8Array<ArrayBufferLike>; }'.

[7m75[0m   const checksum2 = (await db.query2('user', user1).get()).checksum
[7m  [0m [91m                                                           ~~~~~~~~[0m

[96mtest/boolean.ts[0m:[93m34[0m:[93m41[0m - [91merror[0m[90m TS2339: [0mProperty 'filter' does not exist on type 'BasedQuery2<{ version?: string | undefined; defaultTimezone?: string | undefined; migrations?: SchemaMigrations | undefined; hash: number; types: { readonly user: { props: { readonly isNice: { type: "boolean"; }; }; }; }; locales: Partial<...>; }, ... 5 more ..., undefined>'.

[7m34[0m   deepEqual(await client.query2('user').filter('isNice', '=', true).get(), [
[7m  [0m [91m                                        ~~~~~~[0m

[96mtest/boolean.ts[0m:[93m38[0m:[93m41[0m - [91merror[0m[90m TS2339: [0mProperty 'filter' does not exist on type 'BasedQuery2<{ version?: string | undefined; defaultTimezone?: string | undefined; migrations?: SchemaMigrations | undefined; hash: number; types: { readonly user: { props: { readonly isNice: { type: "boolean"; }; }; }; }; locales: Partial<...>; }, ... 5 more ..., undefined>'.

[7m38[0m   deepEqual(await client.query2('user').filter('isNice').get(), [
[7m  [0m [91m                                        ~~~~~~[0m

[96mtest/boolean.ts[0m:[93m42[0m:[93m41[0m - [91merror[0m[90m TS2339: [0mProperty 'filter' does not exist on type 'BasedQuery2<{ version?: string | undefined; defaultTimezone?: string | undefined; migrations?: SchemaMigrations | undefined; hash: number; types: { readonly user: { props: { readonly isNice: { type: "boolean"; }; }; }; }; locales: Partial<...>; }, ... 5 more ..., undefined>'.

[7m42[0m   deepEqual(await client.query2('user').filter('isNice', '=', false).get(), [
[7m  [0m [91m                                        ~~~~~~[0m

[96mtest/capped.ts[0m:[93m131[0m:[93m47[0m - [91merror[0m[90m TS2339: [0mProperty 'include' does not exist on type 'BasedQuery2<{ version?: string | undefined; defaultTimezone?: string | undefined; migrations?: SchemaMigrations | undefined; hash: number; types: { readonly user: { props: { readonly latestArticles: Omit<...> & { ...; }; }; }; readonly article: { ...; }; }; locales: Partial<...>; }, ... 5 more ..., undefined>'.

[7m131[0m   deepEqual(await client.query2('user', user).include('**').get(), {
[7m   [0m [91m                                              ~~~~~~~[0m

[96mtest/cardinality.ts[0m:[93m45[0m:[93m8[0m - [91merror[0m[90m TS2339: [0mProperty 'include' does not exist on type 'BasedQuery2<{ version?: string | undefined; defaultTimezone?: string | undefined; migrations?: SchemaMigrations | undefined; hash: number; types: { readonly article: { props: { readonly derp: { type: "number"; }; readonly myUniqueValuesCount: { ...; }; readonly myUniqueValuesCountFromArray: { ...; }; readonly contri...'.

[7m45[0m       .include('myUniqueValuesCount', 'myUniqueValuesCountFromArray')
[7m  [0m [91m       ~~~~~~~[0m

[96mtest/cardinality.ts[0m:[93m60[0m:[93m8[0m - [91merror[0m[90m TS2339: [0mProperty 'include' does not exist on type 'BasedQuery2<{ version?: string | undefined; defaultTimezone?: string | undefined; migrations?: SchemaMigrations | undefined; hash: number; types: { readonly article: { props: { readonly derp: { type: "number"; }; readonly myUniqueValuesCount: { ...; }; readonly myUniqueValuesCountFromArray: { ...; }; readonly contri...'.

[7m60[0m       .include('myUniqueValuesCount')
[7m  [0m [91m       ~~~~~~~[0m

[96mtest/cardinality.ts[0m:[93m96[0m:[93m8[0m - [91merror[0m[90m TS2339: [0mProperty 'include' does not exist on type 'BasedQuery2<{ version?: string | undefined; defaultTimezone?: string | undefined; migrations?: SchemaMigrations | undefined; hash: number; types: { readonly article: { props: { readonly derp: { type: "number"; }; readonly myUniqueValuesCount: { ...; }; readonly myUniqueValuesCountFromArray: { ...; }; readonly contri...'.

[7m96[0m       .include('myUniqueValuesCount', 'myUniqueValuesCountFromArray')
[7m  [0m [91m       ~~~~~~~[0m

[96mtest/cardinality.ts[0m:[93m107[0m:[93m8[0m - [91merror[0m[90m TS2339: [0mProperty 'include' does not exist on type 'BasedQuery2<{ version?: string | undefined; defaultTimezone?: string | undefined; migrations?: SchemaMigrations | undefined; hash: number; types: { readonly article: { props: { readonly derp: { type: "number"; }; readonly myUniqueValuesCount: { ...; }; readonly myUniqueValuesCountFromArray: { ...; }; readonly contri...'.

[7m107[0m       .include('myUniqueValuesCountFromArray')
[7m   [0m [91m       ~~~~~~~[0m

[96mtest/cardinality.ts[0m:[93m121[0m:[93m8[0m - [91merror[0m[90m TS2339: [0mProperty 'include' does not exist on type 'BasedQuery2<{ version?: string | undefined; defaultTimezone?: string | undefined; migrations?: SchemaMigrations | undefined; hash: number; types: { readonly article: { props: { readonly derp: { type: "number"; }; readonly myUniqueValuesCount: { ...; }; readonly myUniqueValuesCountFromArray: { ...; }; readonly contri...'.

[7m121[0m       .include('myUniqueValuesCount')
[7m   [0m [91m       ~~~~~~~[0m

[96mtest/cardinality.ts[0m:[93m153[0m:[93m8[0m - [91merror[0m[90m TS2339: [0mProperty 'include' does not exist on type 'BasedQuery2<{ version?: string | undefined; defaultTimezone?: string | undefined; migrations?: SchemaMigrations | undefined; hash: number; types: { readonly article: { props: { readonly derp: { type: "number"; }; readonly myUniqueValuesCount: { ...; }; readonly myUniqueValuesCountFromArray: { ...; }; readonly contri...'.

[7m153[0m       .include('myUniqueValuesCount', 'myUniqueValuesCountFromArray')
[7m   [0m [91m       ~~~~~~~[0m

[96mtest/cardinality.ts[0m:[93m183[0m:[93m8[0m - [91merror[0m[90m TS2339: [0mProperty 'filter' does not exist on type 'BasedQuery2<{ version?: string | undefined; defaultTimezone?: string | undefined; migrations?: SchemaMigrations | undefined; hash: number; types: { readonly article: { props: { readonly derp: { type: "number"; }; readonly myUniqueValuesCount: { ...; }; readonly myUniqueValuesCountFromArray: { ...; }; readonly contri...'.

[7m183[0m       .filter('myUniqueValuesCount', '=', 11)
[7m   [0m [91m       ~~~~~~[0m

[96mtest/cardinality.ts[0m:[93m214[0m:[93m8[0m - [91merror[0m[90m TS2339: [0mProperty 'filter' does not exist on type 'BasedQuery2<{ version?: string | undefined; defaultTimezone?: string | undefined; migrations?: SchemaMigrations | undefined; hash: number; types: { readonly article: { props: { readonly derp: { type: "number"; }; readonly myUniqueValuesCount: { ...; }; readonly myUniqueValuesCountFromArray: { ...; }; readonly contri...'.

[7m214[0m       .filter('id', '>=', 3)
[7m   [0m [91m       ~~~~~~[0m

[96mtest/cardinality.ts[0m:[93m259[0m:[93m8[0m - [91merror[0m[90m TS2339: [0mProperty 'filter' does not exist on type 'BasedQuery2<{ version?: string | undefined; defaultTimezone?: string | undefined; migrations?: SchemaMigrations | undefined; hash: number; types: { readonly article: { props: { readonly derp: { type: "number"; }; readonly myUniqueValuesCount: { ...; }; readonly myUniqueValuesCountFromArray: { ...; }; readonly contri...'.

[7m259[0m       .filter('id', '>=', 3)
[7m   [0m [91m       ~~~~~~[0m

[96mtest/cardinality.ts[0m:[93m279[0m:[93m8[0m - [91merror[0m[90m TS2339: [0mProperty 'filter' does not exist on type 'BasedQuery2<{ version?: string | undefined; defaultTimezone?: string | undefined; migrations?: SchemaMigrations | undefined; hash: number; types: { readonly article: { props: { readonly derp: { type: "number"; }; readonly myUniqueValuesCount: { ...; }; readonly myUniqueValuesCountFromArray: { ...; }; readonly contri...'.

[7m279[0m       .filter('id', '>=', 3)
[7m   [0m [91m       ~~~~~~[0m

[96mtest/cardinality.ts[0m:[93m299[0m:[93m9[0m - [91merror[0m[90m TS2322: [0mType 'Uint8Array<ArrayBufferLike>' is not assignable to type 'string | string[] | undefined'.
  Type 'Uint8Array<ArrayBufferLike>' is missing the following properties from type 'string[]': pop, push, concat, shift, and 6 more.

[7m299[0m         $undeftokens: xxHash64(ENCODER.encode('lala')),
[7m   [0m [91m        ~~~~~~~~~~~~[0m

[96mtest/cardinality.ts[0m:[93m307[0m:[93m8[0m - [91merror[0m[90m TS2339: [0mProperty 'filter' does not exist on type 'BasedQuery2<{ version?: string | undefined; defaultTimezone?: string | undefined; migrations?: SchemaMigrations | undefined; hash: number; types: { readonly article: { props: { readonly derp: { type: "number"; }; readonly myUniqueValuesCount: { ...; }; readonly myUniqueValuesCountFromArray: { ...; }; readonly contri...'.

[7m307[0m       .filter('id', '>=', 3)
[7m   [0m [91m       ~~~~~~[0m

[96mtest/cardinality.ts[0m:[93m348[0m:[93m30[0m - [91merror[0m[90m TS2339: [0mProperty 'include' does not exist on type 'BasedQuery2<{ version?: string | undefined; defaultTimezone?: string | undefined; migrations?: SchemaMigrations | undefined; hash: number; types: { readonly store: { props: { readonly name: { type: "string"; }; readonly visitors: { ...; }; readonly visits: { ...; }; }; }; }; locales: Partial<...>; }, ... 5 more ...,...'.

[7m348[0m     await db.query2('store').include('visitors').get(),
[7m   [0m [91m                             ~~~~~~~[0m

[96mtest/cardinality.ts[0m:[93m365[0m:[93m30[0m - [91merror[0m[90m TS2339: [0mProperty 'include' does not exist on type 'BasedQuery2<{ version?: string | undefined; defaultTimezone?: string | undefined; migrations?: SchemaMigrations | undefined; hash: number; types: { readonly store: { props: { readonly name: { type: "string"; }; readonly visitors: { ...; }; readonly visits: { ...; }; }; }; }; locales: Partial<...>; }, ... 5 more ...,...'.

[7m365[0m     await db.query2('store').include('visitors').get(),
[7m   [0m [91m                             ~~~~~~~[0m

[96mtest/cardinality.ts[0m:[93m404[0m:[93m42[0m - [91merror[0m[90m TS2339: [0mProperty 'include' does not exist on type 'BasedQuery2<{ version?: string | undefined; defaultTimezone?: string | undefined; migrations?: SchemaMigrations | undefined; hash: number; types: { readonly store: { props: { readonly name: { type: "string"; }; readonly customers: Omit<...> & { ...; }; }; }; readonly customer: { ...; }; }; locales: Partial<...>; }, ...'.

[7m404[0m   const pb = await db.query2('customer').include('productsBought').get()
[7m   [0m [91m                                         ~~~~~~~[0m

[96mtest/cardinality.ts[0m:[93m417[0m:[93m40[0m - [91merror[0m[90m TS2339: [0mProperty 'include' does not exist on type 'BasedQuery2<{ version?: string | undefined; defaultTimezone?: string | undefined; migrations?: SchemaMigrations | undefined; hash: number; types: { readonly store: { props: { readonly name: { type: "string"; }; readonly customers: Omit<...> & { ...; }; }; }; readonly customer: { ...; }; }; locales: Partial<...>; }, ...'.

[7m417[0m   const pbr = await db.query2('store').include('*', '**').get()
[7m   [0m [91m                                       ~~~~~~~[0m

[96mtest/clientServer.perf.ts[0m:[93m43[0m:[93m35[0m - [91merror[0m[90m TS2339: [0mProperty 'sort' does not exist on type 'BasedQuery2<{ version?: string | undefined; defaultTimezone?: string | undefined; migrations?: SchemaMigrations | undefined; hash: number; types: { [x: string]: { partial?: boolean | undefined; ... 4 more ...; props: any; }; }; locales: Partial<...>; }, ... 5 more ..., undefined>'.

[7m43[0m             client.query2('user').sort('name').include('name', 'users').get(),
[7m  [0m [91m                                  ~~~~[0m

[96mtest/clientServer.perf.ts[0m:[93m54[0m:[93m53[0m - [91merror[0m[90m TS2339: [0mProperty 'range' does not exist on type 'BasedQuery2<{ version?: string | undefined; defaultTimezone?: string | undefined; migrations?: SchemaMigrations | undefined; hash: number; types: { [x: string]: { partial?: boolean | undefined; ... 4 more ...; props: any; }; }; locales: Partial<...>; }, ... 5 more ..., undefined>'.

[7m54[0m   const allUsers1 = await clients[0].query2('user').range(0, 100_000).get()
[7m  [0m [91m                                                    ~~~~~[0m

[96mtest/clientServer.ts[0m:[93m27[0m:[93m14[0m - [91merror[0m[90m TS2353: [0mObject literal may only specify known properties, and 'name' does not exist in type '{ id: any; }'.

[7m27[0m     { id: 1, name: 'youzi' },
[7m  [0m [91m             ~~~~[0m

[96mtest/clientServer.ts[0m:[93m28[0m:[93m14[0m - [91merror[0m[90m TS2353: [0mObject literal may only specify known properties, and 'name' does not exist in type '{ id: any; }'.

[7m28[0m     { id: 2, name: 'jamez' },
[7m  [0m [91m             ~~~~[0m

[96mtest/clientServer.ts[0m:[93m40[0m:[93m14[0m - [91merror[0m[90m TS2353: [0mObject literal may only specify known properties, and 'age' does not exist in type '{ id: any; }'.

[7m40[0m     { id: 1, age: 0 },
[7m  [0m [91m             ~~~[0m

[96mtest/clientServer.ts[0m:[93m41[0m:[93m14[0m - [91merror[0m[90m TS2353: [0mObject literal may only specify known properties, and 'age' does not exist in type '{ id: any; }'.

[7m41[0m     { id: 2, age: 0 },
[7m  [0m [91m             ~~~[0m

[96mtest/clientServer.ts[0m:[93m80[0m:[93m39[0m - [91merror[0m[90m TS2339: [0mProperty 'include' does not exist on type 'BasedQuery2<{ version?: string | undefined; defaultTimezone?: string | undefined; migrations?: SchemaMigrations | undefined; hash: number; types: { [x: string]: { partial?: boolean | undefined; ... 4 more ...; props: any; }; }; locales: Partial<...>; }, ... 5 more ..., undefined>'.

[7m80[0m     await client1.query2('user', res).include('*', '**').get(),
[7m  [0m [91m                                      ~~~~~~~[0m

[96mtest/colvec.ts[0m:[93m63[0m:[93m11[0m - [91merror[0m[90m TS2304: [0mCannot find name 'db'.

[7m63[0m     await db
[7m  [0m [91m          ~~[0m

[96mtest/colvec.ts[0m:[93m91[0m:[93m40[0m - [91merror[0m[90m TS2339: [0mProperty 'include' does not exist on type 'BasedQuery2<{ version?: string | undefined; defaultTimezone?: string | undefined; migrations?: SchemaMigrations | undefined; hash: number; types: { readonly col: { readonly blockCapacity: 10000; readonly insertOnly: true; props: { ...; }; }; }; locales: Partial<...>; }, ... 5 more ..., undefined>'.

[7m91[0m   deepEqual(await client.query2('col').include('str').get(), [
[7m  [0m [91m                                       ~~~~~~~[0m

[96mtest/colvec.ts[0m:[93m118[0m:[93m40[0m - [91merror[0m[90m TS2339: [0mProperty 'include' does not exist on type 'BasedQuery2<{ version?: string | undefined; defaultTimezone?: string | undefined; migrations?: SchemaMigrations | undefined; hash: number; types: { readonly col: { readonly blockCapacity: 10000; readonly insertOnly: true; props: { ...; }; }; }; locales: Partial<...>; }, ... 5 more ..., undefined>'.

[7m118[0m   deepEqual(await client.query2('col').include('str').get(), [
[7m   [0m [91m                                       ~~~~~~~[0m

[96mtest/concurrency.perf.ts[0m:[93m46[0m:[93m10[0m - [91merror[0m[90m TS2339: [0mProperty 'include' does not exist on type 'BasedQuery2<{ version?: string | undefined; defaultTimezone?: string | undefined; migrations?: SchemaMigrations | undefined; hash: number; types: { readonly user: { props: { readonly friends: Omit<{ ...; }, "items"> & { ...; }; }; }; }; locales: Partial<...>; }, ... 5 more ..., undefined>'.

[7m46[0m         .include((s) => s('friends').range(0, 10))
[7m  [0m [91m         ~~~~~~~[0m

[96mtest/concurrency.perf.ts[0m:[93m112[0m:[93m10[0m - [91merror[0m[90m TS2551: [0mProperty 'query2' does not exist on type 'BasedDb'. Did you mean 'query'?

[7m112[0m       db.query2('t').search('contribution', 's').include('i').get(),
[7m   [0m [91m         ~~~~~~[0m

  [96msrc/index.ts[0m:[93m101[0m:[93m3[0m
    [7m101[0m   query: DbClient['query'] = function (this: BasedDb) {
    [7m   [0m [96m  ~~~~~[0m
    'query' is declared here.

[96mtest/copy.ts[0m:[93m63[0m:[93m12[0m - [91merror[0m[90m TS2339: [0mProperty 'copy' does not exist on type 'BasedDb'.

[7m63[0m   await db.copy('edition', edition1, {
[7m  [0m [91m           ~~~~[0m

[96mtest/copy.ts[0m:[93m73[0m:[93m19[0m - [91merror[0m[90m TS2339: [0mProperty 'copy' does not exist on type 'BasedDb'.

[7m73[0m         return db.copy('sequence', id, {
[7m  [0m [91m                  ~~~~[0m

[96mtest/copy.ts[0m:[93m80[0m:[93m18[0m - [91merror[0m[90m TS2339: [0mProperty 'copy' does not exist on type 'BasedDb'.

[7m80[0m               db.copy('page', id, {
[7m  [0m [91m                 ~~~~[0m

[96mtest/copy.ts[0m:[93m94[0m:[93m6[0m - [91merror[0m[90m TS2551: [0mProperty 'query2' does not exist on type 'BasedDb'. Did you mean 'query'?

[7m94[0m     .query2('edition')
[7m  [0m [91m     ~~~~~~[0m

  [96msrc/index.ts[0m:[93m101[0m:[93m3[0m
    [7m101[0m   query: DbClient['query'] = function (this: BasedDb) {
    [7m   [0m [96m  ~~~~~[0m
    'query' is declared here.

[96mtest/crc32c.ts[0m:[93m115[0m:[93m40[0m - [91merror[0m[90m TS2339: [0mProperty 'include' does not exist on type 'BasedQuery2<{ version?: string | undefined; defaultTimezone?: string | undefined; migrations?: SchemaMigrations | undefined; hash: number; types: { readonly transaction: { props: { readonly myHash: { ...; }; }; }; readonly transactionN: { ...; }; }; locales: Partial<...>; }, ... 5 more ..., undefined>'.

[7m115[0m   equal(await db.query2('transaction').include('id', 'myHash').get(), [
[7m   [0m [91m                                       ~~~~~~~[0m

[96mtest/crc32c.ts[0m:[93m123[0m:[93m37[0m - [91merror[0m[90m TS2339: [0mProperty 'include' does not exist on type 'BasedQuery2<{ version?: string | undefined; defaultTimezone?: string | undefined; migrations?: SchemaMigrations | undefined; hash: number; types: { readonly transaction: { props: { readonly myHash: { ...; }; }; }; readonly transactionN: { ...; }; }; locales: Partial<...>; }, ... 5 more ..., undefined>'.

[7m123[0m     await db.query2('transactionN').include('id', 'myNativeMadeHash').get(),
[7m   [0m [91m                                    ~~~~~~~[0m

[96mtest/db-schema/schemaUpdates.ts[0m:[93m45[0m:[93m50[0m - [91merror[0m[90m TS2339: [0mProperty 'sort' does not exist on type 'BasedQuery2<{ version?: string | undefined; defaultTimezone?: string | undefined; migrations?: SchemaMigrations | undefined; hash: number; types: { readonly user: { props: { readonly name: { type: "string"; }; }; }; }; locales: Partial<...>; }, ... 5 more ..., undefined>'.

[7m45[0m   const ageSorted = await client2.query2('user').sort('age', 'asc').get()
[7m  [0m [91m                                                 ~~~~[0m

[96mtest/db-schema/schemaUpdates.ts[0m:[93m55[0m:[93m51[0m - [91merror[0m[90m TS2339: [0mProperty 'sort' does not exist on type 'BasedQuery2<{ version?: string | undefined; defaultTimezone?: string | undefined; migrations?: SchemaMigrations | undefined; hash: number; types: { readonly user: { props: { readonly name: { type: "string"; }; }; }; }; locales: Partial<...>; }, ... 5 more ..., undefined>'.

[7m55[0m   const ageSorted2 = await client1.query2('user').sort('age', 'asc').get()
[7m  [0m [91m                                                  ~~~~[0m

[96mtest/db-schema/schemaUpdates.ts[0m:[93m70[0m:[93m51[0m - [91merror[0m[90m TS2339: [0mProperty 'sort' does not exist on type 'BasedQuery2<{ version?: string | undefined; defaultTimezone?: string | undefined; migrations?: SchemaMigrations | undefined; hash: number; types: { readonly user: { props: { readonly name: { type: "string"; }; }; }; }; locales: Partial<...>; }, ... 5 more ..., undefined>'.

[7m70[0m   const ageSorted3 = await client1.query2('user').sort('age', 'asc').get()
[7m  [0m [91m                                                  ~~~~[0m

[96mtest/db-schema/schemaUpdates.ts[0m:[93m180[0m:[93m45[0m - [91merror[0m[90m TS2339: [0mProperty 'range' does not exist on type 'BasedQuery2<{ version?: string | undefined; defaultTimezone?: string | undefined; migrations?: SchemaMigrations | undefined; hash: number; types: { readonly user: { props: { readonly name: { type: "string"; }; }; }; }; locales: Partial<...>; }, ... 5 more ..., undefined>'.

[7m180[0m   const all = (await client2.query2('user').range(0, 1000_000).get())!
[7m   [0m [91m                                            ~~~~~[0m

[96mtest/default.ts[0m:[93m46[0m:[93m49[0m - [91merror[0m[90m TS2339: [0mProperty 'include' does not exist on type 'BasedQuery2<{ version?: string | undefined; defaultTimezone?: string | undefined; migrations?: SchemaMigrations | undefined; hash: number; types: { readonly user: { props: { readonly friends: Omit<{ ...; }, "items"> & { ...; }; }; }; }; locales: Partial<...>; }, ... 5 more ..., undefined>'.

[7m46[0m   deepEqual(await client.query2('user', userId).include('friends.**').get(), {
[7m  [0m [91m                                                ~~~~~~~[0m

[96mtest/default.ts[0m:[93m79[0m:[93m49[0m - [91merror[0m[90m TS2339: [0mProperty 'include' does not exist on type 'BasedQuery2<{ version?: string | undefined; defaultTimezone?: string | undefined; migrations?: SchemaMigrations | undefined; hash: number; types: { readonly user: { props: { readonly friends: Omit<{ ...; }, "items"> & { ...; }; }; }; }; locales: Partial<...>; }, ... 5 more ..., undefined>'.

[7m79[0m   deepEqual(await client.query2('user', userId).include('friends.**').get(), {
[7m  [0m [91m                                                ~~~~~~~[0m

[96mtest/default.ts[0m:[93m106[0m:[93m9[0m - [91merror[0m[90m TS2552: [0mCannot find name 'clint'. Did you mean 'client'?

[7m106[0m   await clint.update('user', userId, {
[7m   [0m [91m        ~~~~~[0m

  [96mtest/default.ts[0m:[93m13[0m:[93m9[0m
    [7m13[0m   const client = await testDb(t, {
    [7m  [0m [96m        ~~~~~~[0m
    'client' is declared here.

[96mtest/default.ts[0m:[93m112[0m:[93m49[0m - [91merror[0m[90m TS2339: [0mProperty 'include' does not exist on type 'BasedQuery2<{ version?: string | undefined; defaultTimezone?: string | undefined; migrations?: SchemaMigrations | undefined; hash: number; types: { readonly user: { props: { readonly friends: Omit<{ ...; }, "items"> & { ...; }; }; }; }; locales: Partial<...>; }, ... 5 more ..., undefined>'.

[7m112[0m   deepEqual(await client.query2('user', userId).include('friends.**').get(), {
[7m   [0m [91m                                                ~~~~~~~[0m

[96mtest/default.ts[0m:[93m174[0m:[93m37[0m - [91merror[0m[90m TS2339: [0mProperty 'include' does not exist on type 'BasedQuery2<{ version?: string | undefined; defaultTimezone?: string | undefined; migrations?: SchemaMigrations | undefined; hash: number; types: { readonly user: { props: { readonly avatar: { readonly type: "binary"; readonly default: Uint8Array<...>; }; readonly name: { ...; }; readonly flap: { ...; }; }; }; }; lo...'.

[7m174[0m     await db.query2('user', userId).include('*', '**').get(),
[7m   [0m [91m                                    ~~~~~~~[0m

[96mtest/default.ts[0m:[93m195[0m:[93m38[0m - [91merror[0m[90m TS2339: [0mProperty 'include' does not exist on type 'BasedQuery2<{ version?: string | undefined; defaultTimezone?: string | undefined; migrations?: SchemaMigrations | undefined; hash: number; types: { readonly user: { props: { readonly avatar: { readonly type: "binary"; readonly default: Uint8Array<...>; }; readonly name: { ...; }; readonly flap: { ...; }; }; }; }; lo...'.

[7m195[0m     await db.query2('user', userId2).include('*', '**').get(),
[7m   [0m [91m                                     ~~~~~~~[0m

[96mtest/default.ts[0m:[93m249[0m:[93m13[0m - [91merror[0m[90m TS2322: [0mType 'string' is not assignable to type 'undefined'.

[7m249[0m             default: 'default-slug',
[7m   [0m [91m            ~~~~~~~[0m

[96mtest/default.ts[0m:[93m257[0m:[93m13[0m - [91merror[0m[90m TS2322: [0mType '{ ref: string; prop: string; }' is not assignable to type 'Omit<SchemaReference<true, false>, keyof Base> | (Omit<SchemaReference<false, false>, keyof Base> & Omit<SchemaReference<...>, keyof Base>)'.
  Type '{ ref: string; prop: string; }' is not assignable to type 'Omit<SchemaReference<false, false>, keyof Base> & Omit<SchemaReference<true, false>, keyof Base>'.
    Property 'type' is missing in type '{ ref: string; prop: string; }' but required in type 'Omit<SchemaReference<true, false>, keyof Base>'.

[7m257[0m             items: {
[7m   [0m [91m            ~~~~~[0m

  [96msrc/schema/schema/reference.ts[0m:[93m34[0m:[93m22[0m
    [7m34[0m   RequiredIfStrict<{ type: 'reference' }, strict> & {
    [7m  [0m [96m                     ~~~~[0m
    'type' is declared here.

[96mtest/default.ts[0m:[93m284[0m:[93m37[0m - [91merror[0m[90m TS2339: [0mProperty 'include' does not exist on type 'BasedQuery2<{ version?: string | undefined; defaultTimezone?: string | undefined; migrations?: SchemaMigrations | undefined; hash: number; types: { [x: string]: { props: any; }; }; locales: Partial<...>; }, ... 5 more ..., undefined>'.

[7m284[0m     await db.query2('user', userId).include('*', '**').get(),
[7m   [0m [91m                                    ~~~~~~~[0m

[96mtest/default.ts[0m:[93m317[0m:[93m7[0m - [91merror[0m[90m TS2353: [0mObject literal may only specify known properties, and 'label' does not exist in type '{ id: any; }'.

[7m317[0m       label: { en: 'Default Label' },
[7m   [0m [91m      ~~~~~[0m

[96mtest/delete.perf.ts[0m:[93m58[0m:[93m22[0m - [91merror[0m[90m TS2551: [0mProperty 'query2' does not exist on type 'BasedDb'. Did you mean 'query'?

[7m58[0m   deepEqual(await db.query2('user').get(), [])
[7m  [0m [91m                     ~~~~~~[0m

  [96msrc/index.ts[0m:[93m101[0m:[93m3[0m
    [7m101[0m   query: DbClient['query'] = function (this: BasedDb) {
    [7m   [0m [96m  ~~~~~[0m
    'query' is declared here.

[96mtest/delete.perf.ts[0m:[93m79[0m:[93m22[0m - [91merror[0m[90m TS2551: [0mProperty 'query2' does not exist on type 'BasedDb'. Did you mean 'query'?

[7m79[0m   deepEqual(await db.query2('article').get(), [])
[7m  [0m [91m                     ~~~~~~[0m

  [96msrc/index.ts[0m:[93m101[0m:[93m3[0m
    [7m101[0m   query: DbClient['query'] = function (this: BasedDb) {
    [7m   [0m [96m  ~~~~~[0m
    'query' is declared here.

[96mtest/delete.perf.ts[0m:[93m114[0m:[93m22[0m - [91merror[0m[90m TS2551: [0mProperty 'query2' does not exist on type 'BasedDb'. Did you mean 'query'?

[7m114[0m   deepEqual(await db.query2('article').get(), [])
[7m   [0m [91m                     ~~~~~~[0m

  [96msrc/index.ts[0m:[93m101[0m:[93m3[0m
    [7m101[0m   query: DbClient['query'] = function (this: BasedDb) {
    [7m   [0m [96m  ~~~~~[0m
    'query' is declared here.

[96mtest/delete.ts[0m:[93m39[0m:[93m37[0m - [91merror[0m[90m TS2339: [0mProperty 'include' does not exist on type 'BasedQuery2<{ version?: string | undefined; defaultTimezone?: string | undefined; migrations?: SchemaMigrations | undefined; hash: number; types: { readonly nurp: { props: { readonly email: { readonly type: "string"; }; }; }; readonly user: { ...; }; }; locales: Partial<...>; }, ... 5 more ..., undefined>'.

[7m39[0m   deepEqual(await db.query2('nurp').include('email').get(), [
[7m  [0m [91m                                    ~~~~~~~[0m

[96mtest/delete.ts[0m:[93m49[0m:[93m37[0m - [91merror[0m[90m TS2339: [0mProperty 'include' does not exist on type 'BasedQuery2<{ version?: string | undefined; defaultTimezone?: string | undefined; migrations?: SchemaMigrations | undefined; hash: number; types: { readonly nurp: { props: { readonly email: { readonly type: "string"; }; }; }; readonly user: { ...; }; }; locales: Partial<...>; }, ... 5 more ..., undefined>'.

[7m49[0m   deepEqual(await db.query2('user').include('email').get(), [])
[7m  [0m [91m                                    ~~~~~~~[0m

[96mtest/delete.ts[0m:[93m59[0m:[93m37[0m - [91merror[0m[90m TS2339: [0mProperty 'include' does not exist on type 'BasedQuery2<{ version?: string | undefined; defaultTimezone?: string | undefined; migrations?: SchemaMigrations | undefined; hash: number; types: { readonly nurp: { props: { readonly email: { readonly type: "string"; }; }; }; readonly user: { ...; }; }; locales: Partial<...>; }, ... 5 more ..., undefined>'.

[7m59[0m   deepEqual(await db.query2('nurp').include('email').get(), [
[7m  [0m [91m                                    ~~~~~~~[0m

[96mtest/delete.ts[0m:[93m100[0m:[93m37[0m - [91merror[0m[90m TS2339: [0mProperty 'include' does not exist on type 'BasedQuery2<{ version?: string | undefined; defaultTimezone?: string | undefined; migrations?: SchemaMigrations | undefined; hash: number; types: { readonly nurp: { props: { readonly email: { readonly type: "string"; }; }; }; readonly user: { ...; }; }; locales: Partial<...>; }, ... 5 more ..., undefined>'.

[7m100[0m   deepEqual(await db.query2('nurp').include('email').get(), [
[7m   [0m [91m                                    ~~~~~~~[0m

[96mtest/delete.ts[0m:[93m150[0m:[93m37[0m - [91merror[0m[90m TS2339: [0mProperty 'include' does not exist on type 'BasedQuery2<{ version?: string | undefined; defaultTimezone?: string | undefined; migrations?: SchemaMigrations | undefined; hash: number; types: { readonly nurp: { props: { readonly email: { readonly type: "string"; }; }; }; readonly user: { ...; }; }; locales: Partial<...>; }, ... 5 more ..., undefined>'.

[7m150[0m   deepEqual(await db.query2('nurp').include('email').get(), [
[7m   [0m [91m                                    ~~~~~~~[0m

[96mtest/delete.ts[0m:[93m213[0m:[93m42[0m - [91merror[0m[90m TS2339: [0mProperty 'include' does not exist on type 'BasedQuery2<{ version?: string | undefined; defaultTimezone?: string | undefined; migrations?: SchemaMigrations | undefined; hash: number; types: { readonly user: { props: { readonly name: { readonly type: "string"; }; readonly age: { ...; }; readonly email: { ...; }; }; }; }; locales: Partial<...>; }, ... 5 more .....'.

[7m213[0m   deepEqual(await client2.query2('user').include('id').get(), [{ id: 2 }])
[7m   [0m [91m                                         ~~~~~~~[0m

[96mtest/delete.ts[0m:[93m214[0m:[93m41[0m - [91merror[0m[90m TS2339: [0mProperty 'include' does not exist on type 'BasedQuery2<{ version?: string | undefined; defaultTimezone?: string | undefined; migrations?: SchemaMigrations | undefined; hash: number; types: { readonly user: { props: { readonly name: { readonly type: "string"; }; readonly age: { ...; }; readonly email: { ...; }; }; }; }; locales: Partial<...>; }, ... 5 more .....'.

[7m214[0m   deepEqual(await client.query2('user').include('id').get(), [{ id: 2 }])
[7m   [0m [91m                                        ~~~~~~~[0m

[96mtest/dependent.ts[0m:[93m66[0m:[93m40[0m - [91merror[0m[90m TS2345: [0mArgument of type 'string' is not assignable to parameter of type '"page" | "sequence" | "edition" | "show" | "item"'.

[7m66[0m       const len = (await client.query2(type).get()).length
[7m  [0m [91m                                       ~~~~[0m

  [96msrc/db-client/index.ts[0m:[93m112[0m:[93m3[0m
    [7m112[0m   query2<T extends keyof S['types'] & string = keyof S['types'] & string>(
    [7m   [0m [96m  ~~~~~~[0m
    The call would have succeeded against this implementation, but implementation signatures of overloads are not externally visible.

[96mtest/dependent.ts[0m:[93m76[0m:[93m32[0m - [91merror[0m[90m TS2345: [0mArgument of type 'string' is not assignable to parameter of type '"page" | "sequence" | "edition" | "show" | "item"'.

[7m76[0m     equal((await client.query2(type).get()).length, 0)
[7m  [0m [91m                               ~~~~[0m

  [96msrc/db-client/index.ts[0m:[93m112[0m:[93m3[0m
    [7m112[0m   query2<T extends keyof S['types'] & string = keyof S['types'] & string>(
    [7m   [0m [96m  ~~~~~~[0m
    The call would have succeeded against this implementation, but implementation signatures of overloads are not externally visible.

[96mtest/dependent.ts[0m:[93m108[0m:[93m45[0m - [91merror[0m[90m TS2769: [0mNo overload matches this call.
  Overload 1 of 2, '(type: "parent", id?: number[] | undefined): BasedQuery2<{ version?: string | undefined; defaultTimezone?: string | undefined; migrations?: SchemaMigrations | undefined; hash: number; types: { ...; }; locales: Partial<...>; }, ... 5 more ..., undefined>', gave the following error.
    Argument of type 'BasedCreatePromise' is not assignable to parameter of type 'number[]'.
      Type 'BasedModify<(schema: SchemaOut, type: string, payload: Record<string, any>, buf: AutoSizedUint8Array, lang: LangCodeEnum) => void>' is missing the following properties from type 'number[]': length, pop, push, concat, and 35 more.
  Overload 2 of 2, '(type: "parent", id: number | (Partial<InferSchemaOutput<{ version?: string | undefined; defaultTimezone?: string | undefined; migrations?: SchemaMigrations | undefined; hash: number; types: { ...; }; locales: Partial<...>; }, "parent">> & { ...; })): BasedQuery2<...>', gave the following error.
    Argument of type 'BasedCreatePromise' is not assignable to parameter of type 'number | (Partial<InferSchemaOutput<{ version?: string | undefined; defaultTimezone?: string | undefined; migrations?: SchemaMigrations | undefined; hash: number; types: { readonly parent: { props: { ...; }; }; readonly child: { ...; }; }; locales: Partial<...>; }, "parent">> & { ...; })'.
      Type 'BasedModify<(schema: SchemaOut, type: string, payload: Record<string, any>, buf: AutoSizedUint8Array, lang: LangCodeEnum) => void>' is not assignable to type 'Partial<InferSchemaOutput<{ version?: string | undefined; defaultTimezone?: string | undefined; migrations?: SchemaMigrations | undefined; hash: number; types: { readonly parent: { props: { readonly children: Omit<...> & { ...; }; }; }; readonly child: { ...; }; }; locales: Partial<...>; }, "parent">> & { ...; }'.
        Type 'BasedModify<(schema: SchemaOut, type: string, payload: Record<string, any>, buf: AutoSizedUint8Array, lang: LangCodeEnum) => void>' is not assignable to type '{ [Symbol.toStringTag]?: undefined; }'.
          Types of property '[Symbol.toStringTag]' are incompatible.
            Type '"BasedModify"' is not assignable to type 'undefined'.

[7m108[0m     deepEqual(await client.query2('parent', head).include('**').get(), {
[7m   [0m [91m                                            ~~~~[0m

  [96mtest/dependent.ts[0m:[93m108[0m:[93m45[0m
    [7m108[0m     deepEqual(await client.query2('parent', head).include('**').get(), {
    [7m   [0m [96m                                            ~~~~[0m
    Did you forget to use 'await'?

[96mtest/dependent.ts[0m:[93m108[0m:[93m51[0m - [91merror[0m[90m TS2339: [0mProperty 'include' does not exist on type 'BasedQuery2<{ version?: string | undefined; defaultTimezone?: string | undefined; migrations?: SchemaMigrations | undefined; hash: number; types: { readonly parent: { props: { readonly children: Omit<...> & { ...; }; }; }; readonly child: { ...; }; }; locales: Partial<...>; }, ... 5 more ..., undefined>'.

[7m108[0m     deepEqual(await client.query2('parent', head).include('**').get(), {
[7m   [0m [91m                                                  ~~~~~~~[0m

[96mtest/dependent.ts[0m:[93m117[0m:[93m45[0m - [91merror[0m[90m TS2769: [0mNo overload matches this call.
  Overload 1 of 2, '(type: "parent", id?: number[] | undefined): BasedQuery2<{ version?: string | undefined; defaultTimezone?: string | undefined; migrations?: SchemaMigrations | undefined; hash: number; types: { ...; }; locales: Partial<...>; }, ... 5 more ..., undefined>', gave the following error.
    Argument of type 'BasedCreatePromise' is not assignable to parameter of type 'number[]'.
      Type 'BasedModify<(schema: SchemaOut, type: string, payload: Record<string, any>, buf: AutoSizedUint8Array, lang: LangCodeEnum) => void>' is missing the following properties from type 'number[]': length, pop, push, concat, and 35 more.
  Overload 2 of 2, '(type: "parent", id: number | (Partial<InferSchemaOutput<{ version?: string | undefined; defaultTimezone?: string | undefined; migrations?: SchemaMigrations | undefined; hash: number; types: { ...; }; locales: Partial<...>; }, "parent">> & { ...; })): BasedQuery2<...>', gave the following error.
    Argument of type 'BasedCreatePromise' is not assignable to parameter of type 'number | (Partial<InferSchemaOutput<{ version?: string | undefined; defaultTimezone?: string | undefined; migrations?: SchemaMigrations | undefined; hash: number; types: { readonly parent: { props: { ...; }; }; readonly child: { ...; }; }; locales: Partial<...>; }, "parent">> & { ...; })'.
      Type 'BasedModify<(schema: SchemaOut, type: string, payload: Record<string, any>, buf: AutoSizedUint8Array, lang: LangCodeEnum) => void>' is not assignable to type 'Partial<InferSchemaOutput<{ version?: string | undefined; defaultTimezone?: string | undefined; migrations?: SchemaMigrations | undefined; hash: number; types: { readonly parent: { props: { readonly children: Omit<...> & { ...; }; }; }; readonly child: { ...; }; }; locales: Partial<...>; }, "parent">> & { ...; }'.
        Type 'BasedModify<(schema: SchemaOut, type: string, payload: Record<string, any>, buf: AutoSizedUint8Array, lang: LangCodeEnum) => void>' is not assignable to type '{ [Symbol.toStringTag]?: undefined; }'.
          Types of property '[Symbol.toStringTag]' are incompatible.
            Type '"BasedModify"' is not assignable to type 'undefined'.

[7m117[0m     deepEqual(await client.query2('parent', head).include('**').get(), {
[7m   [0m [91m                                            ~~~~[0m

  [96mtest/dependent.ts[0m:[93m117[0m:[93m45[0m
    [7m117[0m     deepEqual(await client.query2('parent', head).include('**').get(), {
    [7m   [0m [96m                                            ~~~~[0m
    Did you forget to use 'await'?

[96mtest/dependent.ts[0m:[93m117[0m:[93m51[0m - [91merror[0m[90m TS2339: [0mProperty 'include' does not exist on type 'BasedQuery2<{ version?: string | undefined; defaultTimezone?: string | undefined; migrations?: SchemaMigrations | undefined; hash: number; types: { readonly parent: { props: { readonly children: Omit<...> & { ...; }; }; }; readonly child: { ...; }; }; locales: Partial<...>; }, ... 5 more ..., undefined>'.

[7m117[0m     deepEqual(await client.query2('parent', head).include('**').get(), {
[7m   [0m [91m                                                  ~~~~~~~[0m

[96mtest/dependent.ts[0m:[93m158[0m:[93m42[0m - [91merror[0m[90m TS2339: [0mProperty 'include' does not exist on type 'BasedQuery2<{ version?: string | undefined; defaultTimezone?: string | undefined; migrations?: SchemaMigrations | undefined; hash: number; types: { readonly human: { props: { readonly name: { readonly type: "string"; readonly maxBytes: 8; }; readonly friends: Omit<...> & { ...; }; }; }; }; locales: Partial<...>; }, ...'.

[7m158[0m   deepEqual(await client.query2('human').include('**').get(), [
[7m   [0m [91m                                         ~~~~~~~[0m

[96mtest/dependent.ts[0m:[93m201[0m:[93m42[0m - [91merror[0m[90m TS2339: [0mProperty 'include' does not exist on type 'BasedQuery2<{ version?: string | undefined; defaultTimezone?: string | undefined; migrations?: SchemaMigrations | undefined; hash: number; types: { readonly human: { props: { readonly name: { readonly type: "string"; readonly maxBytes: 8; }; readonly friends: Omit<...> & { ...; }; }; }; }; locales: Partial<...>; }, ...'.

[7m201[0m   deepEqual(await client.query2('human').include('**').get(), [
[7m   [0m [91m                                         ~~~~~~~[0m

[96mtest/dependent.ts[0m:[93m223[0m:[93m42[0m - [91merror[0m[90m TS2339: [0mProperty 'include' does not exist on type 'BasedQuery2<{ version?: string | undefined; defaultTimezone?: string | undefined; migrations?: SchemaMigrations | undefined; hash: number; types: { readonly human: { props: { readonly name: { readonly type: "string"; readonly maxBytes: 8; }; readonly friends: Omit<...> & { ...; }; }; }; }; locales: Partial<...>; }, ...'.

[7m223[0m   deepEqual(await client.query2('human').include('**').get(), [])
[7m   [0m [91m                                         ~~~~~~~[0m

[96mtest/edges/edgeFilterNested.ts[0m:[93m45[0m:[93m8[0m - [91merror[0m[90m TS2339: [0mProperty 'include' does not exist on type 'BasedQuery2<{ version?: string | undefined; defaultTimezone?: string | undefined; migrations?: SchemaMigrations | undefined; hash: number; types: { readonly initiative: { props: { readonly name: { ...; }; readonly users: Omit<...> & { ...; }; }; }; readonly user: { ...; }; }; locales: Partial<...>; }, ... 5 more ......'.

[7m45[0m       .include('name', (q) =>
[7m  [0m [91m       ~~~~~~~[0m

[96mtest/edges/edgeFilterNested.ts[0m:[93m62[0m:[93m8[0m - [91merror[0m[90m TS2339: [0mProperty 'include' does not exist on type 'BasedQuery2<{ version?: string | undefined; defaultTimezone?: string | undefined; migrations?: SchemaMigrations | undefined; hash: number; types: { readonly initiative: { props: { readonly name: { ...; }; readonly users: Omit<...> & { ...; }; }; }; readonly user: { ...; }; }; locales: Partial<...>; }, ... 5 more ......'.

[7m62[0m       .include('name', (q) =>
[7m  [0m [91m       ~~~~~~~[0m

[96mtest/edges/edgeNumbers.ts[0m:[93m41[0m:[93m44[0m - [91merror[0m[90m TS2339: [0mProperty 'include' does not exist on type 'BasedQuery2<{ version?: string | undefined; defaultTimezone?: string | undefined; migrations?: SchemaMigrations | undefined; hash: number; types: { readonly user: { props: { readonly bestFriend: { ...; } & { ...; }; }; }; }; locales: Partial<...>; }, ... 5 more ..., undefined>'.

[7m41[0m   deepEqual(await db.query2('user', user2).include('**').get(), {
[7m  [0m [91m                                           ~~~~~~~[0m

[96mtest/edges/edges.ts[0m:[93m113[0m:[93m8[0m - [91merror[0m[90m TS2339: [0mProperty 'include' does not exist on type 'BasedQuery2<{ version?: string | undefined; defaultTimezone?: string | undefined; migrations?: SchemaMigrations | undefined; hash: number; types: { readonly user: { props: { readonly email: { type: "string"; }; readonly name: { ...; }; readonly smurp: { ...; }; readonly articles: Omit<...> & { ...; }; readonly locat...'.

[7m113[0m       .include('contributors.$role', 'contributors.$bigString')
[7m   [0m [91m       ~~~~~~~[0m

[96mtest/edges/edges.ts[0m:[93m127[0m:[93m40[0m - [91merror[0m[90m TS2339: [0mProperty 'include' does not exist on type 'BasedQuery2<{ version?: string | undefined; defaultTimezone?: string | undefined; migrations?: SchemaMigrations | undefined; hash: number; types: { readonly user: { props: { readonly email: { type: "string"; }; readonly name: { ...; }; readonly smurp: { ...; }; readonly articles: Omit<...> & { ...; }; readonly locat...'.

[7m127[0m   deepEqual(await db.query2('article').include('contributors.$rating').get(), [
[7m   [0m [91m                                       ~~~~~~~[0m

[96mtest/edges/edges.ts[0m:[93m138[0m:[93m40[0m - [91merror[0m[90m TS2339: [0mProperty 'include' does not exist on type 'BasedQuery2<{ version?: string | undefined; defaultTimezone?: string | undefined; migrations?: SchemaMigrations | undefined; hash: number; types: { readonly user: { props: { readonly email: { type: "string"; }; readonly name: { ...; }; readonly smurp: { ...; }; readonly articles: Omit<...> & { ...; }; readonly locat...'.

[7m138[0m   deepEqual(await db.query2('article').include('contributors.$lang').get(), [
[7m   [0m [91m                                       ~~~~~~~[0m

[96mtest/edges/edges.ts[0m:[93m149[0m:[93m40[0m - [91merror[0m[90m TS2339: [0mProperty 'include' does not exist on type 'BasedQuery2<{ version?: string | undefined; defaultTimezone?: string | undefined; migrations?: SchemaMigrations | undefined; hash: number; types: { readonly user: { props: { readonly email: { type: "string"; }; readonly name: { ...; }; readonly smurp: { ...; }; readonly articles: Omit<...> & { ...; }; readonly locat...'.

[7m149[0m   deepEqual(await db.query2('article').include('contributors.$on').get(), [
[7m   [0m [91m                                       ~~~~~~~[0m

[96mtest/edges/edges.ts[0m:[93m161[0m:[93m32[0m - [91merror[0m[90m TS2339: [0mProperty 'include' does not exist on type 'BasedQuery2<{ version?: string | undefined; defaultTimezone?: string | undefined; migrations?: SchemaMigrations | undefined; hash: number; types: { readonly user: { props: { readonly email: { type: "string"; }; readonly name: { ...; }; readonly smurp: { ...; }; readonly articles: Omit<...> & { ...; }; readonly locat...'.

[7m161[0m     await db.query2('article').include('contributors.$file').get(),
[7m   [0m [91m                               ~~~~~~~[0m

[96mtest/edges/edges.ts[0m:[93m190[0m:[93m8[0m - [91merror[0m[90m TS2339: [0mProperty 'include' does not exist on type 'BasedQuery2<{ version?: string | undefined; defaultTimezone?: string | undefined; migrations?: SchemaMigrations | undefined; hash: number; types: { readonly user: { props: { readonly email: { type: "string"; }; readonly name: { ...; }; readonly smurp: { ...; }; readonly articles: Omit<...> & { ...; }; readonly locat...'.

[7m190[0m       .include((s) =>
[7m   [0m [91m       ~~~~~~~[0m

[96mtest/edges/edges.ts[0m:[93m214[0m:[93m8[0m - [91merror[0m[90m TS2339: [0mProperty 'include' does not exist on type 'BasedQuery2<{ version?: string | undefined; defaultTimezone?: string | undefined; migrations?: SchemaMigrations | undefined; hash: number; types: { readonly user: { props: { readonly email: { type: "string"; }; readonly name: { ...; }; readonly smurp: { ...; }; readonly articles: Omit<...> & { ...; }; readonly locat...'.

[7m214[0m       .include((s) =>
[7m   [0m [91m       ~~~~~~~[0m

[96mtest/edges/edges.ts[0m:[93m246[0m:[93m8[0m - [91merror[0m[90m TS2339: [0mProperty 'include' does not exist on type 'BasedQuery2<{ version?: string | undefined; defaultTimezone?: string | undefined; migrations?: SchemaMigrations | undefined; hash: number; types: { readonly user: { props: { readonly email: { type: "string"; }; readonly name: { ...; }; readonly smurp: { ...; }; readonly articles: Omit<...> & { ...; }; readonly locat...'.

[7m246[0m       .include('contributors.$rating')
[7m   [0m [91m       ~~~~~~~[0m

[96mtest/edges/edges.ts[0m:[93m259[0m:[93m35[0m - [91merror[0m[90m TS2339: [0mProperty 'include' does not exist on type 'BasedQuery2<{ version?: string | undefined; defaultTimezone?: string | undefined; migrations?: SchemaMigrations | undefined; hash: number; types: { readonly user: { props: { readonly email: { type: "string"; }; readonly name: { ...; }; readonly smurp: { ...; }; readonly articles: Omit<...> & { ...; }; readonly locat...'.

[7m259[0m     await db.query2('article', 3).include('contributors.$countries.id').get(),
[7m   [0m [91m                                  ~~~~~~~[0m

[96mtest/edges/edges.ts[0m:[93m279[0m:[93m8[0m - [91merror[0m[90m TS2339: [0mProperty 'include' does not exist on type 'BasedQuery2<{ version?: string | undefined; defaultTimezone?: string | undefined; migrations?: SchemaMigrations | undefined; hash: number; types: { readonly user: { props: { readonly email: { type: "string"; }; readonly name: { ...; }; readonly smurp: { ...; }; readonly articles: Omit<...> & { ...; }; readonly locat...'.

[7m279[0m       .include('contributors')
[7m   [0m [91m       ~~~~~~~[0m

[96mtest/edges/edges.ts[0m:[93m330[0m:[93m40[0m - [91merror[0m[90m TS2339: [0mProperty 'include' does not exist on type 'BasedQuery2<{ version?: string | undefined; defaultTimezone?: string | undefined; migrations?: SchemaMigrations | undefined; hash: number; types: { readonly user: { props: { readonly name: { type: "string"; }; readonly derp: { ...; }; readonly articles: Omit<...> & { ...; }; }; }; readonly article: { ...; }; }; loca...'.

[7m330[0m   deepEqual(await db.query2('article').include('author.$role', '*').get(), [
[7m   [0m [91m                                       ~~~~~~~[0m

[96mtest/edges/edges.ts[0m:[93m349[0m:[93m8[0m - [91merror[0m[90m TS2339: [0mProperty 'include' does not exist on type 'BasedQuery2<{ version?: string | undefined; defaultTimezone?: string | undefined; migrations?: SchemaMigrations | undefined; hash: number; types: { readonly user: { props: { readonly name: { type: "string"; }; readonly derp: { ...; }; readonly articles: Omit<...> & { ...; }; }; }; readonly article: { ...; }; }; loca...'.

[7m349[0m       .include('author.$role', '*')
[7m   [0m [91m       ~~~~~~~[0m

[96mtest/edges/edges.ts[0m:[93m369[0m:[93m40[0m - [91merror[0m[90m TS2339: [0mProperty 'include' does not exist on type 'BasedQuery2<{ version?: string | undefined; defaultTimezone?: string | undefined; migrations?: SchemaMigrations | undefined; hash: number; types: { readonly user: { props: { readonly name: { type: "string"; }; readonly derp: { ...; }; readonly articles: Omit<...> & { ...; }; }; }; readonly article: { ...; }; }; loca...'.

[7m369[0m   deepEqual(await db.query2('article').include('author.$msg', '*').get(), [
[7m   [0m [91m                                       ~~~~~~~[0m

[96mtest/edges/edges.ts[0m:[93m426[0m:[93m44[0m - [91merror[0m[90m TS2339: [0mProperty 'include' does not exist on type 'BasedQuery2<{ version?: string | undefined; defaultTimezone?: string | undefined; migrations?: SchemaMigrations | undefined; hash: number; types: { readonly user: { props: { readonly bestFriend: { ...; } & { ...; }; readonly friends: Omit<...> & { ...; }; }; }; }; locales: Partial<...>; }, ... 5 more ..., undefined>'.

[7m426[0m   deepEqual(await db.query2('user', user2).include('**').get(), {
[7m   [0m [91m                                           ~~~~~~~[0m

[96mtest/edges/edges.ts[0m:[93m442[0m:[93m44[0m - [91merror[0m[90m TS2339: [0mProperty 'include' does not exist on type 'BasedQuery2<{ version?: string | undefined; defaultTimezone?: string | undefined; migrations?: SchemaMigrations | undefined; hash: number; types: { readonly user: { props: { readonly bestFriend: { ...; } & { ...; }; readonly friends: Omit<...> & { ...; }; }; }; }; locales: Partial<...>; }, ... 5 more ..., undefined>'.

[7m442[0m   deepEqual(await db.query2('user', user1).include('**').get(), {
[7m   [0m [91m                                           ~~~~~~~[0m

[96mtest/edges/edges.ts[0m:[93m447[0m:[93m44[0m - [91merror[0m[90m TS2339: [0mProperty 'include' does not exist on type 'BasedQuery2<{ version?: string | undefined; defaultTimezone?: string | undefined; migrations?: SchemaMigrations | undefined; hash: number; types: { readonly user: { props: { readonly bestFriend: { ...; } & { ...; }; readonly friends: Omit<...> & { ...; }; }; }; }; locales: Partial<...>; }, ... 5 more ..., undefined>'.

[7m447[0m   deepEqual(await db.query2('user', user3).include('**').get(), {
[7m   [0m [91m                                           ~~~~~~~[0m

[96mtest/edges/edges.ts[0m:[93m460[0m:[93m38[0m - [91merror[0m[90m TS2322: [0mType '{ update: { id: number; $index: number; }[]; }' is not assignable to type '{ add?: (number | BasedModify<never> | { id: number | BasedModify<never>; $x?: NumInc | undefined; })[] | undefined; update?: (number | BasedModify<never> | { ...; })[] | undefined; delete?: (number | BasedModify<...>)[] | undefined; } | (number | ... 1 more ... | { ...; })[] | null | undefined'.
  Types of property 'update' are incompatible.
    Type '{ id: number; $index: number; }[]' is not assignable to type '(number | BasedModify<never> | { id: number | BasedModify<never>; $x?: NumInc | undefined; })[]'.
      Object literal may only specify known properties, and '$index' does not exist in type 'BasedModify<never> | { id: number | BasedModify<never>; $x?: NumInc | undefined; }'.

[7m460[0m     friends: { update: [{ id: user2, $index: 0 }] },
[7m   [0m [91m                                     ~~~~~~[0m

  [96mtest/edges/edges.ts[0m:[93m407[0m:[93m11[0m
    [7m407[0m           friends: {
    [7m   [0m [96m          ~~~~~~~~~~[0m
    [7m408[0m             items: {
    [7m   [0m [96m~~~~~~~~~~~~~~~~~~~~[0m
    [7m...[0m 
    [7m412[0m             },
    [7m   [0m [96m~~~~~~~~~~~~~~[0m
    [7m413[0m           },
    [7m   [0m [96m~~~~~~~~~~~[0m
    The expected type comes from property 'friends' which is declared here on type '{ bestFriend?: number | BasedModify<never> | { id: number | BasedModify<never>; $x?: NumInc | undefined; } | null | undefined; friends?: { add?: (number | ... 1 more ... | { ...; })[] | undefined; update?: (number | ... 1 more ... | { ...; })[] | undefined; delete?: (number | BasedModify<...>)[] | undefined; } | (nu...'

[96mtest/edges/edges.ts[0m:[93m463[0m:[93m44[0m - [91merror[0m[90m TS2339: [0mProperty 'include' does not exist on type 'BasedQuery2<{ version?: string | undefined; defaultTimezone?: string | undefined; migrations?: SchemaMigrations | undefined; hash: number; types: { readonly user: { props: { readonly bestFriend: { ...; } & { ...; }; readonly friends: Omit<...> & { ...; }; }; }; }; locales: Partial<...>; }, ... 5 more ..., undefined>'.

[7m463[0m   deepEqual(await db.query2('user', user3).include('**').get(), {
[7m   [0m [91m                                           ~~~~~~~[0m

[96mtest/edges/edgesMain.ts[0m:[93m60[0m:[93m8[0m - [91merror[0m[90m TS2339: [0mProperty 'include' does not exist on type 'BasedQuery2<{ version?: string | undefined; defaultTimezone?: string | undefined; migrations?: SchemaMigrations | undefined; hash: number; types: { readonly user: { props: { readonly name: { type: "string"; }; readonly articles: Omit<...> & { ...; }; }; }; readonly article: { ...; }; }; locales: Partial<...>; }, ......'.

[7m60[0m       .include('contributors.$rdy')
[7m  [0m [91m       ~~~~~~~[0m

[96mtest/edges/edgesMain.ts[0m:[93m100[0m:[93m8[0m - [91merror[0m[90m TS2339: [0mProperty 'include' does not exist on type 'BasedQuery2<{ version?: string | undefined; defaultTimezone?: string | undefined; migrations?: SchemaMigrations | undefined; hash: number; types: { readonly user: { props: { readonly name: { type: "string"; }; readonly articles: Omit<...> & { ...; }; }; }; readonly article: { ...; }; }; locales: Partial<...>; }, ......'.

[7m100[0m       .include('name')
[7m   [0m [91m       ~~~~~~~[0m

[96mtest/edges/edgesMain.ts[0m:[93m140[0m:[93m8[0m - [91merror[0m[90m TS2339: [0mProperty 'include' does not exist on type 'BasedQuery2<{ version?: string | undefined; defaultTimezone?: string | undefined; migrations?: SchemaMigrations | undefined; hash: number; types: { readonly user: { props: { readonly name: { type: "string"; }; readonly articles: Omit<...> & { ...; }; }; }; readonly article: { ...; }; }; locales: Partial<...>; }, ......'.

[7m140[0m       .include('name')
[7m   [0m [91m       ~~~~~~~[0m

[96mtest/edges/edgesMain.ts[0m:[93m183[0m:[93m8[0m - [91merror[0m[90m TS2339: [0mProperty 'include' does not exist on type 'BasedQuery2<{ version?: string | undefined; defaultTimezone?: string | undefined; migrations?: SchemaMigrations | undefined; hash: number; types: { readonly user: { props: { readonly name: { type: "string"; }; readonly articles: Omit<...> & { ...; }; }; }; readonly article: { ...; }; }; locales: Partial<...>; }, ......'.

[7m183[0m       .include('name')
[7m   [0m [91m       ~~~~~~~[0m

[96mtest/edges/edgesMain.ts[0m:[93m258[0m:[93m8[0m - [91merror[0m[90m TS2339: [0mProperty 'include' does not exist on type 'BasedQuery2<{ version?: string | undefined; defaultTimezone?: string | undefined; migrations?: SchemaMigrations | undefined; hash: number; types: { readonly user: { props: { readonly name: { type: "string"; }; readonly articles: Omit<...> & { ...; }; }; }; readonly article: { ...; }; }; locales: Partial<...>; }, ......'.

[7m258[0m       .include('contributor.$rdy')
[7m   [0m [91m       ~~~~~~~[0m

[96mtest/edges/edgesMain.ts[0m:[93m275[0m:[93m40[0m - [91merror[0m[90m TS2339: [0mProperty 'include' does not exist on type 'BasedQuery2<{ version?: string | undefined; defaultTimezone?: string | undefined; migrations?: SchemaMigrations | undefined; hash: number; types: { readonly user: { props: { readonly name: { type: "string"; }; readonly articles: Omit<...> & { ...; }; }; }; readonly article: { ...; }; }; locales: Partial<...>; }, ......'.

[7m275[0m   deepEqual(await db.query2('article').include('contributor.$rdy').get(), [
[7m   [0m [91m                                       ~~~~~~~[0m

[96mtest/edges/edgesMain.ts[0m:[93m339[0m:[93m8[0m - [91merror[0m[90m TS2339: [0mProperty 'include' does not exist on type 'BasedQuery2<{ version?: string | undefined; defaultTimezone?: string | undefined; migrations?: SchemaMigrations | undefined; hash: number; types: { readonly user: { props: { readonly name: { type: "string"; }; readonly articles: Omit<...> & { ...; }; }; }; readonly article: { ...; }; }; locales: Partial<...>; }, ......'.

[7m339[0m       .include('contributors.$age')
[7m   [0m [91m       ~~~~~~~[0m

[96mtest/edges/edgesMain.ts[0m:[93m361[0m:[93m8[0m - [91merror[0m[90m TS2339: [0mProperty 'include' does not exist on type 'BasedQuery2<{ version?: string | undefined; defaultTimezone?: string | undefined; migrations?: SchemaMigrations | undefined; hash: number; types: { readonly user: { props: { readonly name: { type: "string"; }; readonly articles: Omit<...> & { ...; }; }; }; readonly article: { ...; }; }; locales: Partial<...>; }, ......'.

[7m361[0m       .include('contributors.$age')
[7m   [0m [91m       ~~~~~~~[0m

[96mtest/edges/edgesMain.ts[0m:[93m371[0m:[93m8[0m - [91merror[0m[90m TS2339: [0mProperty 'include' does not exist on type 'BasedQuery2<{ version?: string | undefined; defaultTimezone?: string | undefined; migrations?: SchemaMigrations | undefined; hash: number; types: { readonly user: { props: { readonly name: { type: "string"; }; readonly articles: Omit<...> & { ...; }; }; }; readonly article: { ...; }; }; locales: Partial<...>; }, ......'.

[7m371[0m       .include('contributors.$plonki')
[7m   [0m [91m       ~~~~~~~[0m

[96mtest/edges/edgesMain.ts[0m:[93m409[0m:[93m32[0m - [91merror[0m[90m TS2339: [0mProperty 'include' does not exist on type 'BasedQuery2<{ version?: string | undefined; defaultTimezone?: string | undefined; migrations?: SchemaMigrations | undefined; hash: number; types: { readonly user: { props: { readonly article: { type: "references"; items: { ...; } & NormalizeEdges<...>; }; }; }; readonly article: { ...; }; }; locales: Partial<...>; }...'.

[7m409[0m     await db.query2('article').include('writer.$age').get(),
[7m   [0m [91m                               ~~~~~~~[0m

[96mtest/edges/edgesMain.ts[0m:[93m423[0m:[93m32[0m - [91merror[0m[90m TS2339: [0mProperty 'include' does not exist on type 'BasedQuery2<{ version?: string | undefined; defaultTimezone?: string | undefined; migrations?: SchemaMigrations | undefined; hash: number; types: { readonly user: { props: { readonly article: { type: "references"; items: { ...; } & NormalizeEdges<...>; }; }; }; readonly article: { ...; }; }; locales: Partial<...>; }...'.

[7m423[0m     await db.query2('article').include('writer.$age').get(),
[7m   [0m [91m                               ~~~~~~~[0m

[96mtest/edges/edgesMain.ts[0m:[93m429[0m:[93m32[0m - [91merror[0m[90m TS2339: [0mProperty 'include' does not exist on type 'BasedQuery2<{ version?: string | undefined; defaultTimezone?: string | undefined; migrations?: SchemaMigrations | undefined; hash: number; types: { readonly user: { props: { readonly article: { type: "references"; items: { ...; } & NormalizeEdges<...>; }; }; }; readonly article: { ...; }; }; locales: Partial<...>; }...'.

[7m429[0m     await db.query2('article').include('writer.$plonki').get(),
[7m   [0m [91m                               ~~~~~~~[0m

[96mtest/edges/edgesReference.ts[0m:[93m58[0m:[93m40[0m - [91merror[0m[90m TS2339: [0mProperty 'include' does not exist on type 'BasedQuery2<{ version?: string | undefined; defaultTimezone?: string | undefined; migrations?: SchemaMigrations | undefined; hash: number; types: { readonly user: { props: { readonly name: { type: "string"; }; readonly articles: Omit<...> & { ...; }; }; }; readonly country: { ...; }; readonly article: { ...; }; }; l...'.

[7m58[0m   deepEqual(await db.query2('article').include('contributor.$friend').get(), [
[7m  [0m [91m                                       ~~~~~~~[0m

[96mtest/edges/edgesReference.ts[0m:[93m150[0m:[93m8[0m - [91merror[0m[90m TS2339: [0mProperty 'include' does not exist on type 'BasedQuery2<{ version?: string | undefined; defaultTimezone?: string | undefined; migrations?: SchemaMigrations | undefined; hash: number; types: { readonly country: { props: { readonly code: { readonly type: "string"; readonly maxBytes: 2; }; readonly name: { ...; }; readonly users: Omit<...> & { ...; }; }; }; read...'.

[7m150[0m       .include('name', 'contributor.$countries')
[7m   [0m [91m       ~~~~~~~[0m

[96mtest/edges/edgesReference.ts[0m:[93m192[0m:[93m32[0m - [91merror[0m[90m TS2339: [0mProperty 'include' does not exist on type 'BasedQuery2<{ version?: string | undefined; defaultTimezone?: string | undefined; migrations?: SchemaMigrations | undefined; hash: number; types: { readonly country: { props: { readonly code: { readonly type: "string"; readonly maxBytes: 2; }; readonly name: { ...; }; readonly users: Omit<...> & { ...; }; }; }; read...'.

[7m192[0m     await db.query2('article').include('name', 'contributor.$countries').get()
[7m   [0m [91m                               ~~~~~~~[0m

[96mtest/edges/edgesReferences.ts[0m:[93m100[0m:[93m8[0m - [91merror[0m[90m TS2339: [0mProperty 'include' does not exist on type 'BasedQuery2<{ version?: string | undefined; defaultTimezone?: string | undefined; migrations?: SchemaMigrations | undefined; hash: number; types: { readonly user: { props: { readonly email: { type: "string"; }; readonly name: { ...; }; readonly smurp: { ...; }; readonly articles: Omit<...> & { ...; }; readonly locat...'.

[7m100[0m       .include('contributors.$age')
[7m   [0m [91m       ~~~~~~~[0m

[96mtest/edges/edgesReferences.ts[0m:[93m110[0m:[93m8[0m - [91merror[0m[90m TS2339: [0mProperty 'include' does not exist on type 'BasedQuery2<{ version?: string | undefined; defaultTimezone?: string | undefined; migrations?: SchemaMigrations | undefined; hash: number; types: { readonly user: { props: { readonly email: { type: "string"; }; readonly name: { ...; }; readonly smurp: { ...; }; readonly articles: Omit<...> & { ...; }; readonly locat...'.

[7m110[0m       .include('contributors.$friend.name', 'contributors.$friend.location')
[7m   [0m [91m       ~~~~~~~[0m

[96mtest/edges/edgesReferences.ts[0m:[93m131[0m:[93m32[0m - [91merror[0m[90m TS2339: [0mProperty 'include' does not exist on type 'BasedQuery2<{ version?: string | undefined; defaultTimezone?: string | undefined; migrations?: SchemaMigrations | undefined; hash: number; types: { readonly user: { props: { readonly email: { type: "string"; }; readonly name: { ...; }; readonly smurp: { ...; }; readonly articles: Omit<...> & { ...; }; readonly locat...'.

[7m131[0m     await db.query2('article').include('contributors.$friend').get(),
[7m   [0m [91m                               ~~~~~~~[0m

[96mtest/edges/edgesReferences.ts[0m:[93m243[0m:[93m8[0m - [91merror[0m[90m TS2339: [0mProperty 'include' does not exist on type 'BasedQuery2<{ version?: string | undefined; defaultTimezone?: string | undefined; migrations?: SchemaMigrations | undefined; hash: number; types: { readonly country: { props: { readonly code: { readonly type: "string"; readonly maxBytes: 2; }; readonly name: { ...; }; readonly users: Omit<...> & { ...; }; }; }; read...'.

[7m243[0m       .include('contributors.id')
[7m   [0m [91m       ~~~~~~~[0m

[96mtest/edges/edgesReferences.ts[0m:[93m255[0m:[93m8[0m - [91merror[0m[90m TS2339: [0mProperty 'include' does not exist on type 'BasedQuery2<{ version?: string | undefined; defaultTimezone?: string | undefined; migrations?: SchemaMigrations | undefined; hash: number; types: { readonly country: { props: { readonly code: { readonly type: "string"; readonly maxBytes: 2; }; readonly name: { ...; }; readonly users: Omit<...> & { ...; }; }; }; read...'.

[7m255[0m       .include('contributors.id', 'contributors.$countries.id')
[7m   [0m [91m       ~~~~~~~[0m

[96mtest/edges/edgesReferences.ts[0m:[93m273[0m:[93m8[0m - [91merror[0m[90m TS2339: [0mProperty 'include' does not exist on type 'BasedQuery2<{ version?: string | undefined; defaultTimezone?: string | undefined; migrations?: SchemaMigrations | undefined; hash: number; types: { readonly country: { props: { readonly code: { readonly type: "string"; readonly maxBytes: 2; }; readonly name: { ...; }; readonly users: Omit<...> & { ...; }; }; }; read...'.

[7m273[0m       .include('contributors.id', 'contributors.$countries.code')
[7m   [0m [91m       ~~~~~~~[0m

[96mtest/edges/edgesReferences.ts[0m:[93m307[0m:[93m8[0m - [91merror[0m[90m TS2339: [0mProperty 'include' does not exist on type 'BasedQuery2<{ version?: string | undefined; defaultTimezone?: string | undefined; migrations?: SchemaMigrations | undefined; hash: number; types: { readonly country: { props: { readonly code: { readonly type: "string"; readonly maxBytes: 2; }; readonly name: { ...; }; readonly users: Omit<...> & { ...; }; }; }; read...'.

[7m307[0m       .include('contributors.id', 'contributors.$countries')
[7m   [0m [91m       ~~~~~~~[0m

[96mtest/edges/edgesReferences.ts[0m:[93m341[0m:[93m8[0m - [91merror[0m[90m TS2339: [0mProperty 'include' does not exist on type 'BasedQuery2<{ version?: string | undefined; defaultTimezone?: string | undefined; migrations?: SchemaMigrations | undefined; hash: number; types: { readonly country: { props: { readonly code: { readonly type: "string"; readonly maxBytes: 2; }; readonly name: { ...; }; readonly users: Omit<...> & { ...; }; }; }; read...'.

[7m341[0m       .include((t) => {
[7m   [0m [91m       ~~~~~~~[0m

[96mtest/edges/edgesReferences.ts[0m:[93m379[0m:[93m8[0m - [91merror[0m[90m TS2339: [0mProperty 'include' does not exist on type 'BasedQuery2<{ version?: string | undefined; defaultTimezone?: string | undefined; migrations?: SchemaMigrations | undefined; hash: number; types: { readonly country: { props: { readonly code: { readonly type: "string"; readonly maxBytes: 2; }; readonly name: { ...; }; readonly users: Omit<...> & { ...; }; }; }; read...'.

[7m379[0m       .include((t) => {
[7m   [0m [91m       ~~~~~~~[0m

[96mtest/edges/edgesReferences.ts[0m:[93m404[0m:[93m8[0m - [91merror[0m[90m TS2339: [0mProperty 'include' does not exist on type 'BasedQuery2<{ version?: string | undefined; defaultTimezone?: string | undefined; migrations?: SchemaMigrations | undefined; hash: number; types: { readonly country: { props: { readonly code: { readonly type: "string"; readonly maxBytes: 2; }; readonly name: { ...; }; readonly users: Omit<...> & { ...; }; }; }; read...'.

[7m404[0m       .include((t) => {
[7m   [0m [91m       ~~~~~~~[0m

[96mtest/edges/edgesReferences.ts[0m:[93m437[0m:[93m8[0m - [91merror[0m[90m TS2339: [0mProperty 'include' does not exist on type 'BasedQuery2<{ version?: string | undefined; defaultTimezone?: string | undefined; migrations?: SchemaMigrations | undefined; hash: number; types: { readonly country: { props: { readonly code: { readonly type: "string"; readonly maxBytes: 2; }; readonly name: { ...; }; readonly users: Omit<...> & { ...; }; }; }; read...'.

[7m437[0m       .include((s) => {
[7m   [0m [91m       ~~~~~~~[0m

[96mtest/edges/edgesReferences.ts[0m:[93m469[0m:[93m8[0m - [91merror[0m[90m TS2339: [0mProperty 'include' does not exist on type 'BasedQuery2<{ version?: string | undefined; defaultTimezone?: string | undefined; migrations?: SchemaMigrations | undefined; hash: number; types: { readonly country: { props: { readonly code: { readonly type: "string"; readonly maxBytes: 2; }; readonly name: { ...; }; readonly users: Omit<...> & { ...; }; }; }; read...'.

[7m469[0m       .include((s) => {
[7m   [0m [91m       ~~~~~~~[0m

[96mtest/edges/edgesReferences.ts[0m:[93m498[0m:[93m8[0m - [91merror[0m[90m TS2339: [0mProperty 'include' does not exist on type 'BasedQuery2<{ version?: string | undefined; defaultTimezone?: string | undefined; migrations?: SchemaMigrations | undefined; hash: number; types: { readonly country: { props: { readonly code: { readonly type: "string"; readonly maxBytes: 2; }; readonly name: { ...; }; readonly users: Omit<...> & { ...; }; }; }; read...'.

[7m498[0m       .include((s) => {
[7m   [0m [91m       ~~~~~~~[0m

[96mtest/edges/edgesReferences.ts[0m:[93m565[0m:[93m12[0m - [91merror[0m[90m TS2339: [0mProperty 'save' does not exist on type 'DbClient<{ version?: string | undefined; defaultTimezone?: string | undefined; migrations?: SchemaMigrations | undefined; hash: number; types: { readonly round: { props: { readonly name: { type: "alias"; }; readonly phases: { ...; }; }; }; readonly sequence: { ...; }; readonly scenario: { ...; }; readonly phase: { ....'.

[7m565[0m   await db.save()
[7m   [0m [91m           ~~~~[0m

[96mtest/edges/edgesReferences.ts[0m:[93m578[0m:[93m38[0m - [91merror[0m[90m TS2339: [0mProperty 'include' does not exist on type 'BasedQuery2<{ version?: string | undefined; defaultTimezone?: string | undefined; migrations?: SchemaMigrations | undefined; hash: number; types: { readonly round: { props: { readonly name: { type: "alias"; }; readonly phases: { ...; }; }; }; readonly sequence: { ...; }; readonly scenario: { ...; }; readonly phase: ...'.

[7m578[0m   deepEqual(await db.query2('phase').include('scenarios').get(), [
[7m   [0m [91m                                     ~~~~~~~[0m

[96mtest/edges/edgesReferences.ts[0m:[93m584[0m:[93m30[0m - [91merror[0m[90m TS2345: [0mArgument of type '{}' is not assignable to parameter of type 'StrictSchema<SchemaIn>'.

[7m584[0m   const db = await testDb(t, {})
[7m   [0m [91m                             ~~[0m

[96mtest/edges/edgesReferences.ts[0m:[93m613[0m:[93m38[0m - [91merror[0m[90m TS2339: [0mProperty 'include' does not exist on type 'BasedQuery2<{ version?: string | undefined; defaultTimezone?: string | undefined; migrations?: SchemaMigrations | undefined; hash: number; types: { [x: string]: { props: any; }; }; locales: Partial<...>; }, ... 5 more ..., undefined>'.

[7m613[0m   deepEqual(await db.query2('phase').include('scenarios').get(), [
[7m   [0m [91m                                     ~~~~~~~[0m

[96mtest/edges/edgesReferences.ts[0m:[93m625[0m:[93m38[0m - [91merror[0m[90m TS2339: [0mProperty 'include' does not exist on type 'BasedQuery2<{ version?: string | undefined; defaultTimezone?: string | undefined; migrations?: SchemaMigrations | undefined; hash: number; types: { [x: string]: { props: any; }; }; locales: Partial<...>; }, ... 5 more ..., undefined>'.

[7m625[0m   deepEqual(await db.query2('phase').include('scenarios').get(), [
[7m   [0m [91m                                     ~~~~~~~[0m

[96mtest/edges/edgeText.ts[0m:[93m39[0m:[93m44[0m - [91merror[0m[90m TS2339: [0mProperty 'include' does not exist on type 'BasedQuery2<{ version?: string | undefined; defaultTimezone?: string | undefined; migrations?: SchemaMigrations | undefined; hash: number; types: { readonly user: { props: { readonly bestFriend: { ...; } & { ...; }; readonly friends: Omit<...> & { ...; }; }; }; }; locales: Partial<...>; }, ... 5 more ..., undefined>'.

[7m39[0m   deepEqual(await db.query2('user', user2).include('**').get(), {
[7m  [0m [91m                                           ~~~~~~~[0m

[96mtest/edges/edgeText.ts[0m:[93m55[0m:[93m44[0m - [91merror[0m[90m TS2339: [0mProperty 'include' does not exist on type 'BasedQuery2<{ version?: string | undefined; defaultTimezone?: string | undefined; migrations?: SchemaMigrations | undefined; hash: number; types: { readonly user: { props: { readonly bestFriend: { ...; } & { ...; }; readonly friends: Omit<...> & { ...; }; }; }; }; locales: Partial<...>; }, ... 5 more ..., undefined>'.

[7m55[0m   deepEqual(await db.query2('user', user1).include('**').get(), {
[7m  [0m [91m                                           ~~~~~~~[0m

[96mtest/edges/edgeText.ts[0m:[93m60[0m:[93m44[0m - [91merror[0m[90m TS2339: [0mProperty 'include' does not exist on type 'BasedQuery2<{ version?: string | undefined; defaultTimezone?: string | undefined; migrations?: SchemaMigrations | undefined; hash: number; types: { readonly user: { props: { readonly bestFriend: { ...; } & { ...; }; readonly friends: Omit<...> & { ...; }; }; }; }; locales: Partial<...>; }, ... 5 more ..., undefined>'.

[7m60[0m   deepEqual(await db.query2('user', user3).include('**').get(), {
[7m  [0m [91m                                           ~~~~~~~[0m

[96mtest/edges/edgeText.ts[0m:[93m73[0m:[93m38[0m - [91merror[0m[90m TS2322: [0mType '{ update: { id: number; $index: number; }[]; }' is not assignable to type '{ add?: (number | BasedModify<never> | { id: number | BasedModify<never>; $x?: string | Partial<Record<"en" | "it", string>> | undefined; })[] | undefined; update?: (number | ... 1 more ... | { ...; })[] | undefined; delete?: (number | BasedModify<...>)[] | undefined; } | (number | ... 1 more ... | { ...; })[] | nul...'.
  Types of property 'update' are incompatible.
    Type '{ id: number; $index: number; }[]' is not assignable to type '(number | BasedModify<never> | { id: number | BasedModify<never>; $x?: string | Partial<Record<"en" | "it", string>> | undefined; })[]'.
      Object literal may only specify known properties, and '$index' does not exist in type 'BasedModify<never> | { id: number | BasedModify<never>; $x?: string | Partial<Record<"en" | "it", string>> | undefined; }'.

[7m73[0m     friends: { update: [{ id: user2, $index: 0 }] },
[7m  [0m [91m                                     ~~~~~~[0m

  [96mtest/edges/edgeText.ts[0m:[93m20[0m:[93m11[0m
    [7m 20[0m           friends: {
    [7m   [0m [96m          ~~~~~~~~~~[0m
    [7m 21[0m             items: {
    [7m   [0m [96m~~~~~~~~~~~~~~~~~~~~[0m
    [7m...[0m 
    [7m 25[0m             },
    [7m   [0m [96m~~~~~~~~~~~~~~[0m
    [7m 26[0m           },
    [7m   [0m [96m~~~~~~~~~~~[0m
    The expected type comes from property 'friends' which is declared here on type '{ bestFriend?: number | BasedModify<never> | { id: number | BasedModify<never>; $x?: string | Partial<Record<"en" | "it", string>> | undefined; } | null | undefined; friends?: { ...; } | ... 2 more ... | undefined; }'

[96mtest/edges/edgeText.ts[0m:[93m75[0m:[93m44[0m - [91merror[0m[90m TS2339: [0mProperty 'include' does not exist on type 'BasedQuery2<{ version?: string | undefined; defaultTimezone?: string | undefined; migrations?: SchemaMigrations | undefined; hash: number; types: { readonly user: { props: { readonly bestFriend: { ...; } & { ...; }; readonly friends: Omit<...> & { ...; }; }; }; }; locales: Partial<...>; }, ... 5 more ..., undefined>'.

[7m75[0m   deepEqual(await db.query2('user', user3).include('**').get(), {
[7m  [0m [91m                                           ~~~~~~~[0m

[96mtest/edges/edgeType.ts[0m:[93m92[0m:[93m6[0m - [91merror[0m[90m TS2339: [0mProperty 'include' does not exist on type 'BasedQuery2<{ version?: string | undefined; defaultTimezone?: string | undefined; migrations?: SchemaMigrations | undefined; hash: number; types: { readonly workspace: { props: { readonly name: { type: "string"; }; readonly serviceAccounts: { ...; }; }; }; readonly serviceAccount: { ...; }; }; locales: Partial<...>;...'.

[7m92[0m     .include(
[7m  [0m [91m     ~~~~~~~[0m

[96mtest/enum.ts[0m:[93m34[0m:[93m41[0m - [91merror[0m[90m TS2339: [0mProperty 'include' does not exist on type 'BasedQuery2<{ version?: string | undefined; defaultTimezone?: string | undefined; migrations?: SchemaMigrations | undefined; hash: number; types: { readonly user: { props: { readonly fancyness: { ...; } & { ...; }; }; }; }; locales: Partial<...>; }, ... 5 more ..., undefined>'.

[7m34[0m   deepEqual(await client.query2('user').include('fancyness').get(), [
[7m  [0m [91m                                        ~~~~~~~[0m

[96mtest/enum.ts[0m:[93m44[0m:[93m8[0m - [91merror[0m[90m TS2339: [0mProperty 'include' does not exist on type 'BasedQuery2<{ version?: string | undefined; defaultTimezone?: string | undefined; migrations?: SchemaMigrations | undefined; hash: number; types: { readonly user: { props: { readonly fancyness: { ...; } & { ...; }; }; }; }; locales: Partial<...>; }, ... 5 more ..., undefined>'.

[7m44[0m       .include('fancyness')
[7m  [0m [91m       ~~~~~~~[0m

[96mtest/enum.ts[0m:[93m57[0m:[93m41[0m - [91merror[0m[90m TS2339: [0mProperty 'include' does not exist on type 'BasedQuery2<{ version?: string | undefined; defaultTimezone?: string | undefined; migrations?: SchemaMigrations | undefined; hash: number; types: { readonly user: { props: { readonly fancyness: { ...; } & { ...; }; }; }; }; locales: Partial<...>; }, ... 5 more ..., undefined>'.

[7m57[0m   deepEqual(await client.query2('user').include('fancyness').get(), [
[7m  [0m [91m                                        ~~~~~~~[0m

[96mtest/enum.ts[0m:[93m70[0m:[93m7[0m - [91merror[0m[90m TS2322: [0mType 'number' is not assignable to type '"fire" | "mid" | "beta" | null | undefined'.

[7m70[0m       fancyness: 3,
[7m  [0m [91m      ~~~~~~~~~[0m

  [96mtest/enum.ts[0m:[93m10[0m:[93m11[0m
    [7m 10[0m           fancyness: {
    [7m   [0m [96m          ~~~~~~~~~~~~[0m
    [7m 11[0m             type: 'enum',
    [7m   [0m [96m~~~~~~~~~~~~~~~~~~~~~~~~~[0m
    [7m...[0m 
    [7m 13[0m             default: 'fire',
    [7m   [0m [96m~~~~~~~~~~~~~~~~~~~~~~~~~~~~[0m
    [7m 14[0m           },
    [7m   [0m [96m~~~~~~~~~~~[0m
    The expected type comes from property 'fancyness' which is declared here on type '{ fancyness?: "fire" | "mid" | "beta" | null | undefined; }'

[96mtest/enum.ts[0m:[93m75[0m:[93m7[0m - [91merror[0m[90m TS2322: [0mType '"fond"' is not assignable to type '"fire" | "mid" | "beta" | null | undefined'.

[7m75[0m       fancyness: 'fond',
[7m  [0m [91m      ~~~~~~~~~[0m

  [96mtest/enum.ts[0m:[93m10[0m:[93m11[0m
    [7m 10[0m           fancyness: {
    [7m   [0m [96m          ~~~~~~~~~~~~[0m
    [7m 11[0m             type: 'enum',
    [7m   [0m [96m~~~~~~~~~~~~~~~~~~~~~~~~~[0m
    [7m...[0m 
    [7m 13[0m             default: 'fire',
    [7m   [0m [96m~~~~~~~~~~~~~~~~~~~~~~~~~~~~[0m
    [7m 14[0m           },
    [7m   [0m [96m~~~~~~~~~~~[0m
    The expected type comes from property 'fancyness' which is declared here on type '{ fancyness?: "fire" | "mid" | "beta" | null | undefined; }'

[96mtest/enum.ts[0m:[93m79[0m:[93m41[0m - [91merror[0m[90m TS2339: [0mProperty 'include' does not exist on type 'BasedQuery2<{ version?: string | undefined; defaultTimezone?: string | undefined; migrations?: SchemaMigrations | undefined; hash: number; types: { readonly user: { props: { readonly fancyness: { ...; } & { ...; }; }; }; }; locales: Partial<...>; }, ... 5 more ..., undefined>'.

[7m79[0m   deepEqual(await client.query2('user').include('fancyness').get(), [
[7m  [0m [91m                                        ~~~~~~~[0m

[96mtest/enum.ts[0m:[93m105[0m:[93m43[0m - [91merror[0m[90m TS2339: [0mProperty 'include' does not exist on type 'BasedQuery2<{ version?: string | undefined; defaultTimezone?: string | undefined; migrations?: SchemaMigrations | undefined; hash: number; types: { readonly review: { props: { readonly score: { readonly type: "enum"; readonly enum: [...]; readonly default: "😐"; } & { ...; }; }; }; }; locales: Partial<...>; }, ... 5...'.

[7m105[0m   deepEqual(await client.query2('review').include('score').get(), [
[7m   [0m [91m                                          ~~~~~~~[0m

[96mtest/enum.ts[0m:[93m119[0m:[93m35[0m - [91merror[0m[90m TS2339: [0mProperty 'include' does not exist on type 'BasedQuery2<{ version?: string | undefined; defaultTimezone?: string | undefined; migrations?: SchemaMigrations | undefined; hash: number; types: { readonly review: { props: { readonly score: { readonly type: "enum"; readonly enum: [...]; readonly default: "😐"; } & { ...; }; }; }; }; locales: Partial<...>; }, ... 5...'.

[7m119[0m     await client.query2('review').include('score').sort('score', 'desc').get(),
[7m   [0m [91m                                  ~~~~~~~[0m

[96mtest/errors.ts[0m:[93m23[0m:[93m33[0m - [91merror[0m[90m TS2339: [0mProperty 'include' does not exist on type 'BasedQuery2<{ version?: string | undefined; defaultTimezone?: string | undefined; migrations?: SchemaMigrations | undefined; hash: number; types: { readonly user: { props: { readonly friends: Omit<{ ...; }, "items"> & { ...; }; }; }; }; locales: Partial<...>; }, ... 5 more ..., undefined>'.

[7m23[0m   equal(await db.query2('user').include('friends').get(), [
[7m  [0m [91m                                ~~~~~~~[0m

[96mtest/errors.ts[0m:[93m47[0m:[93m33[0m - [91merror[0m[90m TS2339: [0mProperty 'include' does not exist on type 'BasedQuery2<{ version?: string | undefined; defaultTimezone?: string | undefined; migrations?: SchemaMigrations | undefined; hash: number; types: { readonly user: { props: { readonly friend: { readonly ref: "user"; readonly prop: "friend"; } & { ...; }; }; }; }; locales: Partial<...>; }, ... 5 more ..., undefined>'.

[7m47[0m   equal(await db.query2('user').include('friend').get(), [
[7m  [0m [91m                                ~~~~~~~[0m

[96mtest/exists.ts[0m:[93m32[0m:[93m37[0m - [91merror[0m[90m TS2339: [0mProperty 'filter' does not exist on type 'BasedQuery2<{ version?: string | undefined; defaultTimezone?: string | undefined; migrations?: SchemaMigrations | undefined; hash: number; types: { readonly user: { props: { readonly name: { type: "string"; }; readonly friend: { ...; } & { ...; }; readonly friends: Omit<...> & { ...; }; }; }; }; locales: Partial<......'.

[7m32[0m   deepEqual(await db.query2('user').filter('name', 'exists').get(), [
[7m  [0m [91m                                    ~~~~~~[0m

[96mtest/exists.ts[0m:[93m39[0m:[93m37[0m - [91merror[0m[90m TS2339: [0mProperty 'filter' does not exist on type 'BasedQuery2<{ version?: string | undefined; defaultTimezone?: string | undefined; migrations?: SchemaMigrations | undefined; hash: number; types: { readonly user: { props: { readonly name: { type: "string"; }; readonly friend: { ...; } & { ...; }; readonly friends: Omit<...> & { ...; }; }; }; }; locales: Partial<......'.

[7m39[0m   deepEqual(await db.query2('user').filter('name', '!exists').get(), [
[7m  [0m [91m                                    ~~~~~~[0m

[96mtest/exists.ts[0m:[93m46[0m:[93m37[0m - [91merror[0m[90m TS2339: [0mProperty 'filter' does not exist on type 'BasedQuery2<{ version?: string | undefined; defaultTimezone?: string | undefined; migrations?: SchemaMigrations | undefined; hash: number; types: { readonly user: { props: { readonly name: { type: "string"; }; readonly friend: { ...; } & { ...; }; readonly friends: Omit<...> & { ...; }; }; }; }; locales: Partial<......'.

[7m46[0m   deepEqual(await db.query2('user').filter('friend', '!exists').get(), [
[7m  [0m [91m                                    ~~~~~~[0m

[96mtest/exists.ts[0m:[93m57[0m:[93m37[0m - [91merror[0m[90m TS2339: [0mProperty 'filter' does not exist on type 'BasedQuery2<{ version?: string | undefined; defaultTimezone?: string | undefined; migrations?: SchemaMigrations | undefined; hash: number; types: { readonly user: { props: { readonly name: { type: "string"; }; readonly friend: { ...; } & { ...; }; readonly friends: Omit<...> & { ...; }; }; }; }; locales: Partial<......'.

[7m57[0m   deepEqual(await db.query2('user').filter('friends', '!exists').get(), [
[7m  [0m [91m                                    ~~~~~~[0m

[96mtest/exists.ts[0m:[93m70[0m:[93m37[0m - [91merror[0m[90m TS2339: [0mProperty 'filter' does not exist on type 'BasedQuery2<{ version?: string | undefined; defaultTimezone?: string | undefined; migrations?: SchemaMigrations | undefined; hash: number; types: { readonly user: { props: { readonly name: { type: "string"; }; readonly friend: { ...; } & { ...; }; readonly friends: Omit<...> & { ...; }; }; }; }; locales: Partial<......'.

[7m70[0m   deepEqual(await db.query2('user').filter('friends', 'exists').get(), [
[7m  [0m [91m                                    ~~~~~~[0m

[96mtest/exists.ts[0m:[93m83[0m:[93m37[0m - [91merror[0m[90m TS2339: [0mProperty 'filter' does not exist on type 'BasedQuery2<{ version?: string | undefined; defaultTimezone?: string | undefined; migrations?: SchemaMigrations | undefined; hash: number; types: { readonly user: { props: { readonly name: { type: "string"; }; readonly friend: { ...; } & { ...; }; readonly friends: Omit<...> & { ...; }; }; }; }; locales: Partial<......'.

[7m83[0m   deepEqual(await db.query2('user').filter('friends', 'exists').get(), [])
[7m  [0m [91m                                    ~~~~~~[0m

[96mtest/exists.ts[0m:[93m94[0m:[93m37[0m - [91merror[0m[90m TS2339: [0mProperty 'filter' does not exist on type 'BasedQuery2<{ version?: string | undefined; defaultTimezone?: string | undefined; migrations?: SchemaMigrations | undefined; hash: number; types: { readonly user: { props: { readonly name: { type: "string"; }; readonly friend: { ...; } & { ...; }; readonly friends: Omit<...> & { ...; }; }; }; }; locales: Partial<......'.

[7m94[0m   deepEqual(await db.query2('user').filter('friends', '!exists').get(), [
[7m  [0m [91m                                    ~~~~~~[0m

[96mtest/exists.ts[0m:[93m134[0m:[93m8[0m - [91merror[0m[90m TS2339: [0mProperty 'include' does not exist on type 'BasedQuery2<{ version?: string | undefined; defaultTimezone?: string | undefined; migrations?: SchemaMigrations | undefined; hash: number; types: { readonly user: { props: { readonly name: { type: "string"; }; readonly derp: { ...; }; readonly start: { ...; }; readonly friends: Omit<...> & { ...; }; }; }; }; locales...'.

[7m134[0m       .include('name')
[7m   [0m [91m       ~~~~~~~[0m

[96mtest/exists.ts[0m:[93m145[0m:[93m8[0m - [91merror[0m[90m TS2339: [0mProperty 'include' does not exist on type 'BasedQuery2<{ version?: string | undefined; defaultTimezone?: string | undefined; migrations?: SchemaMigrations | undefined; hash: number; types: { readonly user: { props: { readonly name: { type: "string"; }; readonly derp: { ...; }; readonly start: { ...; }; readonly friends: Omit<...> & { ...; }; }; }; }; locales...'.

[7m145[0m       .include('name')
[7m   [0m [91m       ~~~~~~~[0m

[96mtest/exists.ts[0m:[93m154[0m:[93m29[0m - [91merror[0m[90m TS2339: [0mProperty 'include' does not exist on type 'BasedQuery2<{ version?: string | undefined; defaultTimezone?: string | undefined; migrations?: SchemaMigrations | undefined; hash: number; types: { readonly user: { props: { readonly name: { type: "string"; }; readonly derp: { ...; }; readonly start: { ...; }; readonly friends: Omit<...> & { ...; }; }; }; }; locales...'.

[7m154[0m     await db.query2('user').include('name').filter('friends', '!exists').get(),
[7m   [0m [91m                            ~~~~~~~[0m

[96mtest/expire.ts[0m:[93m40[0m:[93m10[0m - [91merror[0m[90m TS2339: [0mProperty 'expire' does not exist on type 'DbClientClass<{ version?: string | undefined; defaultTimezone?: string | undefined; migrations?: SchemaMigrations | undefined; hash: number; types: { readonly token: { props: { readonly name: { type: "string"; }; readonly user: { ...; } & { ...; }; }; }; readonly user: { ...; }; }; locales: Partial<...>; }>'.

[7m40[0m   client.expire('token', token1, 1)
[7m  [0m [91m         ~~~~~~[0m

[96mtest/expire.ts[0m:[93m50[0m:[93m16[0m - [91merror[0m[90m TS2339: [0mProperty 'expire' does not exist on type 'DbClientClass<{ version?: string | undefined; defaultTimezone?: string | undefined; migrations?: SchemaMigrations | undefined; hash: number; types: { readonly token: { props: { readonly name: { type: "string"; }; readonly user: { ...; } & { ...; }; }; }; readonly user: { ...; }; }; locales: Partial<...>; }>'.

[7m50[0m   await client.expire('token', token2, 1)
[7m  [0m [91m               ~~~~~~[0m

[96mtest/expire.ts[0m:[93m92[0m:[93m16[0m - [91merror[0m[90m TS2339: [0mProperty 'expire' does not exist on type 'DbClientClass<{ version?: string | undefined; defaultTimezone?: string | undefined; migrations?: SchemaMigrations | undefined; hash: number; types: { readonly user: { props: { readonly name: { type: "string"; }; }; }; }; locales: Partial<...>; }>'.

[7m92[0m   await client.expire('user', id1, 1)
[7m  [0m [91m               ~~~~~~[0m

[96mtest/expire.ts[0m:[93m94[0m:[93m16[0m - [91merror[0m[90m TS2339: [0mProperty 'expire' does not exist on type 'DbClientClass<{ version?: string | undefined; defaultTimezone?: string | undefined; migrations?: SchemaMigrations | undefined; hash: number; types: { readonly user: { props: { readonly name: { type: "string"; }; }; }; }; locales: Partial<...>; }>'.

[7m94[0m   await client.expire('user', id1, 3)
[7m  [0m [91m               ~~~~~~[0m

[96mtest/filter/api.ts[0m:[93m33[0m:[93m8[0m - [91merror[0m[90m TS2339: [0mProperty 'include' does not exist on type 'BasedQuery2<{ version?: string | undefined; defaultTimezone?: string | undefined; migrations?: SchemaMigrations | undefined; hash: number; types: { readonly user: { props: { readonly bestFriend: { ...; } & { ...; }; readonly friends: Omit<...> & { ...; }; }; }; }; locales: Partial<...>; }, ... 5 more ..., undefined>'.

[7m33[0m       .include('friends')
[7m  [0m [91m       ~~~~~~~[0m

[96mtest/filter/api.ts[0m:[93m46[0m:[93m8[0m - [91merror[0m[90m TS2339: [0mProperty 'include' does not exist on type 'BasedQuery2<{ version?: string | undefined; defaultTimezone?: string | undefined; migrations?: SchemaMigrations | undefined; hash: number; types: { readonly user: { props: { readonly bestFriend: { ...; } & { ...; }; readonly friends: Omit<...> & { ...; }; }; }; }; locales: Partial<...>; }, ... 5 more ..., undefined>'.

[7m46[0m       .include('friends')
[7m  [0m [91m       ~~~~~~~[0m

[96mtest/filter/api.ts[0m:[93m58[0m:[93m29[0m - [91merror[0m[90m TS2339: [0mProperty 'filter' does not exist on type 'BasedQuery2<{ version?: string | undefined; defaultTimezone?: string | undefined; migrations?: SchemaMigrations | undefined; hash: number; types: { readonly user: { props: { readonly bestFriend: { ...; } & { ...; }; readonly friends: Omit<...> & { ...; }; }; }; }; locales: Partial<...>; }, ... 5 more ..., undefined>'.

[7m58[0m     await db.query2('user').filter('bestFriend', '=', { id: 9 }).get(),
[7m  [0m [91m                            ~~~~~~[0m

[96mtest/filter/api.ts[0m:[93m70[0m:[93m8[0m - [91merror[0m[90m TS2339: [0mProperty 'filter' does not exist on type 'BasedQuery2<{ version?: string | undefined; defaultTimezone?: string | undefined; migrations?: SchemaMigrations | undefined; hash: number; types: { readonly user: { props: { readonly bestFriend: { ...; } & { ...; }; readonly friends: Omit<...> & { ...; }; }; }; }; locales: Partial<...>; }, ... 5 more ..., undefined>'.

[7m70[0m       .filter('bestFriend', '=', [{ id: 9 }, { id: 10 }])
[7m  [0m [91m       ~~~~~~[0m

[96mtest/filter/edges.ts[0m:[93m55[0m:[93m8[0m - [91merror[0m[90m TS2339: [0mProperty 'include' does not exist on type 'BasedQuery2<{ version?: string | undefined; defaultTimezone?: string | undefined; migrations?: SchemaMigrations | undefined; hash: number; types: { readonly team: { props: { readonly name: { type: "string"; }; readonly files: { ...; }; }; }; readonly libraryFile: { ...; }; }; locales: Partial<...>; }, ... 5 more ......'.

[7m55[0m       .include((q) =>
[7m  [0m [91m       ~~~~~~~[0m

[96mtest/filter/edges.ts[0m:[93m73[0m:[93m8[0m - [91merror[0m[90m TS2339: [0mProperty 'filter' does not exist on type 'BasedQuery2<{ version?: string | undefined; defaultTimezone?: string | undefined; migrations?: SchemaMigrations | undefined; hash: number; types: { readonly team: { props: { readonly name: { type: "string"; }; readonly files: { ...; }; }; }; readonly libraryFile: { ...; }; }; locales: Partial<...>; }, ... 5 more ......'.

[7m73[0m       .filter('files', 'exists')
[7m  [0m [91m       ~~~~~~[0m

[96mtest/filter/filter.ts[0m:[93m44[0m:[93m36[0m - [91merror[0m[90m TS2339: [0mProperty 'filter' does not exist on type 'BasedQuery2<{ version?: string | undefined; defaultTimezone?: string | undefined; migrations?: SchemaMigrations | undefined; hash: number; types: { readonly org: { props: { readonly status: { type: "enum"; enum: string[]; }; readonly name: { ...; }; readonly x: { ...; }; readonly orgs: Omit<...> & { ...; }; readonly...'.

[7m44[0m   deepEqual(await db.query2('org').filter('x', '=', x).get(), [
[7m  [0m [91m                                   ~~~~~~[0m

[96mtest/filter/filter.ts[0m:[93m52[0m:[93m36[0m - [91merror[0m[90m TS2339: [0mProperty 'filter' does not exist on type 'BasedQuery2<{ version?: string | undefined; defaultTimezone?: string | undefined; migrations?: SchemaMigrations | undefined; hash: number; types: { readonly org: { props: { readonly status: { type: "enum"; enum: string[]; }; readonly name: { ...; }; readonly x: { ...; }; readonly orgs: Omit<...> & { ...; }; readonly...'.

[7m52[0m   deepEqual(await db.query2('org').filter('orgs', '=', [org, org2]).get(), [
[7m  [0m [91m                                   ~~~~~~[0m

[96mtest/filter/filter.ts[0m:[93m60[0m:[93m36[0m - [91merror[0m[90m TS2339: [0mProperty 'filter' does not exist on type 'BasedQuery2<{ version?: string | undefined; defaultTimezone?: string | undefined; migrations?: SchemaMigrations | undefined; hash: number; types: { readonly org: { props: { readonly status: { type: "enum"; enum: string[]; }; readonly name: { ...; }; readonly x: { ...; }; readonly orgs: Omit<...> & { ...; }; readonly...'.

[7m60[0m   deepEqual(await db.query2('org').filter('status', '=', 'error').get(), [])
[7m  [0m [91m                                   ~~~~~~[0m

[96mtest/filter/filter.ts[0m:[93m61[0m:[93m36[0m - [91merror[0m[90m TS2339: [0mProperty 'filter' does not exist on type 'BasedQuery2<{ version?: string | undefined; defaultTimezone?: string | undefined; migrations?: SchemaMigrations | undefined; hash: number; types: { readonly org: { props: { readonly status: { type: "enum"; enum: string[]; }; readonly name: { ...; }; readonly x: { ...; }; readonly orgs: Omit<...> & { ...; }; readonly...'.

[7m61[0m   deepEqual(await db.query2('org').filter('status', '=', 'ok').get(), [
[7m  [0m [91m                                   ~~~~~~[0m

[96mtest/filter/filter.ts[0m:[93m75[0m:[93m36[0m - [91merror[0m[90m TS2339: [0mProperty 'filter' does not exist on type 'BasedQuery2<{ version?: string | undefined; defaultTimezone?: string | undefined; migrations?: SchemaMigrations | undefined; hash: number; types: { readonly org: { props: { readonly status: { type: "enum"; enum: string[]; }; readonly name: { ...; }; readonly x: { ...; }; readonly orgs: Omit<...> & { ...; }; readonly...'.

[7m75[0m   deepEqual(await db.query2('org').filter('name', 'includes', '0').get(), [])
[7m  [0m [91m                                   ~~~~~~[0m

[96mtest/filter/filter.ts[0m:[93m76[0m:[93m36[0m - [91merror[0m[90m TS2339: [0mProperty 'filter' does not exist on type 'BasedQuery2<{ version?: string | undefined; defaultTimezone?: string | undefined; migrations?: SchemaMigrations | undefined; hash: number; types: { readonly org: { props: { readonly status: { type: "enum"; enum: string[]; }; readonly name: { ...; }; readonly x: { ...; }; readonly orgs: Omit<...> & { ...; }; readonly...'.

[7m76[0m   deepEqual(await db.query2('org').filter('name', 'includes', 'hello').get(), [
[7m  [0m [91m                                   ~~~~~~[0m

[96mtest/filter/filter.ts[0m:[93m187[0m:[93m33[0m - [91merror[0m[90m TS2339: [0mProperty 'filter' does not exist on type 'BasedQuery2<{ version?: string | undefined; defaultTimezone?: string | undefined; migrations?: SchemaMigrations | undefined; hash: number; types: { readonly org: { props: { readonly name: { type: "string"; }; readonly type: { ...; }; readonly envs: Omit<...> & { ...; }; }; }; readonly env: { ...; }; readonly machine...'.

[7m187[0m     (await db.query2('machine').filter('lastPing', '=', x).get()).length,
[7m   [0m [91m                                ~~~~~~[0m

[96mtest/filter/filter.ts[0m:[93m211[0m:[93m10[0m - [91merror[0m[90m TS2339: [0mProperty 'include' does not exist on type 'BasedQuery2<{ version?: string | undefined; defaultTimezone?: string | undefined; migrations?: SchemaMigrations | undefined; hash: number; types: { readonly org: { props: { readonly name: { type: "string"; }; readonly type: { ...; }; readonly envs: Omit<...> & { ...; }; }; }; readonly env: { ...; }; readonly machine...'.

[7m211[0m         .include('*')
[7m   [0m [91m         ~~~~~~~[0m

[96mtest/filter/filter.ts[0m:[93m238[0m:[93m10[0m - [91merror[0m[90m TS2339: [0mProperty 'include' does not exist on type 'BasedQuery2<{ version?: string | undefined; defaultTimezone?: string | undefined; migrations?: SchemaMigrations | undefined; hash: number; types: { readonly org: { props: { readonly name: { type: "string"; }; readonly type: { ...; }; readonly envs: Omit<...> & { ...; }; }; }; readonly env: { ...; }; readonly machine...'.

[7m238[0m         .include('*')
[7m   [0m [91m         ~~~~~~~[0m

[96mtest/filter/filter.ts[0m:[93m257[0m:[93m10[0m - [91merror[0m[90m TS2339: [0mProperty 'include' does not exist on type 'BasedQuery2<{ version?: string | undefined; defaultTimezone?: string | undefined; migrations?: SchemaMigrations | undefined; hash: number; types: { readonly org: { props: { readonly name: { type: "string"; }; readonly type: { ...; }; readonly envs: Omit<...> & { ...; }; }; }; readonly env: { ...; }; readonly machine...'.

[7m257[0m         .include('*')
[7m   [0m [91m         ~~~~~~~[0m

[96mtest/filter/filter.ts[0m:[93m268[0m:[93m10[0m - [91merror[0m[90m TS2339: [0mProperty 'include' does not exist on type 'BasedQuery2<{ version?: string | undefined; defaultTimezone?: string | undefined; migrations?: SchemaMigrations | undefined; hash: number; types: { readonly org: { props: { readonly name: { type: "string"; }; readonly type: { ...; }; readonly envs: Omit<...> & { ...; }; }; }; readonly env: { ...; }; readonly machine...'.

[7m268[0m         .include('*')
[7m   [0m [91m         ~~~~~~~[0m

[96mtest/filter/filter.ts[0m:[93m279[0m:[93m10[0m - [91merror[0m[90m TS2339: [0mProperty 'include' does not exist on type 'BasedQuery2<{ version?: string | undefined; defaultTimezone?: string | undefined; migrations?: SchemaMigrations | undefined; hash: number; types: { readonly org: { props: { readonly name: { type: "string"; }; readonly type: { ...; }; readonly envs: Omit<...> & { ...; }; }; }; readonly env: { ...; }; readonly machine...'.

[7m279[0m         .include('*')
[7m   [0m [91m         ~~~~~~~[0m

[96mtest/filter/filter.ts[0m:[93m291[0m:[93m10[0m - [91merror[0m[90m TS2339: [0mProperty 'include' does not exist on type 'BasedQuery2<{ version?: string | undefined; defaultTimezone?: string | undefined; migrations?: SchemaMigrations | undefined; hash: number; types: { readonly org: { props: { readonly name: { type: "string"; }; readonly type: { ...; }; readonly envs: Omit<...> & { ...; }; }; }; readonly env: { ...; }; readonly machine...'.

[7m291[0m         .include('*')
[7m   [0m [91m         ~~~~~~~[0m

[96mtest/filter/filter.ts[0m:[93m302[0m:[93m10[0m - [91merror[0m[90m TS2339: [0mProperty 'include' does not exist on type 'BasedQuery2<{ version?: string | undefined; defaultTimezone?: string | undefined; migrations?: SchemaMigrations | undefined; hash: number; types: { readonly org: { props: { readonly name: { type: "string"; }; readonly type: { ...; }; readonly envs: Omit<...> & { ...; }; }; }; readonly env: { ...; }; readonly machine...'.

[7m302[0m         .include('*')
[7m   [0m [91m         ~~~~~~~[0m

[96mtest/filter/filter.ts[0m:[93m313[0m:[93m10[0m - [91merror[0m[90m TS2339: [0mProperty 'include' does not exist on type 'BasedQuery2<{ version?: string | undefined; defaultTimezone?: string | undefined; migrations?: SchemaMigrations | undefined; hash: number; types: { readonly org: { props: { readonly name: { type: "string"; }; readonly type: { ...; }; readonly envs: Omit<...> & { ...; }; }; }; readonly env: { ...; }; readonly machine...'.

[7m313[0m         .include('*')
[7m   [0m [91m         ~~~~~~~[0m

[96mtest/filter/filter.ts[0m:[93m326[0m:[93m10[0m - [91merror[0m[90m TS2339: [0mProperty 'include' does not exist on type 'BasedQuery2<{ version?: string | undefined; defaultTimezone?: string | undefined; migrations?: SchemaMigrations | undefined; hash: number; types: { readonly org: { props: { readonly name: { type: "string"; }; readonly type: { ...; }; readonly envs: Omit<...> & { ...; }; }; }; readonly env: { ...; }; readonly machine...'.

[7m326[0m         .include('*')
[7m   [0m [91m         ~~~~~~~[0m

[96mtest/filter/filter.ts[0m:[93m339[0m:[93m10[0m - [91merror[0m[90m TS2339: [0mProperty 'include' does not exist on type 'BasedQuery2<{ version?: string | undefined; defaultTimezone?: string | undefined; migrations?: SchemaMigrations | undefined; hash: number; types: { readonly org: { props: { readonly name: { type: "string"; }; readonly type: { ...; }; readonly envs: Omit<...> & { ...; }; }; }; readonly env: { ...; }; readonly machine...'.

[7m339[0m         .include('*')
[7m   [0m [91m         ~~~~~~~[0m

[96mtest/filter/filter.ts[0m:[93m351[0m:[93m8[0m - [91merror[0m[90m TS2339: [0mProperty 'include' does not exist on type 'BasedQuery2<{ version?: string | undefined; defaultTimezone?: string | undefined; migrations?: SchemaMigrations | undefined; hash: number; types: { readonly org: { props: { readonly name: { type: "string"; }; readonly type: { ...; }; readonly envs: Omit<...> & { ...; }; }; }; readonly env: { ...; }; readonly machine...'.

[7m351[0m       .include('id')
[7m   [0m [91m       ~~~~~~~[0m

[96mtest/filter/filter.ts[0m:[93m373[0m:[93m8[0m - [91merror[0m[90m TS2339: [0mProperty 'include' does not exist on type 'BasedQuery2<{ version?: string | undefined; defaultTimezone?: string | undefined; migrations?: SchemaMigrations | undefined; hash: number; types: { readonly org: { props: { readonly name: { type: "string"; }; readonly type: { ...; }; readonly envs: Omit<...> & { ...; }; }; }; readonly env: { ...; }; readonly machine...'.

[7m373[0m       .include('id')
[7m   [0m [91m       ~~~~~~~[0m

[96mtest/filter/filter.ts[0m:[93m409[0m:[93m28[0m - [91merror[0m[90m TS2339: [0mProperty 'filter' does not exist on type 'BasedQuery2<{ version?: string | undefined; defaultTimezone?: string | undefined; migrations?: SchemaMigrations | undefined; hash: number; types: { readonly org: { props: { readonly name: { type: "string"; }; readonly type: { ...; }; readonly envs: Omit<...> & { ...; }; }; }; readonly env: { ...; }; readonly machine...'.

[7m409[0m     await db.query2('env').filter('machines', '<', 10).get(),
[7m   [0m [91m                           ~~~~~~[0m

[96mtest/filter/filter.ts[0m:[93m428[0m:[93m28[0m - [91merror[0m[90m TS2339: [0mProperty 'filter' does not exist on type 'BasedQuery2<{ version?: string | undefined; defaultTimezone?: string | undefined; migrations?: SchemaMigrations | undefined; hash: number; types: { readonly org: { props: { readonly name: { type: "string"; }; readonly type: { ...; }; readonly envs: Omit<...> & { ...; }; }; }; readonly env: { ...; }; readonly machine...'.

[7m428[0m     await db.query2('env').filter('machines', '=', ids).get(),
[7m   [0m [91m                           ~~~~~~[0m

[96mtest/filter/filter.ts[0m:[93m443[0m:[93m8[0m - [91merror[0m[90m TS2339: [0mProperty 'include' does not exist on type 'BasedQuery2<{ version?: string | undefined; defaultTimezone?: string | undefined; migrations?: SchemaMigrations | undefined; hash: number; types: { readonly org: { props: { readonly name: { type: "string"; }; readonly type: { ...; }; readonly envs: Omit<...> & { ...; }; }; }; readonly env: { ...; }; readonly machine...'.

[7m443[0m       .include('env', '*')
[7m   [0m [91m       ~~~~~~~[0m

[96mtest/filter/filter.ts[0m:[93m490[0m:[93m8[0m - [91merror[0m[90m TS2339: [0mProperty 'filter' does not exist on type 'BasedQuery2<{ version?: string | undefined; defaultTimezone?: string | undefined; migrations?: SchemaMigrations | undefined; hash: number; types: { readonly org: { props: { readonly name: { type: "string"; }; readonly type: { ...; }; readonly envs: Omit<...> & { ...; }; }; }; readonly env: { ...; }; readonly machine...'.

[7m490[0m       .filter('status', '=', '🦄')
[7m   [0m [91m       ~~~~~~[0m

[96mtest/filter/filter.ts[0m:[93m501[0m:[93m36[0m - [91merror[0m[90m TS2339: [0mProperty 'filter' does not exist on type 'BasedQuery2<{ version?: string | undefined; defaultTimezone?: string | undefined; migrations?: SchemaMigrations | undefined; hash: number; types: { readonly org: { props: { readonly name: { type: "string"; }; readonly type: { ...; }; readonly envs: Omit<...> & { ...; }; }; }; readonly env: { ...; }; readonly machine...'.

[7m501[0m   deepEqual(await db.query2('env').filter('standby').get(), [])
[7m   [0m [91m                                   ~~~~~~[0m

[96mtest/filter/filter.ts[0m:[93m507[0m:[93m36[0m - [91merror[0m[90m TS2339: [0mProperty 'filter' does not exist on type 'BasedQuery2<{ version?: string | undefined; defaultTimezone?: string | undefined; migrations?: SchemaMigrations | undefined; hash: number; types: { readonly org: { props: { readonly name: { type: "string"; }; readonly type: { ...; }; readonly envs: Omit<...> & { ...; }; }; }; readonly env: { ...; }; readonly machine...'.

[7m507[0m   deepEqual(await db.query2('env').filter('standby').get(), [
[7m   [0m [91m                                   ~~~~~~[0m

[96mtest/filter/filter.ts[0m:[93m513[0m:[93m6[0m - [91merror[0m[90m TS2339: [0mProperty 'include' does not exist on type 'BasedQuery2<{ version?: string | undefined; defaultTimezone?: string | undefined; migrations?: SchemaMigrations | undefined; hash: number; types: { readonly org: { props: { readonly name: { type: "string"; }; readonly type: { ...; }; readonly envs: Omit<...> & { ...; }; }; }; readonly env: { ...; }; readonly machine...'.

[7m513[0m     .include('temperature')
[7m   [0m [91m     ~~~~~~~[0m

[96mtest/filter/filter.ts[0m:[93m526[0m:[93m6[0m - [91merror[0m[90m TS2339: [0mProperty 'include' does not exist on type 'BasedQuery2<{ version?: string | undefined; defaultTimezone?: string | undefined; migrations?: SchemaMigrations | undefined; hash: number; types: { readonly org: { props: { readonly name: { type: "string"; }; readonly type: { ...; }; readonly envs: Omit<...> & { ...; }; }; }; readonly env: { ...; }; readonly machine...'.

[7m526[0m     .include('*')
[7m   [0m [91m     ~~~~~~~[0m

[96mtest/filter/filter.ts[0m:[93m589[0m:[93m8[0m - [91merror[0m[90m TS2339: [0mProperty 'include' does not exist on type 'BasedQuery2<{ version?: string | undefined; defaultTimezone?: string | undefined; migrations?: SchemaMigrations | undefined; hash: number; types: { readonly machine: { props: { readonly derp: { type: "int32"; }; ... 5 more ...; readonly scheduled: { ...; }; }; }; }; locales: Partial<...>; }, ... 5 more ..., undefined>'.

[7m589[0m       .include('id', 'lastPing')
[7m   [0m [91m       ~~~~~~~[0m

[96mtest/filter/filter.ts[0m:[93m608[0m:[93m8[0m - [91merror[0m[90m TS2339: [0mProperty 'include' does not exist on type 'BasedQuery2<{ version?: string | undefined; defaultTimezone?: string | undefined; migrations?: SchemaMigrations | undefined; hash: number; types: { readonly machine: { props: { readonly derp: { type: "int32"; }; ... 5 more ...; readonly scheduled: { ...; }; }; }; }; locales: Partial<...>; }, ... 5 more ..., undefined>'.

[7m608[0m       .include('id', 'lastPing')
[7m   [0m [91m       ~~~~~~~[0m

[96mtest/filter/filter.ts[0m:[93m616[0m:[93m8[0m - [91merror[0m[90m TS2339: [0mProperty 'include' does not exist on type 'BasedQuery2<{ version?: string | undefined; defaultTimezone?: string | undefined; migrations?: SchemaMigrations | undefined; hash: number; types: { readonly machine: { props: { readonly derp: { type: "int32"; }; ... 5 more ...; readonly scheduled: { ...; }; }; }; }; locales: Partial<...>; }, ... 5 more ..., undefined>'.

[7m616[0m       .include('id', 'lastPing')
[7m   [0m [91m       ~~~~~~~[0m

[96mtest/filter/filter.ts[0m:[93m626[0m:[93m10[0m - [91merror[0m[90m TS2339: [0mProperty 'include' does not exist on type 'BasedQuery2<{ version?: string | undefined; defaultTimezone?: string | undefined; migrations?: SchemaMigrations | undefined; hash: number; types: { readonly machine: { props: { readonly derp: { type: "int32"; }; ... 5 more ...; readonly scheduled: { ...; }; }; }; }; locales: Partial<...>; }, ... 5 more ..., undefined>'.

[7m626[0m         .include('id', 'lastPing')
[7m   [0m [91m         ~~~~~~~[0m

[96mtest/filter/filter.ts[0m:[93m641[0m:[93m8[0m - [91merror[0m[90m TS2339: [0mProperty 'include' does not exist on type 'BasedQuery2<{ version?: string | undefined; defaultTimezone?: string | undefined; migrations?: SchemaMigrations | undefined; hash: number; types: { readonly machine: { props: { readonly derp: { type: "int32"; }; ... 5 more ...; readonly scheduled: { ...; }; }; }; }; locales: Partial<...>; }, ... 5 more ..., undefined>'.

[7m641[0m       .include('id', 'lastPing')
[7m   [0m [91m       ~~~~~~~[0m

[96mtest/filter/filter.ts[0m:[93m652[0m:[93m8[0m - [91merror[0m[90m TS2339: [0mProperty 'include' does not exist on type 'BasedQuery2<{ version?: string | undefined; defaultTimezone?: string | undefined; migrations?: SchemaMigrations | undefined; hash: number; types: { readonly machine: { props: { readonly derp: { type: "int32"; }; ... 5 more ...; readonly scheduled: { ...; }; }; }; }; locales: Partial<...>; }, ... 5 more ..., undefined>'.

[7m652[0m       .include('id', 'lastPing')
[7m   [0m [91m       ~~~~~~~[0m

[96mtest/filter/filter.ts[0m:[93m663[0m:[93m6[0m - [91merror[0m[90m TS2339: [0mProperty 'include' does not exist on type 'BasedQuery2<{ version?: string | undefined; defaultTimezone?: string | undefined; migrations?: SchemaMigrations | undefined; hash: number; types: { readonly machine: { props: { readonly derp: { type: "int32"; }; ... 5 more ...; readonly scheduled: { ...; }; }; }; }; locales: Partial<...>; }, ... 5 more ..., undefined>'.

[7m663[0m     .include('temperature')
[7m   [0m [91m     ~~~~~~~[0m

[96mtest/filter/filter.ts[0m:[93m702[0m:[93m6[0m - [91merror[0m[90m TS2339: [0mProperty 'include' does not exist on type 'BasedQuery2<{ version?: string | undefined; defaultTimezone?: string | undefined; migrations?: SchemaMigrations | undefined; hash: number; types: { readonly machine: { props: { readonly temperature: { ...; }; }; }; }; locales: Partial<...>; }, ... 5 more ..., undefined>'.

[7m702[0m     .include('temperature')
[7m   [0m [91m     ~~~~~~~[0m

[96mtest/filter/filter.ts[0m:[93m734[0m:[93m10[0m - [91merror[0m[90m TS2339: [0mProperty 'include' does not exist on type 'BasedQuery2<{ version?: string | undefined; defaultTimezone?: string | undefined; migrations?: SchemaMigrations | undefined; hash: number; types: { readonly machine: { props: { readonly temperature: { ...; }; }; }; }; locales: Partial<...>; }, ... 5 more ..., undefined>'.

[7m734[0m         .include('id', 'temperature')
[7m   [0m [91m         ~~~~~~~[0m

[96mtest/filter/filter.ts[0m:[93m754[0m:[93m33[0m - [91merror[0m[90m TS2339: [0mProperty 'include' does not exist on type 'BasedQuery2<{ version?: string | undefined; defaultTimezone?: string | undefined; migrations?: SchemaMigrations | undefined; hash: number; types: { readonly machine: { props: { readonly temperature: { ...; }; }; }; }; locales: Partial<...>; }, ... 5 more ..., undefined>'.

[7m754[0m     (await db.query2('machine').include('id').range(0, 3).get()).node(-1),
[7m   [0m [91m                                ~~~~~~~[0m

[96mtest/filter/filter.ts[0m:[93m764[0m:[93m10[0m - [91merror[0m[90m TS2339: [0mProperty 'include' does not exist on type 'BasedQuery2<{ version?: string | undefined; defaultTimezone?: string | undefined; migrations?: SchemaMigrations | undefined; hash: number; types: { readonly machine: { props: { readonly temperature: { ...; }; }; }; }; locales: Partial<...>; }, ... 5 more ..., undefined>'.

[7m764[0m         .include('temperature')
[7m   [0m [91m         ~~~~~~~[0m

[96mtest/filter/filter.ts[0m:[93m815[0m:[93m6[0m - [91merror[0m[90m TS2339: [0mProperty 'include' does not exist on type 'BasedQuery2<{ version?: string | undefined; defaultTimezone?: string | undefined; migrations?: SchemaMigrations | undefined; hash: number; types: { readonly user: { props: { readonly name: { readonly type: "string"; }; readonly age: { ...; }; readonly bestBud: { ...; } & { ...; }; readonly buddies: Omit<...> & { ......'.

[7m815[0m     .include('*')
[7m   [0m [91m     ~~~~~~~[0m

[96mtest/filter/filter.ts[0m:[93m823[0m:[93m6[0m - [91merror[0m[90m TS2339: [0mProperty 'include' does not exist on type 'BasedQuery2<{ version?: string | undefined; defaultTimezone?: string | undefined; migrations?: SchemaMigrations | undefined; hash: number; types: { readonly user: { props: { readonly name: { readonly type: "string"; }; readonly age: { ...; }; readonly bestBud: { ...; } & { ...; }; readonly buddies: Omit<...> & { ......'.

[7m823[0m     .include(
[7m   [0m [91m     ~~~~~~~[0m

[96mtest/filter/filter.ts[0m:[93m835[0m:[93m12[0m - [91merror[0m[90m TS2339: [0mProperty 'include' does not exist on type 'BasedQuery2<{ version?: string | undefined; defaultTimezone?: string | undefined; migrations?: SchemaMigrations | undefined; hash: number; types: { readonly user: { props: { readonly name: { readonly type: "string"; }; readonly age: { ...; }; readonly bestBud: { ...; } & { ...; }; readonly buddies: Omit<...> & { ......'.

[7m835[0m           .include(
[7m   [0m [91m           ~~~~~~~[0m

[96mtest/filter/filter.ts[0m:[93m863[0m:[93m39[0m - [91merror[0m[90m TS2339: [0mProperty 'filter' does not exist on type 'BasedQuery2<{ version?: string | undefined; defaultTimezone?: string | undefined; migrations?: SchemaMigrations | undefined; hash: number; types: { readonly bucket: { props: { readonly red: { type: "uint8"; }; readonly blue: { ...; }; }; }; }; locales: Partial<...>; }, ... 5 more ..., undefined>'.

[7m863[0m   const b = await db.query2('bucket').filter('red', '<', 4).get()
[7m   [0m [91m                                      ~~~~~~[0m

[96mtest/filter/or.ts[0m:[93m21[0m:[93m29[0m - [91merror[0m[90m TS2339: [0mProperty 'filter' does not exist on type 'BasedQuery2<{ version?: string | undefined; defaultTimezone?: string | undefined; migrations?: SchemaMigrations | undefined; hash: number; types: { readonly user: { props: { readonly nr: { type: "uint32"; }; }; }; }; locales: Partial<...>; }, ... 5 more ..., undefined>'.

[7m21[0m     await db.query2('user').filter('nr', '>', 8).or('nr', '<', 1).get(),
[7m  [0m [91m                            ~~~~~~[0m

[96mtest/filter/or.ts[0m:[93m38[0m:[93m8[0m - [91merror[0m[90m TS2339: [0mProperty 'filter' does not exist on type 'BasedQuery2<{ version?: string | undefined; defaultTimezone?: string | undefined; migrations?: SchemaMigrations | undefined; hash: number; types: { readonly user: { props: { readonly nr: { type: "uint32"; }; }; }; }; locales: Partial<...>; }, ... 5 more ..., undefined>'.

[7m38[0m       .filter('nr', '>', 8)
[7m  [0m [91m       ~~~~~~[0m

[96mtest/filter/or.ts[0m:[93m63[0m:[93m8[0m - [91merror[0m[90m TS2339: [0mProperty 'filter' does not exist on type 'BasedQuery2<{ version?: string | undefined; defaultTimezone?: string | undefined; migrations?: SchemaMigrations | undefined; hash: number; types: { readonly user: { props: { readonly nr: { type: "uint32"; }; }; }; }; locales: Partial<...>; }, ... 5 more ..., undefined>'.

[7m63[0m       .filter('nr', '>', 8)
[7m  [0m [91m       ~~~~~~[0m

[96mtest/filter/or.ts[0m:[93m87[0m:[93m8[0m - [91merror[0m[90m TS2339: [0mProperty 'filter' does not exist on type 'BasedQuery2<{ version?: string | undefined; defaultTimezone?: string | undefined; migrations?: SchemaMigrations | undefined; hash: number; types: { readonly user: { props: { readonly nr: { type: "uint32"; }; }; }; }; locales: Partial<...>; }, ... 5 more ..., undefined>'.

[7m87[0m       .filter('nr', '>', 8)
[7m  [0m [91m       ~~~~~~[0m

[96mtest/filter/references.ts[0m:[93m51[0m:[93m6[0m - [91merror[0m[90m TS2339: [0mProperty 'include' does not exist on type 'BasedQuery2<{ version?: string | undefined; defaultTimezone?: string | undefined; migrations?: SchemaMigrations | undefined; hash: number; types: { readonly workspace: { props: { readonly name: { type: "string"; }; readonly users: { ...; }; readonly drones: { ...; }; }; }; readonly user: { ...; }; readonly drone: { ...'.

[7m51[0m     .include((s) =>
[7m  [0m [91m     ~~~~~~~[0m

[96mtest/filter/references.ts[0m:[93m61[0m:[93m6[0m - [91merror[0m[90m TS2339: [0mProperty 'filter' does not exist on type 'BasedQuery2<{ version?: string | undefined; defaultTimezone?: string | undefined; migrations?: SchemaMigrations | undefined; hash: number; types: { readonly workspace: { props: { readonly name: { type: "string"; }; readonly users: { ...; }; readonly drones: { ...; }; }; }; readonly user: { ...; }; readonly drone: { ...'.

[7m61[0m     .filter('workspace.users', 'includes', user)
[7m  [0m [91m     ~~~~~~[0m

[96mtest/filter/referencesField.ts[0m:[93m32[0m:[93m8[0m - [91merror[0m[90m TS2339: [0mProperty 'include' does not exist on type 'BasedQuery2<{ version?: string | undefined; defaultTimezone?: string | undefined; migrations?: SchemaMigrations | undefined; hash: number; types: { readonly user: { props: { readonly name: { type: "string"; }; readonly age: { ...; }; readonly friends: Omit<...> & { ...; }; }; }; }; locales: Partial<...>; }, ... 5 mo...'.

[7m32[0m       .include('name', 'age', 'friends')
[7m  [0m [91m       ~~~~~~~[0m

[96mtest/filter/referencesField.ts[0m:[93m49[0m:[93m8[0m - [91merror[0m[90m TS2339: [0mProperty 'include' does not exist on type 'BasedQuery2<{ version?: string | undefined; defaultTimezone?: string | undefined; migrations?: SchemaMigrations | undefined; hash: number; types: { readonly user: { props: { readonly name: { type: "string"; }; readonly age: { ...; }; readonly friends: Omit<...> & { ...; }; }; }; }; locales: Partial<...>; }, ... 5 mo...'.

[7m49[0m       .include('name', 'age', 'friends')
[7m  [0m [91m       ~~~~~~~[0m

[96mtest/filter/referencesField.ts[0m:[93m66[0m:[93m8[0m - [91merror[0m[90m TS2339: [0mProperty 'include' does not exist on type 'BasedQuery2<{ version?: string | undefined; defaultTimezone?: string | undefined; migrations?: SchemaMigrations | undefined; hash: number; types: { readonly user: { props: { readonly name: { type: "string"; }; readonly age: { ...; }; readonly friends: Omit<...> & { ...; }; }; }; }; locales: Partial<...>; }, ... 5 mo...'.

[7m66[0m       .include('name', 'age', 'friends')
[7m  [0m [91m       ~~~~~~~[0m

[96mtest/filter/referencesField.ts[0m:[93m83[0m:[93m8[0m - [91merror[0m[90m TS2339: [0mProperty 'include' does not exist on type 'BasedQuery2<{ version?: string | undefined; defaultTimezone?: string | undefined; migrations?: SchemaMigrations | undefined; hash: number; types: { readonly user: { props: { readonly name: { type: "string"; }; readonly age: { ...; }; readonly friends: Omit<...> & { ...; }; }; }; }; locales: Partial<...>; }, ... 5 mo...'.

[7m83[0m       .include('name', 'age', 'friends')
[7m  [0m [91m       ~~~~~~~[0m

[96mtest/filter/referencesField.ts[0m:[93m104[0m:[93m8[0m - [91merror[0m[90m TS2339: [0mProperty 'include' does not exist on type 'BasedQuery2<{ version?: string | undefined; defaultTimezone?: string | undefined; migrations?: SchemaMigrations | undefined; hash: number; types: { readonly user: { props: { readonly name: { type: "string"; }; readonly age: { ...; }; readonly friends: Omit<...> & { ...; }; }; }; }; locales: Partial<...>; }, ... 5 mo...'.

[7m104[0m       .include('name', 'age', 'friends')
[7m   [0m [91m       ~~~~~~~[0m

[96mtest/filter/referencesField.ts[0m:[93m131[0m:[93m8[0m - [91merror[0m[90m TS2339: [0mProperty 'include' does not exist on type 'BasedQuery2<{ version?: string | undefined; defaultTimezone?: string | undefined; migrations?: SchemaMigrations | undefined; hash: number; types: { readonly user: { props: { readonly name: { type: "string"; }; readonly age: { ...; }; readonly friends: Omit<...> & { ...; }; }; }; }; locales: Partial<...>; }, ... 5 mo...'.

[7m131[0m       .include('name', 'age', 'friends')
[7m   [0m [91m       ~~~~~~~[0m

[96mtest/filter/string.ts[0m:[93m18[0m:[93m3[0m - [91merror[0m[90m TS2739: [0mType 'Map<any, any>' is missing the following properties from type 'PropTree': props, required, path, schema

[7m18[0m   tree: new Map(),
[7m  [0m [91m  ~~~~[0m

  [96msrc/schema/defs/index.ts[0m:[93m35[0m:[93m3[0m
    [7m35[0m   tree: PropTree
    [7m  [0m [96m  ~~~~[0m
    The expected type comes from property 'tree' which is declared here on type 'TypeDef'

[96mtest/filter/string.ts[0m:[93m63[0m:[93m7[0m - [91merror[0m[90m TS2322: [0mType 'Uint8Array<ArrayBuffer>' is not assignable to type 'string'.

[7m63[0m       body: compressedItaly,
[7m  [0m [91m      ~~~~[0m

[96mtest/filter/string.ts[0m:[93m74[0m:[93m8[0m - [91merror[0m[90m TS2339: [0mProperty 'filter' does not exist on type 'BasedQuery2<{ version?: string | undefined; defaultTimezone?: string | undefined; migrations?: SchemaMigrations | undefined; hash: number; types: { readonly article: { props: { readonly type: { type: "enum"; enum: ("opinion" | ... 1 more ... | "gossip")[]; }; ... 5 more ...; readonly derp: { ...; }; }; }; readonly i...'.

[7m74[0m       .filter('stuff', '=', ENCODER.encode('#' + 2))
[7m  [0m [91m       ~~~~~~[0m

[96mtest/filter/string.ts[0m:[93m93[0m:[93m8[0m - [91merror[0m[90m TS2339: [0mProperty 'filter' does not exist on type 'BasedQuery2<{ version?: string | undefined; defaultTimezone?: string | undefined; migrations?: SchemaMigrations | undefined; hash: number; types: { readonly article: { props: { readonly type: { type: "enum"; enum: ("opinion" | ... 1 more ... | "gossip")[]; }; ... 5 more ...; readonly derp: { ...; }; }; }; readonly i...'.

[7m93[0m       .filter('stuff', 'includes', new Uint8Array([55, 57]))
[7m  [0m [91m       ~~~~~~[0m

[96mtest/filter/string.ts[0m:[93m124[0m:[93m10[0m - [91merror[0m[90m TS2339: [0mProperty 'filter' does not exist on type 'BasedQuery2<{ version?: string | undefined; defaultTimezone?: string | undefined; migrations?: SchemaMigrations | undefined; hash: number; types: { readonly article: { props: { readonly type: { type: "enum"; enum: ("opinion" | ... 1 more ... | "gossip")[]; }; ... 5 more ...; readonly derp: { ...; }; }; }; readonly i...'.

[7m124[0m         .filter('derp', 'includes', ENCODER.encode('vitorio'))
[7m   [0m [91m         ~~~~~~[0m

[96mtest/filter/string.ts[0m:[93m136[0m:[93m10[0m - [91merror[0m[90m TS2339: [0mProperty 'filter' does not exist on type 'BasedQuery2<{ version?: string | undefined; defaultTimezone?: string | undefined; migrations?: SchemaMigrations | undefined; hash: number; types: { readonly article: { props: { readonly type: { type: "enum"; enum: ("opinion" | ... 1 more ... | "gossip")[]; }; ... 5 more ...; readonly derp: { ...; }; }; }; readonly i...'.

[7m136[0m         .filter('derp', 'includes', ENCODER.encode('xx'))
[7m   [0m [91m         ~~~~~~[0m

[96mtest/filter/string.ts[0m:[93m148[0m:[93m10[0m - [91merror[0m[90m TS2339: [0mProperty 'filter' does not exist on type 'BasedQuery2<{ version?: string | undefined; defaultTimezone?: string | undefined; migrations?: SchemaMigrations | undefined; hash: number; types: { readonly article: { props: { readonly type: { type: "enum"; enum: ("opinion" | ... 1 more ... | "gossip")[]; }; ... 5 more ...; readonly derp: { ...; }; }; }; readonly i...'.

[7m148[0m         .filter('derp', 'includes', q)
[7m   [0m [91m         ~~~~~~[0m

[96mtest/filter/string.ts[0m:[93m160[0m:[93m10[0m - [91merror[0m[90m TS2339: [0mProperty 'filter' does not exist on type 'BasedQuery2<{ version?: string | undefined; defaultTimezone?: string | undefined; migrations?: SchemaMigrations | undefined; hash: number; types: { readonly article: { props: { readonly type: { type: "enum"; enum: ("opinion" | ... 1 more ... | "gossip")[]; }; ... 5 more ...; readonly derp: { ...; }; }; }; readonly i...'.

[7m160[0m         .filter('derp', '=', largeDerp)
[7m   [0m [91m         ~~~~~~[0m

[96mtest/filter/string.ts[0m:[93m173[0m:[93m10[0m - [91merror[0m[90m TS2339: [0mProperty 'filter' does not exist on type 'BasedQuery2<{ version?: string | undefined; defaultTimezone?: string | undefined; migrations?: SchemaMigrations | undefined; hash: number; types: { readonly article: { props: { readonly type: { type: "enum"; enum: ("opinion" | ... 1 more ... | "gossip")[]; }; ... 5 more ...; readonly derp: { ...; }; }; }; readonly i...'.

[7m173[0m         .filter('body', '=', italy)
[7m   [0m [91m         ~~~~~~[0m

[96mtest/filter/string.ts[0m:[93m198[0m:[93m7[0m - [91merror[0m[90m TS2322: [0mType 'Uint8Array<ArrayBuffer>' is not assignable to type 'string'.

[7m198[0m       body: compressedItaly,
[7m   [0m [91m      ~~~~[0m

[96mtest/filter/string.ts[0m:[93m208[0m:[93m10[0m - [91merror[0m[90m TS2339: [0mProperty 'filter' does not exist on type 'BasedQuery2<{ version?: string | undefined; defaultTimezone?: string | undefined; migrations?: SchemaMigrations | undefined; hash: number; types: { readonly italy: { props: { readonly body: { readonly type: "string"; }; }; }; }; locales: Partial<...>; }, ... 5 more ..., undefined>'.

[7m208[0m         .filter('body', 'includes', n)
[7m   [0m [91m         ~~~~~~[0m

[96mtest/filter/string.ts[0m:[93m251[0m:[93m10[0m - [91merror[0m[90m TS2339: [0mProperty 'filter' does not exist on type 'BasedQuery2<{ version?: string | undefined; defaultTimezone?: string | undefined; migrations?: SchemaMigrations | undefined; hash: number; types: { readonly italy: { props: { readonly f: { type: "boolean"; }; readonly headline: { ...; }; readonly body: { ...; }; }; }; }; locales: Partial<...>; }, ... 5 more ..., und...'.

[7m251[0m         .filter('body', 'includes', 'derp derp derp', { lowerCase: true })
[7m   [0m [91m         ~~~~~~[0m

[96mtest/filter/string.ts[0m:[93m263[0m:[93m10[0m - [91merror[0m[90m TS2339: [0mProperty 'filter' does not exist on type 'BasedQuery2<{ version?: string | undefined; defaultTimezone?: string | undefined; migrations?: SchemaMigrations | undefined; hash: number; types: { readonly italy: { props: { readonly f: { type: "boolean"; }; readonly headline: { ...; }; readonly body: { ...; }; }; }; }; locales: Partial<...>; }, ... 5 more ..., und...'.

[7m263[0m         .filter('body', 'includes', 'derp derp derp')
[7m   [0m [91m         ~~~~~~[0m

[96mtest/filter/string.ts[0m:[93m274[0m:[93m8[0m - [91merror[0m[90m TS2339: [0mProperty 'filter' does not exist on type 'BasedQuery2<{ version?: string | undefined; defaultTimezone?: string | undefined; migrations?: SchemaMigrations | undefined; hash: number; types: { readonly italy: { props: { readonly f: { type: "boolean"; }; readonly headline: { ...; }; readonly body: { ...; }; }; }; }; locales: Partial<...>; }, ... 5 more ..., und...'.

[7m274[0m       .filter('headline', 'includes', 'pager')
[7m   [0m [91m       ~~~~~~[0m

[96mtest/filter/string.ts[0m:[93m293[0m:[93m8[0m - [91merror[0m[90m TS2339: [0mProperty 'filter' does not exist on type 'BasedQuery2<{ version?: string | undefined; defaultTimezone?: string | undefined; migrations?: SchemaMigrations | undefined; hash: number; types: { readonly italy: { props: { readonly f: { type: "boolean"; }; readonly headline: { ...; }; readonly body: { ...; }; }; }; }; locales: Partial<...>; }, ... 5 more ..., und...'.

[7m293[0m       .filter('headline', 'includes', 'Pager', { lowerCase: true })
[7m   [0m [91m       ~~~~~~[0m

[96mtest/filter/string.ts[0m:[93m312[0m:[93m8[0m - [91merror[0m[90m TS2339: [0mProperty 'filter' does not exist on type 'BasedQuery2<{ version?: string | undefined; defaultTimezone?: string | undefined; migrations?: SchemaMigrations | undefined; hash: number; types: { readonly italy: { props: { readonly f: { type: "boolean"; }; readonly headline: { ...; }; readonly body: { ...; }; }; }; }; locales: Partial<...>; }, ... 5 more ..., und...'.

[7m312[0m       .filter('headline', 'includes', 'refugee', { lowerCase: true })
[7m   [0m [91m       ~~~~~~[0m

[96mtest/filter/string.ts[0m:[93m322[0m:[93m8[0m - [91merror[0m[90m TS2339: [0mProperty 'filter' does not exist on type 'BasedQuery2<{ version?: string | undefined; defaultTimezone?: string | undefined; migrations?: SchemaMigrations | undefined; hash: number; types: { readonly italy: { props: { readonly f: { type: "boolean"; }; readonly headline: { ...; }; readonly body: { ...; }; }; }; }; locales: Partial<...>; }, ... 5 more ..., und...'.

[7m322[0m       .filter('headline', 'includes', 'gaza', { lowerCase: true })
[7m   [0m [91m       ~~~~~~[0m

[96mtest/filter/string.ts[0m:[93m358[0m:[93m40[0m - [91merror[0m[90m TS2339: [0mProperty 'filter' does not exist on type 'BasedQuery2<{ version?: string | undefined; defaultTimezone?: string | undefined; migrations?: SchemaMigrations | undefined; hash: number; types: { readonly article: { props: { readonly derp: { readonly type: "binary"; readonly maxBytes: 30; }; readonly stuff: { ...; }; }; }; }; locales: Partial<...>; }, ... 5 more ...'.

[7m358[0m   deepEqual(await db.query2('article').filter('stuff', '=', stuff).get(), [
[7m   [0m [91m                                       ~~~~~~[0m

[96mtest/filter/string.ts[0m:[93m364[0m:[93m8[0m - [91merror[0m[90m TS2339: [0mProperty 'filter' does not exist on type 'BasedQuery2<{ version?: string | undefined; defaultTimezone?: string | undefined; migrations?: SchemaMigrations | undefined; hash: number; types: { readonly article: { props: { readonly derp: { readonly type: "binary"; readonly maxBytes: 30; }; readonly stuff: { ...; }; }; }; }; locales: Partial<...>; }, ... 5 more ...'.

[7m364[0m       .filter('derp', 'includes', new Uint8Array([4]))
[7m   [0m [91m       ~~~~~~[0m

[96mtest/filter/string.ts[0m:[93m393[0m:[93m10[0m - [91merror[0m[90m TS2339: [0mProperty 'filter' does not exist on type 'BasedQuery2<{ version?: string | undefined; defaultTimezone?: string | undefined; migrations?: SchemaMigrations | undefined; hash: number; types: { readonly italy: { props: { readonly body: { readonly type: "string"; readonly compression: "none"; }; }; }; }; locales: Partial<...>; }, ... 5 more ..., undefined>'.

[7m393[0m         .filter('body', 'includes', 'aaaaaa', { lowerCase: true })
[7m   [0m [91m         ~~~~~~[0m

[96mtest/filter/string.ts[0m:[93m423[0m:[93m10[0m - [91merror[0m[90m TS2339: [0mProperty 'filter' does not exist on type 'BasedQuery2<{ version?: string | undefined; defaultTimezone?: string | undefined; migrations?: SchemaMigrations | undefined; hash: number; types: { readonly italy: { props: { readonly body: { readonly type: "string"; }; }; }; }; locales: Partial<...>; }, ... 5 more ..., undefined>'.

[7m423[0m         .filter('body', 'includes', 'aaaaa', { lowerCase: true })
[7m   [0m [91m         ~~~~~~[0m

[96mtest/filter/string.ts[0m:[93m460[0m:[93m10[0m - [91merror[0m[90m TS2339: [0mProperty 'filter' does not exist on type 'BasedQuery2<{ version?: string | undefined; defaultTimezone?: string | undefined; migrations?: SchemaMigrations | undefined; hash: number; types: { readonly italy: { props: { readonly f: { type: "boolean"; }; readonly title: { ...; }; readonly body: { ...; }; }; }; }; locales: Partial<...>; }, ... 5 more ..., undefi...'.

[7m460[0m         .filter('body', 'includes', ['aaaaaaaaaaa', 'bbbbbb'], {
[7m   [0m [91m         ~~~~~~[0m

[96mtest/filter/string.ts[0m:[93m473[0m:[93m8[0m - [91merror[0m[90m TS2339: [0mProperty 'filter' does not exist on type 'BasedQuery2<{ version?: string | undefined; defaultTimezone?: string | undefined; migrations?: SchemaMigrations | undefined; hash: number; types: { readonly italy: { props: { readonly f: { type: "boolean"; }; readonly title: { ...; }; readonly body: { ...; }; }; }; }; locales: Partial<...>; }, ... 5 more ..., undefi...'.

[7m473[0m       .filter('title', 'includes', ['gaza', 'tubbies'], { lowerCase: true })
[7m   [0m [91m       ~~~~~~[0m

[96mtest/filter/string.ts[0m:[93m489[0m:[93m8[0m - [91merror[0m[90m TS2339: [0mProperty 'filter' does not exist on type 'BasedQuery2<{ version?: string | undefined; defaultTimezone?: string | undefined; migrations?: SchemaMigrations | undefined; hash: number; types: { readonly italy: { props: { readonly f: { type: "boolean"; }; readonly title: { ...; }; readonly body: { ...; }; }; }; }; locales: Partial<...>; }, ... 5 more ..., undefi...'.

[7m489[0m       .filter('title', 'includes', ['crisis', 'refugee'], { lowerCase: true })
[7m   [0m [91m       ~~~~~~[0m

[96mtest/filter/string.ts[0m:[93m515[0m:[93m7[0m - [91merror[0m[90m TS2322: [0mType 'string | Uint8Array<ArrayBuffer>' is not assignable to type 'string | null | undefined'.
  Type 'Uint8Array<ArrayBuffer>' is not assignable to type 'string'.

[7m515[0m       body: i === amount - 1 ? italy + ' aaabbbbbbbbbaaa' : compressedItaly,
[7m   [0m [91m      ~~~~[0m

[96mtest/filter/string.ts[0m:[93m522[0m:[93m10[0m - [91merror[0m[90m TS2339: [0mProperty 'filter' does not exist on type 'BasedQuery2<{ version?: string | undefined; defaultTimezone?: string | undefined; migrations?: SchemaMigrations | undefined; hash: number; types: { readonly italy: { props: { readonly f: { type: "boolean"; }; readonly body: { ...; }; }; }; }; locales: Partial<...>; }, ... 5 more ..., undefined>'.

[7m522[0m         .filter('body', 'includes', ['aaaaaaaaaaa', 'bbbbbbbb'], {
[7m   [0m [91m         ~~~~~~[0m

[96mtest/filter/string.ts[0m:[93m551[0m:[93m7[0m - [91merror[0m[90m TS2322: [0mType 'string | Uint8Array<ArrayBuffer>' is not assignable to type 'string | null | undefined'.
  Type 'Uint8Array<ArrayBuffer>' is not assignable to type 'string'.

[7m551[0m       body: i === 999 ? derpItaly : compressedItaly,
[7m   [0m [91m      ~~~~[0m

[96mtest/filter/string.ts[0m:[93m559[0m:[93m10[0m - [91merror[0m[90m TS2339: [0mProperty 'filter' does not exist on type 'BasedQuery2<{ version?: string | undefined; defaultTimezone?: string | undefined; migrations?: SchemaMigrations | undefined; hash: number; types: { readonly italy: { props: { readonly f: { type: "boolean"; }; readonly body: { ...; }; }; }; }; locales: Partial<...>; }, ... 5 more ..., undefined>'.

[7m559[0m         .filter('body', '=', [derpItaly, 'derp', italy])
[7m   [0m [91m         ~~~~~~[0m

[96mtest/filter/string.ts[0m:[93m588[0m:[93m10[0m - [91merror[0m[90m TS2339: [0mProperty 'filter' does not exist on type 'BasedQuery2<{ version?: string | undefined; defaultTimezone?: string | undefined; migrations?: SchemaMigrations | undefined; hash: number; types: { readonly italy: { props: { readonly body: { readonly type: "string"; readonly maxBytes: 5; }; }; }; }; locales: Partial<...>; }, ... 5 more ..., undefined>'.

[7m588[0m         .filter('body', '=', ['xx', 'bb'])
[7m   [0m [91m         ~~~~~~[0m

[96mtest/filter/string.ts[0m:[93m640[0m:[93m8[0m - [91merror[0m[90m TS2339: [0mProperty 'filter' does not exist on type 'BasedQuery2<{ version?: string | undefined; defaultTimezone?: string | undefined; migrations?: SchemaMigrations | undefined; hash: number; types: { readonly ent: { props: { readonly city: { readonly type: "string"; readonly maxBytes: 15; }; readonly country: { ...; }; }; }; }; locales: Partial<...>; }, ... 5 more .....'.

[7m640[0m       .filter('country', 'includes', ['Italy', 'Germany'])
[7m   [0m [91m       ~~~~~~[0m

[96mtest/filter/string.ts[0m:[93m666[0m:[93m29[0m - [91merror[0m[90m TS2339: [0mProperty 'filter' does not exist on type 'BasedQuery2<{ version?: string | undefined; defaultTimezone?: string | undefined; migrations?: SchemaMigrations | undefined; hash: number; types: { readonly user: { props: { readonly potato: { type: "string"; }; }; }; }; locales: Partial<...>; }, ... 5 more ..., undefined>'.

[7m666[0m     await db.query2('user').filter('potato', '=', '').get(),
[7m   [0m [91m                            ~~~~~~[0m

[96mtest/filter/string.ts[0m:[93m700[0m:[93m29[0m - [91merror[0m[90m TS2339: [0mProperty 'filter' does not exist on type 'BasedQuery2<{ version?: string | undefined; defaultTimezone?: string | undefined; migrations?: SchemaMigrations | undefined; hash: number; types: { readonly user: { props: { readonly region: { readonly type: "string"; readonly maxBytes: 15; }; readonly potato: { ...; }; readonly city: { ...; }; }; }; }; locales: Par...'.

[7m700[0m     await db.query2('user').filter('potato', '!=', '').get(),
[7m   [0m [91m                            ~~~~~~[0m

[96mtest/filter/string.ts[0m:[93m711[0m:[93m8[0m - [91merror[0m[90m TS2339: [0mProperty 'filter' does not exist on type 'BasedQuery2<{ version?: string | undefined; defaultTimezone?: string | undefined; migrations?: SchemaMigrations | undefined; hash: number; types: { readonly user: { props: { readonly region: { readonly type: "string"; readonly maxBytes: 15; }; readonly potato: { ...; }; readonly city: { ...; }; }; }; }; locales: Par...'.

[7m711[0m       .filter('potato', '!=', '')
[7m   [0m [91m       ~~~~~~[0m

[96mtest/filter/string.ts[0m:[93m722[0m:[93m8[0m - [91merror[0m[90m TS2339: [0mProperty 'filter' does not exist on type 'BasedQuery2<{ version?: string | undefined; defaultTimezone?: string | undefined; migrations?: SchemaMigrations | undefined; hash: number; types: { readonly user: { props: { readonly region: { readonly type: "string"; readonly maxBytes: 15; }; readonly potato: { ...; }; readonly city: { ...; }; }; }; }; locales: Par...'.

[7m722[0m       .filter('potato', '=', '')
[7m   [0m [91m       ~~~~~~[0m

[96mtest/HLLunion.ts[0m:[93m86[0m:[93m6[0m - [91merror[0m[90m TS2551: [0mProperty 'query2' does not exist on type 'BasedDb'. Did you mean 'query'?

[7m86[0m     .query2('user')
[7m  [0m [91m     ~~~~~~[0m

  [96msrc/index.ts[0m:[93m101[0m:[93m3[0m
    [7m101[0m   query: DbClient['query'] = function (this: BasedDb) {
    [7m   [0m [96m  ~~~~~[0m
    'query' is declared here.

[96mtest/hooks.ts[0m:[93m67[0m:[93m7[0m - [91merror[0m[90m TS2322: [0mType 'undefined' is not assignable to type 'number'.

[7m67[0m       age: undefined,
[7m  [0m [91m      ~~~[0m

  [96msrc/db-client/query2/types.ts[0m:[93m42[0m:[93m20[0m
    [7m42[0m type Prettify<T> = {
    [7m  [0m [96m                   ~[0m
    [7m43[0m   [K in keyof T]: T[K]
    [7m  [0m [96m~~~~~~~~~~~~~~~~~~~~~~[0m
    [7m44[0m } & {}
    [7m  [0m [96m~[0m
    The expected type comes from property 'age' which is declared here on type '{ id: number; name: string; age: number; defined: InferType<{ readonly age: { type: "boolean"; }; }, { readonly user: { readonly hooks: { readonly create: (payload: Record<string, any>) => void; readonly update: (payload: Record<string, any>) => void; readonly read: (result: Record<...>) => void; readonly include: (...'

[96mtest/hooks.ts[0m:[93m69[0m:[93m5[0m - [91merror[0m[90m TS2741: [0mProperty 'defined' is missing in type '{ id: number; name: string; age: number; }' but required in type '{ id: number; name: string; age: number; defined: InferType<{ readonly age: { type: "boolean"; }; }, { readonly user: { readonly hooks: { readonly create: (payload: Record<string, any>) => void; readonly update: (payload: Record<string, any>) => void; readonly read: (result: Record<...>) => void; readonly include: (...'.

[7m 69[0m     {
[7m   [0m [91m    ~[0m
[7m 70[0m       id: 2,
[7m   [0m [91m~~~~~~~~~~~~[0m
[7m...[0m 
[7m 72[0m       age: 25,
[7m   [0m [91m~~~~~~~~~~~~~~[0m
[7m 73[0m     },
[7m   [0m [91m~~~~~[0m

[96mtest/hooks.ts[0m:[93m76[0m:[93m37[0m - [91merror[0m[90m TS2339: [0mProperty 'filter' does not exist on type 'BasedQuery2<{ version?: string | undefined; defaultTimezone?: string | undefined; migrations?: SchemaMigrations | undefined; hash: number; types: { readonly user: { readonly hooks: { readonly create: (payload: Record<string, any>) => void; readonly update: (payload: Record<...>) => void; readonly read: (result: Reco...'.

[7m76[0m   deepEqual(await db.query2('user').filter('age', '<', 50).get(), [
[7m  [0m [91m                                    ~~~~~~[0m

[96mtest/hooks.ts[0m:[93m89[0m:[93m5[0m - [91merror[0m[90m TS2741: [0mProperty 'defined' is missing in type '{ id: number; name: string; age: number; }' but required in type '{ id: number; name: string; age: number; defined: InferType<{ readonly age: { type: "boolean"; }; }, { readonly user: { readonly hooks: { readonly create: (payload: Record<string, any>) => void; readonly update: (payload: Record<string, any>) => void; readonly read: (result: Record<...>) => void; readonly include: (...'.

[7m 89[0m     {
[7m   [0m [91m    ~[0m
[7m 90[0m       id: 1,
[7m   [0m [91m~~~~~~~~~~~~[0m
[7m...[0m 
[7m 92[0m       age: 31,
[7m   [0m [91m~~~~~~~~~~~~~~[0m
[7m 93[0m     },
[7m   [0m [91m~~~~~[0m

[96mtest/hooks.ts[0m:[93m94[0m:[93m5[0m - [91merror[0m[90m TS2741: [0mProperty 'defined' is missing in type '{ id: number; name: string; age: number; }' but required in type '{ id: number; name: string; age: number; defined: InferType<{ readonly age: { type: "boolean"; }; }, { readonly user: { readonly hooks: { readonly create: (payload: Record<string, any>) => void; readonly update: (payload: Record<string, any>) => void; readonly read: (result: Record<...>) => void; readonly include: (...'.

[7m 94[0m     {
[7m   [0m [91m    ~[0m
[7m 95[0m       id: 2,
[7m   [0m [91m~~~~~~~~~~~~[0m
[7m...[0m 
[7m 97[0m       age: 25,
[7m   [0m [91m~~~~~~~~~~~~~~[0m
[7m 98[0m     },
[7m   [0m [91m~~~~~[0m

[96mtest/hooks.ts[0m:[93m101[0m:[93m37[0m - [91merror[0m[90m TS2339: [0mProperty 'filter' does not exist on type 'BasedQuery2<{ version?: string | undefined; defaultTimezone?: string | undefined; migrations?: SchemaMigrations | undefined; hash: number; types: { readonly user: { readonly hooks: { readonly create: (payload: Record<string, any>) => void; readonly update: (payload: Record<...>) => void; readonly read: (result: Reco...'.

[7m101[0m   deepEqual(await db.query2('user').filter('age', '<', 50).get(), [
[7m   [0m [91m                                    ~~~~~~[0m

[96mtest/hooks.ts[0m:[93m152[0m:[93m5[0m - [91merror[0m[90m TS2739: [0mType '{ id: number; private: true; }' is missing the following properties from type '{ id: number; name: string; age: number; private: boolean; }': name, age

[7m152[0m     {
[7m   [0m [91m    ~[0m
[7m153[0m       id: 1,
[7m   [0m [91m~~~~~~~~~~~~[0m
[7m154[0m       private: true,
[7m   [0m [91m~~~~~~~~~~~~~~~~~~~~[0m
[7m155[0m     },
[7m   [0m [91m~~~~~[0m

[96mtest/hooks.ts[0m:[93m325[0m:[93m7[0m - [91merror[0m[90m TS2353: [0mObject literal may only specify known properties, and 'powerful' does not exist in type '{ id: number; name: string; age: number; city: string; }'.

[7m325[0m       powerful: true,
[7m   [0m [91m      ~~~~~~~~[0m

[96mtest/hooks.ts[0m:[93m370[0m:[93m34[0m - [91merror[0m[90m TS2339: [0mProperty 'sum' does not exist on type 'BasedQuery2<{ version?: string | undefined; defaultTimezone?: string | undefined; migrations?: SchemaMigrations | undefined; hash: number; types: { readonly user: { readonly hooks: { readonly aggregate: (query: any) => void; }; props: { ...; }; }; }; locales: Partial<...>; }, ... 5 more ..., undefined>'.

[7m370[0m   equal((await db.query2('user').sum('age').get()).age.sum, 21)
[7m   [0m [91m                                 ~~~[0m

[96mtest/hooks.ts[0m:[93m412[0m:[93m34[0m - [91merror[0m[90m TS2339: [0mProperty 'search' does not exist on type 'BasedQuery2<{ version?: string | undefined; defaultTimezone?: string | undefined; migrations?: SchemaMigrations | undefined; hash: number; types: { readonly user: { readonly hooks: { readonly search: (query: any) => void; }; props: { ...; }; }; }; locales: Partial<...>; }, ... 5 more ..., undefined>'.

[7m412[0m   equal((await db.query2('user').search('youzi').get()).length, 1)
[7m   [0m [91m                                 ~~~~~~[0m

[96mtest/hooks.ts[0m:[93m454[0m:[93m33[0m - [91merror[0m[90m TS2339: [0mProperty 'groupBy' does not exist on type 'BasedQuery2<{ version?: string | undefined; defaultTimezone?: string | undefined; migrations?: SchemaMigrations | undefined; hash: number; types: { readonly user: { readonly hooks: { readonly groupBy: (query: any) => void; }; props: { ...; }; }; }; locales: Partial<...>; }, ... 5 more ..., undefined>'.

[7m454[0m   equal(await db.query2('user').groupBy('name').sum('age').get(), {
[7m   [0m [91m                                ~~~~~~~[0m

[96mtest/hooks.ts[0m:[93m460[0m:[93m20[0m - [91merror[0m[90m TS2554: [0mExpected 2-3 arguments, but got 1.

[7m460[0m   const db = await testDb({
[7m   [0m [91m                   ~~~~~~[0m

  [96mtest/shared/index.ts[0m:[93m40[0m:[93m3[0m
    [7m40[0m   schema: StrictSchema<S>,
    [7m  [0m [96m  ~~~~~~~~~~~~~~~~~~~~~~~[0m
    An argument for 'schema' was not provided.

[96mtest/hooks.ts[0m:[93m502[0m:[93m33[0m - [91merror[0m[90m TS2339: [0mProperty 'filter' does not exist on type 'BasedQuery2<{ version?: string | undefined; defaultTimezone?: string | undefined; migrations?: SchemaMigrations | undefined; hash: number; types: { [x: string]: { props: any; }; }; locales: Partial<...>; }, ... 5 more ..., undefined>'.

[7m502[0m   equal(await db.query2('user').filter('name', '=', 'youzi').get(), [
[7m   [0m [91m                                ~~~~~~[0m

[96mtest/hooks.ts[0m:[93m546[0m:[93m33[0m - [91merror[0m[90m TS2339: [0mProperty 'include' does not exist on type 'BasedQuery2<{ version?: string | undefined; defaultTimezone?: string | undefined; migrations?: SchemaMigrations | undefined; hash: number; types: { readonly user: { readonly hooks: { readonly include: (query: any) => void; }; props: { ...; }; }; }; locales: Partial<...>; }, ... 5 more ..., undefined>'.

[7m546[0m   equal(await db.query2('user').include('name', 'age').get(), [
[7m   [0m [91m                                ~~~~~~~[0m

[96mtest/include/include.ts[0m:[93m26[0m:[93m29[0m - [91merror[0m[90m TS2339: [0mProperty 'include' does not exist on type 'BasedQuery2<{ version?: string | undefined; defaultTimezone?: string | undefined; migrations?: SchemaMigrations | undefined; hash: number; types: { readonly user: { props: { readonly nr: { type: "uint32"; }; readonly friends: Omit<...> & { ...; }; }; }; }; locales: Partial<...>; }, ... 5 more ..., undefined>'.

[7m26[0m     await db.query2('user').include([]).range(0, 5).get(),
[7m  [0m [91m                            ~~~~~~~[0m

[96mtest/include/include.ts[0m:[93m41[0m:[93m9[0m - [91merror[0m[90m TS2531: [0mObject is possibly 'null'.

[7m41[0m   equal((await db.query2('user', 1).get()).id, 1)
[7m  [0m [91m        ~~~~~~~~~~~~~~~~~~~~~~~~~~~~~~~~~~[0m

[96mtest/include/include.ts[0m:[93m43[0m:[93m41[0m - [91merror[0m[90m TS2339: [0mProperty 'checksum' does not exist on type '{ id: number; nr: number; }[]'.

[7m43[0m   equal((await db.query2('user').get()).checksum, 2149520223)
[7m  [0m [91m                                        ~~~~~~~~[0m

[96mtest/include/include.ts[0m:[93m44[0m:[93m41[0m - [91merror[0m[90m TS2339: [0mProperty 'version' does not exist on type '{ id: number; nr: number; }[]'.

[7m44[0m   equal((await db.query2('user').get()).version, 4507870634704934)
[7m  [0m [91m                                        ~~~~~~~[0m

[96mtest/include/include.ts[0m:[93m69[0m:[93m29[0m - [91merror[0m[90m TS2339: [0mProperty 'range' does not exist on type 'BasedQuery2<{ version?: string | undefined; defaultTimezone?: string | undefined; migrations?: SchemaMigrations | undefined; hash: number; types: { readonly user: { props: { readonly a: { readonly type: "string"; readonly maxBytes: 10; }; readonly b: { ...; }; readonly c: { ...; }; readonly d: { ...; }; }; }; }; loc...'.

[7m69[0m     await db.query2('user').range(0, 5).get(),
[7m  [0m [91m                            ~~~~~[0m

[96mtest/include/includeMeta.ts[0m:[93m39[0m:[93m37[0m - [91merror[0m[90m TS2339: [0mProperty 'include' does not exist on type 'BasedQuery2<{ version?: string | undefined; defaultTimezone?: string | undefined; migrations?: SchemaMigrations | undefined; hash: number; types: { readonly item: { props: { readonly name: { type: "string"; }; readonly body: { ...; }; readonly email: { ...; }; readonly items: Omit<...> & { ...; }; }; }; }; locales: ...'.

[7m39[0m   deepEqual(await db.query2('item').include('name', { meta: true }).get(), [
[7m  [0m [91m                                    ~~~~~~~[0m

[96mtest/include/includeMeta.ts[0m:[93m54[0m:[93m37[0m - [91merror[0m[90m TS2339: [0mProperty 'include' does not exist on type 'BasedQuery2<{ version?: string | undefined; defaultTimezone?: string | undefined; migrations?: SchemaMigrations | undefined; hash: number; types: { readonly item: { props: { readonly name: { type: "string"; }; readonly body: { ...; }; readonly email: { ...; }; readonly items: Omit<...> & { ...; }; }; }; }; locales: ...'.

[7m54[0m   deepEqual(await db.query2('item').include('name', { meta: true }).get(), [
[7m  [0m [91m                                    ~~~~~~~[0m

[96mtest/include/includeMeta.ts[0m:[93m71[0m:[93m37[0m - [91merror[0m[90m TS2339: [0mProperty 'include' does not exist on type 'BasedQuery2<{ version?: string | undefined; defaultTimezone?: string | undefined; migrations?: SchemaMigrations | undefined; hash: number; types: { readonly item: { props: { readonly name: { type: "string"; }; readonly body: { ...; }; readonly email: { ...; }; readonly items: Omit<...> & { ...; }; }; }; }; locales: ...'.

[7m71[0m   deepEqual(await db.query2('item').include('name', { meta: 'only' }).get(), [
[7m  [0m [91m                                    ~~~~~~~[0m

[96mtest/include/includeMeta.ts[0m:[93m97[0m:[93m29[0m - [91merror[0m[90m TS2339: [0mProperty 'include' does not exist on type 'BasedQuery2<{ version?: string | undefined; defaultTimezone?: string | undefined; migrations?: SchemaMigrations | undefined; hash: number; types: { readonly item: { props: { readonly name: { type: "string"; }; readonly body: { ...; }; readonly email: { ...; }; readonly items: Omit<...> & { ...; }; }; }; }; locales: ...'.

[7m97[0m     await db.query2('item').include('items.$edgeName', { meta: 'only' }).get(),
[7m  [0m [91m                            ~~~~~~~[0m

[96mtest/include/includeMeta.ts[0m:[93m131[0m:[93m37[0m - [91merror[0m[90m TS2339: [0mProperty 'include' does not exist on type 'BasedQuery2<{ version?: string | undefined; defaultTimezone?: string | undefined; migrations?: SchemaMigrations | undefined; hash: number; types: { readonly item: { props: { readonly name: { type: "string"; }; readonly body: { ...; }; readonly email: { ...; }; readonly items: Omit<...> & { ...; }; }; }; }; locales: ...'.

[7m131[0m   deepEqual(await db.query2('item').include('email', { meta: 'only' }).get(), [
[7m   [0m [91m                                    ~~~~~~~[0m

[96mtest/include/includeMeta.ts[0m:[93m147[0m:[93m37[0m - [91merror[0m[90m TS2339: [0mProperty 'include' does not exist on type 'BasedQuery2<{ version?: string | undefined; defaultTimezone?: string | undefined; migrations?: SchemaMigrations | undefined; hash: number; types: { readonly item: { props: { readonly name: { type: "string"; }; readonly body: { ...; }; readonly email: { ...; }; readonly items: Omit<...> & { ...; }; }; }; }; locales: ...'.

[7m147[0m   deepEqual(await db.query2('item').include('email', { meta: true }).get(), [
[7m   [0m [91m                                    ~~~~~~~[0m

[96mtest/include/includeMeta.ts[0m:[93m166[0m:[93m37[0m - [91merror[0m[90m TS2339: [0mProperty 'include' does not exist on type 'BasedQuery2<{ version?: string | undefined; defaultTimezone?: string | undefined; migrations?: SchemaMigrations | undefined; hash: number; types: { readonly item: { props: { readonly name: { type: "string"; }; readonly body: { ...; }; readonly email: { ...; }; readonly items: Omit<...> & { ...; }; }; }; }; locales: ...'.

[7m166[0m   deepEqual(await db.query2('item').include('name', { meta: true }).get(), [
[7m   [0m [91m                                    ~~~~~~~[0m

[96mtest/include/includeMeta.ts[0m:[93m183[0m:[93m37[0m - [91merror[0m[90m TS2339: [0mProperty 'include' does not exist on type 'BasedQuery2<{ version?: string | undefined; defaultTimezone?: string | undefined; migrations?: SchemaMigrations | undefined; hash: number; types: { readonly item: { props: { readonly name: { type: "string"; }; readonly body: { ...; }; readonly email: { ...; }; readonly items: Omit<...> & { ...; }; }; }; }; locales: ...'.

[7m183[0m   deepEqual(await db.query2('item').include('body', { meta: true }).get(), [
[7m   [0m [91m                                    ~~~~~~~[0m

[96mtest/include/includeMeta.ts[0m:[93m219[0m:[93m29[0m - [91merror[0m[90m TS2339: [0mProperty 'include' does not exist on type 'BasedQuery2<{ version?: string | undefined; defaultTimezone?: string | undefined; migrations?: SchemaMigrations | undefined; hash: number; types: { readonly item: { props: { readonly name: { type: "string"; }; readonly body: { ...; }; readonly email: { ...; }; readonly items: Omit<...> & { ...; }; }; }; }; locales: ...'.

[7m219[0m     await db.query2('item').include('body', { meta: true }).get(),
[7m   [0m [91m                            ~~~~~~~[0m

[96mtest/include/includeMeta.ts[0m:[93m258[0m:[93m29[0m - [91merror[0m[90m TS2339: [0mProperty 'include' does not exist on type 'BasedQuery2<{ version?: string | undefined; defaultTimezone?: string | undefined; migrations?: SchemaMigrations | undefined; hash: number; types: { readonly item: { props: { readonly name: { type: "string"; }; readonly body: { ...; }; readonly email: { ...; }; readonly items: Omit<...> & { ...; }; }; }; }; locales: ...'.

[7m258[0m     await db.query2('item').include('body', { meta: 'only' }).get(),
[7m   [0m [91m                            ~~~~~~~[0m

[96mtest/include/includeMeta.ts[0m:[93m296[0m:[93m8[0m - [91merror[0m[90m TS2339: [0mProperty 'include' does not exist on type 'BasedQuery2<{ version?: string | undefined; defaultTimezone?: string | undefined; migrations?: SchemaMigrations | undefined; hash: number; types: { readonly item: { props: { readonly name: { type: "string"; }; readonly body: { ...; }; readonly email: { ...; }; readonly items: Omit<...> & { ...; }; }; }; }; locales: ...'.

[7m296[0m       .include('body', { meta: 'only' })
[7m   [0m [91m       ~~~~~~~[0m

[96mtest/include/includeMeta.ts[0m:[93m319[0m:[93m8[0m - [91merror[0m[90m TS2339: [0mProperty 'include' does not exist on type 'BasedQuery2<{ version?: string | undefined; defaultTimezone?: string | undefined; migrations?: SchemaMigrations | undefined; hash: number; types: { readonly item: { props: { readonly name: { type: "string"; }; readonly body: { ...; }; readonly email: { ...; }; readonly items: Omit<...> & { ...; }; }; }; }; locales: ...'.

[7m319[0m       .include('body', { meta: 'only' })
[7m   [0m [91m       ~~~~~~~[0m

[96mtest/include/includeNested.ts[0m:[93m26[0m:[93m29[0m - [91merror[0m[90m TS2339: [0mProperty 'include' does not exist on type 'BasedQuery2<{ version?: string | undefined; defaultTimezone?: string | undefined; migrations?: SchemaMigrations | undefined; hash: number; types: { readonly user: { props: { readonly nr: { type: "uint32"; }; readonly friends: Omit<...> & { ...; }; }; }; }; locales: Partial<...>; }, ... 5 more ..., undefined>'.

[7m26[0m     await db.query2('user').include('*', '**').range(0, 5).get(),
[7m  [0m [91m                            ~~~~~~~[0m

[96mtest/include/includeNested.ts[0m:[93m60[0m:[93m29[0m - [91merror[0m[90m TS2339: [0mProperty 'include' does not exist on type 'BasedQuery2<{ version?: string | undefined; defaultTimezone?: string | undefined; migrations?: SchemaMigrations | undefined; hash: number; types: { readonly user: { props: { readonly nr: { type: "uint32"; }; readonly friends: Omit<...> & { ...; }; }; }; }; locales: Partial<...>; }, ... 5 more ..., undefined>'.

[7m60[0m     await db.query2('user').include('friends.*').range(0, 5).get(),
[7m  [0m [91m                            ~~~~~~~[0m

[96mtest/include/includeSlice.ts[0m:[93m58[0m:[93m9[0m - [91merror[0m[90m TS18047: [0m'q' is possibly 'null'.

[7m58[0m   equal(q.id, 1)
[7m  [0m [91m        ~[0m

[96mtest/include/includeSlice.ts[0m:[93m63[0m:[93m8[0m - [91merror[0m[90m TS2339: [0mProperty 'include' does not exist on type 'BasedQuery2<{ version?: string | undefined; defaultTimezone?: string | undefined; migrations?: SchemaMigrations | undefined; hash: number; types: { readonly item: { props: { readonly x: { type: "uint32"; }; ... 11 more ...; readonly bigBoyString: { ...; }; }; }; }; locales: Partial<...>; }, ... 5 more ..., undefined>'.

[7m63[0m       .include('name', {
[7m  [0m [91m       ~~~~~~~[0m

[96mtest/include/includeSlice.ts[0m:[93m121[0m:[93m34[0m - [91merror[0m[90m TS2339: [0mProperty 'include' does not exist on type 'BasedQuery2<{ version?: string | undefined; defaultTimezone?: string | undefined; migrations?: SchemaMigrations | undefined; hash: number; types: { readonly item: { props: { readonly x: { type: "uint32"; }; ... 11 more ...; readonly bigBoyString: { ...; }; }; }; }; locales: Partial<...>; }, ... 5 more ..., undefined>'.

[7m121[0m     await db.query2('item', id1).include('body', { end: 3 }).get(),
[7m   [0m [91m                                 ~~~~~~~[0m

[96mtest/include/includeSlice.ts[0m:[93m129[0m:[93m8[0m - [91merror[0m[90m TS2339: [0mProperty 'include' does not exist on type 'BasedQuery2<{ version?: string | undefined; defaultTimezone?: string | undefined; migrations?: SchemaMigrations | undefined; hash: number; types: { readonly item: { props: { readonly x: { type: "uint32"; }; ... 11 more ...; readonly bigBoyString: { ...; }; }; }; }; locales: Partial<...>; }, ... 5 more ..., undefined>'.

[7m129[0m       .include('body.fi', { end: 3 }, 'body.en', { end: 3 })
[7m   [0m [91m       ~~~~~~~[0m

[96mtest/include/includeSlice.ts[0m:[93m136[0m:[93m34[0m - [91merror[0m[90m TS2339: [0mProperty 'include' does not exist on type 'BasedQuery2<{ version?: string | undefined; defaultTimezone?: string | undefined; migrations?: SchemaMigrations | undefined; hash: number; types: { readonly item: { props: { readonly x: { type: "uint32"; }; ... 11 more ...; readonly bigBoyString: { ...; }; }; }; }; locales: Partial<...>; }, ... 5 more ..., undefined>'.

[7m136[0m     await db.query2('item', id1).include('body', { end: 3 }).locale('en').get(),
[7m   [0m [91m                                 ~~~~~~~[0m

[96mtest/include/includeSlice.ts[0m:[93m144[0m:[93m8[0m - [91merror[0m[90m TS2339: [0mProperty 'include' does not exist on type 'BasedQuery2<{ version?: string | undefined; defaultTimezone?: string | undefined; migrations?: SchemaMigrations | undefined; hash: number; types: { readonly item: { props: { readonly x: { type: "uint32"; }; ... 11 more ...; readonly bigBoyString: { ...; }; }; }; }; locales: Partial<...>; }, ... 5 more ..., undefined>'.

[7m144[0m       .include('body', { end: 4, bytes: true })
[7m   [0m [91m       ~~~~~~~[0m

[96mtest/include/includeSlice.ts[0m:[93m154[0m:[93m8[0m - [91merror[0m[90m TS2339: [0mProperty 'include' does not exist on type 'BasedQuery2<{ version?: string | undefined; defaultTimezone?: string | undefined; migrations?: SchemaMigrations | undefined; hash: number; types: { readonly item: { props: { readonly x: { type: "uint32"; }; ... 11 more ...; readonly bigBoyString: { ...; }; }; }; }; locales: Partial<...>; }, ... 5 more ..., undefined>'.

[7m154[0m       .include('body.en', { end: 3 }, 'body.fi')
[7m   [0m [91m       ~~~~~~~[0m

[96mtest/include/referencesField.ts[0m:[93m34[0m:[93m34[0m - [91merror[0m[90m TS2339: [0mProperty 'include' does not exist on type 'BasedQuery2<{ version?: string | undefined; defaultTimezone?: string | undefined; migrations?: SchemaMigrations | undefined; hash: number; types: { readonly user: { props: { readonly name: { type: "string"; }; readonly age: { ...; }; readonly friends: Omit<...> & { ...; }; }; }; }; locales: Partial<...>; }, ... 5 mo...'.

[7m34[0m     await db.query2('user', mrA).include('name', 'age', 'friends[0].age').get(),
[7m  [0m [91m                                 ~~~~~~~[0m

[96mtest/include/referencesField.ts[0m:[93m40[0m:[93m29[0m - [91merror[0m[90m TS2339: [0mProperty 'at' does not exist on type 'BasedQuery2<{ version?: string | undefined; defaultTimezone?: string | undefined; migrations?: SchemaMigrations | undefined; hash: number; types: { readonly user: { props: { readonly name: { type: "string"; }; readonly age: { ...; }; readonly friends: Omit<...> & { ...; }; }; }; }; locales: Partial<...>; }, ... 5 mo...'.

[7m40[0m     await db.query2('user').at(0).get(),
[7m  [0m [91m                            ~~[0m

[96mtest/include/referencesField.ts[0m:[93m46[0m:[93m29[0m - [91merror[0m[90m TS2339: [0mProperty 'at' does not exist on type 'BasedQuery2<{ version?: string | undefined; defaultTimezone?: string | undefined; migrations?: SchemaMigrations | undefined; hash: number; types: { readonly user: { props: { readonly name: { type: "string"; }; readonly age: { ...; }; readonly friends: Omit<...> & { ...; }; }; }; }; locales: Partial<...>; }, ... 5 mo...'.

[7m46[0m     await db.query2('user').at(3).get(),
[7m  [0m [91m                            ~~[0m

[96mtest/include/thread.perf.ts[0m:[93m79[0m:[93m17[0m - [91merror[0m[90m TS2345: [0mArgument of type 'BasedQuery2<{ version?: string | undefined; defaultTimezone?: string | undefined; migrations?: SchemaMigrations | undefined; hash: number; types: { readonly simple: { props: { readonly nr: { type: "uint32"; }; readonly start: { ...; }; readonly end: { ...; }; readonly target: { ...; } & { ...; }; }; }; }; locales: P...' is not assignable to parameter of type 'BasedDbQuery'.
  Type 'BasedQuery2<{ version?: string | undefined; defaultTimezone?: string | undefined; migrations?: SchemaMigrations | undefined; hash: number; types: { readonly simple: { props: { readonly nr: { type: "uint32"; }; readonly start: { ...; }; readonly end: { ...; }; readonly target: { ...; } & { ...; }; }; }; }; locales: P...' is missing the following properties from type 'BasedDbQuery': target, readSchema, at, reset, and 21 more.

[7m79[0m   registerQuery(x)
[7m  [0m [91m                ~[0m

[96mtest/include/thread.perf.ts[0m:[93m99[0m:[93m10[0m - [91merror[0m[90m TS2339: [0mProperty 'range' does not exist on type 'BasedQuery2<{ version?: string | undefined; defaultTimezone?: string | undefined; migrations?: SchemaMigrations | undefined; hash: number; types: { readonly simple: { props: { readonly nr: { type: "uint32"; }; readonly start: { ...; }; readonly end: { ...; }; readonly target: { ...; } & { ...; }; }; }; }; locales: P...'.

[7m99[0m         .range(0, 5e6 + i)
[7m  [0m [91m         ~~~~~[0m

[96mtest/include/thread.perf.ts[0m:[93m167[0m:[93m14[0m - [91merror[0m[90m TS2339: [0mProperty 'include' does not exist on type 'BasedQuery2<{ version?: string | undefined; defaultTimezone?: string | undefined; migrations?: SchemaMigrations | undefined; hash: number; types: { readonly simple: { props: { readonly nr: { type: "uint32"; }; readonly start: { ...; }; readonly end: { ...; }; readonly target: { ...; } & { ...; }; }; }; }; locales: P...'.

[7m167[0m             .include('id', 'nr')
[7m   [0m [91m             ~~~~~~~[0m

[96mtest/include/thread.perf.ts[0m:[93m186[0m:[93m14[0m - [91merror[0m[90m TS2339: [0mProperty 'include' does not exist on type 'BasedQuery2<{ version?: string | undefined; defaultTimezone?: string | undefined; migrations?: SchemaMigrations | undefined; hash: number; types: { readonly simple: { props: { readonly nr: { type: "uint32"; }; readonly start: { ...; }; readonly end: { ...; }; readonly target: { ...; } & { ...; }; }; }; }; locales: P...'.

[7m186[0m             .include('id', 'nr')
[7m   [0m [91m             ~~~~~~~[0m

[96mtest/include/thread.perf.ts[0m:[93m206[0m:[93m6[0m - [91merror[0m[90m TS2339: [0mProperty 'include' does not exist on type 'BasedQuery2<{ version?: string | undefined; defaultTimezone?: string | undefined; migrations?: SchemaMigrations | undefined; hash: number; types: { readonly simple: { props: { readonly nr: { type: "uint32"; }; readonly start: { ...; }; readonly end: { ...; }; readonly target: { ...; } & { ...; }; }; }; }; locales: P...'.

[7m206[0m     .include('nr') //  'start', 'end', 'target'
[7m   [0m [91m     ~~~~~~~[0m

[96mtest/include/thread.perf.ts[0m:[93m324[0m:[93m10[0m - [91merror[0m[90m TS2551: [0mProperty 'query2' does not exist on type 'BasedDb'. Did you mean 'query'?

[7m324[0m         .query2('user')
[7m   [0m [91m         ~~~~~~[0m

  [96msrc/index.ts[0m:[93m101[0m:[93m3[0m
    [7m101[0m   query: DbClient['query'] = function (this: BasedDb) {
    [7m   [0m [96m  ~~~~~[0m
    'query' is declared here.

[96mtest/isModified.perf.ts[0m:[93m23[0m:[93m30[0m - [91merror[0m[90m TS2339: [0mProperty 'range' does not exist on type 'BasedQuery2<{ version?: string | undefined; defaultTimezone?: string | undefined; migrations?: SchemaMigrations | undefined; hash: number; types: { readonly user: { props: { readonly nr: { type: "uint32"; }; }; }; }; locales: Partial<...>; }, ... 5 more ..., undefined>'.

[7m23[0m     q.push(db.query2('user').range(0, 5).get())
[7m  [0m [91m                             ~~~~~[0m

[96mtest/json.ts[0m:[93m82[0m:[93m20[0m - [91merror[0m[90m TS2531: [0mObject is possibly 'null'.

[7m82[0m   const checksum = (await db.query2('user', user1).get()).checksum
[7m  [0m [91m                   ~~~~~~~~~~~~~~~~~~~~~~~~~~~~~~~~~~~~~~[0m

[96mtest/json.ts[0m:[93m82[0m:[93m59[0m - [91merror[0m[90m TS2339: [0mProperty 'checksum' does not exist on type '{ id: number; article: any; }'.

[7m82[0m   const checksum = (await db.query2('user', user1).get()).checksum
[7m  [0m [91m                                                          ~~~~~~~~[0m

[96mtest/json.ts[0m:[93m88[0m:[93m21[0m - [91merror[0m[90m TS2531: [0mObject is possibly 'null'.

[7m88[0m   const checksum2 = (await db.query2('user', user1).get()).checksum
[7m  [0m [91m                    ~~~~~~~~~~~~~~~~~~~~~~~~~~~~~~~~~~~~~~[0m

[96mtest/json.ts[0m:[93m88[0m:[93m60[0m - [91merror[0m[90m TS2339: [0mProperty 'checksum' does not exist on type '{ id: number; article: any; }'.

[7m88[0m   const checksum2 = (await db.query2('user', user1).get()).checksum
[7m  [0m [91m                                                           ~~~~~~~~[0m

[96mtest/locales.ts[0m:[93m39[0m:[93m7[0m - [91merror[0m[90m TS2322: [0mType 'null' is not assignable to type 'string'.

[7m39[0m       string: null,
[7m  [0m [91m      ~~~~~~[0m

  [96msrc/db-client/query2/types.ts[0m:[93m42[0m:[93m20[0m
    [7m42[0m type Prettify<T> = {
    [7m  [0m [96m                   ~[0m
    [7m43[0m   [K in keyof T]: T[K]
    [7m  [0m [96m~~~~~~~~~~~~~~~~~~~~~~[0m
    [7m44[0m } & {}
    [7m  [0m [96m~[0m
    The expected type comes from property 'string' which is declared here on type '{ string: string; id: number; text: { id: string; none: string; aa: string; ab: string; af: string; ak: string; sq: string; am: string; ar: string; an: string; hy: string; as: string; av: string; ae: string; ay: string; ... 131 more ...; cnr: string; }; }'

[96mtest/locales.ts[0m:[93m40[0m:[93m7[0m - [91merror[0m[90m TS2740: [0mType '{ [k: string]: null; }' is missing the following properties from type '{ id: string; none: string; aa: string; ab: string; af: string; ak: string; sq: string; am: string; ar: string; an: string; hy: string; as: string; av: string; ae: string; ay: string; az: string; eu: string; be: string; ... 128 more ...; cnr: string; }': id, none, aa, ab, and 143 more.

[7m40[0m       text: Object.fromEntries(Object.keys(thing.text).map((l) => [l, null])),
[7m  [0m [91m      ~~~~[0m

  [96msrc/db-client/query2/types.ts[0m:[93m42[0m:[93m20[0m
    [7m42[0m type Prettify<T> = {
    [7m  [0m [96m                   ~[0m
    [7m43[0m   [K in keyof T]: T[K]
    [7m  [0m [96m~~~~~~~~~~~~~~~~~~~~~~[0m
    [7m44[0m } & {}
    [7m  [0m [96m~[0m
    The expected type comes from property 'text' which is declared here on type '{ string: string; id: number; text: { id: string; none: string; aa: string; ab: string; af: string; ak: string; sq: string; am: string; ar: string; an: string; hy: string; as: string; av: string; ae: string; ay: string; ... 131 more ...; cnr: string; }; }'

[96mtest/mem.ts[0m:[93m57[0m:[93m12[0m - [91merror[0m[90m TS2339: [0mProperty 'include' does not exist on type 'BasedQuery2<{ version?: string | undefined; defaultTimezone?: string | undefined; migrations?: SchemaMigrations | undefined; hash: number; types: { readonly data: { props: { readonly a: { readonly ref: "data"; readonly prop: "b"; readonly $derp: { ...; }; } & { ...; }; readonly b: Omit<...> & { ...; }; readonly age:...'.

[7m57[0m           .include('b')
[7m  [0m [91m           ~~~~~~~[0m

[96mtest/mem.ts[0m:[93m72[0m:[93m36[0m - [91merror[0m[90m TS2339: [0mProperty 'range' does not exist on type 'BasedQuery2<{ version?: string | undefined; defaultTimezone?: string | undefined; migrations?: SchemaMigrations | undefined; hash: number; types: { readonly data: { props: { readonly a: { readonly ref: "data"; readonly prop: "b"; readonly $derp: { ...; }; } & { ...; }; readonly b: Omit<...> & { ...; }; readonly age:...'.

[7m72[0m       (await client.query2('data').range(0, 10e6).get()).length,
[7m  [0m [91m                                   ~~~~~[0m

[96mtest/migration.ts[0m:[93m227[0m:[93m26[0m - [91merror[0m[90m TS2551: [0mProperty 'query2' does not exist on type 'BasedDb'. Did you mean 'query'?

[7m227[0m   const users = await db.query2('user').get()
[7m   [0m [91m                         ~~~~~~[0m

  [96msrc/index.ts[0m:[93m101[0m:[93m3[0m
    [7m101[0m   query: DbClient['query'] = function (this: BasedDb) {
    [7m   [0m [96m  ~~~~~[0m
    'query' is declared here.

[96mtest/migration.ts[0m:[93m228[0m:[93m27[0m - [91merror[0m[90m TS2551: [0mProperty 'query2' does not exist on type 'BasedDb'. Did you mean 'query'?

[7m228[0m   const people = await db.query2('person').include('*', '**').get()
[7m   [0m [91m                          ~~~~~~[0m

  [96msrc/index.ts[0m:[93m101[0m:[93m3[0m
    [7m101[0m   query: DbClient['query'] = function (this: BasedDb) {
    [7m   [0m [96m  ~~~~~[0m
    'query' is declared here.

[96mtest/modify/props/binary.ts[0m:[93m63[0m:[93m47[0m - [91merror[0m[90m TS2339: [0mProperty 'include' does not exist on type 'BasedQuery2<{ version?: string | undefined; defaultTimezone?: string | undefined; migrations?: SchemaMigrations | undefined; hash: number; types: { readonly thing: { props: { readonly blob: { type: "binary"; }; readonly holders: { ...; }; }; }; readonly holder: { ...; }; }; locales: Partial<...>; }, ... 5 more ..., ...'.

[7m63[0m   const res1 = await db.query2('holder', id1).include('toThing.$edgeBlob').get()
[7m  [0m [91m                                              ~~~~~~~[0m

[96mtest/modify/props/binary.ts[0m:[93m75[0m:[93m47[0m - [91merror[0m[90m TS2339: [0mProperty 'include' does not exist on type 'BasedQuery2<{ version?: string | undefined; defaultTimezone?: string | undefined; migrations?: SchemaMigrations | undefined; hash: number; types: { readonly thing: { props: { readonly blob: { type: "binary"; }; readonly holders: { ...; }; }; }; readonly holder: { ...; }; }; locales: Partial<...>; }, ... 5 more ..., ...'.

[7m75[0m   const res2 = await db.query2('holder', id1).include('toThing.$edgeBlob').get()
[7m  [0m [91m                                              ~~~~~~~[0m

[96mtest/modify/props/boolean.ts[0m:[93m94[0m:[93m6[0m - [91merror[0m[90m TS2339: [0mProperty 'include' does not exist on type 'BasedQuery2<{ version?: string | undefined; defaultTimezone?: string | undefined; migrations?: SchemaMigrations | undefined; hash: number; types: { readonly user: { props: { readonly isNice: { type: "boolean"; }; readonly holders: { ...; }; }; }; readonly holder: { ...; }; }; locales: Partial<...>; }, ... 5 more ......'.

[7m94[0m     .include('toUser.$edgeBool')
[7m  [0m [91m     ~~~~~~~[0m

[96mtest/modify/props/boolean.ts[0m:[93m99[0m:[93m45[0m - [91merror[0m[90m TS2339: [0mProperty 'include' does not exist on type 'BasedQuery2<{ version?: string | undefined; defaultTimezone?: string | undefined; migrations?: SchemaMigrations | undefined; hash: number; types: { readonly user: { props: { readonly isNice: { type: "boolean"; }; readonly holders: { ...; }; }; }; readonly holder: { ...; }; }; locales: Partial<...>; }, ... 5 more ......'.

[7m99[0m   const resB = await db.query2('holder', b).include('toUser.$edgeBool').get()
[7m  [0m [91m                                            ~~~~~~~[0m

[96mtest/modify/props/boolean.ts[0m:[93m106[0m:[93m6[0m - [91merror[0m[90m TS2339: [0mProperty 'include' does not exist on type 'BasedQuery2<{ version?: string | undefined; defaultTimezone?: string | undefined; migrations?: SchemaMigrations | undefined; hash: number; types: { readonly user: { props: { readonly isNice: { type: "boolean"; }; readonly holders: { ...; }; }; }; readonly holder: { ...; }; }; locales: Partial<...>; }, ... 5 more ......'.

[7m106[0m     .include('toUser.$edgeBool')
[7m   [0m [91m     ~~~~~~~[0m

[96mtest/modify/props/boolean.ts[0m:[93m118[0m:[93m6[0m - [91merror[0m[90m TS2339: [0mProperty 'include' does not exist on type 'BasedQuery2<{ version?: string | undefined; defaultTimezone?: string | undefined; migrations?: SchemaMigrations | undefined; hash: number; types: { readonly user: { props: { readonly isNice: { type: "boolean"; }; readonly holders: { ...; }; }; }; readonly holder: { ...; }; }; locales: Partial<...>; }, ... 5 more ......'.

[7m118[0m     .include('toUser.$edgeBool')
[7m   [0m [91m     ~~~~~~~[0m

[96mtest/modify/props/boolean.ts[0m:[93m122[0m:[93m46[0m - [91merror[0m[90m TS2339: [0mProperty 'include' does not exist on type 'BasedQuery2<{ version?: string | undefined; defaultTimezone?: string | undefined; migrations?: SchemaMigrations | undefined; hash: number; types: { readonly user: { props: { readonly isNice: { type: "boolean"; }; readonly holders: { ...; }; }; }; readonly holder: { ...; }; }; locales: Partial<...>; }, ... 5 more ......'.

[7m122[0m   const resB2 = await db.query2('holder', b).include('toUser.$edgeBool').get()
[7m   [0m [91m                                             ~~~~~~~[0m

[96mtest/modify/props/boolean.ts[0m:[93m127[0m:[93m6[0m - [91merror[0m[90m TS2339: [0mProperty 'include' does not exist on type 'BasedQuery2<{ version?: string | undefined; defaultTimezone?: string | undefined; migrations?: SchemaMigrations | undefined; hash: number; types: { readonly user: { props: { readonly isNice: { type: "boolean"; }; readonly holders: { ...; }; }; }; readonly holder: { ...; }; }; locales: Partial<...>; }, ... 5 more ......'.

[7m127[0m     .include('toUser.$edgeBool')
[7m   [0m [91m     ~~~~~~~[0m

[96mtest/modify/props/boolean.ts[0m:[93m139[0m:[93m6[0m - [91merror[0m[90m TS2339: [0mProperty 'include' does not exist on type 'BasedQuery2<{ version?: string | undefined; defaultTimezone?: string | undefined; migrations?: SchemaMigrations | undefined; hash: number; types: { readonly user: { props: { readonly isNice: { type: "boolean"; }; readonly holders: { ...; }; }; }; readonly holder: { ...; }; }; locales: Partial<...>; }, ... 5 more ......'.

[7m139[0m     .include('toUser.$edgeBool')
[7m   [0m [91m     ~~~~~~~[0m

[96mtest/modify/props/boolean.ts[0m:[93m143[0m:[93m46[0m - [91merror[0m[90m TS2339: [0mProperty 'include' does not exist on type 'BasedQuery2<{ version?: string | undefined; defaultTimezone?: string | undefined; migrations?: SchemaMigrations | undefined; hash: number; types: { readonly user: { props: { readonly isNice: { type: "boolean"; }; readonly holders: { ...; }; }; }; readonly holder: { ...; }; }; locales: Partial<...>; }, ... 5 more ......'.

[7m143[0m   const resB3 = await db.query2('holder', b).include('toUser.$edgeBool').get()
[7m   [0m [91m                                             ~~~~~~~[0m

[96mtest/modify/props/boolean.ts[0m:[93m148[0m:[93m6[0m - [91merror[0m[90m TS2339: [0mProperty 'include' does not exist on type 'BasedQuery2<{ version?: string | undefined; defaultTimezone?: string | undefined; migrations?: SchemaMigrations | undefined; hash: number; types: { readonly user: { props: { readonly isNice: { type: "boolean"; }; readonly holders: { ...; }; }; }; readonly holder: { ...; }; }; locales: Partial<...>; }, ... 5 more ......'.

[7m148[0m     .include('toUser.$edgeBool')
[7m   [0m [91m     ~~~~~~~[0m

[96mtest/modify/props/cardinality.ts[0m:[93m74[0m:[93m6[0m - [91merror[0m[90m TS2339: [0mProperty 'include' does not exist on type 'BasedQuery2<{ version?: string | undefined; defaultTimezone?: string | undefined; migrations?: SchemaMigrations | undefined; hash: number; types: { readonly thing: { props: { readonly counter: { type: "cardinality"; }; readonly holders: { ...; }; }; }; readonly holder: { ...; }; }; locales: Partial<...>; }, ... 5 mo...'.

[7m74[0m     .include('toThing.$edgeCounter')
[7m  [0m [91m     ~~~~~~~[0m

[96mtest/modify/props/cardinality.ts[0m:[93m88[0m:[93m6[0m - [91merror[0m[90m TS2339: [0mProperty 'include' does not exist on type 'BasedQuery2<{ version?: string | undefined; defaultTimezone?: string | undefined; migrations?: SchemaMigrations | undefined; hash: number; types: { readonly thing: { props: { readonly counter: { type: "cardinality"; }; readonly holders: { ...; }; }; }; readonly holder: { ...; }; }; locales: Partial<...>; }, ... 5 mo...'.

[7m88[0m     .include('toThing.$edgeCounter')
[7m  [0m [91m     ~~~~~~~[0m

[96mtest/modify/props/default.ts[0m:[93m102[0m:[93m6[0m - [91merror[0m[90m TS2339: [0mProperty 'include' does not exist on type 'BasedQuery2<{ version?: string | undefined; defaultTimezone?: string | undefined; migrations?: SchemaMigrations | undefined; hash: number; types: { readonly user: { props: { readonly name: { type: "string"; }; readonly groups: { ...; }; }; }; readonly group: { ...; }; }; locales: Partial<...>; }, ... 5 more ..., und...'.

[7m102[0m     .include('member.$role')
[7m   [0m [91m     ~~~~~~~[0m

[96mtest/modify/props/default.ts[0m:[93m124[0m:[93m6[0m - [91merror[0m[90m TS2339: [0mProperty 'include' does not exist on type 'BasedQuery2<{ version?: string | undefined; defaultTimezone?: string | undefined; migrations?: SchemaMigrations | undefined; hash: number; types: { readonly user: { props: { readonly name: { type: "string"; }; readonly groups: { ...; }; }; }; readonly group: { ...; }; }; locales: Partial<...>; }, ... 5 more ..., und...'.

[7m124[0m     .include('member.$role')
[7m   [0m [91m     ~~~~~~~[0m

[96mtest/modify/props/default.ts[0m:[93m145[0m:[93m6[0m - [91merror[0m[90m TS2339: [0mProperty 'include' does not exist on type 'BasedQuery2<{ version?: string | undefined; defaultTimezone?: string | undefined; migrations?: SchemaMigrations | undefined; hash: number; types: { readonly user: { props: { readonly name: { type: "string"; }; readonly groups: { ...; }; }; }; readonly group: { ...; }; }; locales: Partial<...>; }, ... 5 more ..., und...'.

[7m145[0m     .include('member.$role')
[7m   [0m [91m     ~~~~~~~[0m

[96mtest/modify/props/enum.ts[0m:[93m65[0m:[93m6[0m - [91merror[0m[90m TS2339: [0mProperty 'include' does not exist on type 'BasedQuery2<{ version?: string | undefined; defaultTimezone?: string | undefined; migrations?: SchemaMigrations | undefined; hash: number; types: { readonly thing: { props: { readonly option: { readonly enum: [...]; } & { ...; }; readonly holders: { ...; }; }; }; readonly holder: { ...; }; }; locales: Partial<...>; ...'.

[7m65[0m     .include('toThing.$edgeOption')
[7m  [0m [91m     ~~~~~~~[0m

[96mtest/modify/props/enum.ts[0m:[93m79[0m:[93m6[0m - [91merror[0m[90m TS2339: [0mProperty 'include' does not exist on type 'BasedQuery2<{ version?: string | undefined; defaultTimezone?: string | undefined; migrations?: SchemaMigrations | undefined; hash: number; types: { readonly thing: { props: { readonly option: { readonly enum: [...]; } & { ...; }; readonly holders: { ...; }; }; }; readonly holder: { ...; }; }; locales: Partial<...>; ...'.

[7m79[0m     .include('toThing.$edgeOption')
[7m  [0m [91m     ~~~~~~~[0m

[96mtest/modify/props/json.ts[0m:[93m66[0m:[93m47[0m - [91merror[0m[90m TS2339: [0mProperty 'include' does not exist on type 'BasedQuery2<{ version?: string | undefined; defaultTimezone?: string | undefined; migrations?: SchemaMigrations | undefined; hash: number; types: { readonly thing: { props: { readonly data: { type: "json"; }; readonly holders: { ...; }; }; }; readonly holder: { ...; }; }; locales: Partial<...>; }, ... 5 more ..., un...'.

[7m66[0m   const res1 = await db.query2('holder', id1).include('toThing.$edgeData').get()
[7m  [0m [91m                                              ~~~~~~~[0m

[96mtest/modify/props/json.ts[0m:[93m78[0m:[93m47[0m - [91merror[0m[90m TS2339: [0mProperty 'include' does not exist on type 'BasedQuery2<{ version?: string | undefined; defaultTimezone?: string | undefined; migrations?: SchemaMigrations | undefined; hash: number; types: { readonly thing: { props: { readonly data: { type: "json"; }; readonly holders: { ...; }; }; }; readonly holder: { ...; }; }; locales: Partial<...>; }, ... 5 more ..., un...'.

[7m78[0m   const res2 = await db.query2('holder', id1).include('toThing.$edgeData').get()
[7m  [0m [91m                                              ~~~~~~~[0m

[96mtest/modify/props/mixed.ts[0m:[93m41[0m:[93m48[0m - [91merror[0m[90m TS2339: [0mProperty 'include' does not exist on type 'BasedQuery2<{ version?: string | undefined; defaultTimezone?: string | undefined; migrations?: SchemaMigrations | undefined; hash: number; types: { readonly user: { props: { readonly name: { readonly type: "string"; }; ... 4 more ...; readonly test: { ...; }; }; }; readonly typeTest: { ...; }; }; locales: Partial<.....'.

[7m41[0m   const typeTest = await db.query2('typeTest').include('*', '**').get()
[7m  [0m [91m                                               ~~~~~~~[0m

[96mtest/modify/props/mixed.ts[0m:[93m57[0m:[93m40[0m - [91merror[0m[90m TS2339: [0mProperty 'include' does not exist on type 'BasedQuery2<{ version?: string | undefined; defaultTimezone?: string | undefined; migrations?: SchemaMigrations | undefined; hash: number; types: { readonly user: { props: { readonly name: { readonly type: "string"; }; ... 4 more ...; readonly test: { ...; }; }; }; readonly typeTest: { ...; }; }; locales: Partial<.....'.

[7m57[0m   const user = await db.query2('user').include('*', '**').get()
[7m  [0m [91m                                       ~~~~~~~[0m

[96mtest/modify/props/numbers.ts[0m:[93m241[0m:[93m8[0m - [91merror[0m[90m TS2339: [0mProperty 'include' does not exist on type 'BasedQuery2<{ version?: string | undefined; defaultTimezone?: string | undefined; migrations?: SchemaMigrations | undefined; hash: number; types: { readonly thing: { props: { readonly n: { type: "number"; }; readonly holders: { ...; }; }; }; readonly holder: { ...; }; }; locales: Partial<...>; }, ... 5 more ..., und...'.

[7m241[0m       .include(
[7m   [0m [91m       ~~~~~~~[0m

[96mtest/modify/props/object.ts[0m:[93m56[0m:[93m13[0m - [91merror[0m[90m TS2531: [0mObject is possibly 'null'.

[7m56[0m   deepEqual((await db.query2('thing', id1).get()).info, {
[7m  [0m [91m            ~~~~~~~~~~~~~~~~~~~~~~~~~~~~~~~~~~~~~[0m

[96mtest/modify/props/object.ts[0m:[93m65[0m:[93m13[0m - [91merror[0m[90m TS2531: [0mObject is possibly 'null'.

[7m65[0m   deepEqual((await db.query2('thing', id1).get()).info, {
[7m  [0m [91m            ~~~~~~~~~~~~~~~~~~~~~~~~~~~~~~~~~~~~~[0m

[96mtest/modify/props/object.ts[0m:[93m104[0m:[93m47[0m - [91merror[0m[90m TS2339: [0mProperty 'include' does not exist on type 'BasedQuery2<{ version?: string | undefined; defaultTimezone?: string | undefined; migrations?: SchemaMigrations | undefined; hash: number; types: { readonly thing: { props: { readonly info: Omit<{ readonly type: "object"; readonly props: { ...; }; }, "props"> & { ...; }; readonly holders: { ...; }; }; }; readonly ho...'.

[7m104[0m   const res1 = await db.query2('holder', id1).include('toThing.$edgeInfo').get()
[7m   [0m [91m                                              ~~~~~~~[0m

[96mtest/modify/props/object.ts[0m:[93m121[0m:[93m47[0m - [91merror[0m[90m TS2339: [0mProperty 'include' does not exist on type 'BasedQuery2<{ version?: string | undefined; defaultTimezone?: string | undefined; migrations?: SchemaMigrations | undefined; hash: number; types: { readonly thing: { props: { readonly info: Omit<{ readonly type: "object"; readonly props: { ...; }; }, "props"> & { ...; }; readonly holders: { ...; }; }; }; readonly ho...'.

[7m121[0m   const res2 = await db.query2('holder', id1).include('toThing.$edgeInfo').get()
[7m   [0m [91m                                              ~~~~~~~[0m

[96mtest/modify/props/references.ts[0m:[93m26[0m:[93m47[0m - [91merror[0m[90m TS2339: [0mProperty 'include' does not exist on type 'BasedQuery2<{ version?: string | undefined; defaultTimezone?: string | undefined; migrations?: SchemaMigrations | undefined; hash: number; types: { readonly thing: { props: { readonly name: { type: "string"; }; readonly refHolders: { ...; }; }; }; readonly holder: { ...; }; }; locales: Partial<...>; }, ... 5 more .....'.

[7m26[0m     const res = await db.query2('holder', h1).include('dest.id').get()
[7m  [0m [91m                                              ~~~~~~~[0m

[96mtest/modify/props/references.ts[0m:[93m38[0m:[93m47[0m - [91merror[0m[90m TS2339: [0mProperty 'include' does not exist on type 'BasedQuery2<{ version?: string | undefined; defaultTimezone?: string | undefined; migrations?: SchemaMigrations | undefined; hash: number; types: { readonly thing: { props: { readonly name: { type: "string"; }; readonly refHolders: { ...; }; }; }; readonly holder: { ...; }; }; locales: Partial<...>; }, ... 5 more .....'.

[7m38[0m     const res = await db.query2('holder', h1).include('dest.id').get()
[7m  [0m [91m                                              ~~~~~~~[0m

[96mtest/modify/props/references.ts[0m:[93m50[0m:[93m47[0m - [91merror[0m[90m TS2339: [0mProperty 'include' does not exist on type 'BasedQuery2<{ version?: string | undefined; defaultTimezone?: string | undefined; migrations?: SchemaMigrations | undefined; hash: number; types: { readonly thing: { props: { readonly name: { type: "string"; }; readonly refHolders: { ...; }; }; }; readonly holder: { ...; }; }; locales: Partial<...>; }, ... 5 more .....'.

[7m50[0m     const res = await db.query2('holder', h1).include('dest.id').get()
[7m  [0m [91m                                              ~~~~~~~[0m

[96mtest/modify/props/references.ts[0m:[93m60[0m:[93m43[0m - [91merror[0m[90m TS2339: [0mProperty 'include' does not exist on type 'BasedQuery2<{ version?: string | undefined; defaultTimezone?: string | undefined; migrations?: SchemaMigrations | undefined; hash: number; types: { readonly thing: { props: { readonly name: { type: "string"; }; readonly refHolders: { ...; }; }; }; readonly holder: { ...; }; }; locales: Partial<...>; }, ... 5 more .....'.

[7m60[0m   deepEqual(await db.query2('holder', h1).include('dest').get(), {
[7m  [0m [91m                                          ~~~~~~~[0m

[96mtest/modify/props/references.ts[0m:[93m95[0m:[93m47[0m - [91merror[0m[90m TS2339: [0mProperty 'include' does not exist on type 'BasedQuery2<{ version?: string | undefined; defaultTimezone?: string | undefined; migrations?: SchemaMigrations | undefined; hash: number; types: { readonly thing: { props: { readonly name: { type: "string"; }; readonly refsHolders: { ...; }; }; }; readonly holder: { ...; }; }; locales: Partial<...>; }, ... 5 more ....'.

[7m95[0m     const res = await db.query2('holder', h1).include('dests').get()
[7m  [0m [91m                                              ~~~~~~~[0m

[96mtest/modify/props/references.ts[0m:[93m166[0m:[93m6[0m - [91merror[0m[90m TS2339: [0mProperty 'include' does not exist on type 'BasedQuery2<{ version?: string | undefined; defaultTimezone?: string | undefined; migrations?: SchemaMigrations | undefined; hash: number; types: { readonly thing: { props: { readonly name: { type: "string"; }; readonly refsHolders: { ...; }; }; }; readonly holder: { ...; }; }; locales: Partial<...>; }, ... 5 more ....'.

[7m166[0m     .include('dests.id')
[7m   [0m [91m     ~~~~~~~[0m

[96mtest/modify/props/references.ts[0m:[93m211[0m:[93m8[0m - [91merror[0m[90m TS2339: [0mProperty 'include' does not exist on type 'BasedQuery2<{ version?: string | undefined; defaultTimezone?: string | undefined; migrations?: SchemaMigrations | undefined; hash: number; types: { readonly thing: { props: { readonly name: { type: "string"; }; readonly holders: { ...; }; }; }; readonly holder: { ...; }; }; locales: Partial<...>; }, ... 5 more ..., ...'.

[7m211[0m       .include('toThing.$edgeRef.id')
[7m   [0m [91m       ~~~~~~~[0m

[96mtest/modify/props/references.ts[0m:[93m279[0m:[93m8[0m - [91merror[0m[90m TS2339: [0mProperty 'include' does not exist on type 'BasedQuery2<{ version?: string | undefined; defaultTimezone?: string | undefined; migrations?: SchemaMigrations | undefined; hash: number; types: { readonly thing: { props: { readonly name: { type: "string"; }; readonly holders: { ...; }; }; }; readonly holder: { ...; }; }; locales: Partial<...>; }, ... 5 more ..., ...'.

[7m279[0m       .include('toThing.$edgeRefs.id')
[7m   [0m [91m       ~~~~~~~[0m

[96mtest/modify/props/string.ts[0m:[93m111[0m:[93m47[0m - [91merror[0m[90m TS2339: [0mProperty 'include' does not exist on type 'BasedQuery2<{ version?: string | undefined; defaultTimezone?: string | undefined; migrations?: SchemaMigrations | undefined; hash: number; types: { readonly thing: { props: { readonly name: { type: "string"; }; readonly holders: { ...; }; }; }; readonly holder: { ...; }; }; locales: Partial<...>; }, ... 5 more ..., ...'.

[7m111[0m   const res1 = await db.query2('holder', id1).include('toThing.$edgeName').get()
[7m   [0m [91m                                              ~~~~~~~[0m

[96mtest/modify/props/string.ts[0m:[93m123[0m:[93m47[0m - [91merror[0m[90m TS2339: [0mProperty 'include' does not exist on type 'BasedQuery2<{ version?: string | undefined; defaultTimezone?: string | undefined; migrations?: SchemaMigrations | undefined; hash: number; types: { readonly thing: { props: { readonly name: { type: "string"; }; readonly holders: { ...; }; }; }; readonly holder: { ...; }; }; locales: Partial<...>; }, ... 5 more ..., ...'.

[7m123[0m   const res2 = await db.query2('holder', id1).include('toThing.$edgeName').get()
[7m   [0m [91m                                              ~~~~~~~[0m

[96mtest/modify/props/string.ts[0m:[93m134[0m:[93m47[0m - [91merror[0m[90m TS2339: [0mProperty 'include' does not exist on type 'BasedQuery2<{ version?: string | undefined; defaultTimezone?: string | undefined; migrations?: SchemaMigrations | undefined; hash: number; types: { readonly thing: { props: { readonly name: { type: "string"; }; readonly holders: { ...; }; }; }; readonly holder: { ...; }; }; locales: Partial<...>; }, ... 5 more ..., ...'.

[7m134[0m   const res3 = await db.query2('holder', id1).include('toThing.$edgeName').get()
[7m   [0m [91m                                              ~~~~~~~[0m

[96mtest/modify/props/string.ts[0m:[93m145[0m:[93m47[0m - [91merror[0m[90m TS2339: [0mProperty 'include' does not exist on type 'BasedQuery2<{ version?: string | undefined; defaultTimezone?: string | undefined; migrations?: SchemaMigrations | undefined; hash: number; types: { readonly thing: { props: { readonly name: { type: "string"; }; readonly holders: { ...; }; }; }; readonly holder: { ...; }; }; locales: Partial<...>; }, ... 5 more ..., ...'.

[7m145[0m   const res4 = await db.query2('holder', id1).include('toThing.$edgeName').get()
[7m   [0m [91m                                              ~~~~~~~[0m

[96mtest/modify/props/string.ts[0m:[93m156[0m:[93m47[0m - [91merror[0m[90m TS2339: [0mProperty 'include' does not exist on type 'BasedQuery2<{ version?: string | undefined; defaultTimezone?: string | undefined; migrations?: SchemaMigrations | undefined; hash: number; types: { readonly thing: { props: { readonly name: { type: "string"; }; readonly holders: { ...; }; }; }; readonly holder: { ...; }; }; locales: Partial<...>; }, ... 5 more ..., ...'.

[7m156[0m   const res5 = await db.query2('holder', id1).include('toThing.$edgeName').get()
[7m   [0m [91m                                              ~~~~~~~[0m

[96mtest/modify/props/string.ts[0m:[93m167[0m:[93m47[0m - [91merror[0m[90m TS2339: [0mProperty 'include' does not exist on type 'BasedQuery2<{ version?: string | undefined; defaultTimezone?: string | undefined; migrations?: SchemaMigrations | undefined; hash: number; types: { readonly thing: { props: { readonly name: { type: "string"; }; readonly holders: { ...; }; }; }; readonly holder: { ...; }; }; locales: Partial<...>; }, ... 5 more ..., ...'.

[7m167[0m   const res6 = await db.query2('holder', id1).include('toThing.$edgeName').get()
[7m   [0m [91m                                              ~~~~~~~[0m

[96mtest/modify/props/text.ts[0m:[93m71[0m:[93m13[0m - [91merror[0m[90m TS2531: [0mObject is possibly 'null'.

[7m71[0m   deepEqual((await db.query2('thing', id1).get()).content, {
[7m  [0m [91m            ~~~~~~~~~~~~~~~~~~~~~~~~~~~~~~~~~~~~~[0m

[96mtest/modify/props/text.ts[0m:[93m105[0m:[93m47[0m - [91merror[0m[90m TS2339: [0mProperty 'include' does not exist on type 'BasedQuery2<{ version?: string | undefined; defaultTimezone?: string | undefined; migrations?: SchemaMigrations | undefined; hash: number; types: { readonly thing: { props: { readonly content: { type: "text"; }; readonly holders: { ...; }; }; }; readonly holder: { ...; }; }; locales: Partial<...>; }, ... 5 more ...,...'.

[7m105[0m   const res1 = await db.query2('holder', id1).include('toThing.$edgeText').get()
[7m   [0m [91m                                              ~~~~~~~[0m

[96mtest/modify/props/text.ts[0m:[93m116[0m:[93m47[0m - [91merror[0m[90m TS2339: [0mProperty 'include' does not exist on type 'BasedQuery2<{ version?: string | undefined; defaultTimezone?: string | undefined; migrations?: SchemaMigrations | undefined; hash: number; types: { readonly thing: { props: { readonly content: { type: "text"; }; readonly holders: { ...; }; }; }; readonly holder: { ...; }; }; locales: Partial<...>; }, ... 5 more ...,...'.

[7m116[0m   const res2 = await db.query2('holder', id1).include('toThing.$edgeText').get()
[7m   [0m [91m                                              ~~~~~~~[0m

[96mtest/modify/props/timestamp.ts[0m:[93m100[0m:[93m13[0m - [91merror[0m[90m TS2531: [0mObject is possibly 'null'.

[7m100[0m   deepEqual((await db.query2('event', id1).get()).ts, 0)
[7m   [0m [91m            ~~~~~~~~~~~~~~~~~~~~~~~~~~~~~~~~~~~~~[0m

[96mtest/modify/props/timestamp.ts[0m:[93m134[0m:[93m47[0m - [91merror[0m[90m TS2339: [0mProperty 'include' does not exist on type 'BasedQuery2<{ version?: string | undefined; defaultTimezone?: string | undefined; migrations?: SchemaMigrations | undefined; hash: number; types: { readonly event: { props: { readonly ts: { type: "timestamp"; }; readonly holders: { ...; }; }; }; readonly holder: { ...; }; }; locales: Partial<...>; }, ... 5 more ...,...'.

[7m134[0m     const res = await db.query2('holder', id).include('toEvent.$edgeTs').get()
[7m   [0m [91m                                              ~~~~~~~[0m

[96mtest/modify/props/vector.ts[0m:[93m108[0m:[93m29[0m - [91merror[0m[90m TS18047: [0m'res' is possibly 'null'.

[7m108[0m   const vecArr = Array.from(res.vec) as number[]
[7m   [0m [91m                            ~~~[0m

[96mtest/modify/props/vector.ts[0m:[93m121[0m:[93m30[0m - [91merror[0m[90m TS18047: [0m'res2' is possibly 'null'.

[7m121[0m   const vecArr2 = Array.from(res2.vec) as number[]
[7m   [0m [91m                             ~~~~[0m

[96mtest/modify/props/vector.ts[0m:[93m164[0m:[93m29[0m - [91merror[0m[90m TS18047: [0m'res' is possibly 'null'.

[7m164[0m   const vecArr = Array.from(res.vec) as number[]
[7m   [0m [91m                            ~~~[0m

[96mtest/modify/props/vector.ts[0m:[93m176[0m:[93m30[0m - [91merror[0m[90m TS18047: [0m'res2' is possibly 'null'.

[7m176[0m   const vecArr2 = Array.from(res2.vec) as number[]
[7m   [0m [91m                             ~~~~[0m

[96mtest/modify/props/vector.ts[0m:[93m217[0m:[93m46[0m - [91merror[0m[90m TS2339: [0mProperty 'include' does not exist on type 'BasedQuery2<{ version?: string | undefined; defaultTimezone?: string | undefined; migrations?: SchemaMigrations | undefined; hash: number; types: { readonly thing: { props: { readonly vec: { readonly type: "vector"; readonly size: 3; readonly baseType: "float32"; }; readonly holders: { ...; }; }; }; readonly holder:...'.

[7m217[0m   const res = await db.query2('holder', id1).include('toThing.$edgeVec').get()
[7m   [0m [91m                                             ~~~~~~~[0m

[96mtest/modify/props/vector.ts[0m:[93m236[0m:[93m47[0m - [91merror[0m[90m TS2339: [0mProperty 'include' does not exist on type 'BasedQuery2<{ version?: string | undefined; defaultTimezone?: string | undefined; migrations?: SchemaMigrations | undefined; hash: number; types: { readonly thing: { props: { readonly vec: { readonly type: "vector"; readonly size: 3; readonly baseType: "float32"; }; readonly holders: { ...; }; }; }; readonly holder:...'.

[7m236[0m   const res2 = await db.query2('holder', id1).include('toThing.$edgeVec').get()
[7m   [0m [91m                                              ~~~~~~~[0m

[96mtest/protocol/schema.ts[0m:[93m59[0m:[93m40[0m - [91merror[0m[90m TS2322: [0mType '14' is not assignable to type 'PropTypeEnum'.

[7m59[0m           prop: { path: ['scenarios'], typeIndex: 14, readBy: 0 },
[7m  [0m [91m                                       ~~~~~~~~~[0m

  [96msrc/protocol/db-read/types.ts[0m:[93m45[0m:[93m3[0m
    [7m45[0m   typeIndex: PropTypeEnum
    [7m  [0m [96m  ~~~~~~~~~[0m
    The expected type comes from property 'typeIndex' which is declared here on type 'ReaderPropDef'

[96mtest/protocol/schema.ts[0m:[93m124[0m:[93m36[0m - [91merror[0m[90m TS2322: [0mType '14' is not assignable to type 'PropTypeEnum'.

[7m124[0m           prop: { path: ['items'], typeIndex: 14, readBy: 0 },
[7m   [0m [91m                                   ~~~~~~~~~[0m

  [96msrc/protocol/db-read/types.ts[0m:[93m45[0m:[93m3[0m
    [7m45[0m   typeIndex: PropTypeEnum
    [7m  [0m [96m  ~~~~~~~~~[0m
    The expected type comes from property 'typeIndex' which is declared here on type 'ReaderPropDef'

[96mtest/query-ast/validate.perf.ts[0m:[93m1[0m:[93m20[0m - [91merror[0m[90m TS2307: [0mCannot find module 'valibot' or its corresponding type declarations.

[7m1[0m import * as v from 'valibot'
[7m [0m [91m                   ~~~~~~~~~[0m

[96mtest/query/db.ts[0m:[93m66[0m:[93m41[0m - [91merror[0m[90m TS2339: [0mProperty 'include' does not exist on type 'BasedQuery2<{ version?: string | undefined; defaultTimezone?: string | undefined; migrations?: SchemaMigrations | undefined; hash: number; types: { readonly user: { props: { readonly name: { type: "string"; }; ... 5 more ...; readonly friends: Omit<...> & { ...; }; }; }; }; locales: Partial<...>; }, ... 5 more ..., ...'.

[7m66[0m     const res = await db.query2('user').include('address.street').get()
[7m  [0m [91m                                        ~~~~~~~[0m

[96mtest/query/db.ts[0m:[93m77[0m:[93m8[0m - [91merror[0m[90m TS2339: [0mProperty 'include' does not exist on type 'BasedQuery2<{ version?: string | undefined; defaultTimezone?: string | undefined; migrations?: SchemaMigrations | undefined; hash: number; types: { readonly user: { props: { readonly name: { type: "string"; }; ... 5 more ...; readonly friends: Omit<...> & { ...; }; }; }; }; locales: Partial<...>; }, ... 5 more ..., ...'.

[7m77[0m       .include('name')
[7m  [0m [91m       ~~~~~~~[0m

[96mtest/query/db.ts[0m:[93m87[0m:[93m8[0m - [91merror[0m[90m TS2339: [0mProperty 'include' does not exist on type 'BasedQuery2<{ version?: string | undefined; defaultTimezone?: string | undefined; migrations?: SchemaMigrations | undefined; hash: number; types: { readonly user: { props: { readonly name: { type: "string"; }; ... 5 more ...; readonly friends: Omit<...> & { ...; }; }; }; }; locales: Partial<...>; }, ... 5 more ..., ...'.

[7m87[0m       .include('name')
[7m  [0m [91m       ~~~~~~~[0m

[96mtest/query/db.ts[0m:[93m114[0m:[93m8[0m - [91merror[0m[90m TS2339: [0mProperty 'include' does not exist on type 'BasedQuery2<{ version?: string | undefined; defaultTimezone?: string | undefined; migrations?: SchemaMigrations | undefined; hash: number; types: { readonly user: { props: { readonly name: { type: "string"; }; ... 5 more ...; readonly friends: Omit<...> & { ...; }; }; }; }; locales: Partial<...>; }, ... 5 more ..., ...'.

[7m114[0m       .include('name')
[7m   [0m [91m       ~~~~~~~[0m

[96mtest/query/db.ts[0m:[93m124[0m:[93m41[0m - [91merror[0m[90m TS2339: [0mProperty 'sum' does not exist on type 'BasedQuery2<{ version?: string | undefined; defaultTimezone?: string | undefined; migrations?: SchemaMigrations | undefined; hash: number; types: { readonly user: { props: { readonly name: { type: "string"; }; ... 5 more ...; readonly friends: Omit<...> & { ...; }; }; }; }; locales: Partial<...>; }, ... 5 more ..., ...'.

[7m124[0m     const res = await db.query2('user').sum('age').get()
[7m   [0m [91m                                        ~~~[0m

[96mtest/query/db.ts[0m:[93m172[0m:[93m33[0m - [91merror[0m[90m TS2339: [0mProperty 'include' does not exist on type 'BasedQuery2<{ version?: string | undefined; defaultTimezone?: string | undefined; migrations?: SchemaMigrations | undefined; hash: number; types: { readonly user: { props: { readonly name: { type: "string"; }; ... 5 more ...; readonly friends: Omit<...> & { ...; }; }; }; }; locales: Partial<...>; }, ... 5 more ..., ...'.

[7m172[0m     const q = db.query2('user').include('friends.$rank', 'friends.$rating')
[7m   [0m [91m                                ~~~~~~~[0m

[96mtest/query/db.ts[0m:[93m181[0m:[93m33[0m - [91merror[0m[90m TS2339: [0mProperty 'include' does not exist on type 'BasedQuery2<{ version?: string | undefined; defaultTimezone?: string | undefined; migrations?: SchemaMigrations | undefined; hash: number; types: { readonly user: { props: { readonly name: { type: "string"; }; ... 5 more ...; readonly friends: Omit<...> & { ...; }; }; }; }; locales: Partial<...>; }, ... 5 more ..., ...'.

[7m181[0m     const q = db.query2('user').include('friends.$friendRef')
[7m   [0m [91m                                ~~~~~~~[0m

[96mtest/query/types.ts[0m:[93m110[0m:[93m11[0m - [91merror[0m[90m TS2322: [0mType '"a" | "b" | undefined' is not assignable to type '"a" | "b"'.
  Type 'undefined' is not assignable to type '"a" | "b"'.

[7m110[0m     const myEnum: 'a' | 'b' = everything.myEnum
[7m   [0m [91m          ~~~~~~[0m

[96mtest/query/types.ts[0m:[93m123[0m:[93m43[0m - [91merror[0m[90m TS2339: [0mProperty 'include' does not exist on type 'BasedQuery2<{ version?: string | undefined; defaultTimezone?: string | undefined; migrations?: SchemaMigrations | undefined; hash: number; types: { readonly user: { props: { readonly isNice: { type: "boolean"; }; readonly backRef: { ...; }; readonly backRefs: { ...; }; }; }; readonly everything: { ...; }; }; locales...'.

[7m123[0m     const query = db.query2('everything').include('myEnum')
[7m   [0m [91m                                          ~~~~~~~[0m

[96mtest/query/types.ts[0m:[93m129[0m:[93m7[0m - [91merror[0m[90m TS2578: [0mUnused '@ts-expect-error' directive.

[7m129[0m       // @ts-expect-error
[7m   [0m [91m      ~~~~~~~~~~~~~~~~~~~[0m

[96mtest/query/types.ts[0m:[93m135[0m:[93m43[0m - [91merror[0m[90m TS2339: [0mProperty 'include' does not exist on type 'BasedQuery2<{ version?: string | undefined; defaultTimezone?: string | undefined; migrations?: SchemaMigrations | undefined; hash: number; types: { readonly user: { props: { readonly isNice: { type: "boolean"; }; readonly backRef: { ...; }; readonly backRefs: { ...; }; }; }; readonly everything: { ...; }; }; locales...'.

[7m135[0m     const query = db.query2('everything').include('*')
[7m   [0m [91m                                          ~~~~~~~[0m

[96mtest/query/types.ts[0m:[93m142[0m:[93m7[0m - [91merror[0m[90m TS2578: [0mUnused '@ts-expect-error' directive.

[7m142[0m       // @ts-expect-error
[7m   [0m [91m      ~~~~~~~~~~~~~~~~~~~[0m

[96mtest/query/types.ts[0m:[93m147[0m:[93m43[0m - [91merror[0m[90m TS2339: [0mProperty 'include' does not exist on type 'BasedQuery2<{ version?: string | undefined; defaultTimezone?: string | undefined; migrations?: SchemaMigrations | undefined; hash: number; types: { readonly user: { props: { readonly isNice: { type: "boolean"; }; readonly backRef: { ...; }; readonly backRefs: { ...; }; }; }; readonly everything: { ...; }; }; locales...'.

[7m147[0m     const query = db.query2('everything').include('**')
[7m   [0m [91m                                          ~~~~~~~[0m

[96mtest/query/types.ts[0m:[93m158[0m:[93m7[0m - [91merror[0m[90m TS2578: [0mUnused '@ts-expect-error' directive.

[7m158[0m       // @ts-expect-error
[7m   [0m [91m      ~~~~~~~~~~~~~~~~~~~[0m

[96mtest/query/types.ts[0m:[93m160[0m:[93m7[0m - [91merror[0m[90m TS2578: [0mUnused '@ts-expect-error' directive.

[7m160[0m       // @ts-expect-error
[7m   [0m [91m      ~~~~~~~~~~~~~~~~~~~[0m

[96mtest/query/types.ts[0m:[93m162[0m:[93m7[0m - [91merror[0m[90m TS2578: [0mUnused '@ts-expect-error' directive.

[7m162[0m       // @ts-expect-error
[7m   [0m [91m      ~~~~~~~~~~~~~~~~~~~[0m

[96mtest/query/types.ts[0m:[93m169[0m:[93m43[0m - [91merror[0m[90m TS2339: [0mProperty 'include' does not exist on type 'BasedQuery2<{ version?: string | undefined; defaultTimezone?: string | undefined; migrations?: SchemaMigrations | undefined; hash: number; types: { readonly user: { props: { readonly isNice: { type: "boolean"; }; readonly backRef: { ...; }; readonly backRefs: { ...; }; }; }; readonly everything: { ...; }; }; locales...'.

[7m169[0m     const query = db.query2('everything').include('myEnum', '**')
[7m   [0m [91m                                          ~~~~~~~[0m

[96mtest/query/types.ts[0m:[93m179[0m:[93m7[0m - [91merror[0m[90m TS2578: [0mUnused '@ts-expect-error' directive.

[7m179[0m       // @ts-expect-error
[7m   [0m [91m      ~~~~~~~~~~~~~~~~~~~[0m

[96mtest/query/types.ts[0m:[93m186[0m:[93m43[0m - [91merror[0m[90m TS2339: [0mProperty 'include' does not exist on type 'BasedQuery2<{ version?: string | undefined; defaultTimezone?: string | undefined; migrations?: SchemaMigrations | undefined; hash: number; types: { readonly user: { props: { readonly isNice: { type: "boolean"; }; readonly backRef: { ...; }; readonly backRefs: { ...; }; }; }; readonly everything: { ...; }; }; locales...'.

[7m186[0m     const query = db.query2('everything').include('n', 's', 'nested')
[7m   [0m [91m                                          ~~~~~~~[0m

[96mtest/query/types.ts[0m:[93m196[0m:[93m7[0m - [91merror[0m[90m TS2578: [0mUnused '@ts-expect-error' directive.

[7m196[0m       // @ts-expect-error
[7m   [0m [91m      ~~~~~~~~~~~~~~~~~~~[0m

[96mtest/query/types.ts[0m:[93m203[0m:[93m43[0m - [91merror[0m[90m TS2339: [0mProperty 'include' does not exist on type 'BasedQuery2<{ version?: string | undefined; defaultTimezone?: string | undefined; migrations?: SchemaMigrations | undefined; hash: number; types: { readonly user: { props: { readonly isNice: { type: "boolean"; }; readonly backRef: { ...; }; readonly backRefs: { ...; }; }; }; readonly everything: { ...; }; }; locales...'.

[7m203[0m     const query = db.query2('everything').include('*', 'myRefs')
[7m   [0m [91m                                          ~~~~~~~[0m

[96mtest/query/types.ts[0m:[93m212[0m:[93m7[0m - [91merror[0m[90m TS2578: [0mUnused '@ts-expect-error' directive.

[7m212[0m       // @ts-expect-error
[7m   [0m [91m      ~~~~~~~~~~~~~~~~~~~[0m

[96mtest/query/types.ts[0m:[93m219[0m:[93m46[0m - [91merror[0m[90m TS2339: [0mProperty 'include' does not exist on type 'BasedQuery2<{ version?: string | undefined; defaultTimezone?: string | undefined; migrations?: SchemaMigrations | undefined; hash: number; types: { readonly user: { props: { readonly isNice: { type: "boolean"; }; readonly backRef: { ...; }; readonly backRefs: { ...; }; }; }; readonly everything: { ...; }; }; locales...'.

[7m219[0m     const query = db.query2('everything', 1).include('*', 'myRefs')
[7m   [0m [91m                                             ~~~~~~~[0m

[96mtest/query/types.ts[0m:[93m238[0m:[93m8[0m - [91merror[0m[90m TS2339: [0mProperty 'include' does not exist on type 'BasedQuery2<{ version?: string | undefined; defaultTimezone?: string | undefined; migrations?: SchemaMigrations | undefined; hash: number; types: { readonly user: { props: { readonly isNice: { type: "boolean"; }; readonly backRef: { ...; }; readonly backRefs: { ...; }; }; }; readonly everything: { ...; }; }; locales...'.

[7m238[0m       .include((select) => select('myRefs').include('isNice'))
[7m   [0m [91m       ~~~~~~~[0m

[96mtest/query/types.ts[0m:[93m250[0m:[93m8[0m - [91merror[0m[90m TS2339: [0mProperty 'include' does not exist on type 'BasedQuery2<{ version?: string | undefined; defaultTimezone?: string | undefined; migrations?: SchemaMigrations | undefined; hash: number; types: { readonly user: { props: { readonly isNice: { type: "boolean"; }; readonly backRef: { ...; }; readonly backRefs: { ...; }; }; }; readonly everything: { ...; }; }; locales...'.

[7m250[0m       .include((select) => select('backRefs').include('myEnum'))
[7m   [0m [91m       ~~~~~~~[0m

[96mtest/query/types.ts[0m:[93m260[0m:[93m43[0m - [91merror[0m[90m TS2339: [0mProperty 'sum' does not exist on type 'BasedQuery2<{ version?: string | undefined; defaultTimezone?: string | undefined; migrations?: SchemaMigrations | undefined; hash: number; types: { readonly user: { props: { readonly isNice: { type: "boolean"; }; readonly backRef: { ...; }; readonly backRefs: { ...; }; }; }; readonly everything: { ...; }; }; locales...'.

[7m260[0m     const query = db.query2('everything').sum('n', 'i8').sum('card')
[7m   [0m [91m                                          ~~~[0m

[96mtest/query/types.ts[0m:[93m288[0m:[93m43[0m - [91merror[0m[90m TS2339: [0mProperty 'sum' does not exist on type 'BasedQuery2<{ version?: string | undefined; defaultTimezone?: string | undefined; migrations?: SchemaMigrations | undefined; hash: number; types: { readonly user: { props: { readonly isNice: { type: "boolean"; }; readonly backRef: { ...; }; readonly backRefs: { ...; }; }; }; readonly everything: { ...; }; }; locales...'.

[7m288[0m     const query = db.query2('everything').sum('n')
[7m   [0m [91m                                          ~~~[0m

[96mtest/query/types.ts[0m:[93m293[0m:[93m7[0m - [91merror[0m[90m TS2578: [0mUnused '@ts-expect-error' directive.

[7m293[0m       // @ts-expect-error
[7m   [0m [91m      ~~~~~~~~~~~~~~~~~~~[0m

[96mtest/query/types.ts[0m:[93m297[0m:[93m48[0m - [91merror[0m[90m TS2339: [0mProperty 'groupBy' does not exist on type 'BasedQuery2<{ version?: string | undefined; defaultTimezone?: string | undefined; migrations?: SchemaMigrations | undefined; hash: number; types: { readonly user: { props: { readonly isNice: { type: "boolean"; }; readonly backRef: { ...; }; readonly backRefs: { ...; }; }; }; readonly everything: { ...; }; }; locales...'.

[7m297[0m     const queryGroup = db.query2('everything').groupBy('s').sum('n')
[7m   [0m [91m                                               ~~~~~~~[0m

[96mtest/query/types.ts[0m:[93m305[0m:[93m9[0m - [91merror[0m[90m TS2578: [0mUnused '@ts-expect-error' directive.

[7m305[0m         // @ts-expect-error
[7m   [0m [91m        ~~~~~~~~~~~~~~~~~~~[0m

[96mtest/queryResponse.ts[0m:[93m25[0m:[93m19[0m - [91merror[0m[90m TS18047: [0m'response' is possibly 'null'.

[7m25[0m     extractNumber(response.version),
[7m  [0m [91m                  ~~~~~~~~[0m

[96mtest/queryResponse.ts[0m:[93m25[0m:[93m28[0m - [91merror[0m[90m TS2339: [0mProperty 'version' does not exist on type '{ id: number; status: "a" | "b" | undefined; }'.

[7m25[0m     extractNumber(response.version),
[7m  [0m [91m                           ~~~~~~~[0m

[96mtest/queryResponse.ts[0m:[93m26[0m:[93m5[0m - [91merror[0m[90m TS18047: [0m'response' is possibly 'null'.

[7m26[0m     response.checksum,
[7m  [0m [91m    ~~~~~~~~[0m

[96mtest/queryResponse.ts[0m:[93m26[0m:[93m14[0m - [91merror[0m[90m TS2339: [0mProperty 'checksum' does not exist on type '{ id: number; status: "a" | "b" | undefined; }'.

[7m26[0m     response.checksum,
[7m  [0m [91m             ~~~~~~~~[0m

[96mtest/queryResponse.ts[0m:[93m36[0m:[93m12[0m - [91merror[0m[90m TS18047: [0m'response' is possibly 'null'.

[7m36[0m   notEqual(response.version, response2.version)
[7m  [0m [91m           ~~~~~~~~[0m

[96mtest/queryResponse.ts[0m:[93m36[0m:[93m21[0m - [91merror[0m[90m TS2339: [0mProperty 'version' does not exist on type '{ id: number; status: "a" | "b" | undefined; }'.

[7m36[0m   notEqual(response.version, response2.version)
[7m  [0m [91m                    ~~~~~~~[0m

[96mtest/queryResponse.ts[0m:[93m36[0m:[93m30[0m - [91merror[0m[90m TS18047: [0m'response2' is possibly 'null'.

[7m36[0m   notEqual(response.version, response2.version)
[7m  [0m [91m                             ~~~~~~~~~[0m

[96mtest/queryResponse.ts[0m:[93m36[0m:[93m40[0m - [91merror[0m[90m TS2339: [0mProperty 'version' does not exist on type '{ id: number; status: "a" | "b" | undefined; }'.

[7m36[0m   notEqual(response.version, response2.version)
[7m  [0m [91m                                       ~~~~~~~[0m

[96mtest/range.ts[0m:[93m59[0m:[93m37[0m - [91merror[0m[90m TS2339: [0mProperty 'include' does not exist on type 'BasedQuery2<{ version?: string | undefined; defaultTimezone?: string | undefined; migrations?: SchemaMigrations | undefined; hash: number; types: { readonly user: { props: { readonly name: { readonly type: "string"; }; readonly email: { ...; }; readonly age: { ...; }; readonly nr: { ...; }; readonly location: Omit<....'.

[7m59[0m   deepEqual(await db.query2('user').include('nr').range(1, 2).get(), [
[7m  [0m [91m                                    ~~~~~~~[0m

[96mtest/range.ts[0m:[93m63[0m:[93m29[0m - [91merror[0m[90m TS2339: [0mProperty 'include' does not exist on type 'BasedQuery2<{ version?: string | undefined; defaultTimezone?: string | undefined; migrations?: SchemaMigrations | undefined; hash: number; types: { readonly user: { props: { readonly name: { readonly type: "string"; }; readonly email: { ...; }; readonly age: { ...; }; readonly nr: { ...; }; readonly location: Omit<....'.

[7m63[0m     await db.query2('user').include('nr').sort('email').range(1, 2).get(),
[7m  [0m [91m                            ~~~~~~~[0m

[96mtest/raw.ts[0m:[93m21[0m:[93m6[0m - [91merror[0m[90m TS2339: [0mProperty 'include' does not exist on type 'BasedQuery2<{ version?: string | undefined; defaultTimezone?: string | undefined; migrations?: SchemaMigrations | undefined; hash: number; types: { readonly user: { props: { readonly uniqueSkills: { ...; }; }; }; }; locales: Partial<...>; }, ... 5 more ..., undefined>'.

[7m21[0m     .include('uniqueSkills', { raw: true })
[7m  [0m [91m     ~~~~~~~[0m

[96mtest/raw.ts[0m:[93m50[0m:[93m6[0m - [91merror[0m[90m TS2339: [0mProperty 'include' does not exist on type 'BasedQuery2<{ version?: string | undefined; defaultTimezone?: string | undefined; migrations?: SchemaMigrations | undefined; hash: number; types: { readonly user: { props: { readonly name: { type: "string"; }; readonly role: { ...; }; readonly resume: { ...; }; }; }; }; locales: Partial<...>; }, ... 5 more ..., unde...'.

[7m50[0m     .include(['name', 'role', 'resume'], { raw: true })
[7m  [0m [91m     ~~~~~~~[0m

[96mtest/references/references.ts[0m:[93m61[0m:[93m40[0m - [91merror[0m[90m TS2339: [0mProperty 'include' does not exist on type 'BasedQuery2<{ version?: string | undefined; defaultTimezone?: string | undefined; migrations?: SchemaMigrations | undefined; hash: number; types: { readonly user: { props: { readonly flap: { type: "uint32"; }; readonly name: { ...; }; readonly articles: Omit<...> & { ...; }; }; }; readonly article: { ...; }; }; loca...'.

[7m61[0m   deepEqual(await db.query2('article').include('contributors.name').get(), [
[7m  [0m [91m                                       ~~~~~~~[0m

[96mtest/references/references.ts[0m:[93m75[0m:[93m37[0m - [91merror[0m[90m TS2339: [0mProperty 'include' does not exist on type 'BasedQuery2<{ version?: string | undefined; defaultTimezone?: string | undefined; migrations?: SchemaMigrations | undefined; hash: number; types: { readonly user: { props: { readonly flap: { type: "uint32"; }; readonly name: { ...; }; readonly articles: Omit<...> & { ...; }; }; }; readonly article: { ...; }; }; loca...'.

[7m75[0m   deepEqual(await db.query2('user').include('articles.name').get(), [
[7m  [0m [91m                                    ~~~~~~~[0m

[96mtest/references/references.ts[0m:[93m130[0m:[93m37[0m - [91merror[0m[90m TS2339: [0mProperty 'include' does not exist on type 'BasedQuery2<{ version?: string | undefined; defaultTimezone?: string | undefined; migrations?: SchemaMigrations | undefined; hash: number; types: { readonly user: { props: { readonly uid: { readonly type: "uint32"; }; readonly name: { ...; }; readonly resources: Omit<...> & { ...; }; }; }; readonly resource: { ...; ...'.

[7m130[0m   deepEqual(await db.query2('user').include('resources').get(), [
[7m   [0m [91m                                    ~~~~~~~[0m

[96mtest/references/references.ts[0m:[93m158[0m:[93m37[0m - [91merror[0m[90m TS2339: [0mProperty 'include' does not exist on type 'BasedQuery2<{ version?: string | undefined; defaultTimezone?: string | undefined; migrations?: SchemaMigrations | undefined; hash: number; types: { readonly user: { props: { readonly uid: { readonly type: "uint32"; }; readonly name: { ...; }; readonly resources: Omit<...> & { ...; }; }; }; readonly resource: { ...; ...'.

[7m158[0m   deepEqual(await db.query2('user').include('resources.name').get(), [
[7m   [0m [91m                                    ~~~~~~~[0m

[96mtest/references/references.ts[0m:[93m218[0m:[93m37[0m - [91merror[0m[90m TS2769: [0mNo overload matches this call.
  Overload 1 of 2, '(type: "user", id?: number[] | undefined): BasedQuery2<{ version?: string | undefined; defaultTimezone?: string | undefined; migrations?: SchemaMigrations | undefined; hash: number; types: { ...; }; locales: Partial<...>; }, ... 5 more ..., undefined>', gave the following error.
    Argument of type 'BasedCreatePromise' is not assignable to parameter of type 'number[]'.
      Type 'BasedModify<(schema: SchemaOut, type: string, payload: Record<string, any>, buf: AutoSizedUint8Array, lang: LangCodeEnum) => void>' is missing the following properties from type 'number[]': length, pop, push, concat, and 35 more.
  Overload 2 of 2, '(type: "user", id: number | (Partial<InferSchemaOutput<{ version?: string | undefined; defaultTimezone?: string | undefined; migrations?: SchemaMigrations | undefined; hash: number; types: { ...; }; locales: Partial<...>; }, "user">> & { ...; })): BasedQuery2<...>', gave the following error.
    Argument of type 'BasedCreatePromise' is not assignable to parameter of type 'number | (Partial<InferSchemaOutput<{ version?: string | undefined; defaultTimezone?: string | undefined; migrations?: SchemaMigrations | undefined; hash: number; types: { readonly user: { props: { ...; }; }; readonly resource: { ...; }; }; locales: Partial<...>; }, "user">> & { ...; })'.
      Type 'BasedModify<(schema: SchemaOut, type: string, payload: Record<string, any>, buf: AutoSizedUint8Array, lang: LangCodeEnum) => void>' is not assignable to type 'Partial<InferSchemaOutput<{ version?: string | undefined; defaultTimezone?: string | undefined; migrations?: SchemaMigrations | undefined; hash: number; types: { readonly user: { props: { readonly name: { readonly type: "string"; readonly max: 8; }; readonly resources: Omit<...> & { ...; }; }; }; readonly resource: ...'.
        Type 'BasedModify<(schema: SchemaOut, type: string, payload: Record<string, any>, buf: AutoSizedUint8Array, lang: LangCodeEnum) => void>' is not assignable to type '{ [Symbol.toStringTag]?: undefined; }'.
          Types of property '[Symbol.toStringTag]' are incompatible.
            Type '"BasedModify"' is not assignable to type 'undefined'.

[7m218[0m   deepEqual(await db.query2('user', user).include('resources').get(), {
[7m   [0m [91m                                    ~~~~[0m

  [96mtest/references/references.ts[0m:[93m218[0m:[93m37[0m
    [7m218[0m   deepEqual(await db.query2('user', user).include('resources').get(), {
    [7m   [0m [96m                                    ~~~~[0m
    Did you forget to use 'await'?

[96mtest/references/references.ts[0m:[93m218[0m:[93m43[0m - [91merror[0m[90m TS2339: [0mProperty 'include' does not exist on type 'BasedQuery2<{ version?: string | undefined; defaultTimezone?: string | undefined; migrations?: SchemaMigrations | undefined; hash: number; types: { readonly user: { props: { readonly name: { readonly type: "string"; readonly max: 8; }; readonly resources: Omit<...> & { ...; }; }; }; readonly resource: { ...; }; }; l...'.

[7m218[0m   deepEqual(await db.query2('user', user).include('resources').get(), {
[7m   [0m [91m                                          ~~~~~~~[0m

[96mtest/references/references.ts[0m:[93m242[0m:[93m37[0m - [91merror[0m[90m TS2769: [0mNo overload matches this call.
  Overload 1 of 2, '(type: "user", id?: number[] | undefined): BasedQuery2<{ version?: string | undefined; defaultTimezone?: string | undefined; migrations?: SchemaMigrations | undefined; hash: number; types: { ...; }; locales: Partial<...>; }, ... 5 more ..., undefined>', gave the following error.
    Argument of type 'BasedCreatePromise' is not assignable to parameter of type 'number[]'.
      Type 'BasedModify<(schema: SchemaOut, type: string, payload: Record<string, any>, buf: AutoSizedUint8Array, lang: LangCodeEnum) => void>' is missing the following properties from type 'number[]': length, pop, push, concat, and 35 more.
  Overload 2 of 2, '(type: "user", id: number | (Partial<InferSchemaOutput<{ version?: string | undefined; defaultTimezone?: string | undefined; migrations?: SchemaMigrations | undefined; hash: number; types: { ...; }; locales: Partial<...>; }, "user">> & { ...; })): BasedQuery2<...>', gave the following error.
    Argument of type 'BasedCreatePromise' is not assignable to parameter of type 'number | (Partial<InferSchemaOutput<{ version?: string | undefined; defaultTimezone?: string | undefined; migrations?: SchemaMigrations | undefined; hash: number; types: { readonly user: { props: { ...; }; }; readonly resource: { ...; }; }; locales: Partial<...>; }, "user">> & { ...; })'.
      Type 'BasedModify<(schema: SchemaOut, type: string, payload: Record<string, any>, buf: AutoSizedUint8Array, lang: LangCodeEnum) => void>' is not assignable to type 'Partial<InferSchemaOutput<{ version?: string | undefined; defaultTimezone?: string | undefined; migrations?: SchemaMigrations | undefined; hash: number; types: { readonly user: { props: { readonly name: { readonly type: "string"; readonly max: 8; }; readonly resources: Omit<...> & { ...; }; }; }; readonly resource: ...'.
        Type 'BasedModify<(schema: SchemaOut, type: string, payload: Record<string, any>, buf: AutoSizedUint8Array, lang: LangCodeEnum) => void>' is not assignable to type '{ [Symbol.toStringTag]?: undefined; }'.
          Types of property '[Symbol.toStringTag]' are incompatible.
            Type '"BasedModify"' is not assignable to type 'undefined'.

[7m242[0m   deepEqual(await db.query2('user', user).include('resources').get(), {
[7m   [0m [91m                                    ~~~~[0m

  [96mtest/references/references.ts[0m:[93m242[0m:[93m37[0m
    [7m242[0m   deepEqual(await db.query2('user', user).include('resources').get(), {
    [7m   [0m [96m                                    ~~~~[0m
    Did you forget to use 'await'?

[96mtest/references/references.ts[0m:[93m242[0m:[93m43[0m - [91merror[0m[90m TS2339: [0mProperty 'include' does not exist on type 'BasedQuery2<{ version?: string | undefined; defaultTimezone?: string | undefined; migrations?: SchemaMigrations | undefined; hash: number; types: { readonly user: { props: { readonly name: { readonly type: "string"; readonly max: 8; }; readonly resources: Omit<...> & { ...; }; }; }; readonly resource: { ...; }; }; l...'.

[7m242[0m   deepEqual(await db.query2('user', user).include('resources').get(), {
[7m   [0m [91m                                          ~~~~~~~[0m

[96mtest/references/references.ts[0m:[93m263[0m:[93m37[0m - [91merror[0m[90m TS2769: [0mNo overload matches this call.
  Overload 1 of 2, '(type: "user", id?: number[] | undefined): BasedQuery2<{ version?: string | undefined; defaultTimezone?: string | undefined; migrations?: SchemaMigrations | undefined; hash: number; types: { ...; }; locales: Partial<...>; }, ... 5 more ..., undefined>', gave the following error.
    Argument of type 'BasedCreatePromise' is not assignable to parameter of type 'number[]'.
      Type 'BasedModify<(schema: SchemaOut, type: string, payload: Record<string, any>, buf: AutoSizedUint8Array, lang: LangCodeEnum) => void>' is missing the following properties from type 'number[]': length, pop, push, concat, and 35 more.
  Overload 2 of 2, '(type: "user", id: number | (Partial<InferSchemaOutput<{ version?: string | undefined; defaultTimezone?: string | undefined; migrations?: SchemaMigrations | undefined; hash: number; types: { ...; }; locales: Partial<...>; }, "user">> & { ...; })): BasedQuery2<...>', gave the following error.
    Argument of type 'BasedCreatePromise' is not assignable to parameter of type 'number | (Partial<InferSchemaOutput<{ version?: string | undefined; defaultTimezone?: string | undefined; migrations?: SchemaMigrations | undefined; hash: number; types: { readonly user: { props: { ...; }; }; readonly resource: { ...; }; }; locales: Partial<...>; }, "user">> & { ...; })'.
      Type 'BasedModify<(schema: SchemaOut, type: string, payload: Record<string, any>, buf: AutoSizedUint8Array, lang: LangCodeEnum) => void>' is not assignable to type 'Partial<InferSchemaOutput<{ version?: string | undefined; defaultTimezone?: string | undefined; migrations?: SchemaMigrations | undefined; hash: number; types: { readonly user: { props: { readonly name: { readonly type: "string"; readonly max: 8; }; readonly resources: Omit<...> & { ...; }; }; }; readonly resource: ...'.
        Type 'BasedModify<(schema: SchemaOut, type: string, payload: Record<string, any>, buf: AutoSizedUint8Array, lang: LangCodeEnum) => void>' is not assignable to type '{ [Symbol.toStringTag]?: undefined; }'.
          Types of property '[Symbol.toStringTag]' are incompatible.
            Type '"BasedModify"' is not assignable to type 'undefined'.

[7m263[0m   deepEqual(await db.query2('user', user).include('resources').get(), {
[7m   [0m [91m                                    ~~~~[0m

  [96mtest/references/references.ts[0m:[93m263[0m:[93m37[0m
    [7m263[0m   deepEqual(await db.query2('user', user).include('resources').get(), {
    [7m   [0m [96m                                    ~~~~[0m
    Did you forget to use 'await'?

[96mtest/references/references.ts[0m:[93m263[0m:[93m43[0m - [91merror[0m[90m TS2339: [0mProperty 'include' does not exist on type 'BasedQuery2<{ version?: string | undefined; defaultTimezone?: string | undefined; migrations?: SchemaMigrations | undefined; hash: number; types: { readonly user: { props: { readonly name: { readonly type: "string"; readonly max: 8; }; readonly resources: Omit<...> & { ...; }; }; }; readonly resource: { ...; }; }; l...'.

[7m263[0m   deepEqual(await db.query2('user', user).include('resources').get(), {
[7m   [0m [91m                                          ~~~~~~~[0m

[96mtest/references/references.ts[0m:[93m284[0m:[93m37[0m - [91merror[0m[90m TS2769: [0mNo overload matches this call.
  Overload 1 of 2, '(type: "user", id?: number[] | undefined): BasedQuery2<{ version?: string | undefined; defaultTimezone?: string | undefined; migrations?: SchemaMigrations | undefined; hash: number; types: { ...; }; locales: Partial<...>; }, ... 5 more ..., undefined>', gave the following error.
    Argument of type 'BasedCreatePromise' is not assignable to parameter of type 'number[]'.
      Type 'BasedModify<(schema: SchemaOut, type: string, payload: Record<string, any>, buf: AutoSizedUint8Array, lang: LangCodeEnum) => void>' is missing the following properties from type 'number[]': length, pop, push, concat, and 35 more.
  Overload 2 of 2, '(type: "user", id: number | (Partial<InferSchemaOutput<{ version?: string | undefined; defaultTimezone?: string | undefined; migrations?: SchemaMigrations | undefined; hash: number; types: { ...; }; locales: Partial<...>; }, "user">> & { ...; })): BasedQuery2<...>', gave the following error.
    Argument of type 'BasedCreatePromise' is not assignable to parameter of type 'number | (Partial<InferSchemaOutput<{ version?: string | undefined; defaultTimezone?: string | undefined; migrations?: SchemaMigrations | undefined; hash: number; types: { readonly user: { props: { ...; }; }; readonly resource: { ...; }; }; locales: Partial<...>; }, "user">> & { ...; })'.
      Type 'BasedModify<(schema: SchemaOut, type: string, payload: Record<string, any>, buf: AutoSizedUint8Array, lang: LangCodeEnum) => void>' is not assignable to type 'Partial<InferSchemaOutput<{ version?: string | undefined; defaultTimezone?: string | undefined; migrations?: SchemaMigrations | undefined; hash: number; types: { readonly user: { props: { readonly name: { readonly type: "string"; readonly max: 8; }; readonly resources: Omit<...> & { ...; }; }; }; readonly resource: ...'.
        Type 'BasedModify<(schema: SchemaOut, type: string, payload: Record<string, any>, buf: AutoSizedUint8Array, lang: LangCodeEnum) => void>' is not assignable to type '{ [Symbol.toStringTag]?: undefined; }'.
          Types of property '[Symbol.toStringTag]' are incompatible.
            Type '"BasedModify"' is not assignable to type 'undefined'.

[7m284[0m   deepEqual(await db.query2('user', user).include('resources').get(), {
[7m   [0m [91m                                    ~~~~[0m

  [96mtest/references/references.ts[0m:[93m284[0m:[93m37[0m
    [7m284[0m   deepEqual(await db.query2('user', user).include('resources').get(), {
    [7m   [0m [96m                                    ~~~~[0m
    Did you forget to use 'await'?

[96mtest/references/references.ts[0m:[93m284[0m:[93m43[0m - [91merror[0m[90m TS2339: [0mProperty 'include' does not exist on type 'BasedQuery2<{ version?: string | undefined; defaultTimezone?: string | undefined; migrations?: SchemaMigrations | undefined; hash: number; types: { readonly user: { props: { readonly name: { readonly type: "string"; readonly max: 8; }; readonly resources: Omit<...> & { ...; }; }; }; readonly resource: { ...; }; }; l...'.

[7m284[0m   deepEqual(await db.query2('user', user).include('resources').get(), {
[7m   [0m [91m                                          ~~~~~~~[0m

[96mtest/references/references.ts[0m:[93m309[0m:[93m37[0m - [91merror[0m[90m TS2769: [0mNo overload matches this call.
  Overload 1 of 2, '(type: "user", id?: number[] | undefined): BasedQuery2<{ version?: string | undefined; defaultTimezone?: string | undefined; migrations?: SchemaMigrations | undefined; hash: number; types: { ...; }; locales: Partial<...>; }, ... 5 more ..., undefined>', gave the following error.
    Argument of type 'BasedCreatePromise' is not assignable to parameter of type 'number[]'.
      Type 'BasedModify<(schema: SchemaOut, type: string, payload: Record<string, any>, buf: AutoSizedUint8Array, lang: LangCodeEnum) => void>' is missing the following properties from type 'number[]': length, pop, push, concat, and 35 more.
  Overload 2 of 2, '(type: "user", id: number | (Partial<InferSchemaOutput<{ version?: string | undefined; defaultTimezone?: string | undefined; migrations?: SchemaMigrations | undefined; hash: number; types: { ...; }; locales: Partial<...>; }, "user">> & { ...; })): BasedQuery2<...>', gave the following error.
    Argument of type 'BasedCreatePromise' is not assignable to parameter of type 'number | (Partial<InferSchemaOutput<{ version?: string | undefined; defaultTimezone?: string | undefined; migrations?: SchemaMigrations | undefined; hash: number; types: { readonly user: { props: { ...; }; }; readonly resource: { ...; }; }; locales: Partial<...>; }, "user">> & { ...; })'.
      Type 'BasedModify<(schema: SchemaOut, type: string, payload: Record<string, any>, buf: AutoSizedUint8Array, lang: LangCodeEnum) => void>' is not assignable to type 'Partial<InferSchemaOutput<{ version?: string | undefined; defaultTimezone?: string | undefined; migrations?: SchemaMigrations | undefined; hash: number; types: { readonly user: { props: { readonly name: { readonly type: "string"; readonly max: 8; }; readonly resources: Omit<...> & { ...; }; }; }; readonly resource: ...'.
        Type 'BasedModify<(schema: SchemaOut, type: string, payload: Record<string, any>, buf: AutoSizedUint8Array, lang: LangCodeEnum) => void>' is not assignable to type '{ [Symbol.toStringTag]?: undefined; }'.
          Types of property '[Symbol.toStringTag]' are incompatible.
            Type '"BasedModify"' is not assignable to type 'undefined'.

[7m309[0m   deepEqual(await db.query2('user', user).include('resources').get(), {
[7m   [0m [91m                                    ~~~~[0m

  [96mtest/references/references.ts[0m:[93m309[0m:[93m37[0m
    [7m309[0m   deepEqual(await db.query2('user', user).include('resources').get(), {
    [7m   [0m [96m                                    ~~~~[0m
    Did you forget to use 'await'?

[96mtest/references/references.ts[0m:[93m309[0m:[93m43[0m - [91merror[0m[90m TS2339: [0mProperty 'include' does not exist on type 'BasedQuery2<{ version?: string | undefined; defaultTimezone?: string | undefined; migrations?: SchemaMigrations | undefined; hash: number; types: { readonly user: { props: { readonly name: { readonly type: "string"; readonly max: 8; }; readonly resources: Omit<...> & { ...; }; }; }; readonly resource: { ...; }; }; l...'.

[7m309[0m   deepEqual(await db.query2('user', user).include('resources').get(), {
[7m   [0m [91m                                          ~~~~~~~[0m

[96mtest/references/references.ts[0m:[93m335[0m:[93m37[0m - [91merror[0m[90m TS2769: [0mNo overload matches this call.
  Overload 1 of 2, '(type: "user", id?: number[] | undefined): BasedQuery2<{ version?: string | undefined; defaultTimezone?: string | undefined; migrations?: SchemaMigrations | undefined; hash: number; types: { ...; }; locales: Partial<...>; }, ... 5 more ..., undefined>', gave the following error.
    Argument of type 'BasedCreatePromise' is not assignable to parameter of type 'number[]'.
      Type 'BasedModify<(schema: SchemaOut, type: string, payload: Record<string, any>, buf: AutoSizedUint8Array, lang: LangCodeEnum) => void>' is missing the following properties from type 'number[]': length, pop, push, concat, and 35 more.
  Overload 2 of 2, '(type: "user", id: number | (Partial<InferSchemaOutput<{ version?: string | undefined; defaultTimezone?: string | undefined; migrations?: SchemaMigrations | undefined; hash: number; types: { ...; }; locales: Partial<...>; }, "user">> & { ...; })): BasedQuery2<...>', gave the following error.
    Argument of type 'BasedCreatePromise' is not assignable to parameter of type 'number | (Partial<InferSchemaOutput<{ version?: string | undefined; defaultTimezone?: string | undefined; migrations?: SchemaMigrations | undefined; hash: number; types: { readonly user: { props: { ...; }; }; readonly resource: { ...; }; }; locales: Partial<...>; }, "user">> & { ...; })'.
      Type 'BasedModify<(schema: SchemaOut, type: string, payload: Record<string, any>, buf: AutoSizedUint8Array, lang: LangCodeEnum) => void>' is not assignable to type 'Partial<InferSchemaOutput<{ version?: string | undefined; defaultTimezone?: string | undefined; migrations?: SchemaMigrations | undefined; hash: number; types: { readonly user: { props: { readonly name: { readonly type: "string"; readonly max: 8; }; readonly resources: Omit<...> & { ...; }; }; }; readonly resource: ...'.
        Type 'BasedModify<(schema: SchemaOut, type: string, payload: Record<string, any>, buf: AutoSizedUint8Array, lang: LangCodeEnum) => void>' is not assignable to type '{ [Symbol.toStringTag]?: undefined; }'.
          Types of property '[Symbol.toStringTag]' are incompatible.
            Type '"BasedModify"' is not assignable to type 'undefined'.

[7m335[0m   deepEqual(await db.query2('user', user).include('resources').get(), {
[7m   [0m [91m                                    ~~~~[0m

  [96mtest/references/references.ts[0m:[93m335[0m:[93m37[0m
    [7m335[0m   deepEqual(await db.query2('user', user).include('resources').get(), {
    [7m   [0m [96m                                    ~~~~[0m
    Did you forget to use 'await'?

[96mtest/references/references.ts[0m:[93m335[0m:[93m43[0m - [91merror[0m[90m TS2339: [0mProperty 'include' does not exist on type 'BasedQuery2<{ version?: string | undefined; defaultTimezone?: string | undefined; migrations?: SchemaMigrations | undefined; hash: number; types: { readonly user: { props: { readonly name: { readonly type: "string"; readonly max: 8; }; readonly resources: Omit<...> & { ...; }; }; }; readonly resource: { ...; }; }; l...'.

[7m335[0m   deepEqual(await db.query2('user', user).include('resources').get(), {
[7m   [0m [91m                                          ~~~~~~~[0m

[96mtest/references/references.ts[0m:[93m369[0m:[93m37[0m - [91merror[0m[90m TS2769: [0mNo overload matches this call.
  Overload 1 of 2, '(type: "user", id?: number[] | undefined): BasedQuery2<{ version?: string | undefined; defaultTimezone?: string | undefined; migrations?: SchemaMigrations | undefined; hash: number; types: { ...; }; locales: Partial<...>; }, ... 5 more ..., undefined>', gave the following error.
    Argument of type 'BasedCreatePromise' is not assignable to parameter of type 'number[]'.
      Type 'BasedModify<(schema: SchemaOut, type: string, payload: Record<string, any>, buf: AutoSizedUint8Array, lang: LangCodeEnum) => void>' is missing the following properties from type 'number[]': length, pop, push, concat, and 35 more.
  Overload 2 of 2, '(type: "user", id: number | (Partial<InferSchemaOutput<{ version?: string | undefined; defaultTimezone?: string | undefined; migrations?: SchemaMigrations | undefined; hash: number; types: { ...; }; locales: Partial<...>; }, "user">> & { ...; })): BasedQuery2<...>', gave the following error.
    Argument of type 'BasedCreatePromise' is not assignable to parameter of type 'number | (Partial<InferSchemaOutput<{ version?: string | undefined; defaultTimezone?: string | undefined; migrations?: SchemaMigrations | undefined; hash: number; types: { readonly user: { props: { ...; }; }; readonly resource: { ...; }; }; locales: Partial<...>; }, "user">> & { ...; })'.
      Type 'BasedModify<(schema: SchemaOut, type: string, payload: Record<string, any>, buf: AutoSizedUint8Array, lang: LangCodeEnum) => void>' is not assignable to type 'Partial<InferSchemaOutput<{ version?: string | undefined; defaultTimezone?: string | undefined; migrations?: SchemaMigrations | undefined; hash: number; types: { readonly user: { props: { readonly name: { readonly type: "string"; readonly max: 8; }; readonly resources: Omit<...> & { ...; }; }; }; readonly resource: ...'.
        Type 'BasedModify<(schema: SchemaOut, type: string, payload: Record<string, any>, buf: AutoSizedUint8Array, lang: LangCodeEnum) => void>' is not assignable to type '{ [Symbol.toStringTag]?: undefined; }'.
          Types of property '[Symbol.toStringTag]' are incompatible.
            Type '"BasedModify"' is not assignable to type 'undefined'.

[7m369[0m   deepEqual(await db.query2('user', user).include('resources').get(), {
[7m   [0m [91m                                    ~~~~[0m

  [96mtest/references/references.ts[0m:[93m369[0m:[93m37[0m
    [7m369[0m   deepEqual(await db.query2('user', user).include('resources').get(), {
    [7m   [0m [96m                                    ~~~~[0m
    Did you forget to use 'await'?

[96mtest/references/references.ts[0m:[93m369[0m:[93m43[0m - [91merror[0m[90m TS2339: [0mProperty 'include' does not exist on type 'BasedQuery2<{ version?: string | undefined; defaultTimezone?: string | undefined; migrations?: SchemaMigrations | undefined; hash: number; types: { readonly user: { props: { readonly name: { readonly type: "string"; readonly max: 8; }; readonly resources: Omit<...> & { ...; }; }; }; readonly resource: { ...; }; }; l...'.

[7m369[0m   deepEqual(await db.query2('user', user).include('resources').get(), {
[7m   [0m [91m                                          ~~~~~~~[0m

[96mtest/references/references.ts[0m:[93m400[0m:[93m37[0m - [91merror[0m[90m TS2769: [0mNo overload matches this call.
  Overload 1 of 2, '(type: "user", id?: number[] | undefined): BasedQuery2<{ version?: string | undefined; defaultTimezone?: string | undefined; migrations?: SchemaMigrations | undefined; hash: number; types: { ...; }; locales: Partial<...>; }, ... 5 more ..., undefined>', gave the following error.
    Argument of type 'BasedCreatePromise' is not assignable to parameter of type 'number[]'.
      Type 'BasedModify<(schema: SchemaOut, type: string, payload: Record<string, any>, buf: AutoSizedUint8Array, lang: LangCodeEnum) => void>' is missing the following properties from type 'number[]': length, pop, push, concat, and 35 more.
  Overload 2 of 2, '(type: "user", id: number | (Partial<InferSchemaOutput<{ version?: string | undefined; defaultTimezone?: string | undefined; migrations?: SchemaMigrations | undefined; hash: number; types: { ...; }; locales: Partial<...>; }, "user">> & { ...; })): BasedQuery2<...>', gave the following error.
    Argument of type 'BasedCreatePromise' is not assignable to parameter of type 'number | (Partial<InferSchemaOutput<{ version?: string | undefined; defaultTimezone?: string | undefined; migrations?: SchemaMigrations | undefined; hash: number; types: { readonly user: { props: { ...; }; }; readonly resource: { ...; }; }; locales: Partial<...>; }, "user">> & { ...; })'.
      Type 'BasedModify<(schema: SchemaOut, type: string, payload: Record<string, any>, buf: AutoSizedUint8Array, lang: LangCodeEnum) => void>' is not assignable to type 'Partial<InferSchemaOutput<{ version?: string | undefined; defaultTimezone?: string | undefined; migrations?: SchemaMigrations | undefined; hash: number; types: { readonly user: { props: { readonly name: { readonly type: "string"; readonly max: 8; }; readonly resources: Omit<...> & { ...; }; }; }; readonly resource: ...'.
        Type 'BasedModify<(schema: SchemaOut, type: string, payload: Record<string, any>, buf: AutoSizedUint8Array, lang: LangCodeEnum) => void>' is not assignable to type '{ [Symbol.toStringTag]?: undefined; }'.
          Types of property '[Symbol.toStringTag]' are incompatible.
            Type '"BasedModify"' is not assignable to type 'undefined'.

[7m400[0m   deepEqual(await db.query2('user', user).include('resources').get(), {
[7m   [0m [91m                                    ~~~~[0m

  [96mtest/references/references.ts[0m:[93m400[0m:[93m37[0m
    [7m400[0m   deepEqual(await db.query2('user', user).include('resources').get(), {
    [7m   [0m [96m                                    ~~~~[0m
    Did you forget to use 'await'?

[96mtest/references/references.ts[0m:[93m400[0m:[93m43[0m - [91merror[0m[90m TS2339: [0mProperty 'include' does not exist on type 'BasedQuery2<{ version?: string | undefined; defaultTimezone?: string | undefined; migrations?: SchemaMigrations | undefined; hash: number; types: { readonly user: { props: { readonly name: { readonly type: "string"; readonly max: 8; }; readonly resources: Omit<...> & { ...; }; }; }; readonly resource: { ...; }; }; l...'.

[7m400[0m   deepEqual(await db.query2('user', user).include('resources').get(), {
[7m   [0m [91m                                          ~~~~~~~[0m

[96mtest/references/references.ts[0m:[93m477[0m:[93m40[0m - [91merror[0m[90m TS2339: [0mProperty 'include' does not exist on type 'BasedQuery2<{ version?: string | undefined; defaultTimezone?: string | undefined; migrations?: SchemaMigrations | undefined; hash: number; types: { readonly user: { props: { readonly flap: { readonly type: "uint32"; }; readonly name: { ...; }; readonly articles: Omit<...> & { ...; }; }; }; readonly article: { ...; }...'.

[7m477[0m   deepEqual(await db.query2('article').include('contributors.name').get(), [
[7m   [0m [91m                                       ~~~~~~~[0m

[96mtest/references/references.ts[0m:[93m550[0m:[93m32[0m - [91merror[0m[90m TS2769: [0mNo overload matches this call.
  Overload 1 of 2, '(type: "article", id?: number[] | undefined): BasedQuery2<{ version?: string | undefined; defaultTimezone?: string | undefined; migrations?: SchemaMigrations | undefined; hash: number; types: { ...; }; locales: Partial<...>; }, ... 5 more ..., undefined>', gave the following error.
    Argument of type 'BasedCreatePromise' is not assignable to parameter of type 'number[]'.
      Type 'BasedModify<(schema: SchemaOut, type: string, payload: Record<string, any>, buf: AutoSizedUint8Array, lang: LangCodeEnum) => void>' is missing the following properties from type 'number[]': length, pop, push, concat, and 35 more.
  Overload 2 of 2, '(type: "article", id: number | (Partial<InferSchemaOutput<{ version?: string | undefined; defaultTimezone?: string | undefined; migrations?: SchemaMigrations | undefined; hash: number; types: { ...; }; locales: Partial<...>; }, "article">> & { ...; })): BasedQuery2<...>', gave the following error.
    Argument of type 'BasedCreatePromise' is not assignable to parameter of type 'number | (Partial<InferSchemaOutput<{ version?: string | undefined; defaultTimezone?: string | undefined; migrations?: SchemaMigrations | undefined; hash: number; types: { readonly user: { props: { ...; }; }; readonly article: { ...; }; }; locales: Partial<...>; }, "article">> & { ...; })'.
      Type 'BasedModify<(schema: SchemaOut, type: string, payload: Record<string, any>, buf: AutoSizedUint8Array, lang: LangCodeEnum) => void>' is not assignable to type 'Partial<InferSchemaOutput<{ version?: string | undefined; defaultTimezone?: string | undefined; migrations?: SchemaMigrations | undefined; hash: number; types: { readonly user: { props: { readonly flap: { readonly type: "uint32"; }; readonly name: { ...; }; readonly articles: Omit<...> & { ...; }; }; }; readonly art...'.
        Type 'BasedModify<(schema: SchemaOut, type: string, payload: Record<string, any>, buf: AutoSizedUint8Array, lang: LangCodeEnum) => void>' is not assignable to type '{ [Symbol.toStringTag]?: undefined; }'.
          Types of property '[Symbol.toStringTag]' are incompatible.
            Type '"BasedModify"' is not assignable to type 'undefined'.

[7m550[0m     await db.query2('article', strudelArticle).include('contributors').get(),
[7m   [0m [91m                               ~~~~~~~~~~~~~~[0m

  [96mtest/references/references.ts[0m:[93m550[0m:[93m32[0m
    [7m550[0m     await db.query2('article', strudelArticle).include('contributors').get(),
    [7m   [0m [96m                               ~~~~~~~~~~~~~~[0m
    Did you forget to use 'await'?

[96mtest/references/references.ts[0m:[93m550[0m:[93m48[0m - [91merror[0m[90m TS2339: [0mProperty 'include' does not exist on type 'BasedQuery2<{ version?: string | undefined; defaultTimezone?: string | undefined; migrations?: SchemaMigrations | undefined; hash: number; types: { readonly user: { props: { readonly flap: { readonly type: "uint32"; }; readonly name: { ...; }; readonly articles: Omit<...> & { ...; }; }; }; readonly article: { ...; }...'.

[7m550[0m     await db.query2('article', strudelArticle).include('contributors').get(),
[7m   [0m [91m                                               ~~~~~~~[0m

[96mtest/references/references.ts[0m:[93m565[0m:[93m26[0m - [91merror[0m[90m TS2769: [0mNo overload matches this call.
  Overload 1 of 2, '(type: "article", id?: number[] | undefined): BasedQuery2<{ version?: string | undefined; defaultTimezone?: string | undefined; migrations?: SchemaMigrations | undefined; hash: number; types: { ...; }; locales: Partial<...>; }, ... 5 more ..., undefined>', gave the following error.
    Argument of type 'BasedCreatePromise' is not assignable to parameter of type 'number[]'.
      Type 'BasedModify<(schema: SchemaOut, type: string, payload: Record<string, any>, buf: AutoSizedUint8Array, lang: LangCodeEnum) => void>' is missing the following properties from type 'number[]': length, pop, push, concat, and 35 more.
  Overload 2 of 2, '(type: "article", id: number | (Partial<InferSchemaOutput<{ version?: string | undefined; defaultTimezone?: string | undefined; migrations?: SchemaMigrations | undefined; hash: number; types: { ...; }; locales: Partial<...>; }, "article">> & { ...; })): BasedQuery2<...>', gave the following error.
    Argument of type 'BasedCreatePromise' is not assignable to parameter of type 'number | (Partial<InferSchemaOutput<{ version?: string | undefined; defaultTimezone?: string | undefined; migrations?: SchemaMigrations | undefined; hash: number; types: { readonly user: { props: { ...; }; }; readonly article: { ...; }; }; locales: Partial<...>; }, "article">> & { ...; })'.
      Type 'BasedModify<(schema: SchemaOut, type: string, payload: Record<string, any>, buf: AutoSizedUint8Array, lang: LangCodeEnum) => void>' is not assignable to type 'Partial<InferSchemaOutput<{ version?: string | undefined; defaultTimezone?: string | undefined; migrations?: SchemaMigrations | undefined; hash: number; types: { readonly user: { props: { readonly flap: { readonly type: "uint32"; }; readonly name: { ...; }; readonly articles: Omit<...> & { ...; }; }; }; readonly art...'.
        Type 'BasedModify<(schema: SchemaOut, type: string, payload: Record<string, any>, buf: AutoSizedUint8Array, lang: LangCodeEnum) => void>' is not assignable to type '{ [Symbol.toStringTag]?: undefined; }'.
          Types of property '[Symbol.toStringTag]' are incompatible.
            Type '"BasedModify"' is not assignable to type 'undefined'.

[7m565[0m       .query2('article', strudelArticle)
[7m   [0m [91m                         ~~~~~~~~~~~~~~[0m

  [96mtest/references/references.ts[0m:[93m565[0m:[93m26[0m
    [7m565[0m       .query2('article', strudelArticle)
    [7m   [0m [96m                         ~~~~~~~~~~~~~~[0m
    Did you forget to use 'await'?

[96mtest/references/references.ts[0m:[93m566[0m:[93m8[0m - [91merror[0m[90m TS2339: [0mProperty 'include' does not exist on type 'BasedQuery2<{ version?: string | undefined; defaultTimezone?: string | undefined; migrations?: SchemaMigrations | undefined; hash: number; types: { readonly user: { props: { readonly flap: { readonly type: "uint32"; }; readonly name: { ...; }; readonly articles: Omit<...> & { ...; }; }; }; readonly article: { ...; }...'.

[7m566[0m       .include((q) => q('contributors').include('name').filter('flap', '>', 25))
[7m   [0m [91m       ~~~~~~~[0m

[96mtest/references/references.ts[0m:[93m580[0m:[93m26[0m - [91merror[0m[90m TS2769: [0mNo overload matches this call.
  Overload 1 of 2, '(type: "article", id?: number[] | undefined): BasedQuery2<{ version?: string | undefined; defaultTimezone?: string | undefined; migrations?: SchemaMigrations | undefined; hash: number; types: { ...; }; locales: Partial<...>; }, ... 5 more ..., undefined>', gave the following error.
    Argument of type 'BasedCreatePromise' is not assignable to parameter of type 'number[]'.
      Type 'BasedModify<(schema: SchemaOut, type: string, payload: Record<string, any>, buf: AutoSizedUint8Array, lang: LangCodeEnum) => void>' is missing the following properties from type 'number[]': length, pop, push, concat, and 35 more.
  Overload 2 of 2, '(type: "article", id: number | (Partial<InferSchemaOutput<{ version?: string | undefined; defaultTimezone?: string | undefined; migrations?: SchemaMigrations | undefined; hash: number; types: { ...; }; locales: Partial<...>; }, "article">> & { ...; })): BasedQuery2<...>', gave the following error.
    Argument of type 'BasedCreatePromise' is not assignable to parameter of type 'number | (Partial<InferSchemaOutput<{ version?: string | undefined; defaultTimezone?: string | undefined; migrations?: SchemaMigrations | undefined; hash: number; types: { readonly user: { props: { ...; }; }; readonly article: { ...; }; }; locales: Partial<...>; }, "article">> & { ...; })'.
      Type 'BasedModify<(schema: SchemaOut, type: string, payload: Record<string, any>, buf: AutoSizedUint8Array, lang: LangCodeEnum) => void>' is not assignable to type 'Partial<InferSchemaOutput<{ version?: string | undefined; defaultTimezone?: string | undefined; migrations?: SchemaMigrations | undefined; hash: number; types: { readonly user: { props: { readonly flap: { readonly type: "uint32"; }; readonly name: { ...; }; readonly articles: Omit<...> & { ...; }; }; }; readonly art...'.
        Type 'BasedModify<(schema: SchemaOut, type: string, payload: Record<string, any>, buf: AutoSizedUint8Array, lang: LangCodeEnum) => void>' is not assignable to type '{ [Symbol.toStringTag]?: undefined; }'.
          Types of property '[Symbol.toStringTag]' are incompatible.
            Type '"BasedModify"' is not assignable to type 'undefined'.

[7m580[0m       .query2('article', strudelArticle)
[7m   [0m [91m                         ~~~~~~~~~~~~~~[0m

  [96mtest/references/references.ts[0m:[93m580[0m:[93m26[0m
    [7m580[0m       .query2('article', strudelArticle)
    [7m   [0m [96m                         ~~~~~~~~~~~~~~[0m
    Did you forget to use 'await'?

[96mtest/references/references.ts[0m:[93m581[0m:[93m8[0m - [91merror[0m[90m TS2339: [0mProperty 'include' does not exist on type 'BasedQuery2<{ version?: string | undefined; defaultTimezone?: string | undefined; migrations?: SchemaMigrations | undefined; hash: number; types: { readonly user: { props: { readonly flap: { readonly type: "uint32"; }; readonly name: { ...; }; readonly articles: Omit<...> & { ...; }; }; }; readonly article: { ...; }...'.

[7m581[0m       .include((q) => {
[7m   [0m [91m       ~~~~~~~[0m

[96mtest/references/references.ts[0m:[93m597[0m:[93m26[0m - [91merror[0m[90m TS2769: [0mNo overload matches this call.
  Overload 1 of 2, '(type: "article", id?: number[] | undefined): BasedQuery2<{ version?: string | undefined; defaultTimezone?: string | undefined; migrations?: SchemaMigrations | undefined; hash: number; types: { ...; }; locales: Partial<...>; }, ... 5 more ..., undefined>', gave the following error.
    Argument of type 'BasedCreatePromise' is not assignable to parameter of type 'number[]'.
      Type 'BasedModify<(schema: SchemaOut, type: string, payload: Record<string, any>, buf: AutoSizedUint8Array, lang: LangCodeEnum) => void>' is missing the following properties from type 'number[]': length, pop, push, concat, and 35 more.
  Overload 2 of 2, '(type: "article", id: number | (Partial<InferSchemaOutput<{ version?: string | undefined; defaultTimezone?: string | undefined; migrations?: SchemaMigrations | undefined; hash: number; types: { ...; }; locales: Partial<...>; }, "article">> & { ...; })): BasedQuery2<...>', gave the following error.
    Argument of type 'BasedCreatePromise' is not assignable to parameter of type 'number | (Partial<InferSchemaOutput<{ version?: string | undefined; defaultTimezone?: string | undefined; migrations?: SchemaMigrations | undefined; hash: number; types: { readonly user: { props: { ...; }; }; readonly article: { ...; }; }; locales: Partial<...>; }, "article">> & { ...; })'.
      Type 'BasedModify<(schema: SchemaOut, type: string, payload: Record<string, any>, buf: AutoSizedUint8Array, lang: LangCodeEnum) => void>' is not assignable to type 'Partial<InferSchemaOutput<{ version?: string | undefined; defaultTimezone?: string | undefined; migrations?: SchemaMigrations | undefined; hash: number; types: { readonly user: { props: { readonly flap: { readonly type: "uint32"; }; readonly name: { ...; }; readonly articles: Omit<...> & { ...; }; }; }; readonly art...'.
        Type 'BasedModify<(schema: SchemaOut, type: string, payload: Record<string, any>, buf: AutoSizedUint8Array, lang: LangCodeEnum) => void>' is not assignable to type '{ [Symbol.toStringTag]?: undefined; }'.
          Types of property '[Symbol.toStringTag]' are incompatible.
            Type '"BasedModify"' is not assignable to type 'undefined'.

[7m597[0m       .query2('article', strudelArticle)
[7m   [0m [91m                         ~~~~~~~~~~~~~~[0m

  [96mtest/references/references.ts[0m:[93m597[0m:[93m26[0m
    [7m597[0m       .query2('article', strudelArticle)
    [7m   [0m [96m                         ~~~~~~~~~~~~~~[0m
    Did you forget to use 'await'?

[96mtest/references/references.ts[0m:[93m598[0m:[93m8[0m - [91merror[0m[90m TS2339: [0mProperty 'include' does not exist on type 'BasedQuery2<{ version?: string | undefined; defaultTimezone?: string | undefined; migrations?: SchemaMigrations | undefined; hash: number; types: { readonly user: { props: { readonly flap: { readonly type: "uint32"; }; readonly name: { ...; }; readonly articles: Omit<...> & { ...; }; }; }; readonly article: { ...; }...'.

[7m598[0m       .include((select) => {
[7m   [0m [91m       ~~~~~~~[0m

[96mtest/references/references.ts[0m:[93m814[0m:[93m41[0m - [91merror[0m[90m TS2339: [0mProperty 'include' does not exist on type 'BasedQuery2<{ version?: string | undefined; defaultTimezone?: string | undefined; migrations?: SchemaMigrations | undefined; hash: number; types: { readonly user: { props: { readonly name: { type: "string"; }; readonly email: { ...; }; readonly invitedBy: { ...; } & { ...; }; readonly invited: { ...; }; }; }; }; loc...'.

[7m814[0m   deepEqual(await client.query2('user').include('email', 'invitedBy').get(), [
[7m   [0m [91m                                        ~~~~~~~[0m

[96mtest/references/references.ts[0m:[93m877[0m:[93m47[0m - [91merror[0m[90m TS2339: [0mProperty 'include' does not exist on type 'BasedQuery2<{ version?: string | undefined; defaultTimezone?: string | undefined; migrations?: SchemaMigrations | undefined; hash: number; types: { readonly product: { props: { readonly reviews: Omit<...> & { ...; }; }; }; readonly review: { ...; }; }; locales: Partial<...>; }, ... 5 more ..., undefined>'.

[7m877[0m   const products = await db.query2('product').include('*', '**').get()
[7m   [0m [91m                                              ~~~~~~~[0m

[96mtest/references/references.ts[0m:[93m878[0m:[93m45[0m - [91merror[0m[90m TS2339: [0mProperty 'include' does not exist on type 'BasedQuery2<{ version?: string | undefined; defaultTimezone?: string | undefined; migrations?: SchemaMigrations | undefined; hash: number; types: { readonly product: { props: { readonly reviews: Omit<...> & { ...; }; }; }; readonly review: { ...; }; }; locales: Partial<...>; }, ... 5 more ..., undefined>'.

[7m878[0m   const reviews = await db.query2('review').include('*', '**').get()
[7m   [0m [91m                                            ~~~~~~~[0m

[96mtest/references/references.ts[0m:[93m928[0m:[93m46[0m - [91merror[0m[90m TS2339: [0mProperty 'include' does not exist on type 'BasedQuery2<{ version?: string | undefined; defaultTimezone?: string | undefined; migrations?: SchemaMigrations | undefined; hash: number; types: { readonly user: { props: { readonly articles: Omit<...> & { ...; }; }; }; readonly article: { ...; }; }; locales: Partial<...>; }, ... 5 more ..., undefined>'.

[7m928[0m   deepEqual(await db.query2('user', mrSnurp).include('**').get(), {
[7m   [0m [91m                                             ~~~~~~~[0m

[96mtest/references/references.ts[0m:[93m936[0m:[93m46[0m - [91merror[0m[90m TS2339: [0mProperty 'include' does not exist on type 'BasedQuery2<{ version?: string | undefined; defaultTimezone?: string | undefined; migrations?: SchemaMigrations | undefined; hash: number; types: { readonly user: { props: { readonly articles: Omit<...> & { ...; }; }; }; readonly article: { ...; }; }; locales: Partial<...>; }, ... 5 more ..., undefined>'.

[7m936[0m   deepEqual(await db.query2('user', mrSnurp).include('**').get(), {
[7m   [0m [91m                                             ~~~~~~~[0m

[96mtest/references/referencesIndex.ts[0m:[93m37[0m:[93m43[0m - [91merror[0m[90m TS2339: [0mProperty 'include' does not exist on type 'BasedQuery2<{ version?: string | undefined; defaultTimezone?: string | undefined; migrations?: SchemaMigrations | undefined; hash: number; types: { readonly user: { props: { readonly name: { type: "string"; }; readonly friends: Omit<...> & { ...; }; }; }; }; locales: Partial<...>; }, ... 5 more ..., undefined>'.

[7m37[0m   deepEqual(await db.query2('user', john).include('*', 'friends').get(), {
[7m  [0m [91m                                          ~~~~~~~[0m

[96mtest/references/referencesIndex.ts[0m:[93m51[0m:[93m11[0m - [91merror[0m[90m TS2322: [0mType '{ update: { id: BasedCreatePromise; $index: number; }[]; }' is not assignable to type '{ add?: (number | BasedModify<never> | { id: number | BasedModify<never>; })[] | undefined; update?: (number | BasedModify<never> | { id: number | BasedModify<...>; })[] | undefined; delete?: (number | BasedModify<...>)[] | undefined; } | (number | ... 1 more ... | { ...; })[] | null | undefined'.
  Types of property 'update' are incompatible.
    Type '{ id: BasedCreatePromise; $index: number; }[]' is not assignable to type '(number | BasedModify<never> | { id: number | BasedModify<never>; })[]'.
      Object literal may only specify known properties, and '$index' does not exist in type 'BasedModify<never> | { id: number | BasedModify<never>; }'.

[7m51[0m           $index: -1,
[7m  [0m [91m          ~~~~~~[0m

  [96mtest/references/referencesIndex.ts[0m:[93m11[0m:[93m11[0m
    [7m 11[0m           friends: {
    [7m   [0m [96m          ~~~~~~~~~~[0m
    [7m 12[0m             items: {
    [7m   [0m [96m~~~~~~~~~~~~~~~~~~~~[0m
    [7m...[0m 
    [7m 15[0m             },
    [7m   [0m [96m~~~~~~~~~~~~~~[0m
    [7m 16[0m           },
    [7m   [0m [96m~~~~~~~~~~~[0m
    The expected type comes from property 'friends' which is declared here on type '{ name?: string | null | undefined; friends?: { add?: (number | BasedModify<never> | { id: number | BasedModify<never>; })[] | undefined; update?: (number | BasedModify<...> | { ...; })[] | undefined; delete?: (number | BasedModify<...>)[] | undefined; } | (number | ... 1 more ... | { ...; })[] | null | undefined; }'

[96mtest/references/referencesIndex.ts[0m:[93m62[0m:[93m11[0m - [91merror[0m[90m TS2322: [0mType '{ update: { id: BasedCreatePromise; $index: number; }[]; }' is not assignable to type '{ add?: (number | BasedModify<never> | { id: number | BasedModify<never>; })[] | undefined; update?: (number | BasedModify<never> | { id: number | BasedModify<...>; })[] | undefined; delete?: (number | BasedModify<...>)[] | undefined; } | (number | ... 1 more ... | { ...; })[] | null | undefined'.
  Types of property 'update' are incompatible.
    Type '{ id: BasedCreatePromise; $index: number; }[]' is not assignable to type '(number | BasedModify<never> | { id: number | BasedModify<never>; })[]'.
      Object literal may only specify known properties, and '$index' does not exist in type 'BasedModify<never> | { id: number | BasedModify<never>; }'.

[7m62[0m           $index: -1,
[7m  [0m [91m          ~~~~~~[0m

  [96mtest/references/referencesIndex.ts[0m:[93m11[0m:[93m11[0m
    [7m 11[0m           friends: {
    [7m   [0m [96m          ~~~~~~~~~~[0m
    [7m 12[0m             items: {
    [7m   [0m [96m~~~~~~~~~~~~~~~~~~~~[0m
    [7m...[0m 
    [7m 15[0m             },
    [7m   [0m [96m~~~~~~~~~~~~~~[0m
    [7m 16[0m           },
    [7m   [0m [96m~~~~~~~~~~~[0m
    The expected type comes from property 'friends' which is declared here on type '{ name?: string | null | undefined; friends?: { add?: (number | BasedModify<never> | { id: number | BasedModify<never>; })[] | undefined; update?: (number | BasedModify<...> | { ...; })[] | undefined; delete?: (number | BasedModify<...>)[] | undefined; } | (number | ... 1 more ... | { ...; })[] | null | undefined; }'

[96mtest/references/referencesIndex.ts[0m:[93m68[0m:[93m43[0m - [91merror[0m[90m TS2339: [0mProperty 'include' does not exist on type 'BasedQuery2<{ version?: string | undefined; defaultTimezone?: string | undefined; migrations?: SchemaMigrations | undefined; hash: number; types: { readonly user: { props: { readonly name: { type: "string"; }; readonly friends: Omit<...> & { ...; }; }; }; }; locales: Partial<...>; }, ... 5 more ..., undefined>'.

[7m68[0m   deepEqual(await db.query2('user', john).include('*', 'friends').get(), {
[7m  [0m [91m                                          ~~~~~~~[0m

[96mtest/references/referencesIndex.ts[0m:[93m86[0m:[93m11[0m - [91merror[0m[90m TS2322: [0mType '{ update: { id: BasedCreatePromise; $index: number; }[]; }' is not assignable to type '{ add?: (number | BasedModify<never> | { id: number | BasedModify<never>; })[] | undefined; update?: (number | BasedModify<never> | { id: number | BasedModify<...>; })[] | undefined; delete?: (number | BasedModify<...>)[] | undefined; } | (number | ... 1 more ... | { ...; })[] | null | undefined'.
  Types of property 'update' are incompatible.
    Type '{ id: BasedCreatePromise; $index: number; }[]' is not assignable to type '(number | BasedModify<never> | { id: number | BasedModify<never>; })[]'.
      Object literal may only specify known properties, and '$index' does not exist in type 'BasedModify<never> | { id: number | BasedModify<never>; }'.

[7m86[0m           $index: 0,
[7m  [0m [91m          ~~~~~~[0m

  [96mtest/references/referencesIndex.ts[0m:[93m11[0m:[93m11[0m
    [7m 11[0m           friends: {
    [7m   [0m [96m          ~~~~~~~~~~[0m
    [7m 12[0m             items: {
    [7m   [0m [96m~~~~~~~~~~~~~~~~~~~~[0m
    [7m...[0m 
    [7m 15[0m             },
    [7m   [0m [96m~~~~~~~~~~~~~~[0m
    [7m 16[0m           },
    [7m   [0m [96m~~~~~~~~~~~[0m
    The expected type comes from property 'friends' which is declared here on type '{ name?: string | null | undefined; friends?: { add?: (number | BasedModify<never> | { id: number | BasedModify<never>; })[] | undefined; update?: (number | BasedModify<...> | { ...; })[] | undefined; delete?: (number | BasedModify<...>)[] | undefined; } | (number | ... 1 more ... | { ...; })[] | null | undefined; }'

[96mtest/references/referencesIndex.ts[0m:[93m92[0m:[93m43[0m - [91merror[0m[90m TS2339: [0mProperty 'include' does not exist on type 'BasedQuery2<{ version?: string | undefined; defaultTimezone?: string | undefined; migrations?: SchemaMigrations | undefined; hash: number; types: { readonly user: { props: { readonly name: { type: "string"; }; readonly friends: Omit<...> & { ...; }; }; }; }; locales: Partial<...>; }, ... 5 more ..., undefined>'.

[7m92[0m   deepEqual(await db.query2('user', john).include('*', 'friends').get(), {
[7m  [0m [91m                                          ~~~~~~~[0m

[96mtest/references/referencesIndex.ts[0m:[93m111[0m:[93m11[0m - [91merror[0m[90m TS2322: [0mType '{ update: { id: BasedCreatePromise; $index: number; }[]; }' is not assignable to type '{ add?: (number | BasedModify<never> | { id: number | BasedModify<never>; })[] | undefined; update?: (number | BasedModify<never> | { id: number | BasedModify<...>; })[] | undefined; delete?: (number | BasedModify<...>)[] | undefined; } | (number | ... 1 more ... | { ...; })[] | null | undefined'.
  Types of property 'update' are incompatible.
    Type '{ id: BasedCreatePromise; $index: number; }[]' is not assignable to type '(number | BasedModify<never> | { id: number | BasedModify<never>; })[]'.
      Object literal may only specify known properties, and '$index' does not exist in type 'BasedModify<never> | { id: number | BasedModify<never>; }'.

[7m111[0m           $index: 2,
[7m   [0m [91m          ~~~~~~[0m

  [96mtest/references/referencesIndex.ts[0m:[93m11[0m:[93m11[0m
    [7m 11[0m           friends: {
    [7m   [0m [96m          ~~~~~~~~~~[0m
    [7m 12[0m             items: {
    [7m   [0m [96m~~~~~~~~~~~~~~~~~~~~[0m
    [7m...[0m 
    [7m 15[0m             },
    [7m   [0m [96m~~~~~~~~~~~~~~[0m
    [7m 16[0m           },
    [7m   [0m [96m~~~~~~~~~~~[0m
    The expected type comes from property 'friends' which is declared here on type '{ name?: string | null | undefined; friends?: { add?: (number | BasedModify<never> | { id: number | BasedModify<never>; })[] | undefined; update?: (number | BasedModify<...> | { ...; })[] | undefined; delete?: (number | BasedModify<...>)[] | undefined; } | (number | ... 1 more ... | { ...; })[] | null | undefined; }'

[96mtest/references/referencesIndex.ts[0m:[93m117[0m:[93m43[0m - [91merror[0m[90m TS2339: [0mProperty 'include' does not exist on type 'BasedQuery2<{ version?: string | undefined; defaultTimezone?: string | undefined; migrations?: SchemaMigrations | undefined; hash: number; types: { readonly user: { props: { readonly name: { type: "string"; }; readonly friends: Omit<...> & { ...; }; }; }; }; locales: Partial<...>; }, ... 5 more ..., undefined>'.

[7m117[0m   deepEqual(await db.query2('user', john).include('*', 'friends').get(), {
[7m   [0m [91m                                          ~~~~~~~[0m

[96mtest/references/referencesIndex.ts[0m:[93m133[0m:[93m11[0m - [91merror[0m[90m TS2322: [0mType '{ update: { id: BasedCreatePromise; $index: number; }[]; }' is not assignable to type '{ add?: (number | BasedModify<never> | { id: number | BasedModify<never>; })[] | undefined; update?: (number | BasedModify<never> | { id: number | BasedModify<...>; })[] | undefined; delete?: (number | BasedModify<...>)[] | undefined; } | (number | ... 1 more ... | { ...; })[] | null | undefined'.
  Types of property 'update' are incompatible.
    Type '{ id: BasedCreatePromise; $index: number; }[]' is not assignable to type '(number | BasedModify<never> | { id: number | BasedModify<never>; })[]'.
      Object literal may only specify known properties, and '$index' does not exist in type 'BasedModify<never> | { id: number | BasedModify<never>; }'.

[7m133[0m           $index: -1,
[7m   [0m [91m          ~~~~~~[0m

  [96mtest/references/referencesIndex.ts[0m:[93m11[0m:[93m11[0m
    [7m 11[0m           friends: {
    [7m   [0m [96m          ~~~~~~~~~~[0m
    [7m 12[0m             items: {
    [7m   [0m [96m~~~~~~~~~~~~~~~~~~~~[0m
    [7m...[0m 
    [7m 15[0m             },
    [7m   [0m [96m~~~~~~~~~~~~~~[0m
    [7m 16[0m           },
    [7m   [0m [96m~~~~~~~~~~~[0m
    The expected type comes from property 'friends' which is declared here on type '{ name?: string | null | undefined; friends?: { add?: (number | BasedModify<never> | { id: number | BasedModify<never>; })[] | undefined; update?: (number | BasedModify<...> | { ...; })[] | undefined; delete?: (number | BasedModify<...>)[] | undefined; } | (number | ... 1 more ... | { ...; })[] | null | undefined; }'

[96mtest/references/referencesIndex.ts[0m:[93m139[0m:[93m43[0m - [91merror[0m[90m TS2339: [0mProperty 'include' does not exist on type 'BasedQuery2<{ version?: string | undefined; defaultTimezone?: string | undefined; migrations?: SchemaMigrations | undefined; hash: number; types: { readonly user: { props: { readonly name: { type: "string"; }; readonly friends: Omit<...> & { ...; }; }; }; }; locales: Partial<...>; }, ... 5 more ..., undefined>'.

[7m139[0m   deepEqual(await db.query2('user', john).include('*', 'friends').get(), {
[7m   [0m [91m                                          ~~~~~~~[0m

[96mtest/references/referencesIndex.ts[0m:[93m156[0m:[93m43[0m - [91merror[0m[90m TS2339: [0mProperty 'include' does not exist on type 'BasedQuery2<{ version?: string | undefined; defaultTimezone?: string | undefined; migrations?: SchemaMigrations | undefined; hash: number; types: { readonly user: { props: { readonly name: { type: "string"; }; readonly friends: Omit<...> & { ...; }; }; }; }; locales: Partial<...>; }, ... 5 more ..., undefined>'.

[7m156[0m   deepEqual(await db.query2('user', john).include('*', 'friends').get(), {
[7m   [0m [91m                                          ~~~~~~~[0m

[96mtest/references/referencesIndex.ts[0m:[93m169[0m:[93m43[0m - [91merror[0m[90m TS2339: [0mProperty 'include' does not exist on type 'BasedQuery2<{ version?: string | undefined; defaultTimezone?: string | undefined; migrations?: SchemaMigrations | undefined; hash: number; types: { readonly user: { props: { readonly name: { type: "string"; }; readonly friends: Omit<...> & { ...; }; }; }; }; locales: Partial<...>; }, ... 5 more ..., undefined>'.

[7m169[0m   deepEqual(await db.query2('user', john).include('*', 'friends').get(), {
[7m   [0m [91m                                          ~~~~~~~[0m

[96mtest/references/referencesIndex.ts[0m:[93m213[0m:[93m11[0m - [91merror[0m[90m TS2322: [0mType '{ update: { id: BasedCreatePromise; $index: number; }[]; }' is not assignable to type '{ add?: (number | BasedModify<never> | { id: number | BasedModify<never>; })[] | undefined; update?: (number | BasedModify<never> | { id: number | BasedModify<...>; })[] | undefined; delete?: (number | BasedModify<...>)[] | undefined; } | (number | ... 1 more ... | { ...; })[] | null | undefined'.
  Types of property 'update' are incompatible.
    Type '{ id: BasedCreatePromise; $index: number; }[]' is not assignable to type '(number | BasedModify<never> | { id: number | BasedModify<never>; })[]'.
      Object literal may only specify known properties, and '$index' does not exist in type 'BasedModify<never> | { id: number | BasedModify<never>; }'.

[7m213[0m           $index: 2,
[7m   [0m [91m          ~~~~~~[0m

  [96mtest/references/referencesIndex.ts[0m:[93m182[0m:[93m11[0m
    [7m182[0m           friends: {
    [7m   [0m [96m          ~~~~~~~~~~[0m
    [7m183[0m             items: {
    [7m   [0m [96m~~~~~~~~~~~~~~~~~~~~[0m
    [7m...[0m 
    [7m186[0m             },
    [7m   [0m [96m~~~~~~~~~~~~~~[0m
    [7m187[0m           },
    [7m   [0m [96m~~~~~~~~~~~[0m
    The expected type comes from property 'friends' which is declared here on type '{ name?: string | null | undefined; friends?: { add?: (number | BasedModify<never> | { id: number | BasedModify<never>; })[] | undefined; update?: (number | BasedModify<...> | { ...; })[] | undefined; delete?: (number | BasedModify<...>)[] | undefined; } | (number | ... 1 more ... | { ...; })[] | null | undefined; }'

[96mtest/references/referencesIndex.ts[0m:[93m219[0m:[93m43[0m - [91merror[0m[90m TS2339: [0mProperty 'include' does not exist on type 'BasedQuery2<{ version?: string | undefined; defaultTimezone?: string | undefined; migrations?: SchemaMigrations | undefined; hash: number; types: { readonly user: { props: { readonly name: { type: "string"; }; readonly friends: Omit<...> & { ...; }; }; }; }; locales: Partial<...>; }, ... 5 more ..., undefined>'.

[7m219[0m   deepEqual(await db.query2('user', john).include('*', 'friends').get(), {
[7m   [0m [91m                                          ~~~~~~~[0m

[96mtest/references/referencesModify.ts[0m:[93m49[0m:[93m29[0m - [91merror[0m[90m TS2339: [0mProperty 'include' does not exist on type 'BasedQuery2<{ version?: string | undefined; defaultTimezone?: string | undefined; migrations?: SchemaMigrations | undefined; hash: number; types: { readonly user: { props: { readonly name: { type: "string"; }; readonly friends: Omit<...> & { ...; }; }; }; }; locales: Partial<...>; }, ... 5 more ..., undefined>'.

[7m49[0m     await db.query2('user').include('*', 'friends').get(),
[7m  [0m [91m                            ~~~~~~~[0m

[96mtest/references/referencesModify.ts[0m:[93m67[0m:[93m29[0m - [91merror[0m[90m TS2339: [0mProperty 'include' does not exist on type 'BasedQuery2<{ version?: string | undefined; defaultTimezone?: string | undefined; migrations?: SchemaMigrations | undefined; hash: number; types: { readonly user: { props: { readonly name: { type: "string"; }; readonly friends: Omit<...> & { ...; }; }; }; }; locales: Partial<...>; }, ... 5 more ..., undefined>'.

[7m67[0m     await db.query2('user').include('*', 'friends').get(),
[7m  [0m [91m                            ~~~~~~~[0m

[96mtest/references/referencesModify.ts[0m:[93m88[0m:[93m29[0m - [91merror[0m[90m TS2339: [0mProperty 'include' does not exist on type 'BasedQuery2<{ version?: string | undefined; defaultTimezone?: string | undefined; migrations?: SchemaMigrations | undefined; hash: number; types: { readonly user: { props: { readonly name: { type: "string"; }; readonly friends: Omit<...> & { ...; }; }; }; }; locales: Partial<...>; }, ... 5 more ..., undefined>'.

[7m88[0m     await db.query2('user').include('*', 'friends').get(),
[7m  [0m [91m                            ~~~~~~~[0m

[96mtest/references/referencesModify.ts[0m:[93m186[0m:[93m35[0m - [91merror[0m[90m TS2339: [0mProperty 'include' does not exist on type 'BasedQuery2<{ version?: string | undefined; defaultTimezone?: string | undefined; migrations?: SchemaMigrations | undefined; hash: number; types: { readonly a: { props: { readonly name: { type: "string"; }; readonly bees: Omit<...> & { ...; }; }; }; readonly b: { ...; }; }; locales: Partial<...>; }, ... 5 more ..., ...'.

[7m186[0m   deepEqual((await db.query2('a').include('bees').get())[0].bees[0].id, 2)
[7m   [0m [91m                                  ~~~~~~~[0m

[96mtest/references/referencesModify.ts[0m:[93m191[0m:[93m35[0m - [91merror[0m[90m TS2339: [0mProperty 'include' does not exist on type 'BasedQuery2<{ version?: string | undefined; defaultTimezone?: string | undefined; migrations?: SchemaMigrations | undefined; hash: number; types: { readonly a: { props: { readonly name: { type: "string"; }; readonly bees: Omit<...> & { ...; }; }; }; readonly b: { ...; }; }; locales: Partial<...>; }, ... 5 more ..., ...'.

[7m191[0m   deepEqual((await db.query2('a').include('bees').get())[0].bees.length, 1)
[7m   [0m [91m                                  ~~~~~~~[0m

[96mtest/references/referencesModify.ts[0m:[93m192[0m:[93m35[0m - [91merror[0m[90m TS2339: [0mProperty 'include' does not exist on type 'BasedQuery2<{ version?: string | undefined; defaultTimezone?: string | undefined; migrations?: SchemaMigrations | undefined; hash: number; types: { readonly a: { props: { readonly name: { type: "string"; }; readonly bees: Omit<...> & { ...; }; }; }; readonly b: { ...; }; }; locales: Partial<...>; }, ... 5 more ..., ...'.

[7m192[0m   deepEqual((await db.query2('a').include('bees').get())[0].bees[0].id, 2)
[7m   [0m [91m                                  ~~~~~~~[0m

[96mtest/save/blockHash.ts[0m:[93m50[0m:[93m44[0m - [91merror[0m[90m TS2339: [0mProperty 'checksum' does not exist on type '{ id: number; title: string; body: string; }[]'.

[7m50[0m     (await client.query2('article').get()).checksum,
[7m  [0m [91m                                           ~~~~~~~~[0m

[96mtest/save/blockHash.ts[0m:[93m51[0m:[93m42[0m - [91merror[0m[90m TS2339: [0mProperty 'checksum' does not exist on type '{ id: number; title: string; body: string; }[]'.

[7m51[0m     (await client.query2('story').get()).checksum,
[7m  [0m [91m                                         ~~~~~~~~[0m

[96mtest/save/save.ts[0m:[93m197[0m:[93m46[0m - [91merror[0m[90m TS2339: [0mProperty 'include' does not exist on type 'BasedQuery2<{ version?: string | undefined; defaultTimezone?: string | undefined; migrations?: SchemaMigrations | undefined; hash: number; types: { readonly group: { props: { readonly name: { readonly type: "string"; }; readonly users: Omit<...> & { ...; }; }; }; readonly user: { ...; }; }; locales: Partial<...>; },...'.

[7m197[0m   const users1 = await client.query2('user').include('group').get()
[7m   [0m [91m                                             ~~~~~~~[0m

[96mtest/save/save.ts[0m:[93m198[0m:[93m47[0m - [91merror[0m[90m TS2339: [0mProperty 'include' does not exist on type 'BasedQuery2<{ version?: string | undefined; defaultTimezone?: string | undefined; migrations?: SchemaMigrations | undefined; hash: number; types: { readonly group: { props: { readonly name: { readonly type: "string"; }; readonly users: Omit<...> & { ...; }; }; }; readonly user: { ...; }; }; locales: Partial<...>; },...'.

[7m198[0m   const users2 = await client2.query2('user').include('group').get()
[7m   [0m [91m                                              ~~~~~~~[0m

[96mtest/save/save.ts[0m:[93m258[0m:[93m37[0m - [91merror[0m[90m TS2345: [0mArgument of type '{ readonly locales: { readonly en: {}; readonly fi: { readonly fallback: readonly ["en"]; }; }; readonly types: { readonly article: { readonly props: { readonly title: { readonly type: "text"; }; readonly body: { readonly type: "text"; }; }; }; }; }' is not assignable to parameter of type 'StrictSchema<SchemaIn>'.
  Type '{ readonly locales: { readonly en: {}; readonly fi: { readonly fallback: readonly ["en"]; }; }; readonly types: { readonly article: { readonly props: { readonly title: { readonly type: "text"; }; readonly body: { readonly type: "text"; }; }; }; }; }' is not assignable to type '{ version?: string | undefined; types: SchemaTypes<true>; defaultTimezone?: string | undefined; migrations?: SchemaMigrations | undefined; locales?: Partial<...> | undefined; } & { ...; } & Omit<...> & { ...; }'.
    Type '{ readonly locales: { readonly en: {}; readonly fi: { readonly fallback: readonly ["en"]; }; }; readonly types: { readonly article: { readonly props: { readonly title: { readonly type: "text"; }; readonly body: { readonly type: "text"; }; }; }; }; }' is not assignable to type '{ version?: string | undefined; types: SchemaTypes<true>; defaultTimezone?: string | undefined; migrations?: SchemaMigrations | undefined; locales?: Partial<...> | undefined; }'.
      The types of 'locales.en' are incompatible between these types.
        Property 'fallback' is missing in type '{}' but required in type '{ fallback: ("id" | "none" | "aa" | "ab" | "af" | "ak" | "sq" | "am" | "ar" | "an" | "hy" | "as" | "av" | "ae" | "ay" | "az" | "eu" | "be" | "bn" | "bi" | "bs" | "br" | "bg" | "my" | "ca" | ... 121 more ... | "cnr")[]; }'.

[7m258[0m   const client = await db.setSchema(schema)
[7m   [0m [91m                                    ~~~~~~[0m

  [96msrc/schema/schema/locales.ts[0m:[93m7[0m:[93m5[0m
    [7m7[0m     fallback: LangName[]
    [7m [0m [96m    ~~~~~~~~[0m
    'fallback' is declared here.

[96mtest/save/save.ts[0m:[93m290[0m:[93m32[0m - [91merror[0m[90m TS2344: [0mType '{ readonly locales: { readonly en: {}; readonly fi: { readonly fallback: readonly ["en"]; }; }; readonly types: { readonly article: { readonly props: { readonly title: { readonly type: "text"; }; readonly body: { readonly type: "text"; }; }; }; }; }' does not satisfy the constraint 'SchemaIn'.
  Type '{ readonly locales: { readonly en: {}; readonly fi: { readonly fallback: readonly ["en"]; }; }; readonly types: { readonly article: { readonly props: { readonly title: { readonly type: "text"; }; readonly body: { readonly type: "text"; }; }; }; }; }' is not assignable to type 'Schema<true>'.
    Type '{ readonly locales: { readonly en: {}; readonly fi: { readonly fallback: readonly ["en"]; }; }; readonly types: { readonly article: { readonly props: { readonly title: { readonly type: "text"; }; readonly body: { readonly type: "text"; }; }; }; }; }' is not assignable to type '{ version?: string | undefined; types: SchemaTypes<true>; defaultTimezone?: string | undefined; migrations?: SchemaMigrations | undefined; locales?: Partial<...> | undefined; }'.
      The types of 'locales.en' are incompatible between these types.
        Property 'fallback' is missing in type '{}' but required in type '{ fallback: ("id" | "none" | "aa" | "ab" | "af" | "ak" | "sq" | "am" | "ar" | "an" | "hy" | "as" | "av" | "ae" | "ay" | "az" | "eu" | "be" | "bn" | "bi" | "bs" | "br" | "bg" | "my" | "ca" | ... 121 more ... | "cnr")[]; }'.

[7m290[0m   const client2 = new DbClient<typeof schema>({
[7m   [0m [91m                               ~~~~~~~~~~~~~[0m

  [96msrc/schema/schema/locales.ts[0m:[93m7[0m:[93m5[0m
    [7m7[0m     fallback: LangName[]
    [7m [0m [96m    ~~~~~~~~[0m
    'fallback' is declared here.

[96mtest/save/save.ts[0m:[93m366[0m:[93m15[0m - [91merror[0m[90m TS2551: [0mProperty 'query2' does not exist on type 'BasedDb'. Did you mean 'query'?

[7m366[0m     await db2.query2('person').include('name', 'books').get(),
[7m   [0m [91m              ~~~~~~[0m

  [96msrc/index.ts[0m:[93m101[0m:[93m3[0m
    [7m101[0m   query: DbClient['query'] = function (this: BasedDb) {
    [7m   [0m [96m  ~~~~~[0m
    'query' is declared here.

[96mtest/save/save.ts[0m:[93m367[0m:[93m14[0m - [91merror[0m[90m TS2551: [0mProperty 'query2' does not exist on type 'BasedDb'. Did you mean 'query'?

[7m367[0m     await db.query2('person').include('name', 'books').get(),
[7m   [0m [91m             ~~~~~~[0m

  [96msrc/index.ts[0m:[93m101[0m:[93m3[0m
    [7m101[0m   query: DbClient['query'] = function (this: BasedDb) {
    [7m   [0m [96m  ~~~~~[0m
    'query' is declared here.

[96mtest/save/save.ts[0m:[93m644[0m:[93m8[0m - [91merror[0m[90m TS2339: [0mProperty 'filter' does not exist on type 'BasedQuery2<{ version?: string | undefined; defaultTimezone?: string | undefined; migrations?: SchemaMigrations | undefined; hash: number; types: { readonly book: { props: { readonly name: { readonly type: "string"; readonly max: 16; }; readonly isbn: { ...; }; readonly owner: { ...; } & { ...; }; }; }; readonly per...'.

[7m644[0m       .filter('alias', 'includes', 'slim')
[7m   [0m [91m       ~~~~~~[0m

[96mtest/save/save.ts[0m:[93m652[0m:[93m8[0m - [91merror[0m[90m TS2339: [0mProperty 'filter' does not exist on type 'BasedQuery2<{ version?: string | undefined; defaultTimezone?: string | undefined; migrations?: SchemaMigrations | undefined; hash: number; types: { readonly book: { props: { readonly name: { readonly type: "string"; readonly max: 16; }; readonly isbn: { ...; }; readonly owner: { ...; } & { ...; }; }; }; readonly per...'.

[7m652[0m       .filter('alias', 'includes', 'slim')
[7m   [0m [91m       ~~~~~~[0m

[96mtest/save/save.ts[0m:[93m662[0m:[93m8[0m - [91merror[0m[90m TS2339: [0mProperty 'filter' does not exist on type 'BasedQuery2<{ version?: string | undefined; defaultTimezone?: string | undefined; migrations?: SchemaMigrations | undefined; hash: number; types: { readonly book: { props: { readonly name: { readonly type: "string"; readonly max: 16; }; readonly isbn: { ...; }; readonly owner: { ...; } & { ...; }; }; }; readonly per...'.

[7m662[0m       .filter('alias', 'includes', 'slick')
[7m   [0m [91m       ~~~~~~[0m

[96mtest/save/save.ts[0m:[93m670[0m:[93m8[0m - [91merror[0m[90m TS2339: [0mProperty 'filter' does not exist on type 'BasedQuery2<{ version?: string | undefined; defaultTimezone?: string | undefined; migrations?: SchemaMigrations | undefined; hash: number; types: { readonly book: { props: { readonly name: { readonly type: "string"; readonly max: 16; }; readonly isbn: { ...; }; readonly owner: { ...; } & { ...; }; }; }; readonly per...'.

[7m670[0m       .filter('alias', 'includes', 'slick')
[7m   [0m [91m       ~~~~~~[0m

[96mtest/save/save.ts[0m:[93m680[0m:[93m8[0m - [91merror[0m[90m TS2339: [0mProperty 'filter' does not exist on type 'BasedQuery2<{ version?: string | undefined; defaultTimezone?: string | undefined; migrations?: SchemaMigrations | undefined; hash: number; types: { readonly book: { props: { readonly name: { readonly type: "string"; readonly max: 16; }; readonly isbn: { ...; }; readonly owner: { ...; } & { ...; }; }; }; readonly per...'.

[7m680[0m       .filter('alias', 'includes', 'boss')
[7m   [0m [91m       ~~~~~~[0m

[96mtest/save/save.ts[0m:[93m688[0m:[93m8[0m - [91merror[0m[90m TS2339: [0mProperty 'filter' does not exist on type 'BasedQuery2<{ version?: string | undefined; defaultTimezone?: string | undefined; migrations?: SchemaMigrations | undefined; hash: number; types: { readonly book: { props: { readonly name: { readonly type: "string"; readonly max: 16; }; readonly isbn: { ...; }; readonly owner: { ...; } & { ...; }; }; }; readonly per...'.

[7m688[0m       .filter('alias', 'includes', 'boss')
[7m   [0m [91m       ~~~~~~[0m

[96mtest/save/save.ts[0m:[93m696[0m:[93m36[0m - [91merror[0m[90m TS2339: [0mProperty 'include' does not exist on type 'BasedQuery2<{ version?: string | undefined; defaultTimezone?: string | undefined; migrations?: SchemaMigrations | undefined; hash: number; types: { readonly book: { props: { readonly name: { readonly type: "string"; readonly max: 16; }; readonly isbn: { ...; }; readonly owner: { ...; } & { ...; }; }; }; readonly per...'.

[7m696[0m     await client2.query2('person').include('name', 'alias', 'books').get(),
[7m   [0m [91m                                   ~~~~~~~[0m

[96mtest/save/save.ts[0m:[93m697[0m:[93m35[0m - [91merror[0m[90m TS2339: [0mProperty 'include' does not exist on type 'BasedQuery2<{ version?: string | undefined; defaultTimezone?: string | undefined; migrations?: SchemaMigrations | undefined; hash: number; types: { readonly book: { props: { readonly name: { readonly type: "string"; readonly max: 16; }; readonly isbn: { ...; }; readonly owner: { ...; } & { ...; }; }; }; readonly per...'.

[7m697[0m     await client.query2('person').include('name', 'alias', 'books').get(),
[7m   [0m [91m                                  ~~~~~~~[0m

[96mtest/save/save.ts[0m:[93m799[0m:[93m26[0m - [91merror[0m[90m TS2345: [0mArgument of type 'BasedDb' is not assignable to parameter of type 'DbServer'.
  Type 'BasedDb' is missing the following properties from type 'DbServer': dbCtxExternal, migrating, saveInProgress, activeReaders, and 17 more.

[7m799[0m   t.after(() => t.backup(db2))
[7m   [0m [91m                         ~~~[0m

[96mtest/save/saveEdge.ts[0m:[93m43[0m:[93m48[0m - [91merror[0m[90m TS2339: [0mProperty 'include' does not exist on type 'BasedQuery2<{ version?: string | undefined; defaultTimezone?: string | undefined; migrations?: SchemaMigrations | undefined; hash: number; types: { readonly user: { props: { readonly bestFriend: { ...; } & { ...; }; }; }; }; locales: Partial<...>; }, ... 5 more ..., undefined>'.

[7m43[0m   deepEqual(await client.query2('user', user2).include('**').get(), {
[7m  [0m [91m                                               ~~~~~~~[0m

[96mtest/save/saveRange.ts[0m:[93m63[0m:[93m41[0m - [91merror[0m[90m TS2339: [0mProperty 'include' does not exist on type 'BasedQuery2<{ version?: string | undefined; defaultTimezone?: string | undefined; migrations?: SchemaMigrations | undefined; hash: number; types: { readonly user: { props: { readonly name: { readonly type: "string"; }; readonly email: { ...; }; readonly age: { ...; }; readonly story: { ...; }; }; }; }; locales: Part...'.

[7m63[0m   deepEqual(await client.query2('user').include('age').range(0, 1).get(), [
[7m  [0m [91m                                        ~~~~~~~[0m

[96mtest/save/saveRange.ts[0m:[93m112[0m:[93m42[0m - [91merror[0m[90m TS2339: [0mProperty 'include' does not exist on type 'BasedQuery2<{ version?: string | undefined; defaultTimezone?: string | undefined; migrations?: SchemaMigrations | undefined; hash: number; types: { readonly user: { props: { readonly name: { readonly type: "string"; }; readonly email: { ...; }; readonly age: { ...; }; readonly story: { ...; }; }; }; }; locales: Part...'.

[7m112[0m   deepEqual(await client2.query2('user').include('age').range(0, 1).get(), [
[7m   [0m [91m                                         ~~~~~~~[0m

[96mtest/save/saveRange.ts[0m:[93m121[0m:[93m8[0m - [91merror[0m[90m TS2339: [0mProperty 'include' does not exist on type 'BasedQuery2<{ version?: string | undefined; defaultTimezone?: string | undefined; migrations?: SchemaMigrations | undefined; hash: number; types: { readonly user: { props: { readonly name: { readonly type: "string"; }; readonly email: { ...; }; readonly age: { ...; }; readonly story: { ...; }; }; }; }; locales: Part...'.

[7m121[0m       .include('age')
[7m   [0m [91m       ~~~~~~~[0m

[96mtest/save/saveRange.ts[0m:[93m132[0m:[93m42[0m - [91merror[0m[90m TS2339: [0mProperty 'include' does not exist on type 'BasedQuery2<{ version?: string | undefined; defaultTimezone?: string | undefined; migrations?: SchemaMigrations | undefined; hash: number; types: { readonly user: { props: { readonly name: { readonly type: "string"; }; readonly email: { ...; }; readonly age: { ...; }; readonly story: { ...; }; }; }; }; locales: Part...'.

[7m132[0m   deepEqual(await client2.query2('user').include('name').range(0, 2).get(), [
[7m   [0m [91m                                         ~~~~~~~[0m

[96mtest/save/saveRange.ts[0m:[93m146[0m:[93m8[0m - [91merror[0m[90m TS2339: [0mProperty 'include' does not exist on type 'BasedQuery2<{ version?: string | undefined; defaultTimezone?: string | undefined; migrations?: SchemaMigrations | undefined; hash: number; types: { readonly user: { props: { readonly name: { readonly type: "string"; }; readonly email: { ...; }; readonly age: { ...; }; readonly story: { ...; }; }; }; }; locales: Part...'.

[7m146[0m       .include('name')
[7m   [0m [91m       ~~~~~~~[0m

[96mtest/save/saveRange.ts[0m:[93m387[0m:[93m9[0m - [91merror[0m[90m TS2353: [0mObject literal may only specify known properties, and 'id' does not exist in type '{ y?: NumInc | null | undefined; }'.

[7m387[0m         id: i,
[7m   [0m [91m        ~~[0m

[96mtest/scenarios/e-commerce.ts[0m:[93m1[0m:[93m24[0m - [91merror[0m[90m TS2307: [0mCannot find module '../../src/db-client/_modify/error.js' or its corresponding type declarations.

[7m1[0m import { errors } from '../../src/db-client/_modify/error.js'
[7m [0m [91m                       ~~~~~~~~~~~~~~~~~~~~~~~~~~~~~~~~~~~~~~[0m

[96mtest/scenarios/e-commerce.ts[0m:[93m334[0m:[93m39[0m - [91merror[0m[90m TS2339: [0mProperty 'sort' does not exist on type 'BasedQuery2<{ version?: string | undefined; defaultTimezone?: string | undefined; migrations?: SchemaMigrations | undefined; hash: number; types: { readonly user: { props: { readonly name: { readonly type: "string"; readonly maxBytes: 50; }; ... 4 more ...; readonly reviews: Omit<...> & { ...; }; }; }; readonly cate...'.

[7m334[0m           await client.query2('user').sort('lastLogin', 'asc').get(),
[7m   [0m [91m                                      ~~~~[0m

[96mtest/scenarios/e-commerce.ts[0m:[93m343[0m:[93m14[0m - [91merror[0m[90m TS2551: [0mProperty 'query2' does not exist on type 'BasedDb'. Did you mean 'query'?

[7m343[0m             .query2('product')
[7m   [0m [91m             ~~~~~~[0m

  [96msrc/index.ts[0m:[93m101[0m:[93m3[0m
    [7m101[0m   query: DbClient['query'] = function (this: BasedDb) {
    [7m   [0m [96m  ~~~~~[0m
    'query' is declared here.

[96mtest/scenarios/e-commerce.ts[0m:[93m356[0m:[93m14[0m - [91merror[0m[90m TS2551: [0mProperty 'query2' does not exist on type 'BasedDb'. Did you mean 'query'?

[7m356[0m             .query2('user', userId)
[7m   [0m [91m             ~~~~~~[0m

  [96msrc/index.ts[0m:[93m101[0m:[93m3[0m
    [7m101[0m   query: DbClient['query'] = function (this: BasedDb) {
    [7m   [0m [96m  ~~~~~[0m
    'query' is declared here.

[96mtest/scenarios/e-commerce.ts[0m:[93m370[0m:[93m14[0m - [91merror[0m[90m TS2551: [0mProperty 'query2' does not exist on type 'BasedDb'. Did you mean 'query'?

[7m370[0m             .query2('review')
[7m   [0m [91m             ~~~~~~[0m

  [96msrc/index.ts[0m:[93m101[0m:[93m3[0m
    [7m101[0m   query: DbClient['query'] = function (this: BasedDb) {
    [7m   [0m [96m  ~~~~~[0m
    'query' is declared here.

[96mtest/scenarios/e-commerce.ts[0m:[93m392[0m:[93m14[0m - [91merror[0m[90m TS2551: [0mProperty 'query2' does not exist on type 'BasedDb'. Did you mean 'query'?

[7m392[0m             .query2('product')
[7m   [0m [91m             ~~~~~~[0m

  [96msrc/index.ts[0m:[93m101[0m:[93m3[0m
    [7m101[0m   query: DbClient['query'] = function (this: BasedDb) {
    [7m   [0m [96m  ~~~~~[0m
    'query' is declared here.

[96mtest/scenarios/e-commerce.ts[0m:[93m486[0m:[93m36[0m - [91merror[0m[90m TS2339: [0mProperty 'range' does not exist on type 'BasedQuery2<{ version?: string | undefined; defaultTimezone?: string | undefined; migrations?: SchemaMigrations | undefined; hash: number; types: { readonly user: { props: { readonly name: { readonly type: "string"; readonly maxBytes: 50; }; ... 4 more ...; readonly reviews: Omit<...> & { ...; }; }; }; readonly cate...'.

[7m486[0m     await client.query2('product').range(0, 10_000_000).get()
[7m   [0m [91m                                   ~~~~~[0m

[96mtest/scenarios/northwind.ts[0m:[93m12[0m:[93m40[0m - [91merror[0m[90m TS2339: [0mProperty 'include' does not exist on type 'BasedQuery2<{ version?: string | undefined; defaultTimezone?: string | undefined; migrations?: SchemaMigrations | undefined; hash: number; types: { [x: string]: { props: any; }; }; locales: Partial<...>; }, ... 5 more ..., undefined>'.

[7m12[0m   const r1 = await db.query2('region').include('*').get()
[7m  [0m [91m                                       ~~~~~~~[0m

[96mtest/scenarios/northwind.ts[0m:[93m33[0m:[93m43[0m - [91merror[0m[90m TS2339: [0mProperty 'include' does not exist on type 'BasedQuery2<{ version?: string | undefined; defaultTimezone?: string | undefined; migrations?: SchemaMigrations | undefined; hash: number; types: { [x: string]: { props: any; }; }; locales: Partial<...>; }, ... 5 more ..., undefined>'.

[7m33[0m   const r2 = await db.query2('employees').include('firstName', 'lastName').get()
[7m  [0m [91m                                          ~~~~~~~[0m

[96mtest/scenarios/northwind.ts[0m:[93m50[0m:[93m6[0m - [91merror[0m[90m TS2339: [0mProperty 'include' does not exist on type 'BasedQuery2<{ version?: string | undefined; defaultTimezone?: string | undefined; migrations?: SchemaMigrations | undefined; hash: number; types: { [x: string]: { props: any; }; }; locales: Partial<...>; }, ... 5 more ..., undefined>'.

[7m50[0m     .include('firstName', 'lastName')
[7m  [0m [91m     ~~~~~~~[0m

[96mtest/scenarios/northwind.ts[0m:[93m70[0m:[93m6[0m - [91merror[0m[90m TS2339: [0mProperty 'include' does not exist on type 'BasedQuery2<{ version?: string | undefined; defaultTimezone?: string | undefined; migrations?: SchemaMigrations | undefined; hash: number; types: { [x: string]: { props: any; }; }; locales: Partial<...>; }, ... 5 more ..., undefined>'.

[7m70[0m     .include('orderDate', 'shippedDate', 'customer.id', 'freight')
[7m  [0m [91m     ~~~~~~~[0m

[96mtest/scenarios/northwind.ts[0m:[93m101[0m:[93m6[0m - [91merror[0m[90m TS2339: [0mProperty 'include' does not exist on type 'BasedQuery2<{ version?: string | undefined; defaultTimezone?: string | undefined; migrations?: SchemaMigrations | undefined; hash: number; types: { [x: string]: { props: any; }; }; locales: Partial<...>; }, ... 5 more ..., undefined>'.

[7m101[0m     .include('title', 'firstName', 'lastName')
[7m   [0m [91m     ~~~~~~~[0m

[96mtest/scenarios/northwind.ts[0m:[93m150[0m:[93m6[0m - [91merror[0m[90m TS2339: [0mProperty 'include' does not exist on type 'BasedQuery2<{ version?: string | undefined; defaultTimezone?: string | undefined; migrations?: SchemaMigrations | undefined; hash: number; types: { [x: string]: { props: any; }; }; locales: Partial<...>; }, ... 5 more ..., undefined>'.

[7m150[0m     .include('firstName', 'lastName', 'region')
[7m   [0m [91m     ~~~~~~~[0m

[96mtest/scenarios/northwind.ts[0m:[93m168[0m:[93m6[0m - [91merror[0m[90m TS2339: [0mProperty 'include' does not exist on type 'BasedQuery2<{ version?: string | undefined; defaultTimezone?: string | undefined; migrations?: SchemaMigrations | undefined; hash: number; types: { [x: string]: { props: any; }; }; locales: Partial<...>; }, ... 5 more ..., undefined>'.

[7m168[0m     .include('firstName', 'lastName', 'region')
[7m   [0m [91m     ~~~~~~~[0m

[96mtest/scenarios/northwind.ts[0m:[93m197[0m:[93m6[0m - [91merror[0m[90m TS2339: [0mProperty 'include' does not exist on type 'BasedQuery2<{ version?: string | undefined; defaultTimezone?: string | undefined; migrations?: SchemaMigrations | undefined; hash: number; types: { [x: string]: { props: any; }; }; locales: Partial<...>; }, ... 5 more ..., undefined>'.

[7m197[0m     .include('firstName', 'lastName', 'title', 'city', 'region')
[7m   [0m [91m     ~~~~~~~[0m

[96mtest/scenarios/northwind.ts[0m:[93m238[0m:[93m6[0m - [91merror[0m[90m TS2339: [0mProperty 'include' does not exist on type 'BasedQuery2<{ version?: string | undefined; defaultTimezone?: string | undefined; migrations?: SchemaMigrations | undefined; hash: number; types: { [x: string]: { props: any; }; }; locales: Partial<...>; }, ... 5 more ..., undefined>'.

[7m238[0m     .include('companyName', 'contactTitle', 'city', 'country')
[7m   [0m [91m     ~~~~~~~[0m

[96mtest/scenarios/northwind.ts[0m:[93m307[0m:[93m6[0m - [91merror[0m[90m TS2339: [0mProperty 'filter' does not exist on type 'BasedQuery2<{ version?: string | undefined; defaultTimezone?: string | undefined; migrations?: SchemaMigrations | undefined; hash: number; types: { [x: string]: { props: any; }; }; locales: Partial<...>; }, ... 5 more ..., undefined>'.

[7m307[0m     .filter('product', '=', 3)
[7m   [0m [91m     ~~~~~~[0m

[96mtest/scenarios/northwind.ts[0m:[93m317[0m:[93m44[0m - [91merror[0m[90m TS2339: [0mProperty 'groupBy' does not exist on type 'BasedQuery2<{ version?: string | undefined; defaultTimezone?: string | undefined; migrations?: SchemaMigrations | undefined; hash: number; types: { [x: string]: { props: any; }; }; locales: Partial<...>; }, ... 5 more ..., undefined>'.

[7m317[0m   const r13 = await db.query2('employees').groupBy('city').count().get()
[7m   [0m [91m                                           ~~~~~~~[0m

[96mtest/scenarios/northwind.ts[0m:[93m337[0m:[93m6[0m - [91merror[0m[90m TS2339: [0mProperty 'include' does not exist on type 'BasedQuery2<{ version?: string | undefined; defaultTimezone?: string | undefined; migrations?: SchemaMigrations | undefined; hash: number; types: { [x: string]: { props: any; }; }; locales: Partial<...>; }, ... 5 more ..., undefined>'.

[7m337[0m     .include('orderDate', 'customer.companyName')
[7m   [0m [91m     ~~~~~~~[0m

[96mtest/scenarios/northwind.ts[0m:[93m377[0m:[93m6[0m - [91merror[0m[90m TS2339: [0mProperty 'include' does not exist on type 'BasedQuery2<{ version?: string | undefined; defaultTimezone?: string | undefined; migrations?: SchemaMigrations | undefined; hash: number; types: { [x: string]: { props: any; }; }; locales: Partial<...>; }, ... 5 more ..., undefined>'.

[7m377[0m     .include(
[7m   [0m [91m     ~~~~~~~[0m

[96mtest/scenarios/northwind.ts[0m:[93m429[0m:[93m6[0m - [91merror[0m[90m TS2339: [0mProperty 'filter' does not exist on type 'BasedQuery2<{ version?: string | undefined; defaultTimezone?: string | undefined; migrations?: SchemaMigrations | undefined; hash: number; types: { [x: string]: { props: any; }; }; locales: Partial<...>; }, ... 5 more ..., undefined>'.

[7m429[0m     .filter('country', '=', 'Mexico')
[7m   [0m [91m     ~~~~~~[0m

[96mtest/scenarios/northwind.ts[0m:[93m511[0m:[93m6[0m - [91merror[0m[90m TS2339: [0mProperty 'sort' does not exist on type 'BasedQuery2<{ version?: string | undefined; defaultTimezone?: string | undefined; migrations?: SchemaMigrations | undefined; hash: number; types: { [x: string]: { props: any; }; }; locales: Partial<...>; }, ... 5 more ..., undefined>'.

[7m511[0m     .sort('unitPrice', 'desc')
[7m   [0m [91m     ~~~~[0m

[96mtest/scenarios/northwind.ts[0m:[93m564[0m:[93m6[0m - [91merror[0m[90m TS2339: [0mProperty 'sort' does not exist on type 'BasedQuery2<{ version?: string | undefined; defaultTimezone?: string | undefined; migrations?: SchemaMigrations | undefined; hash: number; types: { [x: string]: { props: any; }; }; locales: Partial<...>; }, ... 5 more ..., undefined>'.

[7m564[0m     .sort('unitPrice', 'desc')
[7m   [0m [91m     ~~~~[0m

[96mtest/scenarios/northwind.ts[0m:[93m607[0m:[93m6[0m - [91merror[0m[90m TS2339: [0mProperty 'filter' does not exist on type 'BasedQuery2<{ version?: string | undefined; defaultTimezone?: string | undefined; migrations?: SchemaMigrations | undefined; hash: number; types: { [x: string]: { props: any; }; }; locales: Partial<...>; }, ... 5 more ..., undefined>'.

[7m607[0m     .filter('country', '=', ['Germany', 'France', 'UK'])
[7m   [0m [91m     ~~~~~~[0m

[96mtest/scenarios/northwind.ts[0m:[93m662[0m:[93m6[0m - [91merror[0m[90m TS2339: [0mProperty 'filter' does not exist on type 'BasedQuery2<{ version?: string | undefined; defaultTimezone?: string | undefined; migrations?: SchemaMigrations | undefined; hash: number; types: { [x: string]: { props: any; }; }; locales: Partial<...>; }, ... 5 more ..., undefined>'.

[7m662[0m     .filter('unitPrice', '..', [10, 20])
[7m   [0m [91m     ~~~~~~[0m

[96mtest/scenarios/northwind.ts[0m:[93m923[0m:[93m45[0m - [91merror[0m[90m TS2339: [0mProperty 'include' does not exist on type 'BasedQuery2<{ version?: string | undefined; defaultTimezone?: string | undefined; migrations?: SchemaMigrations | undefined; hash: number; types: { [x: string]: { props: any; }; }; locales: Partial<...>; }, ... 5 more ..., undefined>'.

[7m923[0m   const r24 = (await db.query2('customers').include('companyName').get()).map(
[7m   [0m [91m                                            ~~~~~~~[0m

[96mtest/scenarios/northwind.ts[0m:[93m1032[0m:[93m6[0m - [91merror[0m[90m TS2339: [0mProperty 'include' does not exist on type 'BasedQuery2<{ version?: string | undefined; defaultTimezone?: string | undefined; migrations?: SchemaMigrations | undefined; hash: number; types: { [x: string]: { props: any; }; }; locales: Partial<...>; }, ... 5 more ..., undefined>'.

[7m1032[0m     .include('contactName', 'city', 'country')
[7m    [0m [91m     ~~~~~~~[0m

[96mtest/scenarios/northwind.ts[0m:[93m1038[0m:[93m6[0m - [91merror[0m[90m TS2339: [0mProperty 'include' does not exist on type 'BasedQuery2<{ version?: string | undefined; defaultTimezone?: string | undefined; migrations?: SchemaMigrations | undefined; hash: number; types: { [x: string]: { props: any; }; }; locales: Partial<...>; }, ... 5 more ..., undefined>'.

[7m1038[0m     .include('contactName', 'city', 'country')
[7m    [0m [91m     ~~~~~~~[0m

[96mtest/scenarios/northwind.ts[0m:[93m1090[0m:[93m6[0m - [91merror[0m[90m TS2339: [0mProperty 'include' does not exist on type 'BasedQuery2<{ version?: string | undefined; defaultTimezone?: string | undefined; migrations?: SchemaMigrations | undefined; hash: number; types: { [x: string]: { props: any; }; }; locales: Partial<...>; }, ... 5 more ..., undefined>'.

[7m1090[0m     .include('city', 'country')
[7m    [0m [91m     ~~~~~~~[0m

[96mtest/scenarios/northwind.ts[0m:[93m1096[0m:[93m6[0m - [91merror[0m[90m TS2339: [0mProperty 'include' does not exist on type 'BasedQuery2<{ version?: string | undefined; defaultTimezone?: string | undefined; migrations?: SchemaMigrations | undefined; hash: number; types: { [x: string]: { props: any; }; }; locales: Partial<...>; }, ... 5 more ..., undefined>'.

[7m1096[0m     .include('city', 'country')
[7m    [0m [91m     ~~~~~~~[0m

[96mtest/scenarios/northwind.ts[0m:[93m1135[0m:[93m8[0m - [91merror[0m[90m TS2339: [0mProperty 'include' does not exist on type 'BasedQuery2<{ version?: string | undefined; defaultTimezone?: string | undefined; migrations?: SchemaMigrations | undefined; hash: number; types: { [x: string]: { props: any; }; }; locales: Partial<...>; }, ... 5 more ..., undefined>'.

[7m1135[0m       .include('*')
[7m    [0m [91m       ~~~~~~~[0m

[96mtest/scenarios/northwind.ts[0m:[93m1166[0m:[93m8[0m - [91merror[0m[90m TS2339: [0mProperty 'include' does not exist on type 'BasedQuery2<{ version?: string | undefined; defaultTimezone?: string | undefined; migrations?: SchemaMigrations | undefined; hash: number; types: { [x: string]: { props: any; }; }; locales: Partial<...>; }, ... 5 more ..., undefined>'.

[7m1166[0m       .include('*')
[7m    [0m [91m       ~~~~~~~[0m

[96mtest/scenarios/northwind.ts[0m:[93m1193[0m:[93m10[0m - [91merror[0m[90m TS2339: [0mProperty 'include' does not exist on type 'BasedQuery2<{ version?: string | undefined; defaultTimezone?: string | undefined; migrations?: SchemaMigrations | undefined; hash: number; types: { [x: string]: { props: any; }; }; locales: Partial<...>; }, ... 5 more ..., undefined>'.

[7m1193[0m         .include('id')
[7m    [0m [91m         ~~~~~~~[0m

[96mtest/scenarios/northwind.ts[0m:[93m1202[0m:[93m8[0m - [91merror[0m[90m TS2339: [0mProperty 'include' does not exist on type 'BasedQuery2<{ version?: string | undefined; defaultTimezone?: string | undefined; migrations?: SchemaMigrations | undefined; hash: number; types: { [x: string]: { props: any; }; }; locales: Partial<...>; }, ... 5 more ..., undefined>'.

[7m1202[0m       .include('*')
[7m    [0m [91m       ~~~~~~~[0m

[96mtest/scenarios/northwind.ts[0m:[93m1218[0m:[93m8[0m - [91merror[0m[90m TS2339: [0mProperty 'include' does not exist on type 'BasedQuery2<{ version?: string | undefined; defaultTimezone?: string | undefined; migrations?: SchemaMigrations | undefined; hash: number; types: { [x: string]: { props: any; }; }; locales: Partial<...>; }, ... 5 more ..., undefined>'.

[7m1218[0m       .include('customer.companyName', 'orderDate')
[7m    [0m [91m       ~~~~~~~[0m

[96mtest/scenarios/northwind.ts[0m:[93m1288[0m:[93m8[0m - [91merror[0m[90m TS2339: [0mProperty 'include' does not exist on type 'BasedQuery2<{ version?: string | undefined; defaultTimezone?: string | undefined; migrations?: SchemaMigrations | undefined; hash: number; types: { [x: string]: { props: any; }; }; locales: Partial<...>; }, ... 5 more ..., undefined>'.

[7m1288[0m       .include('companyName', (q) => q('orders').include('id'))
[7m    [0m [91m       ~~~~~~~[0m

[96mtest/scenarios/northwind.ts[0m:[93m1376[0m:[93m5[0m - [91merror[0m[90m TS2531: [0mObject is possibly 'null'.

[7m1376[0m     (await db.query2('customers', { customerId: 'WELLI' }).get()).id!,
[7m    [0m [91m    ~~~~~~~~~~~~~~~~~~~~~~~~~~~~~~~~~~~~~~~~~~~~~~~~~~~~~~~~~~~~~[0m

[96mtest/scenarios/northwind.ts[0m:[93m1383[0m:[93m6[0m - [91merror[0m[90m TS2339: [0mProperty 'filter' does not exist on type 'BasedQuery2<{ version?: string | undefined; defaultTimezone?: string | undefined; migrations?: SchemaMigrations | undefined; hash: number; types: { [x: string]: { props: any; }; }; locales: Partial<...>; }, ... 5 more ..., undefined>'.

[7m1383[0m     .filter('customer', '=', wandk)
[7m    [0m [91m     ~~~~~~[0m

[96mtest/scenarios/northwind.ts[0m:[93m1395[0m:[93m44[0m - [91merror[0m[90m TS2339: [0mProperty 'include' does not exist on type 'BasedQuery2<{ version?: string | undefined; defaultTimezone?: string | undefined; migrations?: SchemaMigrations | undefined; hash: number; types: { [x: string]: { props: any; }; }; locales: Partial<...>; }, ... 5 more ..., undefined>'.

[7m1395[0m   const orders = await db.query2('orders').include('customer.id').get()
[7m    [0m [91m                                           ~~~~~~~[0m

[96mtest/scenarios/northwind.ts[0m:[93m1407[0m:[93m33[0m - [91merror[0m[90m TS2339: [0mProperty 'companyName' does not exist on type '{ id: any; }'.

[7m1407[0m           companyName: customer.companyName,
[7m    [0m [91m                                ~~~~~~~~~~~[0m

[96mtest/scenarios/northwind.ts[0m:[93m1413[0m:[93m31[0m - [91merror[0m[90m TS2339: [0mProperty 'companyName' does not exist on type '{ id: any; }'.

[7m1413[0m         companyName: customer.companyName,
[7m    [0m [91m                              ~~~~~~~~~~~[0m

[96mtest/scenarios/northwind.ts[0m:[93m1457[0m:[93m8[0m - [91merror[0m[90m TS2339: [0mProperty 'include' does not exist on type 'BasedQuery2<{ version?: string | undefined; defaultTimezone?: string | undefined; migrations?: SchemaMigrations | undefined; hash: number; types: { [x: string]: { props: any; }; }; locales: Partial<...>; }, ... 5 more ..., undefined>'.

[7m1457[0m       .include('customerId', 'companyName', 'city')
[7m    [0m [91m       ~~~~~~~[0m

[96mtest/scenarios/northwind.ts[0m:[93m1487[0m:[93m41[0m - [91merror[0m[90m TS2339: [0mProperty 'min' does not exist on type 'BasedQuery2<{ version?: string | undefined; defaultTimezone?: string | undefined; migrations?: SchemaMigrations | undefined; hash: number; types: { [x: string]: { props: any; }; }; locales: Partial<...>; }, ... 5 more ..., undefined>'.

[7m1487[0m   deepEqual(await db.query2('products').min('unitPrice').get(), {
[7m    [0m [91m                                        ~~~[0m

[96mtest/scenarios/northwind.ts[0m:[93m1496[0m:[93m33[0m - [91merror[0m[90m TS2339: [0mProperty 'min' does not exist on type 'BasedQuery2<{ version?: string | undefined; defaultTimezone?: string | undefined; migrations?: SchemaMigrations | undefined; hash: number; types: { [x: string]: { props: any; }; }; locales: Partial<...>; }, ... 5 more ..., undefined>'.

[7m1496[0m     await db.query2('products').min('unitPrice').groupBy('category').get(),
[7m    [0m [91m                                ~~~[0m

[96mtest/scenarios/northwind.ts[0m:[93m1512[0m:[93m41[0m - [91merror[0m[90m TS2339: [0mProperty 'max' does not exist on type 'BasedQuery2<{ version?: string | undefined; defaultTimezone?: string | undefined; migrations?: SchemaMigrations | undefined; hash: number; types: { [x: string]: { props: any; }; }; locales: Partial<...>; }, ... 5 more ..., undefined>'.

[7m1512[0m   deepEqual(await db.query2('products').max('unitPrice').get(), {
[7m    [0m [91m                                        ~~~[0m

[96mtest/scenarios/northwind.ts[0m:[93m1519[0m:[93m41[0m - [91merror[0m[90m TS2339: [0mProperty 'count' does not exist on type 'BasedQuery2<{ version?: string | undefined; defaultTimezone?: string | undefined; migrations?: SchemaMigrations | undefined; hash: number; types: { [x: string]: { props: any; }; }; locales: Partial<...>; }, ... 5 more ..., undefined>'.

[7m1519[0m   deepEqual(await db.query2('products').count().get(), { count: 77 })
[7m    [0m [91m                                        ~~~~~[0m

[96mtest/scenarios/northwind.ts[0m:[93m1525[0m:[93m41[0m - [91merror[0m[90m TS2339: [0mProperty 'count' does not exist on type 'BasedQuery2<{ version?: string | undefined; defaultTimezone?: string | undefined; migrations?: SchemaMigrations | undefined; hash: number; types: { [x: string]: { props: any; }; }; locales: Partial<...>; }, ... 5 more ..., undefined>'.

[7m1525[0m   deepEqual(await db.query2('products').count().groupBy('category').get(), {
[7m    [0m [91m                                        ~~~~~[0m

[96mtest/scenarios/northwind.ts[0m:[93m1539[0m:[93m45[0m - [91merror[0m[90m TS2339: [0mProperty 'sum' does not exist on type 'BasedQuery2<{ version?: string | undefined; defaultTimezone?: string | undefined; migrations?: SchemaMigrations | undefined; hash: number; types: { [x: string]: { props: any; }; }; locales: Partial<...>; }, ... 5 more ..., undefined>'.

[7m1539[0m   deepEqual(await db.query2('orderDetails').sum('quantity').get(), {
[7m    [0m [91m                                            ~~~[0m

[96mtest/scenarios/northwind.ts[0m:[93m1550[0m:[93m8[0m - [91merror[0m[90m TS2339: [0mProperty 'sum' does not exist on type 'BasedQuery2<{ version?: string | undefined; defaultTimezone?: string | undefined; migrations?: SchemaMigrations | undefined; hash: number; types: { [x: string]: { props: any; }; }; locales: Partial<...>; }, ... 5 more ..., undefined>'.

[7m1550[0m       .sum('quantity')
[7m    [0m [91m       ~~~[0m

[96mtest/scenarios/northwind.ts[0m:[93m1563[0m:[93m8[0m - [91merror[0m[90m TS2339: [0mProperty 'sum' does not exist on type 'BasedQuery2<{ version?: string | undefined; defaultTimezone?: string | undefined; migrations?: SchemaMigrations | undefined; hash: number; types: { [x: string]: { props: any; }; }; locales: Partial<...>; }, ... 5 more ..., undefined>'.

[7m1563[0m       .sum('quantity')
[7m    [0m [91m       ~~~[0m

[96mtest/scenarios/northwind.ts[0m:[93m1584[0m:[93m41[0m - [91merror[0m[90m TS2339: [0mProperty 'avg' does not exist on type 'BasedQuery2<{ version?: string | undefined; defaultTimezone?: string | undefined; migrations?: SchemaMigrations | undefined; hash: number; types: { [x: string]: { props: any; }; }; locales: Partial<...>; }, ... 5 more ..., undefined>'.

[7m1584[0m   deepEqual(await db.query2('products').avg('unitPrice').get(), {
[7m    [0m [91m                                        ~~~[0m

[96mtest/scenarios/northwind.ts[0m:[93m1595[0m:[93m8[0m - [91merror[0m[90m TS2339: [0mProperty 'avg' does not exist on type 'BasedQuery2<{ version?: string | undefined; defaultTimezone?: string | undefined; migrations?: SchemaMigrations | undefined; hash: number; types: { [x: string]: { props: any; }; }; locales: Partial<...>; }, ... 5 more ..., undefined>'.

[7m1595[0m       .avg('unitPrice')
[7m    [0m [91m       ~~~[0m

[96mtest/scenarios/northwind.ts[0m:[93m1606[0m:[93m33[0m - [91merror[0m[90m TS2339: [0mProperty 'avg' does not exist on type 'BasedQuery2<{ version?: string | undefined; defaultTimezone?: string | undefined; migrations?: SchemaMigrations | undefined; hash: number; types: { [x: string]: { props: any; }; }; locales: Partial<...>; }, ... 5 more ..., undefined>'.

[7m1606[0m     await db.query2('products').avg('unitPrice').groupBy('category').get(),
[7m    [0m [91m                                ~~~[0m

[96mtest/scenarios/northwind.ts[0m:[93m1638[0m:[93m45[0m - [91merror[0m[90m TS2339: [0mProperty 'avg' does not exist on type 'BasedQuery2<{ version?: string | undefined; defaultTimezone?: string | undefined; migrations?: SchemaMigrations | undefined; hash: number; types: { [x: string]: { props: any; }; }; locales: Partial<...>; }, ... 5 more ..., undefined>'.

[7m1638[0m   deepEqual(await db.query2('orderDetails').avg('discountAmount').get(), {
[7m    [0m [91m                                            ~~~[0m

[96mtest/scenarios/nycTaxi.ts[0m:[93m429[0m:[93m7[0m - [91merror[0m[90m TS2322: [0mType 'string | number' is not assignable to type 'string | null | undefined'.
  Type 'number' is not assignable to type 'string'.

[7m429[0m       borough: taxiZoneLookup[i + 1],
[7m   [0m [91m      ~~~~~~~[0m

[96mtest/scenarios/nycTaxi.ts[0m:[93m430[0m:[93m7[0m - [91merror[0m[90m TS2322: [0mType 'string | number' is not assignable to type 'string | null | undefined'.
  Type 'number' is not assignable to type 'string'.

[7m430[0m       zone: taxiZoneLookup[i + 2],
[7m   [0m [91m      ~~~~[0m

[96mtest/scenarios/nycTaxi.ts[0m:[93m431[0m:[93m7[0m - [91merror[0m[90m TS2322: [0mType 'string | number' is not assignable to type 'string | null | undefined'.
  Type 'number' is not assignable to type 'string'.

[7m431[0m       serviceZone: taxiZoneLookup[i + 3],
[7m   [0m [91m      ~~~~~~~~~~~[0m

[96mtest/scenarios/nycTaxi.ts[0m:[93m438[0m:[93m7[0m - [91merror[0m[90m TS2322: [0mType 'string | number' is not assignable to type 'string | null | undefined'.
  Type 'number' is not assignable to type 'string'.

[7m438[0m       name: rates[i + 1],
[7m   [0m [91m      ~~~~[0m

[96mtest/scenarios/nycTaxi.ts[0m:[93m471[0m:[93m8[0m - [91merror[0m[90m TS2339: [0mProperty 'include' does not exist on type 'BasedQuery2<{ version?: string | undefined; defaultTimezone?: string | undefined; migrations?: SchemaMigrations | undefined; hash: number; types: { readonly zone: { props: { readonly locationId: { ...; }; ... 4 more ...; readonly dropoffs: { ...; }; }; }; readonly rate: { ...; }; readonly vendor: { ...; }; readonly ...'.

[7m471[0m       .include('id')
[7m   [0m [91m       ~~~~~~~[0m

[96mtest/scenarios/nycTaxi.ts[0m:[93m476[0m:[93m8[0m - [91merror[0m[90m TS2339: [0mProperty 'include' does not exist on type 'BasedQuery2<{ version?: string | undefined; defaultTimezone?: string | undefined; migrations?: SchemaMigrations | undefined; hash: number; types: { readonly zone: { props: { readonly locationId: { ...; }; ... 4 more ...; readonly dropoffs: { ...; }; }; }; readonly rate: { ...; }; readonly vendor: { ...; }; readonly ...'.

[7m476[0m       .include('id')
[7m   [0m [91m       ~~~~~~~[0m

[96mtest/scenarios/nycTaxi.ts[0m:[93m481[0m:[93m8[0m - [91merror[0m[90m TS2339: [0mProperty 'include' does not exist on type 'BasedQuery2<{ version?: string | undefined; defaultTimezone?: string | undefined; migrations?: SchemaMigrations | undefined; hash: number; types: { readonly zone: { props: { readonly locationId: { ...; }; ... 4 more ...; readonly dropoffs: { ...; }; }; }; readonly rate: { ...; }; readonly vendor: { ...; }; readonly ...'.

[7m481[0m       .include('id')
[7m   [0m [91m       ~~~~~~~[0m

[96mtest/scenarios/nycTaxi.ts[0m:[93m486[0m:[93m8[0m - [91merror[0m[90m TS2339: [0mProperty 'include' does not exist on type 'BasedQuery2<{ version?: string | undefined; defaultTimezone?: string | undefined; migrations?: SchemaMigrations | undefined; hash: number; types: { readonly zone: { props: { readonly locationId: { ...; }; ... 4 more ...; readonly dropoffs: { ...; }; }; }; readonly rate: { ...; }; readonly vendor: { ...; }; readonly ...'.

[7m486[0m       .include('id')
[7m   [0m [91m       ~~~~~~~[0m

[96mtest/scenarios/nycTaxi.ts[0m:[93m541[0m:[93m27[0m - [91merror[0m[90m TS2339: [0mProperty 'include' does not exist on type 'BasedQuery2<{ version?: string | undefined; defaultTimezone?: string | undefined; migrations?: SchemaMigrations | undefined; hash: number; types: { readonly zone: { props: { readonly locationId: { ...; }; ... 4 more ...; readonly dropoffs: { ...; }; }; }; readonly rate: { ...; }; readonly vendor: { ...; }; readonly ...'.

[7m541[0m   await db.query2('zone').include('borough').get().inspect()
[7m   [0m [91m                          ~~~~~~~[0m

[96mtest/scenarios/nycTaxi.ts[0m:[93m551[0m:[93m6[0m - [91merror[0m[90m TS2339: [0mProperty 'include' does not exist on type 'BasedQuery2<{ version?: string | undefined; defaultTimezone?: string | undefined; migrations?: SchemaMigrations | undefined; hash: number; types: { readonly zone: { props: { readonly locationId: { ...; }; ... 4 more ...; readonly dropoffs: { ...; }; }; }; readonly rate: { ...; }; readonly vendor: { ...; }; readonly ...'.

[7m551[0m     .include(
[7m   [0m [91m     ~~~~~~~[0m

[96mtest/scenarios/nycTaxi.ts[0m:[93m560[0m:[93m27[0m - [91merror[0m[90m TS2339: [0mProperty 'count' does not exist on type 'BasedQuery2<{ version?: string | undefined; defaultTimezone?: string | undefined; migrations?: SchemaMigrations | undefined; hash: number; types: { readonly zone: { props: { readonly locationId: { ...; }; ... 4 more ...; readonly dropoffs: { ...; }; }; }; readonly rate: { ...; }; readonly vendor: { ...; }; readonly ...'.

[7m560[0m   await db.query2('trip').count().groupBy('dropoffLoc').get().inspect()
[7m   [0m [91m                          ~~~~~[0m

[96mtest/scenarios/nycTaxi.ts[0m:[93m561[0m:[93m27[0m - [91merror[0m[90m TS2339: [0mProperty 'count' does not exist on type 'BasedQuery2<{ version?: string | undefined; defaultTimezone?: string | undefined; migrations?: SchemaMigrations | undefined; hash: number; types: { readonly zone: { props: { readonly locationId: { ...; }; ... 4 more ...; readonly dropoffs: { ...; }; }; }; readonly rate: { ...; }; readonly vendor: { ...; }; readonly ...'.

[7m561[0m   await db.query2('trip').count().groupBy('paymentType').get().inspect()
[7m   [0m [91m                          ~~~~~[0m

[96mtest/scenarios/nycTaxi.ts[0m:[93m563[0m:[93m27[0m - [91merror[0m[90m TS2339: [0mProperty 'count' does not exist on type 'BasedQuery2<{ version?: string | undefined; defaultTimezone?: string | undefined; migrations?: SchemaMigrations | undefined; hash: number; types: { readonly zone: { props: { readonly locationId: { ...; }; ... 4 more ...; readonly dropoffs: { ...; }; }; }; readonly rate: { ...; }; readonly vendor: { ...; }; readonly ...'.

[7m563[0m   await db.query2('trip').count().get().inspect()
[7m   [0m [91m                          ~~~~~[0m

[96mtest/scenarios/nycTaxi.ts[0m:[93m596[0m:[93m6[0m - [91merror[0m[90m TS2339: [0mProperty 'filter' does not exist on type 'BasedQuery2<{ version?: string | undefined; defaultTimezone?: string | undefined; migrations?: SchemaMigrations | undefined; hash: number; types: { readonly zone: { props: { readonly locationId: { ...; }; ... 4 more ...; readonly dropoffs: { ...; }; }; }; readonly rate: { ...; }; readonly vendor: { ...; }; readonly ...'.

[7m596[0m     .filter('pickupYear', '>=', 2022)
[7m   [0m [91m     ~~~~~~[0m

[96mtest/scenarios/nycTaxi.ts[0m:[93m607[0m:[93m6[0m - [91merror[0m[90m TS2339: [0mProperty 'include' does not exist on type 'BasedQuery2<{ version?: string | undefined; defaultTimezone?: string | undefined; migrations?: SchemaMigrations | undefined; hash: number; types: { readonly zone: { props: { readonly locationId: { ...; }; ... 4 more ...; readonly dropoffs: { ...; }; }; }; readonly rate: { ...; }; readonly vendor: { ...; }; readonly ...'.

[7m607[0m     .include('name', (select) => {
[7m   [0m [91m     ~~~~~~~[0m

[96mtest/scenarios/nycTaxi.ts[0m:[93m621[0m:[93m6[0m - [91merror[0m[90m TS2339: [0mProperty 'groupBy' does not exist on type 'BasedQuery2<{ version?: string | undefined; defaultTimezone?: string | undefined; migrations?: SchemaMigrations | undefined; hash: number; types: { readonly zone: { props: { readonly locationId: { ...; }; ... 4 more ...; readonly dropoffs: { ...; }; }; }; readonly rate: { ...; }; readonly vendor: { ...; }; readonly ...'.

[7m621[0m     .groupBy('pickup', { step: 'day', timeZone: 'America/New_York' })
[7m   [0m [91m     ~~~~~~~[0m

[96mtest/scenarios/nycTaxi.ts[0m:[93m633[0m:[93m6[0m - [91merror[0m[90m TS2339: [0mProperty 'filter' does not exist on type 'BasedQuery2<{ version?: string | undefined; defaultTimezone?: string | undefined; migrations?: SchemaMigrations | undefined; hash: number; types: { readonly zone: { props: { readonly locationId: { ...; }; ... 4 more ...; readonly dropoffs: { ...; }; }; }; readonly rate: { ...; }; readonly vendor: { ...; }; readonly ...'.

[7m633[0m     .filter('pickupHour', '>=', 7)
[7m   [0m [91m     ~~~~~~[0m

[96mtest/scenarios/nycTaxi.ts[0m:[93m642[0m:[93m6[0m - [91merror[0m[90m TS2339: [0mProperty 'groupBy' does not exist on type 'BasedQuery2<{ version?: string | undefined; defaultTimezone?: string | undefined; migrations?: SchemaMigrations | undefined; hash: number; types: { readonly zone: { props: { readonly locationId: { ...; }; ... 4 more ...; readonly dropoffs: { ...; }; }; }; readonly rate: { ...; }; readonly vendor: { ...; }; readonly ...'.

[7m642[0m     .groupBy('pickup', { step: 'dow', timeZone: 'America/New_York' })
[7m   [0m [91m     ~~~~~~~[0m

[96mtest/scenarios/nycTaxi.ts[0m:[93m659[0m:[93m6[0m - [91merror[0m[90m TS2339: [0mProperty 'groupBy' does not exist on type 'BasedQuery2<{ version?: string | undefined; defaultTimezone?: string | undefined; migrations?: SchemaMigrations | undefined; hash: number; types: { readonly zone: { props: { readonly locationId: { ...; }; ... 4 more ...; readonly dropoffs: { ...; }; }; }; readonly rate: { ...; }; readonly vendor: { ...; }; readonly ...'.

[7m659[0m     .groupBy('pickupDropoffLocs')
[7m   [0m [91m     ~~~~~~~[0m

[96mtest/scenarios/nycTaxi.ts[0m:[93m670[0m:[93m6[0m - [91merror[0m[90m TS2339: [0mProperty 'filter' does not exist on type 'BasedQuery2<{ version?: string | undefined; defaultTimezone?: string | undefined; migrations?: SchemaMigrations | undefined; hash: number; types: { readonly zone: { props: { readonly locationId: { ...; }; ... 4 more ...; readonly dropoffs: { ...; }; }; }; readonly rate: { ...; }; readonly vendor: { ...; }; readonly ...'.

[7m670[0m     .filter('pickupHour', '>=', 7)
[7m   [0m [91m     ~~~~~~[0m

[96mtest/scenarios/vote.ts[0m:[93m155[0m:[93m10[0m - [91merror[0m[90m TS2551: [0mProperty 'query2' does not exist on type 'BasedDb'. Did you mean 'query'?

[7m155[0m         .query2('round', final)
[7m   [0m [91m         ~~~~~~[0m

  [96msrc/index.ts[0m:[93m101[0m:[93m3[0m
    [7m101[0m   query: DbClient['query'] = function (this: BasedDb) {
    [7m   [0m [96m  ~~~~~[0m
    'query' is declared here.

[96mtest/scenarios/vote.ts[0m:[93m174[0m:[93m10[0m - [91merror[0m[90m TS2551: [0mProperty 'query2' does not exist on type 'BasedDb'. Did you mean 'query'?

[7m174[0m         .query2('round', final)
[7m   [0m [91m         ~~~~~~[0m

  [96msrc/index.ts[0m:[93m101[0m:[93m3[0m
    [7m101[0m   query: DbClient['query'] = function (this: BasedDb) {
    [7m   [0m [96m  ~~~~~[0m
    'query' is declared here.

[96mtest/scenarios/vote.ts[0m:[93m303[0m:[93m10[0m - [91merror[0m[90m TS2551: [0mProperty 'query2' does not exist on type 'BasedDb'. Did you mean 'query'?

[7m303[0m         .query2('payment', realIds)
[7m   [0m [91m         ~~~~~~[0m

  [96msrc/index.ts[0m:[93m101[0m:[93m3[0m
    [7m101[0m   query: DbClient['query'] = function (this: BasedDb) {
    [7m   [0m [96m  ~~~~~[0m
    'query' is declared here.

[96mtest/scenarios/vote.ts[0m:[93m392[0m:[93m15[0m - [91merror[0m[90m TS2551: [0mProperty 'query2' does not exist on type 'BasedDb'. Did you mean 'query'?

[7m392[0m     (await db.query2('vote').range(0, 1e6).get()).length,
[7m   [0m [91m              ~~~~~~[0m

  [96msrc/index.ts[0m:[93m101[0m:[93m3[0m
    [7m101[0m   query: DbClient['query'] = function (this: BasedDb) {
    [7m   [0m [96m  ~~~~~[0m
    'query' is declared here.

[96mtest/scenarios/voteEdges.ts[0m:[93m132[0m:[93m12[0m - [91merror[0m[90m TS2551: [0mProperty 'query2' does not exist on type 'BasedDb'. Did you mean 'query'?

[7m132[0m   await db.query2('vote').get().inspect(1)
[7m   [0m [91m           ~~~~~~[0m

  [96msrc/index.ts[0m:[93m101[0m:[93m3[0m
    [7m101[0m   query: DbClient['query'] = function (this: BasedDb) {
    [7m   [0m [96m  ~~~~~[0m
    'query' is declared here.

[96mtest/scenarios/voteEdges.ts[0m:[93m133[0m:[93m12[0m - [91merror[0m[90m TS2551: [0mProperty 'query2' does not exist on type 'BasedDb'. Did you mean 'query'?

[7m133[0m   await db.query2('round', final).include('*', '**').get().inspect(1)
[7m   [0m [91m           ~~~~~~[0m

  [96msrc/index.ts[0m:[93m101[0m:[93m3[0m
    [7m101[0m   query: DbClient['query'] = function (this: BasedDb) {
    [7m   [0m [96m  ~~~~~[0m
    'query' is declared here.

[96mtest/scenarios/voteLargeAmounts.perf.ts[0m:[93m138[0m:[93m26[0m - [91merror[0m[90m TS2551: [0mProperty 'query2' does not exist on type 'BasedDb'. Did you mean 'query'?

[7m138[0m     const cnt = await db.query2('vote').count().get()
[7m   [0m [91m                         ~~~~~~[0m

  [96msrc/index.ts[0m:[93m101[0m:[93m3[0m
    [7m101[0m   query: DbClient['query'] = function (this: BasedDb) {
    [7m   [0m [96m  ~~~~~[0m
    'query' is declared here.

[96mtest/scenarios/voteLargeAmounts.perf.ts[0m:[93m163[0m:[93m8[0m - [91merror[0m[90m TS2551: [0mProperty 'query2' does not exist on type 'BasedDb'. Did you mean 'query'?

[7m163[0m       .query2('vote')
[7m   [0m [91m       ~~~~~~[0m

  [96msrc/index.ts[0m:[93m101[0m:[93m3[0m
    [7m101[0m   query: DbClient['query'] = function (this: BasedDb) {
    [7m   [0m [96m  ~~~~~[0m
    'query' is declared here.

[96mtest/scenarios/voteLargeAmounts.perf.ts[0m:[93m185[0m:[93m7[0m - [91merror[0m[90m TS2345: [0mArgument of type 'BasedDb' is not assignable to parameter of type 'DbServer'.
  Type 'BasedDb' is missing the following properties from type 'DbServer': dbCtxExternal, migrating, saveInProgress, activeReaders, and 17 more.

[7m185[0m       db,
[7m   [0m [91m      ~~[0m

[96mtest/scenarios/voteLargeAmounts.perf.ts[0m:[93m199[0m:[93m16[0m - [91merror[0m[90m TS2339: [0mProperty 'flushTime' does not exist on type 'DbClient'.

[7m199[0m         client.flushTime = 10
[7m   [0m [91m               ~~~~~~~~~[0m

[96mtest/scenarios/voteStorage.ts[0m:[93m131[0m:[93m46[0m - [91merror[0m[90m TS2345: [0mArgument of type '{ fingerprint: string; status: "WebhookSuccess"; round: number; }' is not assignable to parameter of type '{ [x: string]: { add?: (number | BasedModify<never> | { id: number | BasedModify<never>; })[] | undefined; update?: (number | BasedModify<never> | { ...; })[] | undefined; delete?: (number | BasedModify<...>)[] | undefined; } | (number | ... 1 more ... | { ...; })[] | null | undefined; ... 11 more ...; createdAt?: s...'.
  Property 'fingerprint' is incompatible with index signature.
    Type 'string' is not assignable to type '{ add?: (number | BasedModify<never> | { id: number | BasedModify<never>; })[] | undefined; update?: (number | BasedModify<never> | { id: number | BasedModify<...>; })[] | undefined; delete?: (number | BasedModify<...>)[] | undefined; } | (number | ... 1 more ... | { ...; })[] | null | undefined'.

[7m131[0m     const payment = client.create('payment', {
[7m   [0m [91m                                             ~[0m
[7m132[0m       fingerprint: `blablabla-${i}`,
[7m   [0m [91m~~~~~~~~~~~~~~~~~~~~~~~~~~~~~~~~~~~~[0m
[7m...[0m 
[7m134[0m       round: final,
[7m   [0m [91m~~~~~~~~~~~~~~~~~~~[0m
[7m135[0m     })
[7m   [0m [91m~~~~~[0m

[96mtest/scenarios/voteStorage.ts[0m:[93m136[0m:[93m40[0m - [91merror[0m[90m TS2345: [0mArgument of type '{ fingerprint: string; payment: BasedCreatePromise; round: number; }' is not assignable to parameter of type '{ [x: string]: { add?: (number | BasedModify<never> | { id: number | BasedModify<never>; })[] | undefined; update?: (number | BasedModify<never> | { ...; })[] | undefined; delete?: (number | BasedModify<...>)[] | undefined; } | (number | ... 1 more ... | { ...; })[] | null | undefined; ... 4 more ...; round?: number...'.
  Property 'countries' is missing in type '{ fingerprint: string; payment: BasedCreatePromise; round: number; }' but required in type '{ [x: string]: { add?: (number | BasedModify<never> | { id: number | BasedModify<never>; })[] | undefined; update?: (number | BasedModify<never> | { ...; })[] | undefined; delete?: (number | BasedModify<...>)[] | undefined; } | (number | ... 1 more ... | { ...; })[] | null | undefined; ... 4 more ...; round?: number...'.

[7m136[0m     const vote = client.create('vote', {
[7m   [0m [91m                                       ~[0m
[7m137[0m       fingerprint: `blablabla-vote-${i}`,
[7m   [0m [91m~~~~~~~~~~~~~~~~~~~~~~~~~~~~~~~~~~~~~~~~~[0m
[7m...[0m 
[7m139[0m       round: final,
[7m   [0m [91m~~~~~~~~~~~~~~~~~~~[0m
[7m140[0m     })
[7m   [0m [91m~~~~~[0m

  [96mtest/scenarios/voteStorage.ts[0m:[93m125[0m:[93m9[0m
    [7m125[0m         countries: voteCountrySchema,
    [7m   [0m [96m        ~~~~~~~~~~~~~~~~~~~~~~~~~~~~[0m
    'countries' is declared here.

[96mtest/scenarios/voteStorage.ts[0m:[93m186[0m:[93m44[0m - [91merror[0m[90m TS2339: [0mProperty 'include' does not exist on type 'BasedQuery2<{ version?: string | undefined; defaultTimezone?: string | undefined; migrations?: SchemaMigrations | undefined; hash: number; types: { readonly round: { props: { readonly votes: Omit<{ ...; }, "items"> & { ...; }; }; }; readonly vote: { ...; }; }; locales: Partial<...>; }, ... 5 more ..., undefined>'.

[7m186[0m       (await client.query2('round', final).include('votes').get()).votes.length,
[7m   [0m [91m                                           ~~~~~~~[0m

[96mtest/scenarios/voteStorage.ts[0m:[93m195[0m:[93m47[0m - [91merror[0m[90m TS2339: [0mProperty 'include' does not exist on type 'BasedQuery2<{ version?: string | undefined; defaultTimezone?: string | undefined; migrations?: SchemaMigrations | undefined; hash: number; types: { readonly round: { props: { readonly votes: Omit<{ ...; }, "items"> & { ...; }; }; }; readonly vote: { ...; }; }; locales: Partial<...>; }, ... 5 more ..., undefined>'.

[7m195[0m         await client.query2('vote', randomId).include('round').get(),
[7m   [0m [91m                                              ~~~~~~~[0m

[96mtest/scenarios/voteStorage.ts[0m:[93m201[0m:[93m47[0m - [91merror[0m[90m TS2339: [0mProperty 'range' does not exist on type 'BasedQuery2<{ version?: string | undefined; defaultTimezone?: string | undefined; migrations?: SchemaMigrations | undefined; hash: number; types: { readonly round: { props: { readonly votes: Omit<{ ...; }, "items"> & { ...; }; }; }; readonly vote: { ...; }; }; locales: Partial<...>; }, ... 5 more ..., undefined>'.

[7m201[0m     const votes = await client.query2('vote').range(0, 1e6).include('id').get()
[7m   [0m [91m                                              ~~~~~[0m

[96mtest/schema/parse/edges.ts[0m:[93m36[0m:[93m17[0m - [91merror[0m[90m TS2322: [0mType '{ enum: string[]; }' is not assignable to type 'SchemaString | SchemaBinary | SchemaBoolean | SchemaCardinality | SchemaJson | SchemaNumber | ... 6 more ... | SchemaReference<...>'.
  Type '{ enum: string[]; }' is not assignable to type 'SchemaEnum<true>'.
    Property 'type' is missing in type '{ enum: string[]; }' but required in type '{ type: "enum"; }'.

[7m36[0m                 $option: { enum: ['cool', 'dazzling'] },
[7m  [0m [91m                ~~~~~~~[0m

  [96mdist/schema/schema/enum.d.ts[0m:[93m5[0m:[93m5[0m
    [7m5[0m     type: 'enum';
    [7m [0m [96m    ~~~~[0m
    'type' is declared here.

[96mtest/schema/parse/edges.ts[0m:[93m40[0m:[93m15[0m - [91merror[0m[90m TS2741: [0mProperty 'type' is missing in type '{ ref: string; prop: string; $nerds: { type: "boolean"; }; }' but required in type 'Omit<SchemaReference<true, false>, keyof Base>'.

[7m40[0m               items: {
[7m  [0m [91m              ~~~~~[0m

  [96mdist/schema/schema/reference.d.ts[0m:[93m18[0m:[93m5[0m
    [7m18[0m     type: 'reference';
    [7m  [0m [96m    ~~~~[0m
    'type' is declared here.

[96mtest/schema/parse/edges.ts[0m:[93m54[0m:[93m15[0m - [91merror[0m[90m TS2322: [0mType '{ enum: string[]; }' is not assignable to type 'SchemaString | SchemaBinary | SchemaBoolean | SchemaCardinality | SchemaJson | SchemaNumber | ... 6 more ... | SchemaReference<...>'.
  Type '{ enum: string[]; }' is not assignable to type 'SchemaEnum<true>'.
    Property 'type' is missing in type '{ enum: string[]; }' but required in type '{ type: "enum"; }'.

[7m54[0m               $option: { enum: ['cool', 'dazzling'] },
[7m  [0m [91m              ~~~~~~~[0m

  [96mdist/schema/schema/enum.d.ts[0m:[93m5[0m:[93m5[0m
    [7m5[0m     type: 'enum';
    [7m [0m [96m    ~~~~[0m
    'type' is declared here.

[96mtest/schema/parse/edges.ts[0m:[93m57[0m:[93m15[0m - [91merror[0m[90m TS2741: [0mProperty 'type' is missing in type '{ ref: string; prop: string; $nerds: { type: "boolean"; }; }' but required in type 'Omit<SchemaReference<true, false>, keyof Base>'.

[7m57[0m               items: {
[7m  [0m [91m              ~~~~~[0m

  [96mdist/schema/schema/reference.d.ts[0m:[93m18[0m:[93m5[0m
    [7m18[0m     type: 'reference';
    [7m  [0m [96m    ~~~~[0m
    'type' is declared here.

[96mtest/schema/parse/infer.ts[0m:[93m1[0m:[93m36[0m - [91merror[0m[90m TS2307: [0mCannot find module '../../src/schema.js' or its corresponding type declarations.

[7m1[0m import type { Infer, Schema } from '../../src/schema.js'
[7m [0m [91m                                   ~~~~~~~~~~~~~~~~~~~~~[0m

[96mtest/schema/parse/references.ts[0m:[93m211[0m:[93m17[0m - [91merror[0m[90m TS2578: [0mUnused '@ts-expect-error' directive.

[7m211[0m                 // @ts-expect-error
[7m   [0m [91m                ~~~~~~~~~~~~~~~~~~~[0m

[96mtest/schema/parse/schema.ts[0m:[93m12[0m:[93m7[0m - [91merror[0m[90m TS2578: [0mUnused '@ts-expect-error' directive.

[7m12[0m       // @ts-expect-error
[7m  [0m [91m      ~~~~~~~~~~~~~~~~~~~[0m

[96mtest/schema/props/write.ts[0m:[93m20[0m:[93m8[0m - [91merror[0m[90m TS2307: [0mCannot find module '../../../src/schema/defs/props/separate.js' or its corresponding type declarations.

[7m20[0m } from '../../../src/schema/defs/props/separate.js'
[7m  [0m [91m       ~~~~~~~~~~~~~~~~~~~~~~~~~~~~~~~~~~~~~~~~~~~~[0m

[96mtest/schema/serialize/serialize.ts[0m:[93m46[0m:[93m13[0m - [91merror[0m[90m TS2353: [0mObject literal may only specify known properties, and 'required' does not exist in type '{ fallback: ("id" | "none" | "aa" | "ab" | "af" | "ak" | "sq" | "am" | "ar" | "an" | "hy" | "as" | "av" | "ae" | "ay" | "az" | "eu" | "be" | "bn" | "bi" | "bs" | "br" | "bg" | "my" | "ca" | ... 121 more ... | "cnr")[]; }'.

[7m46[0m       en: { required: true },
[7m  [0m [91m            ~~~~~~~~[0m

[96mtest/schema/serialize/serialize.ts[0m:[93m47[0m:[93m7[0m - [91merror[0m[90m TS2741: [0mProperty 'fallback' is missing in type '{}' but required in type '{ fallback: ("id" | "none" | "aa" | "ab" | "af" | "ak" | "sq" | "am" | "ar" | "an" | "hy" | "as" | "av" | "ae" | "ay" | "az" | "eu" | "be" | "bn" | "bi" | "bs" | "br" | "bg" | "my" | "ca" | ... 121 more ... | "cnr")[]; }'.

[7m47[0m       nl: {},
[7m  [0m [91m      ~~[0m

  [96mdist/schema/schema/locales.d.ts[0m:[93m5[0m:[93m5[0m
    [7m5[0m     fallback: LangName[];
    [7m [0m [96m    ~~~~~~~~[0m
    'fallback' is declared here.

[96mtest/schema/serialize/serialize.ts[0m:[93m153[0m:[93m13[0m - [91merror[0m[90m TS2353: [0mObject literal may only specify known properties, and 'required' does not exist in type '{ fallback: ("id" | "none" | "aa" | "ab" | "af" | "ak" | "sq" | "am" | "ar" | "an" | "hy" | "as" | "av" | "ae" | "ay" | "az" | "eu" | "be" | "bn" | "bi" | "bs" | "br" | "bg" | "my" | "ca" | ... 121 more ... | "cnr")[]; }'.

[7m153[0m       en: { required: true },
[7m   [0m [91m            ~~~~~~~~[0m

[96mtest/schema/serialize/serialize.ts[0m:[93m154[0m:[93m7[0m - [91merror[0m[90m TS2741: [0mProperty 'fallback' is missing in type '{}' but required in type '{ fallback: ("id" | "none" | "aa" | "ab" | "af" | "ak" | "sq" | "am" | "ar" | "an" | "hy" | "as" | "av" | "ae" | "ay" | "az" | "eu" | "be" | "bn" | "bi" | "bs" | "br" | "bg" | "my" | "ca" | ... 121 more ... | "cnr")[]; }'.

[7m154[0m       nl: {},
[7m   [0m [91m      ~~[0m

  [96mdist/schema/schema/locales.d.ts[0m:[93m5[0m:[93m5[0m
    [7m5[0m     fallback: LangName[];
    [7m [0m [96m    ~~~~~~~~[0m
    'fallback' is declared here.

[96mtest/search.ts[0m:[93m29[0m:[93m10[0m - [91merror[0m[90m TS2339: [0mProperty 'filter' does not exist on type 'BasedQuery2<{ version?: string | undefined; defaultTimezone?: string | undefined; migrations?: SchemaMigrations | undefined; hash: number; types: { readonly article: { props: { readonly body: { readonly type: "string"; readonly compression: "none"; }; readonly nr: { ...; }; }; }; }; locales: Partial<...>; }, ... 5 m...'.

[7m29[0m         .filter('body', 'like', 'article')
[7m  [0m [91m         ~~~~~~[0m

[96mtest/search.ts[0m:[93m41[0m:[93m10[0m - [91merror[0m[90m TS2339: [0mProperty 'filter' does not exist on type 'BasedQuery2<{ version?: string | undefined; defaultTimezone?: string | undefined; migrations?: SchemaMigrations | undefined; hash: number; types: { readonly article: { props: { readonly body: { readonly type: "string"; readonly compression: "none"; }; readonly nr: { ...; }; }; }; }; locales: Partial<...>; }, ... 5 m...'.

[7m41[0m         .filter('body', 'like', 'snurfelpants')
[7m  [0m [91m         ~~~~~~[0m

[96mtest/search.ts[0m:[93m53[0m:[93m10[0m - [91merror[0m[90m TS2339: [0mProperty 'filter' does not exist on type 'BasedQuery2<{ version?: string | undefined; defaultTimezone?: string | undefined; migrations?: SchemaMigrations | undefined; hash: number; types: { readonly article: { props: { readonly body: { readonly type: "string"; readonly compression: "none"; }; readonly nr: { ...; }; }; }; }; locales: Partial<...>; }, ... 5 m...'.

[7m53[0m         .filter('body', 'like', ['snurfelpants', 'article'])
[7m  [0m [91m         ~~~~~~[0m

[96mtest/search.ts[0m:[93m65[0m:[93m10[0m - [91merror[0m[90m TS2339: [0mProperty 'filter' does not exist on type 'BasedQuery2<{ version?: string | undefined; defaultTimezone?: string | undefined; migrations?: SchemaMigrations | undefined; hash: number; types: { readonly article: { props: { readonly body: { readonly type: "string"; readonly compression: "none"; }; readonly nr: { ...; }; }; }; }; locales: Partial<...>; }, ... 5 m...'.

[7m65[0m         .filter('body', 'like', 'kxngdom')
[7m  [0m [91m         ~~~~~~[0m

[96mtest/search.ts[0m:[93m78[0m:[93m10[0m - [91merror[0m[90m TS2339: [0mProperty 'filter' does not exist on type 'BasedQuery2<{ version?: string | undefined; defaultTimezone?: string | undefined; migrations?: SchemaMigrations | undefined; hash: number; types: { readonly article: { props: { readonly body: { readonly type: "string"; readonly compression: "none"; }; readonly nr: { ...; }; }; }; }; locales: Partial<...>; }, ... 5 m...'.

[7m78[0m         .filter('body', 'like', 'derperp')
[7m  [0m [91m         ~~~~~~[0m

[96mtest/search.ts[0m:[93m91[0m:[93m10[0m - [91merror[0m[90m TS2339: [0mProperty 'filter' does not exist on type 'BasedQuery2<{ version?: string | undefined; defaultTimezone?: string | undefined; migrations?: SchemaMigrations | undefined; hash: number; types: { readonly article: { props: { readonly body: { readonly type: "string"; readonly compression: "none"; }; readonly nr: { ...; }; }; }; }; locales: Partial<...>; }, ... 5 m...'.

[7m91[0m         .filter('body', 'like', 'kxngdom', { score: 0 })
[7m  [0m [91m         ~~~~~~[0m

[96mtest/search.ts[0m:[93m128[0m:[93m8[0m - [91merror[0m[90m TS2339: [0mProperty 'search' does not exist on type 'BasedQuery2<{ version?: string | undefined; defaultTimezone?: string | undefined; migrations?: SchemaMigrations | undefined; hash: number; types: { readonly article: { props: { readonly date: { readonly type: "uint32"; }; readonly title: { ...; }; readonly body: { ...; }; }; }; }; locales: Partial<...>; }, ... 5 mor...'.

[7m128[0m       .search('Netherlands', { body: 0, title: 1 })
[7m   [0m [91m       ~~~~~~[0m

[96mtest/search.ts[0m:[93m140[0m:[93m8[0m - [91merror[0m[90m TS2339: [0mProperty 'search' does not exist on type 'BasedQuery2<{ version?: string | undefined; defaultTimezone?: string | undefined; migrations?: SchemaMigrations | undefined; hash: number; types: { readonly article: { props: { readonly date: { readonly type: "uint32"; }; readonly title: { ...; }; readonly body: { ...; }; }; }; }; locales: Partial<...>; }, ... 5 mor...'.

[7m140[0m       .search('giraffe', { body: 0, title: 1 })
[7m   [0m [91m       ~~~~~~[0m

[96mtest/search.ts[0m:[93m152[0m:[93m8[0m - [91merror[0m[90m TS2339: [0mProperty 'search' does not exist on type 'BasedQuery2<{ version?: string | undefined; defaultTimezone?: string | undefined; migrations?: SchemaMigrations | undefined; hash: number; types: { readonly article: { props: { readonly date: { readonly type: "uint32"; }; readonly title: { ...; }; readonly body: { ...; }; }; }; }; locales: Partial<...>; }, ... 5 mor...'.

[7m152[0m       .search('kingdom', { body: 0, title: 1 })
[7m   [0m [91m       ~~~~~~[0m

[96mtest/search.ts[0m:[93m165[0m:[93m8[0m - [91merror[0m[90m TS2339: [0mProperty 'search' does not exist on type 'BasedQuery2<{ version?: string | undefined; defaultTimezone?: string | undefined; migrations?: SchemaMigrations | undefined; hash: number; types: { readonly article: { props: { readonly date: { readonly type: "uint32"; }; readonly title: { ...; }; readonly body: { ...; }; }; }; }; locales: Partial<...>; }, ... 5 mor...'.

[7m165[0m       .search('Netherlands', { body: 0, title: 1 })
[7m   [0m [91m       ~~~~~~[0m

[96mtest/search.ts[0m:[93m178[0m:[93m8[0m - [91merror[0m[90m TS2339: [0mProperty 'search' does not exist on type 'BasedQuery2<{ version?: string | undefined; defaultTimezone?: string | undefined; migrations?: SchemaMigrations | undefined; hash: number; types: { readonly article: { props: { readonly date: { readonly type: "uint32"; }; readonly title: { ...; }; readonly body: { ...; }; }; }; }; locales: Partial<...>; }, ... 5 mor...'.

[7m178[0m       .search('giraffe', { body: 0, title: 1 })
[7m   [0m [91m       ~~~~~~[0m

[96mtest/search.ts[0m:[93m191[0m:[93m8[0m - [91merror[0m[90m TS2339: [0mProperty 'search' does not exist on type 'BasedQuery2<{ version?: string | undefined; defaultTimezone?: string | undefined; migrations?: SchemaMigrations | undefined; hash: number; types: { readonly article: { props: { readonly date: { readonly type: "uint32"; }; readonly title: { ...; }; readonly body: { ...; }; }; }; }; locales: Partial<...>; }, ... 5 mor...'.

[7m191[0m       .search('derp', { body: 0, title: 1 })
[7m   [0m [91m       ~~~~~~[0m

[96mtest/search.ts[0m:[93m204[0m:[93m8[0m - [91merror[0m[90m TS2339: [0mProperty 'search' does not exist on type 'BasedQuery2<{ version?: string | undefined; defaultTimezone?: string | undefined; migrations?: SchemaMigrations | undefined; hash: number; types: { readonly article: { props: { readonly date: { readonly type: "uint32"; }; readonly title: { ...; }; readonly body: { ...; }; }; }; }; locales: Partial<...>; }, ... 5 mor...'.

[7m204[0m       .search('giraffe first', { body: 0, title: 1 })
[7m   [0m [91m       ~~~~~~[0m

[96mtest/search.ts[0m:[93m216[0m:[93m8[0m - [91merror[0m[90m TS2339: [0mProperty 'search' does not exist on type 'BasedQuery2<{ version?: string | undefined; defaultTimezone?: string | undefined; migrations?: SchemaMigrations | undefined; hash: number; types: { readonly article: { props: { readonly date: { readonly type: "uint32"; }; readonly title: { ...; }; readonly body: { ...; }; }; }; }; locales: Partial<...>; }, ... 5 mor...'.

[7m216[0m       .search('first', { body: 0, title: 1 })
[7m   [0m [91m       ~~~~~~[0m

[96mtest/search.ts[0m:[93m229[0m:[93m8[0m - [91merror[0m[90m TS2339: [0mProperty 'search' does not exist on type 'BasedQuery2<{ version?: string | undefined; defaultTimezone?: string | undefined; migrations?: SchemaMigrations | undefined; hash: number; types: { readonly article: { props: { readonly date: { readonly type: "uint32"; }; readonly title: { ...; }; readonly body: { ...; }; }; }; }; locales: Partial<...>; }, ... 5 mor...'.

[7m229[0m       .search('second', { body: 0, title: 1 })
[7m   [0m [91m       ~~~~~~[0m

[96mtest/search.ts[0m:[93m242[0m:[93m8[0m - [91merror[0m[90m TS2339: [0mProperty 'search' does not exist on type 'BasedQuery2<{ version?: string | undefined; defaultTimezone?: string | undefined; migrations?: SchemaMigrations | undefined; hash: number; types: { readonly article: { props: { readonly date: { readonly type: "uint32"; }; readonly title: { ...; }; readonly body: { ...; }; }; }; }; locales: Partial<...>; }, ... 5 mor...'.

[7m242[0m       .search('giraffe first', { body: 0, title: 1 })
[7m   [0m [91m       ~~~~~~[0m

[96mtest/search.ts[0m:[93m255[0m:[93m8[0m - [91merror[0m[90m TS2339: [0mProperty 'search' does not exist on type 'BasedQuery2<{ version?: string | undefined; defaultTimezone?: string | undefined; migrations?: SchemaMigrations | undefined; hash: number; types: { readonly article: { props: { readonly date: { readonly type: "uint32"; }; readonly title: { ...; }; readonly body: { ...; }; }; }; }; locales: Partial<...>; }, ... 5 mor...'.

[7m255[0m       .search('italy netherlands', { body: 0, title: 1 })
[7m   [0m [91m       ~~~~~~[0m

[96mtest/search.ts[0m:[93m268[0m:[93m8[0m - [91merror[0m[90m TS2339: [0mProperty 'search' does not exist on type 'BasedQuery2<{ version?: string | undefined; defaultTimezone?: string | undefined; migrations?: SchemaMigrations | undefined; hash: number; types: { readonly article: { props: { readonly date: { readonly type: "uint32"; }; readonly title: { ...; }; readonly body: { ...; }; }; }; }; locales: Partial<...>; }, ... 5 mor...'.

[7m268[0m       .search('italy netherlands', 'body', 'title')
[7m   [0m [91m       ~~~~~~[0m

[96mtest/search.ts[0m:[93m281[0m:[93m8[0m - [91merror[0m[90m TS2339: [0mProperty 'search' does not exist on type 'BasedQuery2<{ version?: string | undefined; defaultTimezone?: string | undefined; migrations?: SchemaMigrations | undefined; hash: number; types: { readonly article: { props: { readonly date: { readonly type: "uint32"; }; readonly title: { ...; }; readonly body: { ...; }; }; }; }; locales: Partial<...>; }, ... 5 mor...'.

[7m281[0m       .search('italy netherlands', 'body', 'title')
[7m   [0m [91m       ~~~~~~[0m

[96mtest/search.ts[0m:[93m314[0m:[93m8[0m - [91merror[0m[90m TS2339: [0mProperty 'search' does not exist on type 'BasedQuery2<{ version?: string | undefined; defaultTimezone?: string | undefined; migrations?: SchemaMigrations | undefined; hash: number; types: { readonly article: { props: { readonly date: { readonly type: "uint32"; }; readonly title: { ...; }; readonly body: { ...; }; }; }; }; locales: Partial<...>; }, ... 5 mor...'.

[7m314[0m       .search('giraffe first', 'body')
[7m   [0m [91m       ~~~~~~[0m

[96mtest/search.ts[0m:[93m327[0m:[93m8[0m - [91merror[0m[90m TS2339: [0mProperty 'search' does not exist on type 'BasedQuery2<{ version?: string | undefined; defaultTimezone?: string | undefined; migrations?: SchemaMigrations | undefined; hash: number; types: { readonly article: { props: { readonly date: { readonly type: "uint32"; }; readonly title: { ...; }; readonly body: { ...; }; }; }; }; locales: Partial<...>; }, ... 5 mor...'.

[7m327[0m       .search('derp derp', 'body', 'title')
[7m   [0m [91m       ~~~~~~[0m

[96mtest/search.ts[0m:[93m374[0m:[93m8[0m - [91merror[0m[90m TS2339: [0mProperty 'search' does not exist on type 'BasedQuery2<{ version?: string | undefined; defaultTimezone?: string | undefined; migrations?: SchemaMigrations | undefined; hash: number; types: { readonly article: { props: { readonly date: { readonly type: "uint32"; }; readonly title: { ...; }; readonly body: { ...; }; }; }; }; locales: Partial<...>; }, ... 5 mor...'.

[7m374[0m       .search('first', 'body')
[7m   [0m [91m       ~~~~~~[0m

[96mtest/search.ts[0m:[93m386[0m:[93m8[0m - [91merror[0m[90m TS2339: [0mProperty 'search' does not exist on type 'BasedQuery2<{ version?: string | undefined; defaultTimezone?: string | undefined; migrations?: SchemaMigrations | undefined; hash: number; types: { readonly article: { props: { readonly date: { readonly type: "uint32"; }; readonly title: { ...; }; readonly body: { ...; }; }; }; }; locales: Partial<...>; }, ... 5 mor...'.

[7m386[0m       .search('first', 'body')
[7m   [0m [91m       ~~~~~~[0m

[96mtest/search.ts[0m:[93m420[0m:[93m10[0m - [91merror[0m[90m TS2339: [0mProperty 'filter' does not exist on type 'BasedQuery2<{ version?: string | undefined; defaultTimezone?: string | undefined; migrations?: SchemaMigrations | undefined; hash: number; types: { readonly article: { props: { readonly body: { readonly type: "string"; readonly compression: "none"; }; readonly nr: { ...; }; }; }; }; locales: Partial<...>; }, ... 5 m...'.

[7m420[0m         .filter('body', 'like', 'mihailovitsin')
[7m   [0m [91m         ~~~~~~[0m

[96mtest/search.ts[0m:[93m431[0m:[93m10[0m - [91merror[0m[90m TS2339: [0mProperty 'filter' does not exist on type 'BasedQuery2<{ version?: string | undefined; defaultTimezone?: string | undefined; migrations?: SchemaMigrations | undefined; hash: number; types: { readonly article: { props: { readonly body: { readonly type: "string"; readonly compression: "none"; }; readonly nr: { ...; }; }; }; }; locales: Partial<...>; }, ... 5 m...'.

[7m431[0m         .filter('body', 'like', 'mihailovitšin')
[7m   [0m [91m         ~~~~~~[0m

[96mtest/search.ts[0m:[93m461[0m:[93m8[0m - [91merror[0m[90m TS2339: [0mProperty 'search' does not exist on type 'BasedQuery2<{ version?: string | undefined; defaultTimezone?: string | undefined; migrations?: SchemaMigrations | undefined; hash: number; types: { readonly article: { props: { readonly date: { readonly type: "uint32"; }; readonly title: { ...; }; readonly body: { ...; }; }; }; }; locales: Partial<...>; }, ... 5 mor...'.

[7m461[0m       .search('giraffe first', { body: 0, title: 1 })
[7m   [0m [91m       ~~~~~~[0m

[96mtest/search.ts[0m:[93m486[0m:[93m40[0m - [91merror[0m[90m TS2339: [0mProperty 'search' does not exist on type 'BasedQuery2<{ version?: string | undefined; defaultTimezone?: string | undefined; migrations?: SchemaMigrations | undefined; hash: number; types: { readonly article: { props: { readonly name: { readonly type: "string"; }; }; }; }; locales: Partial<...>; }, ... 5 more ..., undefined>'.

[7m486[0m   deepEqual(await db.query2('article').search('Kavel').get(), [
[7m   [0m [91m                                       ~~~~~~[0m

[96mtest/serializeQueryDef.ts[0m:[93m33[0m:[93m37[0m - [91merror[0m[90m TS2339: [0mProperty 'filter' does not exist on type 'BasedQuery2<{ version?: string | undefined; defaultTimezone?: string | undefined; migrations?: SchemaMigrations | undefined; hash: number; types: { readonly user: { props: { readonly isNice: { type: "boolean"; }; }; }; }; locales: Partial<...>; }, ... 5 more ..., undefined>'.

[7m33[0m   deepEqual(await db.query2('user').filter('isNice', '=', true).get(), [
[7m  [0m [91m                                    ~~~~~~[0m

[96mtest/serializeQueryDef.ts[0m:[93m37[0m:[93m37[0m - [91merror[0m[90m TS2339: [0mProperty 'filter' does not exist on type 'BasedQuery2<{ version?: string | undefined; defaultTimezone?: string | undefined; migrations?: SchemaMigrations | undefined; hash: number; types: { readonly user: { props: { readonly isNice: { type: "boolean"; }; }; }; }; locales: Partial<...>; }, ... 5 more ..., undefined>'.

[7m37[0m   deepEqual(await db.query2('user').filter('isNice').get(), [
[7m  [0m [91m                                    ~~~~~~[0m

[96mtest/serializeQueryDef.ts[0m:[93m41[0m:[93m37[0m - [91merror[0m[90m TS2339: [0mProperty 'filter' does not exist on type 'BasedQuery2<{ version?: string | undefined; defaultTimezone?: string | undefined; migrations?: SchemaMigrations | undefined; hash: number; types: { readonly user: { props: { readonly isNice: { type: "boolean"; }; }; }; }; locales: Partial<...>; }, ... 5 more ..., undefined>'.

[7m41[0m   deepEqual(await db.query2('user').filter('isNice', false).get(), [
[7m  [0m [91m                                    ~~~~~~[0m

[96mtest/shared/test.ts[0m:[93m89[0m:[93m45[0m - [91merror[0m[90m TS2339: [0mProperty 'include' does not exist on type 'BasedQuery2<{ version?: string | undefined; defaultTimezone?: string | undefined; migrations?: SchemaMigrations | undefined; hash: number; types: { [x: string]: { partial?: boolean | undefined; ... 4 more ...; props: any; }; }; locales: Partial<...>; }, ... 5 more ..., undefined>'.

[7m89[0m           let x = await client.query2(type).include('*', '**').get()
[7m  [0m [91m                                            ~~~~~~~[0m

[96mtest/shared/test.ts[0m:[93m92[0m:[93m50[0m - [91merror[0m[90m TS2339: [0mProperty 'count' does not exist on type 'BasedQuery2<{ version?: string | undefined; defaultTimezone?: string | undefined; migrations?: SchemaMigrations | undefined; hash: number; types: { [x: string]: { partial?: boolean | undefined; ... 4 more ...; props: any; }; }; locales: Partial<...>; }, ... 5 more ..., undefined>'.

[7m92[0m           counts.push((await client.query2(type).count().get()).count)
[7m  [0m [91m                                                 ~~~~~[0m

[96mtest/simpleQuery.ts[0m:[93m36[0m:[93m37[0m - [91merror[0m[90m TS2339: [0mProperty 'include' does not exist on type 'BasedQuery2<{ version?: string | undefined; defaultTimezone?: string | undefined; migrations?: SchemaMigrations | undefined; hash: number; types: { readonly user: { props: { readonly age: { readonly type: "uint32"; }; readonly name: { ...; }; readonly countryCode: { ...; }; readonly location: Omit<...> & { ...; }; }...'.

[7m36[0m   deepEqual(await db.query2('user').include('id').get(), [{ id: 1 }], 'Id only')
[7m  [0m [91m                                    ~~~~~~~[0m

[96mtest/simpleQuery.ts[0m:[93m39[0m:[93m29[0m - [91merror[0m[90m TS2339: [0mProperty 'filter' does not exist on type 'BasedQuery2<{ version?: string | undefined; defaultTimezone?: string | undefined; migrations?: SchemaMigrations | undefined; hash: number; types: { readonly user: { props: { readonly age: { readonly type: "uint32"; }; readonly name: { ...; }; readonly countryCode: { ...; }; readonly location: Omit<...> & { ...; }; }...'.

[7m39[0m     await db.query2('user').filter('age', '<', 20).include('id', 'age').get(),
[7m  [0m [91m                            ~~~~~~[0m

[96mtest/simpleQuery.ts[0m:[93m44[0m:[93m29[0m - [91merror[0m[90m TS2339: [0mProperty 'include' does not exist on type 'BasedQuery2<{ version?: string | undefined; defaultTimezone?: string | undefined; migrations?: SchemaMigrations | undefined; hash: number; types: { readonly user: { props: { readonly age: { readonly type: "uint32"; }; readonly name: { ...; }; readonly countryCode: { ...; }; readonly location: Omit<...> & { ...; }; }...'.

[7m44[0m     await db.query2('user').include('*').get(),
[7m  [0m [91m                            ~~~~~~~[0m

[96mtest/singleRef.ts[0m:[93m100[0m:[93m43[0m - [91merror[0m[90m TS2339: [0mProperty 'include' does not exist on type 'BasedQuery2<{ version?: string | undefined; defaultTimezone?: string | undefined; migrations?: SchemaMigrations | undefined; hash: number; types: { readonly user: { props: { readonly bla: { readonly type: "uint32"; }; readonly simple: { ...; } & { ...; }; readonly name: { ...; }; }; }; readonly simple: { ...; }; }; ...'.

[7m100[0m   deepEqual(await client.query2('simple').include('user.name').get(), [
[7m   [0m [91m                                          ~~~~~~~[0m

[96mtest/singleRef.ts[0m:[93m114[0m:[93m43[0m - [91merror[0m[90m TS2339: [0mProperty 'include' does not exist on type 'BasedQuery2<{ version?: string | undefined; defaultTimezone?: string | undefined; migrations?: SchemaMigrations | undefined; hash: number; types: { readonly user: { props: { readonly bla: { readonly type: "uint32"; }; readonly simple: { ...; } & { ...; }; readonly name: { ...; }; }; }; readonly simple: { ...; }; }; ...'.

[7m114[0m   deepEqual(await client.query2('simple').include('user.name').get(), [
[7m   [0m [91m                                          ~~~~~~~[0m

[96mtest/singleRef.ts[0m:[93m197[0m:[93m37[0m - [91merror[0m[90m TS2339: [0mProperty 'include' does not exist on type 'BasedQuery2<{ version?: string | undefined; defaultTimezone?: string | undefined; migrations?: SchemaMigrations | undefined; hash: number; types: { readonly user: { props: { readonly myBlup: { readonly ref: "blup"; readonly prop: "user"; } & { ...; }; readonly simple: { ...; } & { ...; }; }; }; readonly blup: { ...;...'.

[7m197[0m   deepEqual(await db.query2('blup').include('flap').get(), [
[7m   [0m [91m                                    ~~~~~~~[0m

[96mtest/singleRef.ts[0m:[93m204[0m:[93m43[0m - [91merror[0m[90m TS2339: [0mProperty 'include' does not exist on type 'BasedQuery2<{ version?: string | undefined; defaultTimezone?: string | undefined; migrations?: SchemaMigrations | undefined; hash: number; types: { readonly user: { props: { readonly myBlup: { readonly ref: "blup"; readonly prop: "user"; } & { ...; }; readonly simple: { ...; } & { ...; }; }; }; readonly blup: { ...;...'.

[7m204[0m   const result1 = await db.query2('user').include('myBlup.flap').get()
[7m   [0m [91m                                          ~~~~~~~[0m

[96mtest/singleRef.ts[0m:[93m210[0m:[93m44[0m - [91merror[0m[90m TS2339: [0mProperty 'include' does not exist on type 'BasedQuery2<{ version?: string | undefined; defaultTimezone?: string | undefined; migrations?: SchemaMigrations | undefined; hash: number; types: { readonly user: { props: { readonly myBlup: { readonly ref: "blup"; readonly prop: "user"; } & { ...; }; readonly simple: { ...; } & { ...; }; }; }; readonly blup: { ...;...'.

[7m210[0m   const result = await db.query2('simple').include('user.myBlup.flap').get()
[7m   [0m [91m                                           ~~~~~~~[0m

[96mtest/singleRef.ts[0m:[93m216[0m:[93m37[0m - [91merror[0m[90m TS2339: [0mProperty 'include' does not exist on type 'BasedQuery2<{ version?: string | undefined; defaultTimezone?: string | undefined; migrations?: SchemaMigrations | undefined; hash: number; types: { readonly user: { props: { readonly myBlup: { readonly ref: "blup"; readonly prop: "user"; } & { ...; }; readonly simple: { ...; } & { ...; }; }; }; readonly blup: { ...;...'.

[7m216[0m   deepEqual(await db.query2('user').include('simple').get(), [
[7m   [0m [91m                                    ~~~~~~~[0m

[96mtest/singleRef.ts[0m:[93m229[0m:[93m39[0m - [91merror[0m[90m TS2339: [0mProperty 'include' does not exist on type 'BasedQuery2<{ version?: string | undefined; defaultTimezone?: string | undefined; migrations?: SchemaMigrations | undefined; hash: number; types: { readonly user: { props: { readonly myBlup: { readonly ref: "blup"; readonly prop: "user"; } & { ...; }; readonly simple: { ...; } & { ...; }; }; }; readonly blup: { ...;...'.

[7m229[0m   deepEqual(await db.query2('simple').include('user').get(), [
[7m   [0m [91m                                      ~~~~~~~[0m

[96mtest/singleRef.ts[0m:[93m236[0m:[93m37[0m - [91merror[0m[90m TS2339: [0mProperty 'include' does not exist on type 'BasedQuery2<{ version?: string | undefined; defaultTimezone?: string | undefined; migrations?: SchemaMigrations | undefined; hash: number; types: { readonly user: { props: { readonly myBlup: { readonly ref: "blup"; readonly prop: "user"; } & { ...; }; readonly simple: { ...; } & { ...; }; }; }; readonly blup: { ...;...'.

[7m236[0m   deepEqual(await db.query2('user').include('simple').get(), [
[7m   [0m [91m                                    ~~~~~~~[0m

[96mtest/singleRef.ts[0m:[93m304[0m:[93m39[0m - [91merror[0m[90m TS2339: [0mProperty 'include' does not exist on type 'BasedQuery2<{ version?: string | undefined; defaultTimezone?: string | undefined; migrations?: SchemaMigrations | undefined; hash: number; types: { readonly user: { props: { readonly myBlup: { readonly ref: "blup"; readonly prop: "user"; } & { ...; }; readonly simple: { ...; } & { ...; }; readonly admin: { ...; } & ...'.

[7m304[0m   deepEqual(await db.query2('simple').include('admin.user').get(), [
[7m   [0m [91m                                      ~~~~~~~[0m

[96mtest/singleRef.ts[0m:[93m406[0m:[93m39[0m - [91merror[0m[90m TS2339: [0mProperty 'include' does not exist on type 'BasedQuery2<{ version?: string | undefined; defaultTimezone?: string | undefined; migrations?: SchemaMigrations | undefined; hash: number; types: { readonly user: { props: { readonly myBlup: { readonly ref: "blup"; readonly prop: "user"; } & { ...; }; ... 7 more ...; readonly location: Omit<...> & { ...; }; }; }; re...'.

[7m406[0m   deepEqual(await db.query2('simple').include('id').range(0, 1).get(), [
[7m   [0m [91m                                      ~~~~~~~[0m

[96mtest/singleRef.ts[0m:[93m411[0m:[93m31[0m - [91merror[0m[90m TS2339: [0mProperty 'include' does not exist on type 'BasedQuery2<{ version?: string | undefined; defaultTimezone?: string | undefined; migrations?: SchemaMigrations | undefined; hash: number; types: { readonly user: { props: { readonly myBlup: { readonly ref: "blup"; readonly prop: "user"; } & { ...; }; ... 7 more ...; readonly location: Omit<...> & { ...; }; }; }; re...'.

[7m411[0m     await db.query2('simple').include('user').range(0, 1).get(),
[7m   [0m [91m                              ~~~~~~~[0m

[96mtest/singleRef.ts[0m:[93m422[0m:[93m31[0m - [91merror[0m[90m TS2769: [0mNo overload matches this call.
  Overload 1 of 2, '(type: "simple", id?: number[] | undefined): BasedQuery2<{ version?: string | undefined; defaultTimezone?: string | undefined; migrations?: SchemaMigrations | undefined; hash: number; types: { ...; }; locales: Partial<...>; }, ... 5 more ..., undefined>', gave the following error.
    Argument of type 'BasedCreatePromise | undefined' is not assignable to parameter of type 'number[] | undefined'.
      Type 'BasedModify<(schema: SchemaOut, type: string, payload: Record<string, any>, buf: AutoSizedUint8Array, lang: LangCodeEnum) => void>' is missing the following properties from type 'number[]': length, pop, push, concat, and 35 more.
  Overload 2 of 2, '(type: "simple", id: number | (Partial<InferSchemaOutput<{ version?: string | undefined; defaultTimezone?: string | undefined; migrations?: SchemaMigrations | undefined; hash: number; types: { ...; }; locales: Partial<...>; }, "simple">> & { ...; })): BasedQuery2<...>', gave the following error.
    Argument of type 'BasedCreatePromise | undefined' is not assignable to parameter of type 'number | (Partial<InferSchemaOutput<{ version?: string | undefined; defaultTimezone?: string | undefined; migrations?: SchemaMigrations | undefined; hash: number; types: { readonly user: { props: { ...; }; }; readonly blup: { ...; }; readonly simple: { ...; }; }; locales: Partial<...>; }, "simple">> & { ...; })'.
      Type 'undefined' is not assignable to type 'number | (Partial<InferSchemaOutput<{ version?: string | undefined; defaultTimezone?: string | undefined; migrations?: SchemaMigrations | undefined; hash: number; types: { readonly user: { props: { ...; }; }; readonly blup: { ...; }; readonly simple: { ...; }; }; locales: Partial<...>; }, "simple">> & { ...; })'.

[7m422[0m     await db.query2('simple', lastRes).include('user.location').get(),
[7m   [0m [91m                              ~~~~~~~[0m


[96mtest/singleRef.ts[0m:[93m422[0m:[93m40[0m - [91merror[0m[90m TS2339: [0mProperty 'include' does not exist on type 'BasedQuery2<{ version?: string | undefined; defaultTimezone?: string | undefined; migrations?: SchemaMigrations | undefined; hash: number; types: { readonly user: { props: { readonly myBlup: { readonly ref: "blup"; readonly prop: "user"; } & { ...; }; ... 7 more ...; readonly location: Omit<...> & { ...; }; }; }; re...'.

[7m422[0m     await db.query2('simple', lastRes).include('user.location').get(),
[7m   [0m [91m                                       ~~~~~~~[0m

[96mtest/singleRef.ts[0m:[93m434[0m:[93m31[0m - [91merror[0m[90m TS2769: [0mNo overload matches this call.
  Overload 1 of 2, '(type: "simple", id?: number[] | undefined): BasedQuery2<{ version?: string | undefined; defaultTimezone?: string | undefined; migrations?: SchemaMigrations | undefined; hash: number; types: { ...; }; locales: Partial<...>; }, ... 5 more ..., undefined>', gave the following error.
    Argument of type 'BasedCreatePromise | undefined' is not assignable to parameter of type 'number[] | undefined'.
      Type 'BasedModify<(schema: SchemaOut, type: string, payload: Record<string, any>, buf: AutoSizedUint8Array, lang: LangCodeEnum) => void>' is missing the following properties from type 'number[]': length, pop, push, concat, and 35 more.
  Overload 2 of 2, '(type: "simple", id: number | (Partial<InferSchemaOutput<{ version?: string | undefined; defaultTimezone?: string | undefined; migrations?: SchemaMigrations | undefined; hash: number; types: { ...; }; locales: Partial<...>; }, "simple">> & { ...; })): BasedQuery2<...>', gave the following error.
    Argument of type 'BasedCreatePromise | undefined' is not assignable to parameter of type 'number | (Partial<InferSchemaOutput<{ version?: string | undefined; defaultTimezone?: string | undefined; migrations?: SchemaMigrations | undefined; hash: number; types: { readonly user: { props: { ...; }; }; readonly blup: { ...; }; readonly simple: { ...; }; }; locales: Partial<...>; }, "simple">> & { ...; })'.
      Type 'undefined' is not assignable to type 'number | (Partial<InferSchemaOutput<{ version?: string | undefined; defaultTimezone?: string | undefined; migrations?: SchemaMigrations | undefined; hash: number; types: { readonly user: { props: { ...; }; }; readonly blup: { ...; }; readonly simple: { ...; }; }; locales: Partial<...>; }, "simple">> & { ...; })'.

[7m434[0m     await db.query2('simple', lastRes).include('user').get(),
[7m   [0m [91m                              ~~~~~~~[0m


[96mtest/singleRef.ts[0m:[93m434[0m:[93m40[0m - [91merror[0m[90m TS2339: [0mProperty 'include' does not exist on type 'BasedQuery2<{ version?: string | undefined; defaultTimezone?: string | undefined; migrations?: SchemaMigrations | undefined; hash: number; types: { readonly user: { props: { readonly myBlup: { readonly ref: "blup"; readonly prop: "user"; } & { ...; }; ... 7 more ...; readonly location: Omit<...> & { ...; }; }; }; re...'.

[7m434[0m     await db.query2('simple', lastRes).include('user').get(),
[7m   [0m [91m                                       ~~~~~~~[0m

[96mtest/singleRef.ts[0m:[93m454[0m:[93m8[0m - [91merror[0m[90m TS2339: [0mProperty 'include' does not exist on type 'BasedQuery2<{ version?: string | undefined; defaultTimezone?: string | undefined; migrations?: SchemaMigrations | undefined; hash: number; types: { readonly user: { props: { readonly myBlup: { readonly ref: "blup"; readonly prop: "user"; } & { ...; }; ... 7 more ...; readonly location: Omit<...> & { ...; }; }; }; re...'.

[7m454[0m       .include('user.myBlup')
[7m   [0m [91m       ~~~~~~~[0m

[96mtest/singleRef.ts[0m:[93m467[0m:[93m31[0m - [91merror[0m[90m TS2769: [0mNo overload matches this call.
  Overload 1 of 2, '(type: "simple", id?: number[] | undefined): BasedQuery2<{ version?: string | undefined; defaultTimezone?: string | undefined; migrations?: SchemaMigrations | undefined; hash: number; types: { ...; }; locales: Partial<...>; }, ... 5 more ..., undefined>', gave the following error.
    Argument of type 'BasedCreatePromise | undefined' is not assignable to parameter of type 'number[] | undefined'.
      Type 'BasedModify<(schema: SchemaOut, type: string, payload: Record<string, any>, buf: AutoSizedUint8Array, lang: LangCodeEnum) => void>' is missing the following properties from type 'number[]': length, pop, push, concat, and 35 more.
  Overload 2 of 2, '(type: "simple", id: number | (Partial<InferSchemaOutput<{ version?: string | undefined; defaultTimezone?: string | undefined; migrations?: SchemaMigrations | undefined; hash: number; types: { ...; }; locales: Partial<...>; }, "simple">> & { ...; })): BasedQuery2<...>', gave the following error.
    Argument of type 'BasedCreatePromise | undefined' is not assignable to parameter of type 'number | (Partial<InferSchemaOutput<{ version?: string | undefined; defaultTimezone?: string | undefined; migrations?: SchemaMigrations | undefined; hash: number; types: { readonly user: { props: { ...; }; }; readonly blup: { ...; }; readonly simple: { ...; }; }; locales: Partial<...>; }, "simple">> & { ...; })'.
      Type 'undefined' is not assignable to type 'number | (Partial<InferSchemaOutput<{ version?: string | undefined; defaultTimezone?: string | undefined; migrations?: SchemaMigrations | undefined; hash: number; types: { readonly user: { props: { ...; }; }; readonly blup: { ...; }; readonly simple: { ...; }; }; locales: Partial<...>; }, "simple">> & { ...; })'.

[7m467[0m     await db.query2('simple', lastRes).include('user.myBlup').get(),
[7m   [0m [91m                              ~~~~~~~[0m


[96mtest/singleRef.ts[0m:[93m467[0m:[93m40[0m - [91merror[0m[90m TS2339: [0mProperty 'include' does not exist on type 'BasedQuery2<{ version?: string | undefined; defaultTimezone?: string | undefined; migrations?: SchemaMigrations | undefined; hash: number; types: { readonly user: { props: { readonly myBlup: { readonly ref: "blup"; readonly prop: "user"; } & { ...; }; ... 7 more ...; readonly location: Omit<...> & { ...; }; }; }; re...'.

[7m467[0m     await db.query2('simple', lastRes).include('user.myBlup').get(),
[7m   [0m [91m                                       ~~~~~~~[0m

[96mtest/singleRef.ts[0m:[93m476[0m:[93m31[0m - [91merror[0m[90m TS2769: [0mNo overload matches this call.
  Overload 1 of 2, '(type: "simple", id?: number[] | undefined): BasedQuery2<{ version?: string | undefined; defaultTimezone?: string | undefined; migrations?: SchemaMigrations | undefined; hash: number; types: { ...; }; locales: Partial<...>; }, ... 5 more ..., undefined>', gave the following error.
    Argument of type 'BasedCreatePromise | undefined' is not assignable to parameter of type 'number[] | undefined'.
      Type 'BasedModify<(schema: SchemaOut, type: string, payload: Record<string, any>, buf: AutoSizedUint8Array, lang: LangCodeEnum) => void>' is missing the following properties from type 'number[]': length, pop, push, concat, and 35 more.
  Overload 2 of 2, '(type: "simple", id: number | (Partial<InferSchemaOutput<{ version?: string | undefined; defaultTimezone?: string | undefined; migrations?: SchemaMigrations | undefined; hash: number; types: { ...; }; locales: Partial<...>; }, "simple">> & { ...; })): BasedQuery2<...>', gave the following error.
    Argument of type 'BasedCreatePromise | undefined' is not assignable to parameter of type 'number | (Partial<InferSchemaOutput<{ version?: string | undefined; defaultTimezone?: string | undefined; migrations?: SchemaMigrations | undefined; hash: number; types: { readonly user: { props: { ...; }; }; readonly blup: { ...; }; readonly simple: { ...; }; }; locales: Partial<...>; }, "simple">> & { ...; })'.
      Type 'undefined' is not assignable to type 'number | (Partial<InferSchemaOutput<{ version?: string | undefined; defaultTimezone?: string | undefined; migrations?: SchemaMigrations | undefined; hash: number; types: { readonly user: { props: { ...; }; }; readonly blup: { ...; }; readonly simple: { ...; }; }; locales: Partial<...>; }, "simple">> & { ...; })'.

[7m476[0m     await db.query2('simple', lastRes).include('user.myBlup', 'lilBlup').get(),
[7m   [0m [91m                              ~~~~~~~[0m


[96mtest/singleRef.ts[0m:[93m476[0m:[93m40[0m - [91merror[0m[90m TS2339: [0mProperty 'include' does not exist on type 'BasedQuery2<{ version?: string | undefined; defaultTimezone?: string | undefined; migrations?: SchemaMigrations | undefined; hash: number; types: { readonly user: { props: { readonly myBlup: { readonly ref: "blup"; readonly prop: "user"; } & { ...; }; ... 7 more ...; readonly location: Omit<...> & { ...; }; }; }; re...'.

[7m476[0m     await db.query2('simple', lastRes).include('user.myBlup', 'lilBlup').get(),
[7m   [0m [91m                                       ~~~~~~~[0m

[96mtest/singleRef.ts[0m:[93m486[0m:[93m32[0m - [91merror[0m[90m TS2769: [0mNo overload matches this call.
  Overload 1 of 2, '(type: "simple", id?: number[] | undefined): BasedQuery2<{ version?: string | undefined; defaultTimezone?: string | undefined; migrations?: SchemaMigrations | undefined; hash: number; types: { ...; }; locales: Partial<...>; }, ... 5 more ..., undefined>', gave the following error.
    Argument of type 'BasedCreatePromise | undefined' is not assignable to parameter of type 'number[] | undefined'.
      Type 'BasedModify<(schema: SchemaOut, type: string, payload: Record<string, any>, buf: AutoSizedUint8Array, lang: LangCodeEnum) => void>' is missing the following properties from type 'number[]': length, pop, push, concat, and 35 more.
  Overload 2 of 2, '(type: "simple", id: number | (Partial<InferSchemaOutput<{ version?: string | undefined; defaultTimezone?: string | undefined; migrations?: SchemaMigrations | undefined; hash: number; types: { ...; }; locales: Partial<...>; }, "simple">> & { ...; })): BasedQuery2<...>', gave the following error.
    Argument of type 'BasedCreatePromise | undefined' is not assignable to parameter of type 'number | (Partial<InferSchemaOutput<{ version?: string | undefined; defaultTimezone?: string | undefined; migrations?: SchemaMigrations | undefined; hash: number; types: { readonly user: { props: { ...; }; }; readonly blup: { ...; }; readonly simple: { ...; }; }; locales: Partial<...>; }, "simple">> & { ...; })'.
      Type 'undefined' is not assignable to type 'number | (Partial<InferSchemaOutput<{ version?: string | undefined; defaultTimezone?: string | undefined; migrations?: SchemaMigrations | undefined; hash: number; types: { readonly user: { props: { ...; }; }; readonly blup: { ...; }; readonly simple: { ...; }; }; locales: Partial<...>; }, "simple">> & { ...; })'.

[7m486[0m     (await db.query2('simple', lastRes).include('user.myBlup').get()).node()
[7m   [0m [91m                               ~~~~~~~[0m


[96mtest/singleRef.ts[0m:[93m486[0m:[93m41[0m - [91merror[0m[90m TS2339: [0mProperty 'include' does not exist on type 'BasedQuery2<{ version?: string | undefined; defaultTimezone?: string | undefined; migrations?: SchemaMigrations | undefined; hash: number; types: { readonly user: { props: { readonly myBlup: { readonly ref: "blup"; readonly prop: "user"; } & { ...; }; ... 7 more ...; readonly location: Omit<...> & { ...; }; }; }; re...'.

[7m486[0m     (await db.query2('simple', lastRes).include('user.myBlup').get()).node()
[7m   [0m [91m                                        ~~~~~~~[0m

[96mtest/singleRef.ts[0m:[93m495[0m:[93m8[0m - [91merror[0m[90m TS2339: [0mProperty 'include' does not exist on type 'BasedQuery2<{ version?: string | undefined; defaultTimezone?: string | undefined; migrations?: SchemaMigrations | undefined; hash: number; types: { readonly user: { props: { readonly myBlup: { readonly ref: "blup"; readonly prop: "user"; } & { ...; }; ... 7 more ...; readonly location: Omit<...> & { ...; }; }; }; re...'.

[7m495[0m       .include('user.myBlup', 'lilBlup', 'user.name')
[7m   [0m [91m       ~~~~~~~[0m

[96mtest/singleRef.ts[0m:[93m513[0m:[93m31[0m - [91merror[0m[90m TS2769: [0mNo overload matches this call.
  Overload 1 of 2, '(type: "simple", id?: number[] | undefined): BasedQuery2<{ version?: string | undefined; defaultTimezone?: string | undefined; migrations?: SchemaMigrations | undefined; hash: number; types: { ...; }; locales: Partial<...>; }, ... 5 more ..., undefined>', gave the following error.
    Argument of type 'BasedCreatePromise | undefined' is not assignable to parameter of type 'number[] | undefined'.
      Type 'BasedModify<(schema: SchemaOut, type: string, payload: Record<string, any>, buf: AutoSizedUint8Array, lang: LangCodeEnum) => void>' is missing the following properties from type 'number[]': length, pop, push, concat, and 35 more.
  Overload 2 of 2, '(type: "simple", id: number | (Partial<InferSchemaOutput<{ version?: string | undefined; defaultTimezone?: string | undefined; migrations?: SchemaMigrations | undefined; hash: number; types: { ...; }; locales: Partial<...>; }, "simple">> & { ...; })): BasedQuery2<...>', gave the following error.
    Argument of type 'BasedCreatePromise | undefined' is not assignable to parameter of type 'number | (Partial<InferSchemaOutput<{ version?: string | undefined; defaultTimezone?: string | undefined; migrations?: SchemaMigrations | undefined; hash: number; types: { readonly user: { props: { ...; }; }; readonly blup: { ...; }; readonly simple: { ...; }; }; locales: Partial<...>; }, "simple">> & { ...; })'.
      Type 'undefined' is not assignable to type 'number | (Partial<InferSchemaOutput<{ version?: string | undefined; defaultTimezone?: string | undefined; migrations?: SchemaMigrations | undefined; hash: number; types: { readonly user: { props: { ...; }; }; readonly blup: { ...; }; readonly simple: { ...; }; }; locales: Partial<...>; }, "simple">> & { ...; })'.

[7m513[0m     await db.query2('simple', lastRes).include('user.location.label').get(),
[7m   [0m [91m                              ~~~~~~~[0m


[96mtest/singleRef.ts[0m:[93m513[0m:[93m40[0m - [91merror[0m[90m TS2339: [0mProperty 'include' does not exist on type 'BasedQuery2<{ version?: string | undefined; defaultTimezone?: string | undefined; migrations?: SchemaMigrations | undefined; hash: number; types: { readonly user: { props: { readonly myBlup: { readonly ref: "blup"; readonly prop: "user"; } & { ...; }; ... 7 more ...; readonly location: Omit<...> & { ...; }; }; }; re...'.

[7m513[0m     await db.query2('simple', lastRes).include('user.location.label').get(),
[7m   [0m [91m                                       ~~~~~~~[0m

[96mtest/singleRef.ts[0m:[93m517[0m:[93m39[0m - [91merror[0m[90m TS2769: [0mNo overload matches this call.
  Overload 1 of 2, '(type: "simple", id?: number[] | undefined): BasedQuery2<{ version?: string | undefined; defaultTimezone?: string | undefined; migrations?: SchemaMigrations | undefined; hash: number; types: { ...; }; locales: Partial<...>; }, ... 5 more ..., undefined>', gave the following error.
    Argument of type 'BasedCreatePromise | undefined' is not assignable to parameter of type 'number[] | undefined'.
      Type 'BasedModify<(schema: SchemaOut, type: string, payload: Record<string, any>, buf: AutoSizedUint8Array, lang: LangCodeEnum) => void>' is missing the following properties from type 'number[]': length, pop, push, concat, and 35 more.
  Overload 2 of 2, '(type: "simple", id: number | (Partial<InferSchemaOutput<{ version?: string | undefined; defaultTimezone?: string | undefined; migrations?: SchemaMigrations | undefined; hash: number; types: { ...; }; locales: Partial<...>; }, "simple">> & { ...; })): BasedQuery2<...>', gave the following error.
    Argument of type 'BasedCreatePromise | undefined' is not assignable to parameter of type 'number | (Partial<InferSchemaOutput<{ version?: string | undefined; defaultTimezone?: string | undefined; migrations?: SchemaMigrations | undefined; hash: number; types: { readonly user: { props: { ...; }; }; readonly blup: { ...; }; readonly simple: { ...; }; }; locales: Partial<...>; }, "simple">> & { ...; })'.
      Type 'undefined' is not assignable to type 'number | (Partial<InferSchemaOutput<{ version?: string | undefined; defaultTimezone?: string | undefined; migrations?: SchemaMigrations | undefined; hash: number; types: { readonly user: { props: { ...; }; }; readonly blup: { ...; }; readonly simple: { ...; }; }; locales: Partial<...>; }, "simple">> & { ...; })'.

[7m517[0m   deepEqual(await db.query2('simple', lastRes).include('user.location').get(), {
[7m   [0m [91m                                      ~~~~~~~[0m


[96mtest/singleRef.ts[0m:[93m517[0m:[93m48[0m - [91merror[0m[90m TS2339: [0mProperty 'include' does not exist on type 'BasedQuery2<{ version?: string | undefined; defaultTimezone?: string | undefined; migrations?: SchemaMigrations | undefined; hash: number; types: { readonly user: { props: { readonly myBlup: { readonly ref: "blup"; readonly prop: "user"; } & { ...; }; ... 7 more ...; readonly location: Omit<...> & { ...; }; }; }; re...'.

[7m517[0m   deepEqual(await db.query2('simple', lastRes).include('user.location').get(), {
[7m   [0m [91m                                               ~~~~~~~[0m

[96mtest/singleRef.ts[0m:[93m525[0m:[93m8[0m - [91merror[0m[90m TS2339: [0mProperty 'include' does not exist on type 'BasedQuery2<{ version?: string | undefined; defaultTimezone?: string | undefined; migrations?: SchemaMigrations | undefined; hash: number; types: { readonly user: { props: { readonly myBlup: { readonly ref: "blup"; readonly prop: "user"; } & { ...; }; ... 7 more ...; readonly location: Omit<...> & { ...; }; }; }; re...'.

[7m525[0m       .include('user.myBlup', 'lilBlup')
[7m   [0m [91m       ~~~~~~~[0m

[96mtest/singleRef.ts[0m:[93m551[0m:[93m8[0m - [91merror[0m[90m TS2339: [0mProperty 'include' does not exist on type 'BasedQuery2<{ version?: string | undefined; defaultTimezone?: string | undefined; migrations?: SchemaMigrations | undefined; hash: number; types: { readonly user: { props: { readonly myBlup: { readonly ref: "blup"; readonly prop: "user"; } & { ...; }; ... 7 more ...; readonly location: Omit<...> & { ...; }; }; }; re...'.

[7m551[0m       .include('user', 'user.myBlup')
[7m   [0m [91m       ~~~~~~~[0m

[96mtest/singleRef.ts[0m:[93m575[0m:[93m25[0m - [91merror[0m[90m TS2769: [0mNo overload matches this call.
  Overload 1 of 2, '(type: "simple", id?: number[] | undefined): BasedQuery2<{ version?: string | undefined; defaultTimezone?: string | undefined; migrations?: SchemaMigrations | undefined; hash: number; types: { ...; }; locales: Partial<...>; }, ... 5 more ..., undefined>', gave the following error.
    Argument of type 'BasedCreatePromise | undefined' is not assignable to parameter of type 'number[] | undefined'.
      Type 'BasedModify<(schema: SchemaOut, type: string, payload: Record<string, any>, buf: AutoSizedUint8Array, lang: LangCodeEnum) => void>' is missing the following properties from type 'number[]': length, pop, push, concat, and 35 more.
  Overload 2 of 2, '(type: "simple", id: number | (Partial<InferSchemaOutput<{ version?: string | undefined; defaultTimezone?: string | undefined; migrations?: SchemaMigrations | undefined; hash: number; types: { ...; }; locales: Partial<...>; }, "simple">> & { ...; })): BasedQuery2<...>', gave the following error.
    Argument of type 'BasedCreatePromise | undefined' is not assignable to parameter of type 'number | (Partial<InferSchemaOutput<{ version?: string | undefined; defaultTimezone?: string | undefined; migrations?: SchemaMigrations | undefined; hash: number; types: { readonly user: { props: { ...; }; }; readonly blup: { ...; }; readonly simple: { ...; }; }; locales: Partial<...>; }, "simple">> & { ...; })'.
      Type 'undefined' is not assignable to type 'number | (Partial<InferSchemaOutput<{ version?: string | undefined; defaultTimezone?: string | undefined; migrations?: SchemaMigrations | undefined; hash: number; types: { readonly user: { props: { ...; }; }; readonly blup: { ...; }; readonly simple: { ...; }; }; locales: Partial<...>; }, "simple">> & { ...; })'.

[7m575[0m       .query2('simple', lastRes)
[7m   [0m [91m                        ~~~~~~~[0m


[96mtest/singleRef.ts[0m:[93m576[0m:[93m8[0m - [91merror[0m[90m TS2339: [0mProperty 'include' does not exist on type 'BasedQuery2<{ version?: string | undefined; defaultTimezone?: string | undefined; migrations?: SchemaMigrations | undefined; hash: number; types: { readonly user: { props: { readonly myBlup: { readonly ref: "blup"; readonly prop: "user"; } & { ...; }; ... 7 more ...; readonly location: Omit<...> & { ...; }; }; }; re...'.

[7m576[0m       .include('user', 'user.myBlup', 'lilBlup')
[7m   [0m [91m       ~~~~~~~[0m

[96mtest/singleRef.ts[0m:[93m658[0m:[93m6[0m - [91merror[0m[90m TS2339: [0mProperty 'include' does not exist on type 'BasedQuery2<{ version?: string | undefined; defaultTimezone?: string | undefined; migrations?: SchemaMigrations | undefined; hash: number; types: { readonly user: { props: { readonly name: { readonly type: "string"; }; readonly myBlup: { ...; } & { ...; }; readonly simple: { ...; } & { ...; }; }; }; readonly blup: {...'.

[7m658[0m     .include('user', 'user.myBlup', 'lilBlup')
[7m   [0m [91m     ~~~~~~~[0m

[96mtest/singleRef.ts[0m:[93m673[0m:[93m6[0m - [91merror[0m[90m TS2339: [0mProperty 'filter' does not exist on type 'BasedQuery2<{ version?: string | undefined; defaultTimezone?: string | undefined; migrations?: SchemaMigrations | undefined; hash: number; types: { readonly user: { props: { readonly name: { readonly type: "string"; }; readonly myBlup: { ...; } & { ...; }; readonly simple: { ...; } & { ...; }; }; }; readonly blup: {...'.

[7m673[0m     .filter('age', '=', 5)
[7m   [0m [91m     ~~~~~~[0m

[96mtest/singleRefQuery.ts[0m:[93m108[0m:[93m6[0m - [91merror[0m[90m TS2339: [0mProperty 'filter' does not exist on type 'BasedQuery2<{ version?: string | undefined; defaultTimezone?: string | undefined; migrations?: SchemaMigrations | undefined; hash: number; types: { readonly user: { props: { readonly myBlup: { readonly ref: "blup"; readonly prop: "user"; } & { ...; }; readonly simple: { ...; } & { ...; }; readonly name: { ...; }; };...'.

[7m108[0m     .filter('user.myBlup.age', '=', 10)
[7m   [0m [91m     ~~~~~~[0m

[96mtest/singleRefQuery.ts[0m:[93m123[0m:[93m6[0m - [91merror[0m[90m TS2339: [0mProperty 'filter' does not exist on type 'BasedQuery2<{ version?: string | undefined; defaultTimezone?: string | undefined; migrations?: SchemaMigrations | undefined; hash: number; types: { readonly user: { props: { readonly myBlup: { readonly ref: "blup"; readonly prop: "user"; } & { ...; }; readonly simple: { ...; } & { ...; }; readonly name: { ...; }; };...'.

[7m123[0m     .filter('lilBlup.age', '=', 20)
[7m   [0m [91m     ~~~~~~[0m

[96mtest/sort/sort.perf.ts[0m:[93m27[0m:[93m9[0m - [91merror[0m[90m TS2365: [0mOperator '<' cannot be applied to types 'void' and 'number'.

[7m27[0m   equal(dbTime < 1000, true, 'db modify should not take longer then 1s')
[7m  [0m [91m        ~~~~~~~~~~~~~[0m

[96mtest/sort/sort.perf.ts[0m:[93m39[0m:[93m6[0m - [91merror[0m[90m TS2339: [0mProperty 'include' does not exist on type 'BasedQuery2<{ version?: string | undefined; defaultTimezone?: string | undefined; migrations?: SchemaMigrations | undefined; hash: number; types: { readonly user: { props: { readonly name: { readonly type: "string"; }; readonly email: { ...; }; readonly age: { ...; }; }; }; }; locales: Partial<...>; }, ... 5 more .....'.

[7m39[0m     .include('age', 'name', 'email')
[7m  [0m [91m     ~~~~~~~[0m

[96mtest/sort/sort.ts[0m:[93m56[0m:[93m29[0m - [91merror[0m[90m TS2339: [0mProperty 'sort' does not exist on type 'BasedQuery2<{ version?: string | undefined; defaultTimezone?: string | undefined; migrations?: SchemaMigrations | undefined; hash: number; types: { readonly user: { props: { readonly name: { readonly type: "string"; }; readonly email: { ...; }; readonly age: { ...; }; }; }; }; locales: Partial<...>; }, ... 5 more .....'.

[7m56[0m     await db.query2('user').sort('age', 'desc').include('email', 'age').get(),
[7m  [0m [91m                            ~~~~[0m

[96mtest/sort/sort.ts[0m:[93m68[0m:[93m29[0m - [91merror[0m[90m TS2339: [0mProperty 'sort' does not exist on type 'BasedQuery2<{ version?: string | undefined; defaultTimezone?: string | undefined; migrations?: SchemaMigrations | undefined; hash: number; types: { readonly user: { props: { readonly name: { readonly type: "string"; }; readonly email: { ...; }; readonly age: { ...; }; }; }; }; locales: Partial<...>; }, ... 5 more .....'.

[7m68[0m     await db.query2('user').sort('age', 'asc').include('email', 'age').get(),
[7m  [0m [91m                            ~~~~[0m

[96mtest/sort/sort.ts[0m:[93m82[0m:[93m29[0m - [91merror[0m[90m TS2339: [0mProperty 'sort' does not exist on type 'BasedQuery2<{ version?: string | undefined; defaultTimezone?: string | undefined; migrations?: SchemaMigrations | undefined; hash: number; types: { readonly user: { props: { readonly name: { readonly type: "string"; }; readonly email: { ...; }; readonly age: { ...; }; }; }; }; locales: Partial<...>; }, ... 5 more .....'.

[7m82[0m     await db.query2('user').sort('email', 'asc').include('email', 'age').get(),
[7m  [0m [91m                            ~~~~[0m

[96mtest/sort/sort.ts[0m:[93m94[0m:[93m29[0m - [91merror[0m[90m TS2339: [0mProperty 'sort' does not exist on type 'BasedQuery2<{ version?: string | undefined; defaultTimezone?: string | undefined; migrations?: SchemaMigrations | undefined; hash: number; types: { readonly user: { props: { readonly name: { readonly type: "string"; }; readonly email: { ...; }; readonly age: { ...; }; }; }; }; locales: Partial<...>; }, ... 5 more .....'.

[7m94[0m     await db.query2('user').sort('email', 'desc').include('email', 'age').get(),
[7m  [0m [91m                            ~~~~[0m

[96mtest/sort/sort.ts[0m:[93m114[0m:[93m29[0m - [91merror[0m[90m TS2339: [0mProperty 'sort' does not exist on type 'BasedQuery2<{ version?: string | undefined; defaultTimezone?: string | undefined; migrations?: SchemaMigrations | undefined; hash: number; types: { readonly user: { props: { readonly name: { readonly type: "string"; }; readonly email: { ...; }; readonly age: { ...; }; }; }; }; locales: Partial<...>; }, ... 5 more .....'.

[7m114[0m     await db.query2('user').sort('email').include('email', 'age').get(),
[7m   [0m [91m                            ~~~~[0m

[96mtest/sort/sort.ts[0m:[93m127[0m:[93m29[0m - [91merror[0m[90m TS2339: [0mProperty 'sort' does not exist on type 'BasedQuery2<{ version?: string | undefined; defaultTimezone?: string | undefined; migrations?: SchemaMigrations | undefined; hash: number; types: { readonly user: { props: { readonly name: { readonly type: "string"; }; readonly email: { ...; }; readonly age: { ...; }; }; }; }; locales: Partial<...>; }, ... 5 more .....'.

[7m127[0m     await db.query2('user').sort('age').include('email', 'age').get(),
[7m   [0m [91m                            ~~~~[0m

[96mtest/sort/sort.ts[0m:[93m146[0m:[93m29[0m - [91merror[0m[90m TS2339: [0mProperty 'sort' does not exist on type 'BasedQuery2<{ version?: string | undefined; defaultTimezone?: string | undefined; migrations?: SchemaMigrations | undefined; hash: number; types: { readonly user: { props: { readonly name: { readonly type: "string"; }; readonly email: { ...; }; readonly age: { ...; }; }; }; }; locales: Partial<...>; }, ... 5 more .....'.

[7m146[0m     await db.query2('user').sort('email').include('email', 'age').get(),
[7m   [0m [91m                            ~~~~[0m

[96mtest/sort/sort.ts[0m:[93m165[0m:[93m29[0m - [91merror[0m[90m TS2339: [0mProperty 'sort' does not exist on type 'BasedQuery2<{ version?: string | undefined; defaultTimezone?: string | undefined; migrations?: SchemaMigrations | undefined; hash: number; types: { readonly user: { props: { readonly name: { readonly type: "string"; }; readonly email: { ...; }; readonly age: { ...; }; }; }; }; locales: Partial<...>; }, ... 5 more .....'.

[7m165[0m     await db.query2('user').sort('age').include('email', 'age').get(),
[7m   [0m [91m                            ~~~~[0m

[96mtest/sort/sort.ts[0m:[93m184[0m:[93m29[0m - [91merror[0m[90m TS2339: [0mProperty 'sort' does not exist on type 'BasedQuery2<{ version?: string | undefined; defaultTimezone?: string | undefined; migrations?: SchemaMigrations | undefined; hash: number; types: { readonly user: { props: { readonly name: { readonly type: "string"; }; readonly email: { ...; }; readonly age: { ...; }; }; }; }; locales: Partial<...>; }, ... 5 more .....'.

[7m184[0m     await db.query2('user').sort('age').include('email', 'age').get(),
[7m   [0m [91m                            ~~~~[0m

[96mtest/sort/sort.ts[0m:[93m196[0m:[93m37[0m - [91merror[0m[90m TS2339: [0mProperty 'sort' does not exist on type 'BasedQuery2<{ version?: string | undefined; defaultTimezone?: string | undefined; migrations?: SchemaMigrations | undefined; hash: number; types: { readonly user: { props: { readonly name: { readonly type: "string"; }; readonly email: { ...; }; readonly age: { ...; }; }; }; }; locales: Partial<...>; }, ... 5 more .....'.

[7m196[0m   deepEqual(await db.query2('user').sort('age').include('email', 'age').get(), [
[7m   [0m [91m                                    ~~~~[0m

[96mtest/sort/sort.ts[0m:[93m218[0m:[93m34[0m - [91merror[0m[90m TS2339: [0mProperty 'include' does not exist on type 'BasedQuery2<{ version?: string | undefined; defaultTimezone?: string | undefined; migrations?: SchemaMigrations | undefined; hash: number; types: { readonly user: { props: { readonly name: { readonly type: "string"; }; readonly email: { ...; }; readonly age: { ...; }; }; }; }; locales: Partial<...>; }, ... 5 more .....'.

[7m218[0m     await db.query2('user', ids).include('name', 'age').sort('age').get(),
[7m   [0m [91m                                 ~~~~~~~[0m

[96mtest/sort/sort.ts[0m:[93m237[0m:[93m8[0m - [91merror[0m[90m TS2339: [0mProperty 'include' does not exist on type 'BasedQuery2<{ version?: string | undefined; defaultTimezone?: string | undefined; migrations?: SchemaMigrations | undefined; hash: number; types: { readonly user: { props: { readonly name: { readonly type: "string"; }; readonly email: { ...; }; readonly age: { ...; }; }; }; }; locales: Partial<...>; }, ... 5 more .....'.

[7m237[0m       .include('name', 'age')
[7m   [0m [91m       ~~~~~~~[0m

[96mtest/sort/sort.ts[0m:[93m263[0m:[93m8[0m - [91merror[0m[90m TS2339: [0mProperty 'include' does not exist on type 'BasedQuery2<{ version?: string | undefined; defaultTimezone?: string | undefined; migrations?: SchemaMigrations | undefined; hash: number; types: { readonly user: { props: { readonly name: { readonly type: "string"; }; readonly email: { ...; }; readonly age: { ...; }; }; }; }; locales: Partial<...>; }, ... 5 more .....'.

[7m263[0m       .include('name', 'age')
[7m   [0m [91m       ~~~~~~~[0m

[96mtest/sort/sort.ts[0m:[93m293[0m:[93m8[0m - [91merror[0m[90m TS2339: [0mProperty 'include' does not exist on type 'BasedQuery2<{ version?: string | undefined; defaultTimezone?: string | undefined; migrations?: SchemaMigrations | undefined; hash: number; types: { readonly user: { props: { readonly name: { readonly type: "string"; }; readonly email: { ...; }; readonly age: { ...; }; }; }; }; locales: Partial<...>; }, ... 5 more .....'.

[7m293[0m       .include('name', 'age')
[7m   [0m [91m       ~~~~~~~[0m

[96mtest/sort/sort.ts[0m:[93m322[0m:[93m36[0m - [91merror[0m[90m TS2339: [0mProperty 'include' does not exist on type 'BasedQuery2<{ version?: string | undefined; defaultTimezone?: string | undefined; migrations?: SchemaMigrations | undefined; hash: number; types: { readonly user: { props: { readonly name: { readonly type: "string"; }; readonly email: { ...; }; readonly age: { ...; }; }; }; }; locales: Partial<...>; }, ... 5 more .....'.

[7m322[0m     (await db.query2('user', ids2).include('name', 'age', 'email').get())
[7m   [0m [91m                                   ~~~~~~~[0m

[96mtest/sort/sort.ts[0m:[93m332[0m:[93m10[0m - [91merror[0m[90m TS2339: [0mProperty 'include' does not exist on type 'BasedQuery2<{ version?: string | undefined; defaultTimezone?: string | undefined; migrations?: SchemaMigrations | undefined; hash: number; types: { readonly user: { props: { readonly name: { readonly type: "string"; }; readonly email: { ...; }; readonly age: { ...; }; }; }; }; locales: Partial<...>; }, ... 5 more .....'.

[7m332[0m         .include('name', 'age', 'email')
[7m   [0m [91m         ~~~~~~~[0m

[96mtest/sort/sort.ts[0m:[93m344[0m:[93m10[0m - [91merror[0m[90m TS2339: [0mProperty 'include' does not exist on type 'BasedQuery2<{ version?: string | undefined; defaultTimezone?: string | undefined; migrations?: SchemaMigrations | undefined; hash: number; types: { readonly user: { props: { readonly name: { readonly type: "string"; }; readonly email: { ...; }; readonly age: { ...; }; }; }; }; locales: Partial<...>; }, ... 5 more .....'.

[7m344[0m         .include('name', 'age', 'email')
[7m   [0m [91m         ~~~~~~~[0m

[96mtest/sort/sort.ts[0m:[93m360[0m:[93m10[0m - [91merror[0m[90m TS2339: [0mProperty 'include' does not exist on type 'BasedQuery2<{ version?: string | undefined; defaultTimezone?: string | undefined; migrations?: SchemaMigrations | undefined; hash: number; types: { readonly user: { props: { readonly name: { readonly type: "string"; }; readonly email: { ...; }; readonly age: { ...; }; }; }; }; locales: Partial<...>; }, ... 5 more .....'.

[7m360[0m         .include('name', 'age', 'email')
[7m   [0m [91m         ~~~~~~~[0m

[96mtest/sort/sort.ts[0m:[93m378[0m:[93m10[0m - [91merror[0m[90m TS2339: [0mProperty 'include' does not exist on type 'BasedQuery2<{ version?: string | undefined; defaultTimezone?: string | undefined; migrations?: SchemaMigrations | undefined; hash: number; types: { readonly user: { props: { readonly name: { readonly type: "string"; }; readonly email: { ...; }; readonly age: { ...; }; }; }; }; locales: Partial<...>; }, ... 5 more .....'.

[7m378[0m         .include('name', 'age', 'email')
[7m   [0m [91m         ~~~~~~~[0m

[96mtest/sort/sort.ts[0m:[93m394[0m:[93m10[0m - [91merror[0m[90m TS2339: [0mProperty 'include' does not exist on type 'BasedQuery2<{ version?: string | undefined; defaultTimezone?: string | undefined; migrations?: SchemaMigrations | undefined; hash: number; types: { readonly user: { props: { readonly name: { readonly type: "string"; }; readonly email: { ...; }; readonly age: { ...; }; }; }; }; locales: Partial<...>; }, ... 5 more .....'.

[7m394[0m         .include('name', 'age', 'email')
[7m   [0m [91m         ~~~~~~~[0m

[96mtest/sort/sort.ts[0m:[93m444[0m:[93m33[0m - [91merror[0m[90m TS2339: [0mProperty 'include' does not exist on type 'BasedQuery2<{ version?: string | undefined; defaultTimezone?: string | undefined; migrations?: SchemaMigrations | undefined; hash: number; types: { readonly user: { props: { readonly gender: { readonly type: "uint32"; }; readonly age: { ...; }; readonly name: { ...; }; readonly email: { ...; }; }; }; }; locales: Par...'.

[7m444[0m     await client.query2('user').include('name').sort('age').range(0, 2).get(),
[7m   [0m [91m                                ~~~~~~~[0m

[96mtest/sort/sort.ts[0m:[93m452[0m:[93m33[0m - [91merror[0m[90m TS2339: [0mProperty 'include' does not exist on type 'BasedQuery2<{ version?: string | undefined; defaultTimezone?: string | undefined; migrations?: SchemaMigrations | undefined; hash: number; types: { readonly user: { props: { readonly gender: { readonly type: "uint32"; }; readonly age: { ...; }; readonly name: { ...; }; readonly email: { ...; }; }; }; }; locales: Par...'.

[7m452[0m     await client.query2('user').include('name').sort('age').range(0, 2).get(),
[7m   [0m [91m                                ~~~~~~~[0m

[96mtest/sort/sort.ts[0m:[93m460[0m:[93m33[0m - [91merror[0m[90m TS2339: [0mProperty 'include' does not exist on type 'BasedQuery2<{ version?: string | undefined; defaultTimezone?: string | undefined; migrations?: SchemaMigrations | undefined; hash: number; types: { readonly user: { props: { readonly gender: { readonly type: "uint32"; }; readonly age: { ...; }; readonly name: { ...; }; readonly email: { ...; }; }; }; }; locales: Par...'.

[7m460[0m     await client.query2('user').include('name').sort('name').range(0, 2).get(),
[7m   [0m [91m                                ~~~~~~~[0m

[96mtest/sort/sort.ts[0m:[93m485[0m:[93m34[0m - [91merror[0m[90m TS2339: [0mProperty 'include' does not exist on type 'BasedQuery2<{ version?: string | undefined; defaultTimezone?: string | undefined; migrations?: SchemaMigrations | undefined; hash: number; types: { readonly user: { props: { readonly gender: { readonly type: "uint32"; }; readonly age: { ...; }; readonly name: { ...; }; readonly email: { ...; }; }; }; }; locales: Par...'.

[7m485[0m     await client2.query2('user').include('name').sort('name').range(0, 2).get(),
[7m   [0m [91m                                 ~~~~~~~[0m

[96mtest/sort/sort.ts[0m:[93m512[0m:[93m29[0m - [91merror[0m[90m TS2339: [0mProperty 'sort' does not exist on type 'BasedQuery2<{ version?: string | undefined; defaultTimezone?: string | undefined; migrations?: SchemaMigrations | undefined; hash: number; types: { readonly dialog: { props: { readonly fun: { readonly type: "string"; }; }; }; }; locales: Partial<...>; }, ... 5 more ..., undefined>'.

[7m512[0m   await db.query2('dialog').sort('fun', 'desc').get()
[7m   [0m [91m                            ~~~~[0m

[96mtest/sort/sort.ts[0m:[93m531[0m:[93m31[0m - [91merror[0m[90m TS2339: [0mProperty 'sort' does not exist on type 'BasedQuery2<{ version?: string | undefined; defaultTimezone?: string | undefined; migrations?: SchemaMigrations | undefined; hash: number; types: { readonly dialog: { props: { readonly fun: { readonly type: "string"; }; }; }; }; locales: Partial<...>; }, ... 5 more ..., undefined>'.

[7m531[0m     await db.query2('dialog').sort('fun', 'desc').get(),
[7m   [0m [91m                              ~~~~[0m

[96mtest/sort/sort.ts[0m:[93m557[0m:[93m39[0m - [91merror[0m[90m TS2339: [0mProperty 'sort' does not exist on type 'BasedQuery2<{ version?: string | undefined; defaultTimezone?: string | undefined; migrations?: SchemaMigrations | undefined; hash: number; types: { readonly dialog: { props: { readonly fun: { readonly type: "string"; }; }; }; }; locales: Partial<...>; }, ... 5 more ..., undefined>'.

[7m557[0m   deepEqual(await db.query2('dialog').sort('fun', 'desc').get(), [
[7m   [0m [91m                                      ~~~~[0m

[96mtest/sort/sort.ts[0m:[93m569[0m:[93m39[0m - [91merror[0m[90m TS2339: [0mProperty 'sort' does not exist on type 'BasedQuery2<{ version?: string | undefined; defaultTimezone?: string | undefined; migrations?: SchemaMigrations | undefined; hash: number; types: { readonly dialog: { props: { readonly fun: { readonly type: "string"; }; }; }; }; locales: Partial<...>; }, ... 5 more ..., undefined>'.

[7m569[0m   deepEqual(await db.query2('dialog').sort('fun', 'desc').get(), [
[7m   [0m [91m                                      ~~~~[0m

[96mtest/sort/sort.ts[0m:[93m595[0m:[93m39[0m - [91merror[0m[90m TS2339: [0mProperty 'sort' does not exist on type 'BasedQuery2<{ version?: string | undefined; defaultTimezone?: string | undefined; migrations?: SchemaMigrations | undefined; hash: number; types: { readonly dialog: { props: { readonly fun: { readonly type: "string"; }; }; }; }; locales: Partial<...>; }, ... 5 more ..., undefined>'.

[7m595[0m   deepEqual(await db.query2('dialog').sort('fun', 'desc').get(), [
[7m   [0m [91m                                      ~~~~[0m

[96mtest/sort/sortAlias.ts[0m:[93m28[0m:[93m14[0m - [91merror[0m[90m TS2551: [0mProperty 'query2' does not exist on type 'BasedDb'. Did you mean 'query'?

[7m28[0m     await db.query2('article').sort('email', 'desc').get(),
[7m  [0m [91m             ~~~~~~[0m

  [96msrc/index.ts[0m:[93m101[0m:[93m3[0m
    [7m101[0m   query: DbClient['query'] = function (this: BasedDb) {
    [7m   [0m [96m  ~~~~~[0m
    'query' is declared here.

[96mtest/sort/sortAlias.ts[0m:[93m44[0m:[93m14[0m - [91merror[0m[90m TS2551: [0mProperty 'query2' does not exist on type 'BasedDb'. Did you mean 'query'?

[7m44[0m     await db.query2('article').sort('email', 'desc').get(),
[7m  [0m [91m             ~~~~~~[0m

  [96msrc/index.ts[0m:[93m101[0m:[93m3[0m
    [7m101[0m   query: DbClient['query'] = function (this: BasedDb) {
    [7m   [0m [96m  ~~~~~[0m
    'query' is declared here.

[96mtest/sort/sortAlias.ts[0m:[93m57[0m:[93m14[0m - [91merror[0m[90m TS2551: [0mProperty 'query2' does not exist on type 'BasedDb'. Did you mean 'query'?

[7m57[0m     await db.query2('article').sort('email', 'desc').get(),
[7m  [0m [91m             ~~~~~~[0m

  [96msrc/index.ts[0m:[93m101[0m:[93m3[0m
    [7m101[0m   query: DbClient['query'] = function (this: BasedDb) {
    [7m   [0m [96m  ~~~~~[0m
    'query' is declared here.

[96mtest/sort/sortAlias.ts[0m:[93m73[0m:[93m14[0m - [91merror[0m[90m TS2551: [0mProperty 'query2' does not exist on type 'BasedDb'. Did you mean 'query'?

[7m73[0m     await db.query2('article').sort('email', 'desc').get(),
[7m  [0m [91m             ~~~~~~[0m

  [96msrc/index.ts[0m:[93m101[0m:[93m3[0m
    [7m101[0m   query: DbClient['query'] = function (this: BasedDb) {
    [7m   [0m [96m  ~~~~~[0m
    'query' is declared here.

[96mtest/sort/sortBinary.ts[0m:[93m38[0m:[93m39[0m - [91merror[0m[90m TS2339: [0mProperty 'include' does not exist on type 'BasedQuery2<{ version?: string | undefined; defaultTimezone?: string | undefined; migrations?: SchemaMigrations | undefined; hash: number; types: { readonly binary: { props: { readonly data: { readonly type: "binary"; }; readonly name: { ...; }; }; }; }; locales: Partial<...>; }, ... 5 more ..., undefined>'.

[7m38[0m   deepEqual(await db.query2('binary').include('name', 'data').get(), [
[7m  [0m [91m                                      ~~~~~~~[0m

[96mtest/sort/sortBinary.ts[0m:[93m45[0m:[93m31[0m - [91merror[0m[90m TS2339: [0mProperty 'sort' does not exist on type 'BasedQuery2<{ version?: string | undefined; defaultTimezone?: string | undefined; migrations?: SchemaMigrations | undefined; hash: number; types: { readonly binary: { props: { readonly data: { readonly type: "binary"; }; readonly name: { ...; }; }; }; }; locales: Partial<...>; }, ... 5 more ..., undefined>'.

[7m45[0m     await db.query2('binary').sort('data').include('name', 'data').get(),
[7m  [0m [91m                              ~~~~[0m

[96mtest/sort/sortBinary.ts[0m:[93m57[0m:[93m8[0m - [91merror[0m[90m TS2339: [0mProperty 'sort' does not exist on type 'BasedQuery2<{ version?: string | undefined; defaultTimezone?: string | undefined; migrations?: SchemaMigrations | undefined; hash: number; types: { readonly binary: { props: { readonly data: { readonly type: "binary"; }; readonly name: { ...; }; }; }; }; locales: Partial<...>; }, ... 5 more ..., undefined>'.

[7m57[0m       .sort('data', 'desc')
[7m  [0m [91m       ~~~~[0m

[96mtest/sort/sortById.ts[0m:[93m33[0m:[93m29[0m - [91merror[0m[90m TS2339: [0mProperty 'include' does not exist on type 'BasedQuery2<{ version?: string | undefined; defaultTimezone?: string | undefined; migrations?: SchemaMigrations | undefined; hash: number; types: { readonly user: { props: { readonly name: { type: "string"; }; readonly derp: { ...; }; readonly friends: Omit<...> & { ...; }; }; }; }; locales: Partial<...>; }, ... 5 m...'.

[7m33[0m     await db.query2('user').include('name').sort('id', 'asc').get(),
[7m  [0m [91m                            ~~~~~~~[0m

[96mtest/sort/sortById.ts[0m:[93m39[0m:[93m29[0m - [91merror[0m[90m TS2339: [0mProperty 'include' does not exist on type 'BasedQuery2<{ version?: string | undefined; defaultTimezone?: string | undefined; migrations?: SchemaMigrations | undefined; hash: number; types: { readonly user: { props: { readonly name: { type: "string"; }; readonly derp: { ...; }; readonly friends: Omit<...> & { ...; }; }; }; }; locales: Partial<...>; }, ... 5 m...'.

[7m39[0m     await db.query2('user').include('name').sort('id', 'desc').get(),
[7m  [0m [91m                            ~~~~~~~[0m

[96mtest/sort/sortById.ts[0m:[93m51[0m:[93m29[0m - [91merror[0m[90m TS2339: [0mProperty 'include' does not exist on type 'BasedQuery2<{ version?: string | undefined; defaultTimezone?: string | undefined; migrations?: SchemaMigrations | undefined; hash: number; types: { readonly user: { props: { readonly name: { type: "string"; }; readonly derp: { ...; }; readonly friends: Omit<...> & { ...; }; }; }; }; locales: Partial<...>; }, ... 5 m...'.

[7m51[0m     await db.query2('user').include('name', 'friends.name').range(0, 1).get(),
[7m  [0m [91m                            ~~~~~~~[0m

[96mtest/sort/sortEnum.ts[0m:[93m37[0m:[93m8[0m - [91merror[0m[90m TS2339: [0mProperty 'filter' does not exist on type 'BasedQuery2<{ version?: string | undefined; defaultTimezone?: string | undefined; migrations?: SchemaMigrations | undefined; hash: number; types: { readonly user: { props: { readonly status: { type: "enum"; enum: string[]; }; }; }; }; locales: Partial<...>; }, ... 5 more ..., undefined>'.

[7m37[0m       .filter('status', '=', ['a', 'b', 'c'])
[7m  [0m [91m       ~~~~~~[0m

[96mtest/sort/sortEnum.ts[0m:[93m43[0m:[93m23[0m - [91merror[0m[90m TS2339: [0mProperty 'filter' does not exist on type 'BasedQuery2<{ version?: string | undefined; defaultTimezone?: string | undefined; migrations?: SchemaMigrations | undefined; hash: number; types: { readonly user: { props: { readonly status: { type: "enum"; enum: string[]; }; }; }; }; locales: Partial<...>; }, ... 5 more ..., undefined>'.

[7m43[0m     db.query2('user').filter('status', '=', ['d']).range(0, 600).get(),
[7m  [0m [91m                      ~~~~~~[0m

[96mtest/sort/sortHll.ts[0m:[93m55[0m:[93m8[0m - [91merror[0m[90m TS2339: [0mProperty 'sort' does not exist on type 'BasedQuery2<{ version?: string | undefined; defaultTimezone?: string | undefined; migrations?: SchemaMigrations | undefined; hash: number; types: { readonly article: { props: { readonly derp: { type: "number"; }; readonly count: { ...; }; readonly brazilians: { ...; }; }; }; }; locales: Partial<...>; }, ... 5 more ....'.

[7m55[0m       .sort('brazilians', 'desc')
[7m  [0m [91m       ~~~~[0m

[96mtest/sort/sortHll.ts[0m:[93m74[0m:[93m32[0m - [91merror[0m[90m TS2339: [0mProperty 'sort' does not exist on type 'BasedQuery2<{ version?: string | undefined; defaultTimezone?: string | undefined; migrations?: SchemaMigrations | undefined; hash: number; types: { readonly article: { props: { readonly derp: { type: "number"; }; readonly count: { ...; }; readonly brazilians: { ...; }; }; }; }; locales: Partial<...>; }, ... 5 more ....'.

[7m74[0m     await db.query2('article').sort('count', 'asc').include('derp').get(),
[7m  [0m [91m                               ~~~~[0m

[96mtest/sort/sortHll.ts[0m:[93m97[0m:[93m8[0m - [91merror[0m[90m TS2339: [0mProperty 'sort' does not exist on type 'BasedQuery2<{ version?: string | undefined; defaultTimezone?: string | undefined; migrations?: SchemaMigrations | undefined; hash: number; types: { readonly article: { props: { readonly derp: { type: "number"; }; readonly count: { ...; }; readonly brazilians: { ...; }; }; }; }; locales: Partial<...>; }, ... 5 more ....'.

[7m97[0m       .sort('count', 'asc')
[7m  [0m [91m       ~~~~[0m

[96mtest/sort/sortHll.ts[0m:[93m144[0m:[93m8[0m - [91merror[0m[90m TS2339: [0mProperty 'filter' does not exist on type 'BasedQuery2<{ version?: string | undefined; defaultTimezone?: string | undefined; migrations?: SchemaMigrations | undefined; hash: number; types: { readonly article: { props: { readonly derp: { type: "number"; }; readonly count: { ...; }; readonly brazilians: { ...; }; }; }; }; locales: Partial<...>; }, ... 5 more ....'.

[7m144[0m       .filter('id', '=', testRecordId)
[7m   [0m [91m       ~~~~~~[0m

[96mtest/sort/sortHll.ts[0m:[93m170[0m:[93m32[0m - [91merror[0m[90m TS2339: [0mProperty 'sort' does not exist on type 'BasedQuery2<{ version?: string | undefined; defaultTimezone?: string | undefined; migrations?: SchemaMigrations | undefined; hash: number; types: { readonly article: { props: { readonly derp: { type: "number"; }; readonly count: { ...; }; readonly brazilians: { ...; }; }; }; }; locales: Partial<...>; }, ... 5 more ....'.

[7m170[0m     await db.query2('article').sort('count', 'desc').include('count').get(),
[7m   [0m [91m                               ~~~~[0m

[96mtest/sort/sortHll.ts[0m:[93m191[0m:[93m8[0m - [91merror[0m[90m TS2339: [0mProperty 'sort' does not exist on type 'BasedQuery2<{ version?: string | undefined; defaultTimezone?: string | undefined; migrations?: SchemaMigrations | undefined; hash: number; types: { readonly article: { props: { readonly derp: { type: "number"; }; readonly count: { ...; }; readonly brazilians: { ...; }; }; }; }; locales: Partial<...>; }, ... 5 more ....'.

[7m191[0m       .sort('brazilians', 'desc')
[7m   [0m [91m       ~~~~[0m

[96mtest/sort/sortHll.ts[0m:[93m205[0m:[93m5[0m - [91merror[0m[90m TS2322: [0mType 'Uint8Array<ArrayBufferLike>' is not assignable to type 'string | string[] | null | undefined'.
  Type 'Uint8Array<ArrayBufferLike>' is missing the following properties from type 'string[]': pop, push, concat, shift, and 6 more.

[7m205[0m     count: xxHash64(ENCODER.encode('name1')),
[7m   [0m [91m    ~~~~~[0m

[96mtest/sort/sortHll.ts[0m:[93m227[0m:[93m32[0m - [91merror[0m[90m TS2339: [0mProperty 'sort' does not exist on type 'BasedQuery2<{ version?: string | undefined; defaultTimezone?: string | undefined; migrations?: SchemaMigrations | undefined; hash: number; types: { readonly article: { props: { readonly derp: { type: "number"; }; readonly count: { ...; }; readonly brazilians: { ...; }; }; }; }; locales: Partial<...>; }, ... 5 more ....'.

[7m227[0m     await db.query2('article').sort('count', 'desc').include('count').get(),
[7m   [0m [91m                               ~~~~[0m

[96mtest/sort/sortIds.ts[0m:[93m31[0m:[93m9[0m - [91merror[0m[90m TS2322: [0mType 'number' is not assignable to type '0 | 1 | 2 | 3 | 4 | 5 | null | undefined'.

[7m31[0m         bla: ~~(Math.random() * 5),
[7m  [0m [91m        ~~~[0m

[96mtest/sort/sortIds.ts[0m:[93m39[0m:[93m41[0m - [91merror[0m[90m TS2339: [0mProperty 'sort' does not exist on type 'BasedQuery2<{ version?: string | undefined; defaultTimezone?: string | undefined; migrations?: SchemaMigrations | undefined; hash: number; types: { readonly user: { props: { readonly name: { type: "string"; }; ... 5 more ...; readonly mep: { ...; }; }; }; }; locales: Partial<...>; }, ... 5 more ..., undefined>'.

[7m39[0m   isSorted(await db.query2('user', ids).sort('age').get(), 'age')
[7m  [0m [91m                                        ~~~~[0m

[96mtest/sort/sortIds.ts[0m:[93m40[0m:[93m41[0m - [91merror[0m[90m TS2339: [0mProperty 'sort' does not exist on type 'BasedQuery2<{ version?: string | undefined; defaultTimezone?: string | undefined; migrations?: SchemaMigrations | undefined; hash: number; types: { readonly user: { props: { readonly name: { type: "string"; }; ... 5 more ...; readonly mep: { ...; }; }; }; }; locales: Partial<...>; }, ... 5 more ..., undefined>'.

[7m40[0m   isSorted(await db.query2('user', ids).sort('name').get(), 'name')
[7m  [0m [91m                                        ~~~~[0m

[96mtest/sort/sortIds.ts[0m:[93m41[0m:[93m41[0m - [91merror[0m[90m TS2339: [0mProperty 'sort' does not exist on type 'BasedQuery2<{ version?: string | undefined; defaultTimezone?: string | undefined; migrations?: SchemaMigrations | undefined; hash: number; types: { readonly user: { props: { readonly name: { type: "string"; }; ... 5 more ...; readonly mep: { ...; }; }; }; }; locales: Partial<...>; }, ... 5 more ..., undefined>'.

[7m41[0m   isSorted(await db.query2('user', ids).sort('flap').get(), 'flap')
[7m  [0m [91m                                        ~~~~[0m

[96mtest/sort/sortIds.ts[0m:[93m42[0m:[93m41[0m - [91merror[0m[90m TS2339: [0mProperty 'sort' does not exist on type 'BasedQuery2<{ version?: string | undefined; defaultTimezone?: string | undefined; migrations?: SchemaMigrations | undefined; hash: number; types: { readonly user: { props: { readonly name: { type: "string"; }; ... 5 more ...; readonly mep: { ...; }; }; }; }; locales: Partial<...>; }, ... 5 more ..., undefined>'.

[7m42[0m   isSorted(await db.query2('user', ids).sort('blurf').get(), 'blurf')
[7m  [0m [91m                                        ~~~~[0m

[96mtest/sort/sortIds.ts[0m:[93m43[0m:[93m41[0m - [91merror[0m[90m TS2339: [0mProperty 'sort' does not exist on type 'BasedQuery2<{ version?: string | undefined; defaultTimezone?: string | undefined; migrations?: SchemaMigrations | undefined; hash: number; types: { readonly user: { props: { readonly name: { type: "string"; }; ... 5 more ...; readonly mep: { ...; }; }; }; }; locales: Partial<...>; }, ... 5 more ..., undefined>'.

[7m43[0m   isSorted(await db.query2('user', ids).sort('bla').get(), 'bla')
[7m  [0m [91m                                        ~~~~[0m

[96mtest/sort/sortIds.ts[0m:[93m44[0m:[93m41[0m - [91merror[0m[90m TS2339: [0mProperty 'sort' does not exist on type 'BasedQuery2<{ version?: string | undefined; defaultTimezone?: string | undefined; migrations?: SchemaMigrations | undefined; hash: number; types: { readonly user: { props: { readonly name: { type: "string"; }; ... 5 more ...; readonly mep: { ...; }; }; }; }; locales: Partial<...>; }, ... 5 more ..., undefined>'.

[7m44[0m   isSorted(await db.query2('user', ids).sort('mep').get(), 'mep')
[7m  [0m [91m                                        ~~~~[0m

[96mtest/sort/sortIds.ts[0m:[93m96[0m:[93m10[0m - [91merror[0m[90m TS2339: [0mProperty 'include' does not exist on type 'BasedQuery2<{ version?: string | undefined; defaultTimezone?: string | undefined; migrations?: SchemaMigrations | undefined; hash: number; types: { readonly user: { props: { readonly flap: { readonly type: "uint32"; }; readonly name: { ...; }; readonly articles: Omit<...> & { ...; }; }; }; readonly article: { ...; }...'.

[7m96[0m         .include((s) => s('contributors').sort('flap'))
[7m  [0m [91m         ~~~~~~~[0m

[96mtest/sort/sortNodeId.ts[0m:[93m27[0m:[93m8[0m - [91merror[0m[90m TS2339: [0mProperty 'include' does not exist on type 'BasedQuery2<{ version?: string | undefined; defaultTimezone?: string | undefined; migrations?: SchemaMigrations | undefined; hash: number; types: { readonly person: { props: { readonly name: { readonly type: "string"; }; readonly age: { ...; }; }; }; }; locales: Partial<...>; }, ... 5 more ..., undefined>'.

[7m27[0m       .include('name')
[7m  [0m [91m       ~~~~~~~[0m

[96mtest/sort/sortNumber.ts[0m:[93m52[0m:[93m39[0m - [91merror[0m[90m TS2339: [0mProperty 'sort' does not exist on type 'BasedQuery2<{ version?: string | undefined; defaultTimezone?: string | undefined; migrations?: SchemaMigrations | undefined; hash: number; types: { readonly example: { props: { readonly enum: { type: "enum"; enum: string[]; }; ... 8 more ...; readonly i32: { ...; }; }; }; }; locales: Partial<...>; }, ... 5 more ...,...'.

[7m52[0m   isSorted(await db.query2('example').sort('u32').include('u32').get(), 'u32')
[7m  [0m [91m                                      ~~~~[0m

[96mtest/sort/sortNumber.ts[0m:[93m54[0m:[93m32[0m - [91merror[0m[90m TS2339: [0mProperty 'sort' does not exist on type 'BasedQuery2<{ version?: string | undefined; defaultTimezone?: string | undefined; migrations?: SchemaMigrations | undefined; hash: number; types: { readonly example: { props: { readonly enum: { type: "enum"; enum: string[]; }; ... 8 more ...; readonly i32: { ...; }; }; }; }; locales: Partial<...>; }, ... 5 more ...,...'.

[7m54[0m     await db.query2('example').sort('boolean').include('boolean').get(),
[7m  [0m [91m                               ~~~~[0m

[96mtest/sort/sortNumber.ts[0m:[93m57[0m:[93m39[0m - [91merror[0m[90m TS2339: [0mProperty 'sort' does not exist on type 'BasedQuery2<{ version?: string | undefined; defaultTimezone?: string | undefined; migrations?: SchemaMigrations | undefined; hash: number; types: { readonly example: { props: { readonly enum: { type: "enum"; enum: string[]; }; ... 8 more ...; readonly i32: { ...; }; }; }; }; locales: Partial<...>; }, ... 5 more ...,...'.

[7m57[0m   isSorted(await db.query2('example').sort('u8').include('u8').get(), 'u8')
[7m  [0m [91m                                      ~~~~[0m

[96mtest/sort/sortNumber.ts[0m:[93m58[0m:[93m39[0m - [91merror[0m[90m TS2339: [0mProperty 'sort' does not exist on type 'BasedQuery2<{ version?: string | undefined; defaultTimezone?: string | undefined; migrations?: SchemaMigrations | undefined; hash: number; types: { readonly example: { props: { readonly enum: { type: "enum"; enum: string[]; }; ... 8 more ...; readonly i32: { ...; }; }; }; }; locales: Partial<...>; }, ... 5 more ...,...'.

[7m58[0m   isSorted(await db.query2('example').sort('i8').include('i8').get(), 'i8')
[7m  [0m [91m                                      ~~~~[0m

[96mtest/sort/sortNumber.ts[0m:[93m59[0m:[93m39[0m - [91merror[0m[90m TS2339: [0mProperty 'sort' does not exist on type 'BasedQuery2<{ version?: string | undefined; defaultTimezone?: string | undefined; migrations?: SchemaMigrations | undefined; hash: number; types: { readonly example: { props: { readonly enum: { type: "enum"; enum: string[]; }; ... 8 more ...; readonly i32: { ...; }; }; }; }; locales: Partial<...>; }, ... 5 more ...,...'.

[7m59[0m   isSorted(await db.query2('example').sort('i16').include('i16').get(), 'i16')
[7m  [0m [91m                                      ~~~~[0m

[96mtest/sort/sortNumber.ts[0m:[93m60[0m:[93m39[0m - [91merror[0m[90m TS2339: [0mProperty 'sort' does not exist on type 'BasedQuery2<{ version?: string | undefined; defaultTimezone?: string | undefined; migrations?: SchemaMigrations | undefined; hash: number; types: { readonly example: { props: { readonly enum: { type: "enum"; enum: string[]; }; ... 8 more ...; readonly i32: { ...; }; }; }; }; locales: Partial<...>; }, ... 5 more ...,...'.

[7m60[0m   isSorted(await db.query2('example').sort('i32').include('i32').get(), 'i32')
[7m  [0m [91m                                      ~~~~[0m

[96mtest/sort/sortNumber.ts[0m:[93m62[0m:[93m32[0m - [91merror[0m[90m TS2339: [0mProperty 'sort' does not exist on type 'BasedQuery2<{ version?: string | undefined; defaultTimezone?: string | undefined; migrations?: SchemaMigrations | undefined; hash: number; types: { readonly example: { props: { readonly enum: { type: "enum"; enum: string[]; }; ... 8 more ...; readonly i32: { ...; }; }; }; }; locales: Partial<...>; }, ... 5 more ...,...'.

[7m62[0m     await db.query2('example').sort('number').include('number').get(),
[7m  [0m [91m                               ~~~~[0m

[96mtest/sort/sortNumber.ts[0m:[93m66[0m:[93m32[0m - [91merror[0m[90m TS2339: [0mProperty 'sort' does not exist on type 'BasedQuery2<{ version?: string | undefined; defaultTimezone?: string | undefined; migrations?: SchemaMigrations | undefined; hash: number; types: { readonly example: { props: { readonly enum: { type: "enum"; enum: string[]; }; ... 8 more ...; readonly i32: { ...; }; }; }; }; locales: Partial<...>; }, ... 5 more ...,...'.

[7m66[0m     await db.query2('example').sort('timestamp').include('timestamp').get(),
[7m  [0m [91m                               ~~~~[0m

[96mtest/sort/sortNumber.ts[0m:[93m73[0m:[93m8[0m - [91merror[0m[90m TS2339: [0mProperty 'sort' does not exist on type 'BasedQuery2<{ version?: string | undefined; defaultTimezone?: string | undefined; migrations?: SchemaMigrations | undefined; hash: number; types: { readonly example: { props: { readonly enum: { type: "enum"; enum: string[]; }; ... 8 more ...; readonly i32: { ...; }; }; }; }; locales: Partial<...>; }, ... 5 more ...,...'.

[7m73[0m       .sort('enum')
[7m  [0m [91m       ~~~~[0m

[96mtest/sort/sortNumber.ts[0m:[93m80[0m:[93m39[0m - [91merror[0m[90m TS2339: [0mProperty 'sort' does not exist on type 'BasedQuery2<{ version?: string | undefined; defaultTimezone?: string | undefined; migrations?: SchemaMigrations | undefined; hash: number; types: { readonly example: { props: { readonly enum: { type: "enum"; enum: string[]; }; ... 8 more ...; readonly i32: { ...; }; }; }; }; locales: Partial<...>; }, ... 5 more ...,...'.

[7m80[0m   isSorted(await db.query2('example').sort('u32').include('u32').get(), 'u32')
[7m  [0m [91m                                      ~~~~[0m

[96mtest/sort/sortNumber.ts[0m:[93m84[0m:[93m6[0m - [91merror[0m[90m TS2339: [0mProperty 'include' does not exist on type 'BasedQuery2<{ version?: string | undefined; defaultTimezone?: string | undefined; migrations?: SchemaMigrations | undefined; hash: number; types: { readonly example: { props: { readonly enum: { type: "enum"; enum: string[]; }; ... 8 more ...; readonly i32: { ...; }; }; }; }; locales: Partial<...>; }, ... 5 more ...,...'.

[7m84[0m     .include('enum')
[7m  [0m [91m     ~~~~~~~[0m

[96mtest/sort/sortString.ts[0m:[93m70[0m:[93m11[0m - [91merror[0m[90m TS2365: [0mOperator '<' cannot be applied to types 'void' and 'number'.

[7m70[0m     equal(dbTime < 1000, true, 'db modify should not take longer then 1s')
[7m  [0m [91m          ~~~~~~~~~~~~~[0m

[96mtest/sort/sortString.ts[0m:[93m80[0m:[93m10[0m - [91merror[0m[90m TS2551: [0mProperty 'query2' does not exist on type 'BasedDb'. Did you mean 'query'?

[7m80[0m         .query2('article')
[7m  [0m [91m         ~~~~~~[0m

  [96msrc/index.ts[0m:[93m101[0m:[93m3[0m
    [7m101[0m   query: DbClient['query'] = function (this: BasedDb) {
    [7m   [0m [96m  ~~~~~[0m
    'query' is declared here.

[96mtest/sort/sortString.ts[0m:[93m91[0m:[93m10[0m - [91merror[0m[90m TS2551: [0mProperty 'query2' does not exist on type 'BasedDb'. Did you mean 'query'?

[7m91[0m         .query2('article')
[7m  [0m [91m         ~~~~~~[0m

  [96msrc/index.ts[0m:[93m101[0m:[93m3[0m
    [7m101[0m   query: DbClient['query'] = function (this: BasedDb) {
    [7m   [0m [96m  ~~~~~[0m
    'query' is declared here.

[96mtest/sort/sortString.ts[0m:[93m149[0m:[93m32[0m - [91merror[0m[90m TS2339: [0mProperty 'include' does not exist on type 'BasedQuery2<{ version?: string | undefined; defaultTimezone?: string | undefined; migrations?: SchemaMigrations | undefined; hash: number; types: { readonly article: { props: { readonly name: { readonly type: "string"; readonly maxBytes: 20; }; readonly nr: { ...; }; }; }; }; locales: Partial<...>; }, ... 5 more ......'.

[7m149[0m     await db.query2('article').include('name', 'nr').sort('name', 'desc').get(),
[7m   [0m [91m                               ~~~~~~~[0m

[96mtest/sort/sortTimestamp.ts[0m:[93m43[0m:[93m6[0m - [91merror[0m[90m TS2339: [0mProperty 'sort' does not exist on type 'BasedQuery2<{ version?: string | undefined; defaultTimezone?: string | undefined; migrations?: SchemaMigrations | undefined; hash: number; types: { readonly event: { props: { readonly flap: { type: "number"; }; readonly startTime: { ...; }; readonly name: { ...; }; }; }; }; locales: Partial<...>; }, ... 5 more ..., ...'.

[7m43[0m     .sort('startTime', 'asc')
[7m  [0m [91m     ~~~~[0m

[96mtest/sort/sortTimestamp.ts[0m:[93m56[0m:[93m6[0m - [91merror[0m[90m TS2339: [0mProperty 'sort' does not exist on type 'BasedQuery2<{ version?: string | undefined; defaultTimezone?: string | undefined; migrations?: SchemaMigrations | undefined; hash: number; types: { readonly event: { props: { readonly flap: { type: "number"; }; readonly startTime: { ...; }; readonly name: { ...; }; }; }; }; locales: Partial<...>; }, ... 5 more ..., ...'.

[7m56[0m     .sort('startTime', 'asc')
[7m  [0m [91m     ~~~~[0m

[96mtest/sort/sortTimestamp.ts[0m:[93m72[0m:[93m6[0m - [91merror[0m[90m TS2339: [0mProperty 'sort' does not exist on type 'BasedQuery2<{ version?: string | undefined; defaultTimezone?: string | undefined; migrations?: SchemaMigrations | undefined; hash: number; types: { readonly event: { props: { readonly flap: { type: "number"; }; readonly startTime: { ...; }; readonly name: { ...; }; }; }; }; locales: Partial<...>; }, ... 5 more ..., ...'.

[7m72[0m     .sort('startTime', 'asc')
[7m  [0m [91m     ~~~~[0m

[96mtest/sort/sortTimestamp.ts[0m:[93m85[0m:[93m6[0m - [91merror[0m[90m TS2339: [0mProperty 'sort' does not exist on type 'BasedQuery2<{ version?: string | undefined; defaultTimezone?: string | undefined; migrations?: SchemaMigrations | undefined; hash: number; types: { readonly event: { props: { readonly flap: { type: "number"; }; readonly startTime: { ...; }; readonly name: { ...; }; }; }; }; locales: Partial<...>; }, ... 5 more ..., ...'.

[7m85[0m     .sort('startTime', 'desc')
[7m  [0m [91m     ~~~~[0m

[96mtest/sort/sortTimestamp.ts[0m:[93m101[0m:[93m6[0m - [91merror[0m[90m TS2339: [0mProperty 'sort' does not exist on type 'BasedQuery2<{ version?: string | undefined; defaultTimezone?: string | undefined; migrations?: SchemaMigrations | undefined; hash: number; types: { readonly event: { props: { readonly flap: { type: "number"; }; readonly startTime: { ...; }; readonly name: { ...; }; }; }; }; locales: Partial<...>; }, ... 5 more ..., ...'.

[7m101[0m     .sort('startTime', 'asc')
[7m   [0m [91m     ~~~~[0m

[96mtest/sort/sortTimestamp.ts[0m:[93m114[0m:[93m6[0m - [91merror[0m[90m TS2339: [0mProperty 'sort' does not exist on type 'BasedQuery2<{ version?: string | undefined; defaultTimezone?: string | undefined; migrations?: SchemaMigrations | undefined; hash: number; types: { readonly event: { props: { readonly flap: { type: "number"; }; readonly startTime: { ...; }; readonly name: { ...; }; }; }; }; locales: Partial<...>; }, ... 5 more ..., ...'.

[7m114[0m     .sort('startTime', 'desc')
[7m   [0m [91m     ~~~~[0m

[96mtest/sort/sortTimestamp.ts[0m:[93m152[0m:[93m30[0m - [91merror[0m[90m TS2339: [0mProperty 'sort' does not exist on type 'BasedQuery2<{ version?: string | undefined; defaultTimezone?: string | undefined; migrations?: SchemaMigrations | undefined; hash: number; types: { readonly event: { props: { readonly derp: { type: "boolean"; }; readonly flap: { ...; }; readonly startTime: { ...; }; readonly name: { ...; }; }; }; }; locales: Partial...'.

[7m152[0m     await db.query2('event').sort('startTime', 'asc').get(),
[7m   [0m [91m                             ~~~~[0m

[96mtest/sort/sortTimestamp.ts[0m:[93m162[0m:[93m36[0m - [91merror[0m[90m TS2339: [0mProperty 'sort' does not exist on type 'BasedQuery2<{ version?: string | undefined; defaultTimezone?: string | undefined; migrations?: SchemaMigrations | undefined; hash: number; types: { readonly event: { props: { readonly derp: { type: "boolean"; }; readonly flap: { ...; }; readonly startTime: { ...; }; readonly name: { ...; }; }; }; }; locales: Partial...'.

[7m162[0m           await db.query2('event').sort('startTime', 'asc').get(),
[7m   [0m [91m                                   ~~~~[0m

[96mtest/string.ts[0m:[93m42[0m:[93m37[0m - [91merror[0m[90m TS2339: [0mProperty 'include' does not exist on type 'BasedQuery2<{ version?: string | undefined; defaultTimezone?: string | undefined; migrations?: SchemaMigrations | undefined; hash: number; types: { readonly user: { props: { readonly name: { readonly type: "string"; }; ... 5 more ...; readonly location: Omit<...> & { ...; }; }; }; }; locales: Partial<...>; }, ... 5 ...'.

[7m42[0m   deepEqual(await db.query2('user').include('name', 'snurp').get(), [
[7m  [0m [91m                                    ~~~~~~~[0m

[96mtest/string.ts[0m:[93m50[0m:[93m37[0m - [91merror[0m[90m TS2339: [0mProperty 'include' does not exist on type 'BasedQuery2<{ version?: string | undefined; defaultTimezone?: string | undefined; migrations?: SchemaMigrations | undefined; hash: number; types: { readonly user: { props: { readonly name: { readonly type: "string"; }; ... 5 more ...; readonly location: Omit<...> & { ...; }; }; }; }; locales: Partial<...>; }, ... 5 ...'.

[7m50[0m   deepEqual(await db.query2('user').include('name', 'snurp', 'age').get(), [
[7m  [0m [91m                                    ~~~~~~~[0m

[96mtest/string.ts[0m:[93m62[0m:[93m8[0m - [91merror[0m[90m TS2339: [0mProperty 'include' does not exist on type 'BasedQuery2<{ version?: string | undefined; defaultTimezone?: string | undefined; migrations?: SchemaMigrations | undefined; hash: number; types: { readonly user: { props: { readonly name: { readonly type: "string"; }; ... 5 more ...; readonly location: Omit<...> & { ...; }; }; }; }; locales: Partial<...>; }, ... 5 ...'.

[7m62[0m       .include(
[7m  [0m [91m       ~~~~~~~[0m

[96mtest/string.ts[0m:[93m87[0m:[93m37[0m - [91merror[0m[90m TS2339: [0mProperty 'include' does not exist on type 'BasedQuery2<{ version?: string | undefined; defaultTimezone?: string | undefined; migrations?: SchemaMigrations | undefined; hash: number; types: { readonly user: { props: { readonly name: { readonly type: "string"; }; ... 5 more ...; readonly location: Omit<...> & { ...; }; }; }; }; locales: Partial<...>; }, ... 5 ...'.

[7m87[0m   deepEqual(await db.query2('user').include('location.label').get(), [
[7m  [0m [91m                                    ~~~~~~~[0m

[96mtest/string.ts[0m:[93m96[0m:[93m37[0m - [91merror[0m[90m TS2339: [0mProperty 'include' does not exist on type 'BasedQuery2<{ version?: string | undefined; defaultTimezone?: string | undefined; migrations?: SchemaMigrations | undefined; hash: number; types: { readonly user: { props: { readonly name: { readonly type: "string"; }; ... 5 more ...; readonly location: Omit<...> & { ...; }; }; }; }; locales: Partial<...>; }, ... 5 ...'.

[7m96[0m   deepEqual(await db.query2('user').include('location').get(), [
[7m  [0m [91m                                    ~~~~~~~[0m

[96mtest/string.ts[0m:[93m107[0m:[93m37[0m - [91merror[0m[90m TS2339: [0mProperty 'include' does not exist on type 'BasedQuery2<{ version?: string | undefined; defaultTimezone?: string | undefined; migrations?: SchemaMigrations | undefined; hash: number; types: { readonly user: { props: { readonly name: { readonly type: "string"; }; ... 5 more ...; readonly location: Omit<...> & { ...; }; }; }; }; locales: Partial<...>; }, ... 5 ...'.

[7m107[0m   deepEqual(await db.query2('user').include('location', 'burp').get(), [
[7m   [0m [91m                                    ~~~~~~~[0m

[96mtest/string.ts[0m:[93m122[0m:[93m8[0m - [91merror[0m[90m TS2339: [0mProperty 'include' does not exist on type 'BasedQuery2<{ version?: string | undefined; defaultTimezone?: string | undefined; migrations?: SchemaMigrations | undefined; hash: number; types: { readonly user: { props: { readonly name: { readonly type: "string"; }; ... 5 more ...; readonly location: Omit<...> & { ...; }; }; }; }; locales: Partial<...>; }, ... 5 ...'.

[7m122[0m       .include(
[7m   [0m [91m       ~~~~~~~[0m

[96mtest/string.ts[0m:[93m258[0m:[93m8[0m - [91merror[0m[90m TS2339: [0mProperty 'include' does not exist on type 'BasedQuery2<{ version?: string | undefined; defaultTimezone?: string | undefined; migrations?: SchemaMigrations | undefined; hash: number; types: { readonly user: { props: { readonly myBlup: { readonly ref: "blup"; readonly prop: "user"; } & { ...; }; ... 7 more ...; readonly location: Omit<...> & { ...; }; }; }; re...'.

[7m258[0m       .include('user.name', 'user.myBlup.name')
[7m   [0m [91m       ~~~~~~~[0m

[96mtest/string.ts[0m:[93m283[0m:[93m31[0m - [91merror[0m[90m TS2339: [0mProperty 'include' does not exist on type 'BasedQuery2<{ version?: string | undefined; defaultTimezone?: string | undefined; migrations?: SchemaMigrations | undefined; hash: number; types: { readonly user: { props: { readonly myBlup: { readonly ref: "blup"; readonly prop: "user"; } & { ...; }; ... 7 more ...; readonly location: Omit<...> & { ...; }; }; }; re...'.

[7m283[0m     await db.query2('simple').include('user.name', 'user.myBlup.name').get(),
[7m   [0m [91m                              ~~~~~~~[0m

[96mtest/string.ts[0m:[93m322[0m:[93m30[0m - [91merror[0m[90m TS2769: [0mNo overload matches this call.
  Overload 1 of 2, '(type: "file", id?: number[] | undefined): BasedQuery2<{ version?: string | undefined; defaultTimezone?: string | undefined; migrations?: SchemaMigrations | undefined; hash: number; types: { ...; }; locales: Partial<...>; }, ... 5 more ..., undefined>', gave the following error.
    Argument of type 'BasedCreatePromise' is not assignable to parameter of type 'number[]'.
      Type 'BasedModify<(schema: SchemaOut, type: string, payload: Record<string, any>, buf: AutoSizedUint8Array, lang: LangCodeEnum) => void>' is missing the following properties from type 'number[]': length, pop, push, concat, and 35 more.
  Overload 2 of 2, '(type: "file", id: number | (Partial<InferSchemaOutput<{ version?: string | undefined; defaultTimezone?: string | undefined; migrations?: SchemaMigrations | undefined; hash: number; types: { ...; }; locales: Partial<...>; }, "file">> & { ...; })): BasedQuery2<...>', gave the following error.
    Argument of type 'BasedCreatePromise' is not assignable to parameter of type 'number | (Partial<InferSchemaOutput<{ version?: string | undefined; defaultTimezone?: string | undefined; migrations?: SchemaMigrations | undefined; hash: number; types: { readonly file: { props: { ...; }; }; }; locales: Partial<...>; }, "file">> & { ...; })'.
      Type 'BasedModify<(schema: SchemaOut, type: string, payload: Record<string, any>, buf: AutoSizedUint8Array, lang: LangCodeEnum) => void>' is not assignable to type 'Partial<InferSchemaOutput<{ version?: string | undefined; defaultTimezone?: string | undefined; migrations?: SchemaMigrations | undefined; hash: number; types: { readonly file: { props: { readonly contents: { ...; }; }; }; }; locales: Partial<...>; }, "file">> & { ...; }'.
        Type 'BasedModify<(schema: SchemaOut, type: string, payload: Record<string, any>, buf: AutoSizedUint8Array, lang: LangCodeEnum) => void>' is not assignable to type '{ [Symbol.toStringTag]?: undefined; }'.
          Types of property '[Symbol.toStringTag]' are incompatible.
            Type '"BasedModify"' is not assignable to type 'undefined'.

[7m322[0m     (await db.query2('file', file).get()).node().contents,
[7m   [0m [91m                             ~~~~[0m

  [96mtest/string.ts[0m:[93m322[0m:[93m30[0m
    [7m322[0m     (await db.query2('file', file).get()).node().contents,
    [7m   [0m [96m                             ~~~~[0m
    Did you forget to use 'await'?

[96mtest/string.ts[0m:[93m322[0m:[93m43[0m - [91merror[0m[90m TS2339: [0mProperty 'node' does not exist on type '{ id: number; contents: string; }[]'.

[7m322[0m     (await db.query2('file', file).get()).node().contents,
[7m   [0m [91m                                          ~~~~[0m

[96mtest/string.ts[0m:[93m333[0m:[93m41[0m - [91merror[0m[90m TS2339: [0mProperty 'size' does not exist on type '{ id: number; contents: string; }[]'.

[7m333[0m   equal((await db.query2('file').get()).size > 1000 * 1e3, true)
[7m   [0m [91m                                        ~~~~[0m

[96mtest/string.ts[0m:[93m357[0m:[93m7[0m - [91merror[0m[90m TS2322: [0mType 'Buffer<ArrayBuffer>' is not assignable to type 'string'.

[7m357[0m       contents: x,
[7m   [0m [91m      ~~~~~~~~[0m

[96mtest/string.ts[0m:[93m398[0m:[93m30[0m - [91merror[0m[90m TS2769: [0mNo overload matches this call.
  Overload 1 of 2, '(type: "file", id?: number[] | undefined): BasedQuery2<{ version?: string | undefined; defaultTimezone?: string | undefined; migrations?: SchemaMigrations | undefined; hash: number; types: { ...; }; locales: Partial<...>; }, ... 5 more ..., undefined>', gave the following error.
    Argument of type 'BasedCreatePromise' is not assignable to parameter of type 'number[]'.
      Type 'BasedModify<(schema: SchemaOut, type: string, payload: Record<string, any>, buf: AutoSizedUint8Array, lang: LangCodeEnum) => void>' is missing the following properties from type 'number[]': length, pop, push, concat, and 35 more.
  Overload 2 of 2, '(type: "file", id: number | (Partial<InferSchemaOutput<{ version?: string | undefined; defaultTimezone?: string | undefined; migrations?: SchemaMigrations | undefined; hash: number; types: { ...; }; locales: Partial<...>; }, "file">> & { ...; })): BasedQuery2<...>', gave the following error.
    Argument of type 'BasedCreatePromise' is not assignable to parameter of type 'number | (Partial<InferSchemaOutput<{ version?: string | undefined; defaultTimezone?: string | undefined; migrations?: SchemaMigrations | undefined; hash: number; types: { readonly file: { props: { ...; }; }; }; locales: Partial<...>; }, "file">> & { ...; })'.
      Type 'BasedModify<(schema: SchemaOut, type: string, payload: Record<string, any>, buf: AutoSizedUint8Array, lang: LangCodeEnum) => void>' is not assignable to type 'Partial<InferSchemaOutput<{ version?: string | undefined; defaultTimezone?: string | undefined; migrations?: SchemaMigrations | undefined; hash: number; types: { readonly file: { props: { readonly name: { readonly type: "string"; readonly max: 20; }; readonly contents: { ...; }; }; }; }; locales: Partial<...>; }, "f...'.
        Type 'BasedModify<(schema: SchemaOut, type: string, payload: Record<string, any>, buf: AutoSizedUint8Array, lang: LangCodeEnum) => void>' is not assignable to type '{ [Symbol.toStringTag]?: undefined; }'.
          Types of property '[Symbol.toStringTag]' are incompatible.
            Type '"BasedModify"' is not assignable to type 'undefined'.

[7m398[0m     (await db.query2('file', file).get()).node().contents,
[7m   [0m [91m                             ~~~~[0m

  [96mtest/string.ts[0m:[93m398[0m:[93m30[0m
    [7m398[0m     (await db.query2('file', file).get()).node().contents,
    [7m   [0m [96m                             ~~~~[0m
    Did you forget to use 'await'?

[96mtest/string.ts[0m:[93m398[0m:[93m43[0m - [91merror[0m[90m TS2339: [0mProperty 'node' does not exist on type '{ id: number; name: string; contents: string; }[]'.

[7m398[0m     (await db.query2('file', file).get()).node().contents,
[7m   [0m [91m                                          ~~~~[0m

[96mtest/string.ts[0m:[93m451[0m:[93m6[0m - [91merror[0m[90m TS2339: [0mProperty 'include' does not exist on type 'BasedQuery2<{ version?: string | undefined; defaultTimezone?: string | undefined; migrations?: SchemaMigrations | undefined; hash: number; types: { readonly file: { props: { readonly contentsUncompressed: { ...; }; readonly contentsCompressed: { ...; }; }; }; }; locales: Partial<...>; }, ... 5 more ..., undefined>'.

[7m451[0m     .include('contentsUncompressed')
[7m   [0m [91m     ~~~~~~~[0m

[96mtest/string.ts[0m:[93m457[0m:[93m6[0m - [91merror[0m[90m TS2339: [0mProperty 'include' does not exist on type 'BasedQuery2<{ version?: string | undefined; defaultTimezone?: string | undefined; migrations?: SchemaMigrations | undefined; hash: number; types: { readonly file: { props: { readonly contentsUncompressed: { ...; }; readonly contentsCompressed: { ...; }; }; }; }; locales: Partial<...>; }, ... 5 more ..., undefined>'.

[7m457[0m     .include('contentsCompressed')
[7m   [0m [91m     ~~~~~~~[0m

[96mtest/subscription/subscription.perf.ts[0m:[93m36[0m:[93m16[0m - [91merror[0m[90m TS2551: [0mProperty 'query2' does not exist on type 'BasedDb'. Did you mean 'query'?

[7m36[0m   const q = db.query2('user', 1)
[7m  [0m [91m               ~~~~~~[0m

  [96msrc/index.ts[0m:[93m101[0m:[93m3[0m
    [7m101[0m   query: DbClient['query'] = function (this: BasedDb) {
    [7m   [0m [96m  ~~~~~[0m
    'query' is declared here.

[96mtest/subscription/subscription.perf.ts[0m:[93m49[0m:[93m9[0m - [91merror[0m[90m TS2345: [0mArgument of type 'BasedDb' is not assignable to parameter of type 'DbServer'.
  Type 'BasedDb' is missing the following properties from type 'DbServer': dbCtxExternal, migrating, saveInProgress, activeReaders, and 17 more.

[7m49[0m         db,
[7m  [0m [91m        ~~[0m

[96mtest/subscription/subscription.perf.ts[0m:[93m90[0m:[93m16[0m - [91merror[0m[90m TS2551: [0mProperty 'query2' does not exist on type 'BasedDb'. Did you mean 'query'?

[7m90[0m   const q = db.query2('user', 1).include('flap')
[7m  [0m [91m               ~~~~~~[0m

  [96msrc/index.ts[0m:[93m101[0m:[93m3[0m
    [7m101[0m   query: DbClient['query'] = function (this: BasedDb) {
    [7m   [0m [96m  ~~~~~[0m
    'query' is declared here.

[96mtest/subscription/subscription.perf.ts[0m:[93m104[0m:[93m12[0m - [91merror[0m[90m TS2339: [0mProperty 'addIdSubscription' does not exist on type '{ externalFromInt(address: BigInt): any; intFromExternal(external: any): BigInt; query: (q: Uint8Array<ArrayBufferLike>, dbCtx: any) => ArrayBuffer | null; ... 14 more ...; selvaLangAll: () => string; }'.

[7m104[0m     native.addIdSubscription(db.server.dbCtxExternal, q.subscriptionBuffer!)
[7m   [0m [91m           ~~~~~~~~~~~~~~~~~[0m

[96mtest/subscription/subscription.ts[0m:[93m16[0m:[93m40[0m - [91merror[0m[90m TS2554: [0mExpected 1 arguments, but got 2.

[7m16[0m         hooks: getDefaultHooks(server, subTime),
[7m  [0m [91m                                       ~~~~~~~[0m

[96mtest/subscription/subscription.ts[0m:[93m46[0m:[93m6[0m - [91merror[0m[90m TS2339: [0mProperty 'include' does not exist on type 'BasedQuery2<{ version?: string | undefined; defaultTimezone?: string | undefined; migrations?: SchemaMigrations | undefined; hash: number; types: { [x: string]: { partial?: boolean | undefined; ... 4 more ...; props: any; }; }; locales: Partial<...>; }, ... 5 more ..., undefined>'.

[7m46[0m     .include('derp')
[7m  [0m [91m     ~~~~~~~[0m

[96mtest/subscription/subscription.ts[0m:[93m81[0m:[93m6[0m - [91merror[0m[90m TS2339: [0mProperty 'include' does not exist on type 'BasedQuery2<{ version?: string | undefined; defaultTimezone?: string | undefined; migrations?: SchemaMigrations | undefined; hash: number; types: { [x: string]: { partial?: boolean | undefined; ... 4 more ...; props: any; }; }; locales: Partial<...>; }, ... 5 more ..., undefined>'.

[7m81[0m     .include('lang')
[7m  [0m [91m     ~~~~~~~[0m

[96mtest/subscription/subscription.ts[0m:[93m114[0m:[93m6[0m - [91merror[0m[90m TS2339: [0mProperty 'include' does not exist on type 'BasedQuery2<{ version?: string | undefined; defaultTimezone?: string | undefined; migrations?: SchemaMigrations | undefined; hash: number; types: { [x: string]: { partial?: boolean | undefined; ... 4 more ...; props: any; }; }; locales: Partial<...>; }, ... 5 more ..., undefined>'.

[7m114[0m     .include('location')
[7m   [0m [91m     ~~~~~~~[0m

[96mtest/subscription/subscription.ts[0m:[93m149[0m:[93m6[0m - [91merror[0m[90m TS2339: [0mProperty 'include' does not exist on type 'BasedQuery2<{ version?: string | undefined; defaultTimezone?: string | undefined; migrations?: SchemaMigrations | undefined; hash: number; types: { [x: string]: { partial?: boolean | undefined; ... 4 more ...; props: any; }; }; locales: Partial<...>; }, ... 5 more ..., undefined>'.

[7m149[0m     .include('derp')
[7m   [0m [91m     ~~~~~~~[0m

[96mtest/subscription/subscription.ts[0m:[93m194[0m:[93m6[0m - [91merror[0m[90m TS2339: [0mProperty 'include' does not exist on type 'BasedQuery2<{ version?: string | undefined; defaultTimezone?: string | undefined; migrations?: SchemaMigrations | undefined; hash: number; types: { [x: string]: { partial?: boolean | undefined; ... 4 more ...; props: any; }; }; locales: Partial<...>; }, ... 5 more ..., undefined>'.

[7m194[0m     .include('items')
[7m   [0m [91m     ~~~~~~~[0m

[96mtest/subscription/subscriptionId.ts[0m:[93m15[0m:[93m40[0m - [91merror[0m[90m TS2554: [0mExpected 1 arguments, but got 2.

[7m15[0m         hooks: getDefaultHooks(server, time),
[7m  [0m [91m                                       ~~~~[0m

[96mtest/subscription/subscriptionId.ts[0m:[93m45[0m:[93m47[0m - [91merror[0m[90m TS2339: [0mProperty 'subscribe' does not exist on type 'BasedQuery2<{ version?: string | undefined; defaultTimezone?: string | undefined; migrations?: SchemaMigrations | undefined; hash: number; types: { [x: string]: { partial?: boolean | undefined; ... 4 more ...; props: any; }; }; locales: Partial<...>; }, ... 5 more ..., undefined>'.

[7m45[0m   const close = clients[0].query2('user', id).subscribe((d) => {
[7m  [0m [91m                                              ~~~~~~~~~[0m

[96mtest/subscription/subscriptionId.ts[0m:[93m51[0m:[93m6[0m - [91merror[0m[90m TS2339: [0mProperty 'include' does not exist on type 'BasedQuery2<{ version?: string | undefined; defaultTimezone?: string | undefined; migrations?: SchemaMigrations | undefined; hash: number; types: { [x: string]: { partial?: boolean | undefined; ... 4 more ...; props: any; }; }; locales: Partial<...>; }, ... 5 more ..., undefined>'.

[7m51[0m     .include('name')
[7m  [0m [91m     ~~~~~~~[0m

[96mtest/subscription/subscriptionId.ts[0m:[93m107[0m:[93m47[0m - [91merror[0m[90m TS2339: [0mProperty 'subscribe' does not exist on type 'BasedQuery2<{ version?: string | undefined; defaultTimezone?: string | undefined; migrations?: SchemaMigrations | undefined; hash: number; types: { [x: string]: { partial?: boolean | undefined; ... 4 more ...; props: any; }; }; locales: Partial<...>; }, ... 5 more ..., undefined>'.

[7m107[0m   const close = clients[0].query2('user', id).subscribe((d) => {
[7m   [0m [91m                                              ~~~~~~~~~[0m

[96mtest/subscription/subscriptionId.ts[0m:[93m112[0m:[93m6[0m - [91merror[0m[90m TS2339: [0mProperty 'include' does not exist on type 'BasedQuery2<{ version?: string | undefined; defaultTimezone?: string | undefined; migrations?: SchemaMigrations | undefined; hash: number; types: { [x: string]: { partial?: boolean | undefined; ... 4 more ...; props: any; }; }; locales: Partial<...>; }, ... 5 more ..., undefined>'.

[7m112[0m     .include('name')
[7m   [0m [91m     ~~~~~~~[0m

[96mtest/subscription/subscriptionId.ts[0m:[93m127[0m:[93m16[0m - [91merror[0m[90m TS2339: [0mProperty 'subscriptions' does not exist on type 'DbServer'.

[7m127[0m   equal(server.subscriptions.active, 0, 'remove all subs')
[7m   [0m [91m               ~~~~~~~~~~~~~[0m

[96mtest/subscription/subscriptionIdPartial.ts[0m:[93m15[0m:[93m40[0m - [91merror[0m[90m TS2554: [0mExpected 1 arguments, but got 2.

[7m15[0m         hooks: getDefaultHooks(server, 1),
[7m  [0m [91m                                       ~[0m

[96mtest/subscription/subscriptionIdPartial.ts[0m:[93m49[0m:[93m6[0m - [91merror[0m[90m TS2339: [0mProperty 'filter' does not exist on type 'BasedQuery2<{ version?: string | undefined; defaultTimezone?: string | undefined; migrations?: SchemaMigrations | undefined; hash: number; types: { [x: string]: { partial?: boolean | undefined; ... 4 more ...; props: any; }; }; locales: Partial<...>; }, ... 5 more ..., undefined>'.

[7m49[0m     .filter('x', '>', 5)
[7m  [0m [91m     ~~~~~~[0m

[96mtest/subscription/subscriptionIdPartial.ts[0m:[93m97[0m:[93m47[0m - [91merror[0m[90m TS2339: [0mProperty 'subscribe' does not exist on type 'BasedQuery2<{ version?: string | undefined; defaultTimezone?: string | undefined; migrations?: SchemaMigrations | undefined; hash: number; types: { [x: string]: { partial?: boolean | undefined; ... 4 more ...; props: any; }; }; locales: Partial<...>; }, ... 5 more ..., undefined>'.

[7m97[0m   const close = clients[0].query2('user', id).subscribe((d) => {
[7m  [0m [91m                                              ~~~~~~~~~[0m

[96mtest/subscription/subscriptionIdPartial.ts[0m:[93m103[0m:[93m6[0m - [91merror[0m[90m TS2339: [0mProperty 'include' does not exist on type 'BasedQuery2<{ version?: string | undefined; defaultTimezone?: string | undefined; migrations?: SchemaMigrations | undefined; hash: number; types: { [x: string]: { partial?: boolean | undefined; ... 4 more ...; props: any; }; }; locales: Partial<...>; }, ... 5 more ..., undefined>'.

[7m103[0m     .include('x', 'gurk', 'rurp', 'flap')
[7m   [0m [91m     ~~~~~~~[0m

[96mtest/subscription/subscriptionIdRemove.ts[0m:[93m15[0m:[93m40[0m - [91merror[0m[90m TS2554: [0mExpected 1 arguments, but got 2.

[7m15[0m         hooks: getDefaultHooks(server, 1),
[7m  [0m [91m                                       ~[0m

[96mtest/subscription/subscriptionIdRemove.ts[0m:[93m71[0m:[93m58[0m - [91merror[0m[90m TS2339: [0mProperty 'subscribe' does not exist on type 'BasedQuery2<{ version?: string | undefined; defaultTimezone?: string | undefined; migrations?: SchemaMigrations | undefined; hash: number; types: { [x: string]: { partial?: boolean | undefined; ... 4 more ...; props: any; }; }; locales: Partial<...>; }, ... 5 more ..., undefined>'.

[7m71[0m       const subscription = clients[0].query2('user', id).subscribe(() => {
[7m  [0m [91m                                                         ~~~~~~~~~[0m

[96mtest/subscription/subscriptionIdRemove.ts[0m:[93m242[0m:[93m16[0m - [91merror[0m[90m TS2339: [0mProperty 'subscriptions' does not exist on type 'DbServer'.

[7m242[0m   equal(server.subscriptions.active, 0)
[7m   [0m [91m               ~~~~~~~~~~~~~[0m

[96mtest/subscription/subscriptionMulti.perf.ts[0m:[93m15[0m:[93m40[0m - [91merror[0m[90m TS2554: [0mExpected 1 arguments, but got 2.

[7m15[0m         hooks: getDefaultHooks(server, subTime),
[7m  [0m [91m                                       ~~~~~~~[0m

[96mtest/subscription/subscriptionMulti.perf.ts[0m:[93m47[0m:[93m6[0m - [91merror[0m[90m TS2339: [0mProperty 'filter' does not exist on type 'BasedQuery2<{ version?: string | undefined; defaultTimezone?: string | undefined; migrations?: SchemaMigrations | undefined; hash: number; types: { [x: string]: { partial?: boolean | undefined; ... 4 more ...; props: any; }; }; locales: Partial<...>; }, ... 5 more ..., undefined>'.

[7m47[0m     .filter('derp', '>', 1e6 - 10)
[7m  [0m [91m     ~~~~~~[0m

[96mtest/subscription/subscriptionNow.ts[0m:[93m15[0m:[93m40[0m - [91merror[0m[90m TS2554: [0mExpected 1 arguments, but got 2.

[7m15[0m         hooks: getDefaultHooks(server, 100),
[7m  [0m [91m                                       ~~~[0m

[96mtest/subscription/subscriptionNow.ts[0m:[93m70[0m:[93m6[0m - [91merror[0m[90m TS2339: [0mProperty 'filter' does not exist on type 'BasedQuery2<{ version?: string | undefined; defaultTimezone?: string | undefined; migrations?: SchemaMigrations | undefined; hash: number; types: { [x: string]: { partial?: boolean | undefined; ... 4 more ...; props: any; }; }; locales: Partial<...>; }, ... 5 more ..., undefined>'.

[7m70[0m     .filter('date', '<', 'now - 2s')
[7m  [0m [91m     ~~~~~~[0m

[96mtest/subscription/subscriptionNow.ts[0m:[93m78[0m:[93m6[0m - [91merror[0m[90m TS2339: [0mProperty 'filter' does not exist on type 'BasedQuery2<{ version?: string | undefined; defaultTimezone?: string | undefined; migrations?: SchemaMigrations | undefined; hash: number; types: { [x: string]: { partial?: boolean | undefined; ... 4 more ...; props: any; }; }; locales: Partial<...>; }, ... 5 more ..., undefined>'.

[7m78[0m     .filter('date', '<', 'now - 2s')
[7m  [0m [91m     ~~~~~~[0m

[96mtest/subscription/subscriptionNow.ts[0m:[93m93[0m:[93m16[0m - [91merror[0m[90m TS2339: [0mProperty 'subscriptions' does not exist on type 'DbServer'.

[7m93[0m   equal(server.subscriptions.active, 0, 'Removed all active subs')
[7m  [0m [91m               ~~~~~~~~~~~~~[0m

[96mtest/subscription/subscriptionNow.ts[0m:[93m94[0m:[93m16[0m - [91merror[0m[90m TS2339: [0mProperty 'subscriptions' does not exist on type 'DbServer'.

[7m94[0m   equal(server.subscriptions.now.listeners.size, 0, 'Remove all now listeners')
[7m  [0m [91m               ~~~~~~~~~~~~~[0m

[96mtest/subscription/subscriptionNow.ts[0m:[93m117[0m:[93m6[0m - [91merror[0m[90m TS2339: [0mProperty 'locale' does not exist on type 'BasedQuery2<{ version?: string | undefined; defaultTimezone?: string | undefined; migrations?: SchemaMigrations | undefined; hash: number; types: { [x: string]: { partial?: boolean | undefined; ... 4 more ...; props: any; }; }; locales: Partial<...>; }, ... 5 more ..., undefined>'.

[7m117[0m     .locale('en')
[7m   [0m [91m     ~~~~~~[0m

[96mtest/subscription/subscriptionNow.ts[0m:[93m143[0m:[93m16[0m - [91merror[0m[90m TS2339: [0mProperty 'subscriptions' does not exist on type 'DbServer'.

[7m143[0m   equal(server.subscriptions.active, 0, 'Removed all active subs')
[7m   [0m [91m               ~~~~~~~~~~~~~[0m

[96mtest/subscription/subscriptionNow.ts[0m:[93m144[0m:[93m16[0m - [91merror[0m[90m TS2339: [0mProperty 'subscriptions' does not exist on type 'DbServer'.

[7m144[0m   equal(server.subscriptions.now.listeners.size, 0, 'Remove all now listeners')
[7m   [0m [91m               ~~~~~~~~~~~~~[0m

[96mtest/subscription/subscriptionSchemaChanges.ts[0m:[93m16[0m:[93m40[0m - [91merror[0m[90m TS2554: [0mExpected 1 arguments, but got 2.

[7m16[0m         hooks: getDefaultHooks(server, 10),
[7m  [0m [91m                                       ~~[0m

[96mtest/subscription/subscriptionSchemaChanges.ts[0m:[93m52[0m:[93m6[0m - [91merror[0m[90m TS2339: [0mProperty 'include' does not exist on type 'BasedQuery2<{ version?: string | undefined; defaultTimezone?: string | undefined; migrations?: SchemaMigrations | undefined; hash: number; types: { [x: string]: { partial?: boolean | undefined; ... 4 more ...; props: any; }; }; locales: Partial<...>; }, ... 5 more ..., undefined>'.

[7m52[0m     .include('derp', 'lang')
[7m  [0m [91m     ~~~~~~~[0m

[96mtest/subscription/subscriptionSchemaChanges.ts[0m:[93m136[0m:[93m6[0m - [91merror[0m[90m TS2551: [0mProperty 'query2' does not exist on type 'BasedDb'. Did you mean 'query'?

[7m136[0m   db.query2('user').subscribe((res) => {
[7m   [0m [91m     ~~~~~~[0m

  [96msrc/index.ts[0m:[93m101[0m:[93m3[0m
    [7m101[0m   query: DbClient['query'] = function (this: BasedDb) {
    [7m   [0m [96m  ~~~~~[0m
    'query' is declared here.

[96mtest/subscription/subscriptionWorkers.perf.ts[0m:[93m64[0m:[93m7[0m - [91merror[0m[90m TS2345: [0mArgument of type 'BasedDb' is not assignable to parameter of type 'DbServer'.
  Type 'BasedDb' is missing the following properties from type 'DbServer': dbCtxExternal, migrating, saveInProgress, activeReaders, and 17 more.

[7m64[0m       db,
[7m  [0m [91m      ~~[0m

[96mtest/subscription/subscriptionWorkers.perf.ts[0m:[93m71[0m:[93m14[0m - [91merror[0m[90m TS2339: [0mProperty 'filter' does not exist on type 'BasedQuery2<SchemaOut, "vote", "*", false, undefined, {}, undefined>'.

[7m71[0m             .filter('fromCountry', '=', ['AE', 'NL'])
[7m  [0m [91m             ~~~~~~[0m

[96mtest/subscription/subscriptionWorkers.perf.ts[0m:[93m76[0m:[93m16[0m - [91merror[0m[90m TS2339: [0mProperty 'flushTime' does not exist on type 'DbClient'.

[7m76[0m         client.flushTime = 0
[7m  [0m [91m               ~~~~~~~~~[0m

[96mtest/text/text.ts[0m:[93m32[0m:[93m31[0m - [91merror[0m[90m TS2339: [0mProperty 'include' does not exist on type 'BasedQuery2<{ version?: string | undefined; defaultTimezone?: string | undefined; migrations?: SchemaMigrations | undefined; hash: number; types: { readonly dialog: { props: { readonly fun: { readonly type: "text"; }; }; }; }; locales: Partial<...>; }, ... 5 more ..., undefined>'.

[7m32[0m     await db.query2('dialog').include('id', 'fun').get(),
[7m  [0m [91m                              ~~~~~~~[0m

[96mtest/text/text.ts[0m:[93m47[0m:[93m31[0m - [91merror[0m[90m TS2339: [0mProperty 'include' does not exist on type 'BasedQuery2<{ version?: string | undefined; defaultTimezone?: string | undefined; migrations?: SchemaMigrations | undefined; hash: number; types: { readonly dialog: { props: { readonly fun: { readonly type: "text"; }; }; }; }; locales: Partial<...>; }, ... 5 more ..., undefined>'.

[7m47[0m     await db.query2('dialog').include('id').get(),
[7m  [0m [91m                              ~~~~~~~[0m

[96mtest/text/text.ts[0m:[93m57[0m:[93m31[0m - [91merror[0m[90m TS2339: [0mProperty 'locale' does not exist on type 'BasedQuery2<{ version?: string | undefined; defaultTimezone?: string | undefined; migrations?: SchemaMigrations | undefined; hash: number; types: { readonly dialog: { props: { readonly fun: { readonly type: "text"; }; }; }; }; locales: Partial<...>; }, ... 5 more ..., undefined>'.

[7m57[0m     await db.query2('dialog').locale('it').include('id', 'fun').get(),
[7m  [0m [91m                              ~~~~~~[0m

[96mtest/text/text.ts[0m:[93m70[0m:[93m8[0m - [91merror[0m[90m TS2339: [0mProperty 'locale' does not exist on type 'BasedQuery2<{ version?: string | undefined; defaultTimezone?: string | undefined; migrations?: SchemaMigrations | undefined; hash: number; types: { readonly dialog: { props: { readonly fun: { readonly type: "text"; }; }; }; }; locales: Partial<...>; }, ... 5 more ..., undefined>'.

[7m70[0m       .locale('it')
[7m  [0m [91m       ~~~~~~[0m

[96mtest/text/text.ts[0m:[93m81[0m:[93m8[0m - [91merror[0m[90m TS2339: [0mProperty 'include' does not exist on type 'BasedQuery2<{ version?: string | undefined; defaultTimezone?: string | undefined; migrations?: SchemaMigrations | undefined; hash: number; types: { readonly dialog: { props: { readonly fun: { readonly type: "text"; }; }; }; }; locales: Partial<...>; }, ... 5 more ..., undefined>'.

[7m81[0m       .include('id', 'fun')
[7m  [0m [91m       ~~~~~~~[0m

[96mtest/text/text.ts[0m:[93m100[0m:[93m8[0m - [91merror[0m[90m TS2339: [0mProperty 'locale' does not exist on type 'BasedQuery2<{ version?: string | undefined; defaultTimezone?: string | undefined; migrations?: SchemaMigrations | undefined; hash: number; types: { readonly dialog: { props: { readonly fun: { readonly type: "text"; }; }; }; }; locales: Partial<...>; }, ... 5 more ..., undefined>'.

[7m100[0m       .locale('it')
[7m   [0m [91m       ~~~~~~[0m

[96mtest/text/text.ts[0m:[93m116[0m:[93m8[0m - [91merror[0m[90m TS2339: [0mProperty 'include' does not exist on type 'BasedQuery2<{ version?: string | undefined; defaultTimezone?: string | undefined; migrations?: SchemaMigrations | undefined; hash: number; types: { readonly dialog: { props: { readonly fun: { readonly type: "text"; }; }; }; }; locales: Partial<...>; }, ... 5 more ..., undefined>'.

[7m116[0m       .include('id', 'fun')
[7m   [0m [91m       ~~~~~~~[0m

[96mtest/text/text.ts[0m:[93m126[0m:[93m8[0m - [91merror[0m[90m TS2339: [0mProperty 'include' does not exist on type 'BasedQuery2<{ version?: string | undefined; defaultTimezone?: string | undefined; migrations?: SchemaMigrations | undefined; hash: number; types: { readonly dialog: { props: { readonly fun: { readonly type: "text"; }; }; }; }; locales: Partial<...>; }, ... 5 more ..., undefined>'.

[7m126[0m       .include('id', 'fun')
[7m   [0m [91m       ~~~~~~~[0m

[96mtest/text/text.ts[0m:[93m145[0m:[93m8[0m - [91merror[0m[90m TS2339: [0mProperty 'locale' does not exist on type 'BasedQuery2<{ version?: string | undefined; defaultTimezone?: string | undefined; migrations?: SchemaMigrations | undefined; hash: number; types: { readonly dialog: { props: { readonly fun: { readonly type: "text"; }; }; }; }; locales: Partial<...>; }, ... 5 more ..., undefined>'.

[7m145[0m       .locale('en')
[7m   [0m [91m       ~~~~~~[0m

[96mtest/text/text.ts[0m:[93m167[0m:[93m31[0m - [91merror[0m[90m TS2339: [0mProperty 'include' does not exist on type 'BasedQuery2<{ version?: string | undefined; defaultTimezone?: string | undefined; migrations?: SchemaMigrations | undefined; hash: number; types: { readonly dialog: { props: { readonly fun: { readonly type: "text"; }; }; }; }; locales: Partial<...>; }, ... 5 more ..., undefined>'.

[7m167[0m     await db.query2('dialog').include('id', 'fun').locale('fi').get(),
[7m   [0m [91m                              ~~~~~~~[0m

[96mtest/text/text.ts[0m:[93m191[0m:[93m31[0m - [91merror[0m[90m TS2339: [0mProperty 'include' does not exist on type 'BasedQuery2<{ version?: string | undefined; defaultTimezone?: string | undefined; migrations?: SchemaMigrations | undefined; hash: number; types: { readonly dialog: { props: { readonly fun: { readonly type: "text"; }; }; }; }; locales: Partial<...>; }, ... 5 more ..., undefined>'.

[7m191[0m     await db.query2('dialog').include('id', 'fun').locale('fi').get(),
[7m   [0m [91m                              ~~~~~~~[0m

[96mtest/text/text.ts[0m:[93m236[0m:[93m8[0m - [91merror[0m[90m TS2339: [0mProperty 'locale' does not exist on type 'BasedQuery2<{ version?: string | undefined; defaultTimezone?: string | undefined; migrations?: SchemaMigrations | undefined; hash: number; types: { readonly dialog: { props: { readonly fun: { readonly type: "text"; }; }; }; }; locales: Partial<...>; }, ... 5 more ..., undefined>'.

[7m236[0m       .locale('fi')
[7m   [0m [91m       ~~~~~~[0m

[96mtest/text/text.ts[0m:[93m252[0m:[93m8[0m - [91merror[0m[90m TS2339: [0mProperty 'locale' does not exist on type 'BasedQuery2<{ version?: string | undefined; defaultTimezone?: string | undefined; migrations?: SchemaMigrations | undefined; hash: number; types: { readonly dialog: { props: { readonly fun: { readonly type: "text"; }; }; }; }; locales: Partial<...>; }, ... 5 more ..., undefined>'.

[7m252[0m       .locale('fi')
[7m   [0m [91m       ~~~~~~[0m

[96mtest/text/text.ts[0m:[93m272[0m:[93m8[0m - [91merror[0m[90m TS2339: [0mProperty 'include' does not exist on type 'BasedQuery2<{ version?: string | undefined; defaultTimezone?: string | undefined; migrations?: SchemaMigrations | undefined; hash: number; types: { readonly dialog: { props: { readonly fun: { readonly type: "text"; }; }; }; }; locales: Partial<...>; }, ... 5 more ..., undefined>'.

[7m272[0m       .include('fun.en')
[7m   [0m [91m       ~~~~~~~[0m

[96mtest/text/text.ts[0m:[93m315[0m:[93m8[0m - [91merror[0m[90m TS2339: [0mProperty 'include' does not exist on type 'BasedQuery2<{ version?: string | undefined; defaultTimezone?: string | undefined; migrations?: SchemaMigrations | undefined; hash: number; types: { readonly dialog: { props: { readonly fun: { readonly type: "text"; }; }; }; }; locales: Partial<...>; }, ... 5 more ..., undefined>'.

[7m315[0m       .include('id', 'fun')
[7m   [0m [91m       ~~~~~~~[0m

[96mtest/text/text.ts[0m:[93m334[0m:[93m8[0m - [91merror[0m[90m TS2339: [0mProperty 'include' does not exist on type 'BasedQuery2<{ version?: string | undefined; defaultTimezone?: string | undefined; migrations?: SchemaMigrations | undefined; hash: number; types: { readonly dialog: { props: { readonly fun: { readonly type: "text"; }; }; }; }; locales: Partial<...>; }, ... 5 more ..., undefined>'.

[7m334[0m       .include('id', 'fun')
[7m   [0m [91m       ~~~~~~~[0m

[96mtest/text/text.ts[0m:[93m351[0m:[93m31[0m - [91merror[0m[90m TS2339: [0mProperty 'include' does not exist on type 'BasedQuery2<{ version?: string | undefined; defaultTimezone?: string | undefined; migrations?: SchemaMigrations | undefined; hash: number; types: { readonly dialog: { props: { readonly fun: { readonly type: "text"; }; }; }; }; locales: Partial<...>; }, ... 5 more ..., undefined>'.

[7m351[0m     await db.query2('dialog').include('id', 'fun').search('snurp', 'fun').get(),
[7m   [0m [91m                              ~~~~~~~[0m

[96mtest/text/text.ts[0m:[93m366[0m:[93m31[0m - [91merror[0m[90m TS2339: [0mProperty 'include' does not exist on type 'BasedQuery2<{ version?: string | undefined; defaultTimezone?: string | undefined; migrations?: SchemaMigrations | undefined; hash: number; types: { readonly dialog: { props: { readonly fun: { readonly type: "text"; }; }; }; }; locales: Partial<...>; }, ... 5 more ..., undefined>'.

[7m366[0m     await db.query2('dialog').include('id', 'fun').search('derp', 'fun').get(),
[7m   [0m [91m                              ~~~~~~~[0m

[96mtest/text/text.ts[0m:[93m383[0m:[93m8[0m - [91merror[0m[90m TS2339: [0mProperty 'locale' does not exist on type 'BasedQuery2<{ version?: string | undefined; defaultTimezone?: string | undefined; migrations?: SchemaMigrations | undefined; hash: number; types: { readonly dialog: { props: { readonly fun: { readonly type: "text"; }; }; }; }; locales: Partial<...>; }, ... 5 more ..., undefined>'.

[7m383[0m       .locale('fi')
[7m   [0m [91m       ~~~~~~[0m

[96mtest/text/text.ts[0m:[93m394[0m:[93m8[0m - [91merror[0m[90m TS2339: [0mProperty 'locale' does not exist on type 'BasedQuery2<{ version?: string | undefined; defaultTimezone?: string | undefined; migrations?: SchemaMigrations | undefined; hash: number; types: { readonly dialog: { props: { readonly fun: { readonly type: "text"; }; }; }; }; locales: Partial<...>; }, ... 5 more ..., undefined>'.

[7m394[0m       .locale('en')
[7m   [0m [91m       ~~~~~~[0m

[96mtest/text/text.ts[0m:[93m411[0m:[93m8[0m - [91merror[0m[90m TS2339: [0mProperty 'include' does not exist on type 'BasedQuery2<{ version?: string | undefined; defaultTimezone?: string | undefined; migrations?: SchemaMigrations | undefined; hash: number; types: { readonly dialog: { props: { readonly fun: { readonly type: "text"; }; }; }; }; locales: Partial<...>; }, ... 5 more ..., undefined>'.

[7m411[0m       .include('id', 'fun')
[7m   [0m [91m       ~~~~~~~[0m

[96mtest/text/text.ts[0m:[93m431[0m:[93m13[0m - [91merror[0m[90m TS2322: [0mType '{ en: { required: true; }; fr: { required: true; }; }' is not assignable to type '((Partial<Record<"id" | "none" | "aa" | "ab" | "af" | "ak" | "sq" | "am" | "ar" | "an" | "hy" | "as" | "av" | "ae" | "ay" | "az" | "eu" | "be" | "bn" | "bi" | "bs" | "br" | "bg" | "my" | "ca" | ... 121 more ... | "cnr", true | Partial<...>>> | ("id" | ... 145 more ... | "cnr")[]) & (Partial<...> | ... 1 more ... | (...'.
  Types of property 'en' are incompatible.
    Object literal may only specify known properties, and 'required' does not exist in type '{ fallback: ("id" | "none" | "aa" | "ab" | "af" | "ak" | "sq" | "am" | "ar" | "an" | "hy" | "as" | "av" | "ae" | "ay" | "az" | "eu" | "be" | "bn" | "bi" | "bs" | "br" | "bg" | "my" | "ca" | ... 121 more ... | "cnr")[]; } | Partial<...> | ({ ...; } & Partial<...>) | (Partial<...> & { ...; })'.

[7m431[0m       en: { required: true },
[7m   [0m [91m            ~~~~~~~~[0m

  [96msrc/schema/schema/schema.ts[0m:[93m31[0m:[93m3[0m
    [7m31[0m   locales?: SchemaLocales<strict>
    [7m  [0m [96m  ~~~~~~~[0m
    The expected type comes from property 'locales' which is declared here on type 'StrictSchema<SchemaIn>'

[96mtest/text/text.ts[0m:[93m453[0m:[93m40[0m - [91merror[0m[90m TS2339: [0mProperty 'include' does not exist on type 'BasedQuery2<{ version?: string | undefined; defaultTimezone?: string | undefined; migrations?: SchemaMigrations | undefined; hash: number; types: { [x: string]: { props: any; }; }; locales: Partial<...>; }, ... 5 more ..., undefined>'.

[7m453[0m   deepEqual(await db.query2('country').include('*').get(), [
[7m   [0m [91m                                       ~~~~~~~[0m

[96mtest/text/text.ts[0m:[93m464[0m:[93m43[0m - [91merror[0m[90m TS2339: [0mProperty 'include' does not exist on type 'BasedQuery2<{ version?: string | undefined; defaultTimezone?: string | undefined; migrations?: SchemaMigrations | undefined; hash: number; types: { [x: string]: { props: any; }; }; locales: Partial<...>; }, ... 5 more ..., undefined>'.

[7m464[0m   deepEqual(await db.query2('contestant').include('*', 'country').get(), [
[7m   [0m [91m                                          ~~~~~~~[0m

[96mtest/text/text.ts[0m:[93m497[0m:[93m29[0m - [91merror[0m[90m TS2339: [0mProperty 'locale' does not exist on type 'BasedQuery2<{ version?: string | undefined; defaultTimezone?: string | undefined; migrations?: SchemaMigrations | undefined; hash: number; types: { readonly dialog: { props: { readonly snurf: { type: "string"; }; readonly fun: { ...; }; }; }; }; locales: Partial<...>; }, ... 5 more ..., undefined>'.

[7m497[0m   await db.query2('dialog').locale('fi').sort('fun', 'desc').get()
[7m   [0m [91m                            ~~~~~~[0m

[96mtest/text/text.ts[0m:[93m524[0m:[93m8[0m - [91merror[0m[90m TS2339: [0mProperty 'include' does not exist on type 'BasedQuery2<{ version?: string | undefined; defaultTimezone?: string | undefined; migrations?: SchemaMigrations | undefined; hash: number; types: { readonly dialog: { props: { readonly snurf: { type: "string"; }; readonly fun: { ...; }; }; }; }; locales: Partial<...>; }, ... 5 more ..., undefined>'.

[7m524[0m       .include('fun')
[7m   [0m [91m       ~~~~~~~[0m

[96mtest/text/text.ts[0m:[93m554[0m:[93m31[0m - [91merror[0m[90m TS2339: [0mProperty 'include' does not exist on type 'BasedQuery2<{ version?: string | undefined; defaultTimezone?: string | undefined; migrations?: SchemaMigrations | undefined; hash: number; types: { readonly dialog: { props: { readonly snurf: { type: "string"; }; readonly fun: { ...; }; }; }; }; locales: Partial<...>; }, ... 5 more ..., undefined>'.

[7m554[0m     await db.query2('dialog').include('fun').sort('fun.fi', 'desc').get(),
[7m   [0m [91m                              ~~~~~~~[0m

[96mtest/text/text.ts[0m:[93m567[0m:[93m8[0m - [91merror[0m[90m TS2339: [0mProperty 'locale' does not exist on type 'BasedQuery2<{ version?: string | undefined; defaultTimezone?: string | undefined; migrations?: SchemaMigrations | undefined; hash: number; types: { readonly dialog: { props: { readonly snurf: { type: "string"; }; readonly fun: { ...; }; }; }; }; locales: Partial<...>; }, ... 5 more ..., undefined>'.

[7m567[0m       .locale('en')
[7m   [0m [91m       ~~~~~~[0m

[96mtest/text/text.ts[0m:[93m587[0m:[93m8[0m - [91merror[0m[90m TS2339: [0mProperty 'locale' does not exist on type 'BasedQuery2<{ version?: string | undefined; defaultTimezone?: string | undefined; migrations?: SchemaMigrations | undefined; hash: number; types: { readonly dialog: { props: { readonly snurf: { type: "string"; }; readonly fun: { ...; }; }; }; }; locales: Partial<...>; }, ... 5 more ..., undefined>'.

[7m587[0m       .locale('fi')
[7m   [0m [91m       ~~~~~~[0m

[96mtest/text/text.ts[0m:[93m620[0m:[93m8[0m - [91merror[0m[90m TS2339: [0mProperty 'locale' does not exist on type 'BasedQuery2<{ version?: string | undefined; defaultTimezone?: string | undefined; migrations?: SchemaMigrations | undefined; hash: number; types: { readonly dialog: { props: { readonly snurf: { type: "string"; }; readonly fun: { ...; }; }; }; }; locales: Partial<...>; }, ... 5 more ..., undefined>'.

[7m620[0m       .locale('fi')
[7m   [0m [91m       ~~~~~~[0m

[96mtest/text/text.ts[0m:[93m644[0m:[93m39[0m - [91merror[0m[90m TS2339: [0mProperty 'locale' does not exist on type 'BasedQuery2<{ version?: string | undefined; defaultTimezone?: string | undefined; migrations?: SchemaMigrations | undefined; hash: number; types: { readonly dialog: { props: { readonly snurf: { type: "string"; }; readonly fun: { ...; }; }; }; }; locales: Partial<...>; }, ... 5 more ..., undefined>'.

[7m644[0m   deepEqual(await db.query2('dialog').locale('fi').sort('snurf', 'desc').get(), [
[7m   [0m [91m                                      ~~~~~~[0m

[96mtest/text/text.ts[0m:[93m663[0m:[93m39[0m - [91merror[0m[90m TS2339: [0mProperty 'locale' does not exist on type 'BasedQuery2<{ version?: string | undefined; defaultTimezone?: string | undefined; migrations?: SchemaMigrations | undefined; hash: number; types: { readonly dialog: { props: { readonly snurf: { type: "string"; }; readonly fun: { ...; }; }; }; }; locales: Partial<...>; }, ... 5 more ..., undefined>'.

[7m663[0m   deepEqual(await db.query2('dialog').locale('fi').sort('snurf', 'desc').get(), [
[7m   [0m [91m                                      ~~~~~~[0m

[96mtest/text/text.ts[0m:[93m670[0m:[93m39[0m - [91merror[0m[90m TS2339: [0mProperty 'locale' does not exist on type 'BasedQuery2<{ version?: string | undefined; defaultTimezone?: string | undefined; migrations?: SchemaMigrations | undefined; hash: number; types: { readonly dialog: { props: { readonly snurf: { type: "string"; }; readonly fun: { ...; }; }; }; }; locales: Partial<...>; }, ... 5 more ..., undefined>'.

[7m670[0m   deepEqual(await db.query2('dialog').locale('fi').sort('fun').get(), [
[7m   [0m [91m                                      ~~~~~~[0m

[96mtest/text/text.ts[0m:[93m683[0m:[93m39[0m - [91merror[0m[90m TS2339: [0mProperty 'locale' does not exist on type 'BasedQuery2<{ version?: string | undefined; defaultTimezone?: string | undefined; migrations?: SchemaMigrations | undefined; hash: number; types: { readonly dialog: { props: { readonly snurf: { type: "string"; }; readonly fun: { ...; }; }; }; }; locales: Partial<...>; }, ... 5 more ..., undefined>'.

[7m683[0m   deepEqual(await db.query2('dialog').locale('fi').sort('fun').get(), [
[7m   [0m [91m                                      ~~~~~~[0m

[96mtest/text/text.ts[0m:[93m700[0m:[93m39[0m - [91merror[0m[90m TS2339: [0mProperty 'locale' does not exist on type 'BasedQuery2<{ version?: string | undefined; defaultTimezone?: string | undefined; migrations?: SchemaMigrations | undefined; hash: number; types: { readonly dialog: { props: { readonly snurf: { type: "string"; }; readonly fun: { ...; }; }; }; }; locales: Partial<...>; }, ... 5 more ..., undefined>'.

[7m700[0m   deepEqual(await db.query2('dialog').locale('fi').sort('fun').get(), [
[7m   [0m [91m                                      ~~~~~~[0m

[96mtest/text/text.ts[0m:[93m718[0m:[93m31[0m - [91merror[0m[90m TS2339: [0mProperty 'locale' does not exist on type 'BasedQuery2<{ version?: string | undefined; defaultTimezone?: string | undefined; migrations?: SchemaMigrations | undefined; hash: number; types: { readonly dialog: { props: { readonly snurf: { type: "string"; }; readonly fun: { ...; }; }; }; }; locales: Partial<...>; }, ... 5 more ..., undefined>'.

[7m718[0m     await db.query2('dialog').locale('fi').sort('fun').get(),
[7m   [0m [91m                              ~~~~~~[0m

[96mtest/text/text.ts[0m:[93m736[0m:[93m31[0m - [91merror[0m[90m TS2339: [0mProperty 'locale' does not exist on type 'BasedQuery2<{ version?: string | undefined; defaultTimezone?: string | undefined; migrations?: SchemaMigrations | undefined; hash: number; types: { readonly dialog: { props: { readonly snurf: { type: "string"; }; readonly fun: { ...; }; }; }; }; locales: Partial<...>; }, ... 5 more ..., undefined>'.

[7m736[0m     await db.query2('dialog').locale('fi').sort('fun').get(),
[7m   [0m [91m                              ~~~~~~[0m

[96mtest/text/text.ts[0m:[93m755[0m:[93m7[0m - [91merror[0m[90m TS2322: [0mType 'null' is not assignable to type 'string | undefined'.

[7m755[0m       fi: null,
[7m   [0m [91m      ~~[0m

[96mtest/text/text.ts[0m:[93m761[0m:[93m31[0m - [91merror[0m[90m TS2339: [0mProperty 'locale' does not exist on type 'BasedQuery2<{ version?: string | undefined; defaultTimezone?: string | undefined; migrations?: SchemaMigrations | undefined; hash: number; types: { readonly dialog: { props: { readonly snurf: { type: "string"; }; readonly fun: { ...; }; }; }; }; locales: Partial<...>; }, ... 5 more ..., undefined>'.

[7m761[0m     await db.query2('dialog').locale('fi').sort('fun').get(),
[7m   [0m [91m                              ~~~~~~[0m

[96mtest/text/text.ts[0m:[93m932[0m:[93m20[0m - [91merror[0m[90m TS2531: [0mObject is possibly 'null'.

[7m932[0m   const checksum = (await db.query2('user', user1).get()).checksum
[7m   [0m [91m                   ~~~~~~~~~~~~~~~~~~~~~~~~~~~~~~~~~~~~~~[0m

[96mtest/text/text.ts[0m:[93m932[0m:[93m59[0m - [91merror[0m[90m TS2339: [0mProperty 'checksum' does not exist on type '{ id: number; article: { en: string; it: string; }; }'.

[7m932[0m   const checksum = (await db.query2('user', user1).get()).checksum
[7m   [0m [91m                                                          ~~~~~~~~[0m

[96mtest/text/text.ts[0m:[93m941[0m:[93m21[0m - [91merror[0m[90m TS2531: [0mObject is possibly 'null'.

[7m941[0m   const checksum2 = (await db.query2('user', user1).get()).checksum
[7m   [0m [91m                    ~~~~~~~~~~~~~~~~~~~~~~~~~~~~~~~~~~~~~~[0m

[96mtest/text/text.ts[0m:[93m941[0m:[93m60[0m - [91merror[0m[90m TS2339: [0mProperty 'checksum' does not exist on type '{ id: number; article: { en: string; it: string; }; }'.

[7m941[0m   const checksum2 = (await db.query2('user', user1).get()).checksum
[7m   [0m [91m                                                           ~~~~~~~~[0m

[96mtest/text/textFallback.ts[0m:[93m72[0m:[93m8[0m - [91merror[0m[90m TS2339: [0mProperty 'locale' does not exist on type 'BasedQuery2<{ version?: string | undefined; defaultTimezone?: string | undefined; migrations?: SchemaMigrations | undefined; hash: number; types: { readonly project: { props: { readonly createdAt: { ...; }; readonly title: { ...; }; readonly description: { ...; }; readonly abstract: { ...; }; }; }; }; locales: Parti...'.

[7m72[0m       .locale('nl')
[7m  [0m [91m       ~~~~~~[0m

[96mtest/text/textFilter.ts[0m:[93m89[0m:[93m32[0m - [91merror[0m[90m TS2339: [0mProperty 'search' does not exist on type 'BasedQuery2<{ version?: string | undefined; defaultTimezone?: string | undefined; migrations?: SchemaMigrations | undefined; hash: number; types: { readonly project: { props: { readonly createdAt: { ...; }; readonly title: { ...; }; readonly description: { ...; }; readonly abstract: { ...; }; }; }; }; locales: Parti...'.

[7m89[0m     await db.query2('project').search(term, 'title', 'abstract').get()
[7m  [0m [91m                               ~~~~~~[0m

[96mtest/text/textFilter.ts[0m:[93m103[0m:[93m36[0m - [91merror[0m[90m TS2339: [0mProperty 'search' does not exist on type 'BasedQuery2<{ version?: string | undefined; defaultTimezone?: string | undefined; migrations?: SchemaMigrations | undefined; hash: number; types: { readonly project: { props: { readonly createdAt: { ...; }; readonly title: { ...; }; readonly description: { ...; }; readonly abstract: { ...; }; }; }; }; locales: Parti...'.

[7m103[0m         await db.query2('project').search(term, 'title', 'abstract').get()
[7m   [0m [91m                                   ~~~~~~[0m

[96mtest/text/textFilter.ts[0m:[93m190[0m:[93m30[0m - [91merror[0m[90m TS2339: [0mProperty 'filter' does not exist on type 'BasedQuery2<{ version?: string | undefined; defaultTimezone?: string | undefined; migrations?: SchemaMigrations | undefined; hash: number; types: { readonly function: { props: { readonly name: { type: "alias"; }; ... 10 more ...; readonly "measurements.history": { ...; }; }; }; readonly measurement: { ...; }; readon...'.

[7m190[0m     await db.query2('event').filter('msg', 'includes', 'derp').get(),
[7m   [0m [91m                             ~~~~~~[0m

[96mtest/type-gen/examples/helloWorld/index.ts[0m:[93m1[0m:[93m31[0m - [91merror[0m[90m TS2307: [0mCannot find module '@based/functions' or its corresponding type declarations.

[7m1[0m import { BasedFunction } from '@based/functions'
[7m [0m [91m                              ~~~~~~~~~~~~~~~~~~[0m

[96mtest/type-gen/examples/query/index.ts[0m:[93m1[0m:[93m36[0m - [91merror[0m[90m TS2307: [0mCannot find module '@based/functions' or its corresponding type declarations.

[7m1[0m import { BasedQueryFunction } from '@based/functions'
[7m [0m [91m                                   ~~~~~~~~~~~~~~~~~~[0m

[96mtest/update.ts[0m:[93m204[0m:[93m40[0m - [91merror[0m[90m TS2339: [0mProperty 'range' does not exist on type 'BasedQuery2<{ version?: string | undefined; defaultTimezone?: string | undefined; migrations?: SchemaMigrations | undefined; hash: number; types: { readonly mep: { props: { readonly a: { readonly type: "uint32"; }; readonly countryCode: { ...; }; readonly b: { ...; }; readonly c: { ...; }; }; }; readonly snurp: { .....'.

[7m204[0m   equal((await db.query2('snurp', ids).range(0, 100).get()).length, 100)
[7m   [0m [91m                                       ~~~~~[0m

[96mtest/update.ts[0m:[93m206[0m:[93m40[0m - [91merror[0m[90m TS2339: [0mProperty 'range' does not exist on type 'BasedQuery2<{ version?: string | undefined; defaultTimezone?: string | undefined; migrations?: SchemaMigrations | undefined; hash: number; types: { readonly mep: { props: { readonly a: { readonly type: "uint32"; }; readonly countryCode: { ...; }; readonly b: { ...; }; readonly c: { ...; }; }; }; readonly snurp: { .....'.

[7m206[0m   equal((await db.query2('snurp', ids).range(10, 110).get()).length, 100)
[7m   [0m [91m                                       ~~~~~[0m

[96mtest/update.ts[0m:[93m211[0m:[93m8[0m - [91merror[0m[90m TS2339: [0mProperty 'range' does not exist on type 'BasedQuery2<{ version?: string | undefined; defaultTimezone?: string | undefined; migrations?: SchemaMigrations | undefined; hash: number; types: { readonly mep: { props: { readonly a: { readonly type: "uint32"; }; readonly countryCode: { ...; }; readonly b: { ...; }; readonly c: { ...; }; }; }; readonly snurp: { .....'.

[7m211[0m       .range(1e5, 1e5 + 2)
[7m   [0m [91m       ~~~~~[0m

[96mtest/update.ts[0m:[93m241[0m:[93m43[0m - [91merror[0m[90m TS2339: [0mProperty 'include' does not exist on type 'BasedQuery2<{ version?: string | undefined; defaultTimezone?: string | undefined; migrations?: SchemaMigrations | undefined; hash: number; types: { readonly mep: { props: { readonly a: { readonly type: "uint32"; }; readonly countryCode: { ...; }; readonly b: { ...; }; readonly c: { ...; }; }; }; readonly snurp: { .....'.

[7m241[0m       promises.push(db.query2('snurp', i).include('a').get())
[7m   [0m [91m                                          ~~~~~~~[0m

[96mtest/upsert.ts[0m:[93m86[0m:[93m45[0m - [91merror[0m[90m TS2339: [0mProperty 'include' does not exist on type 'BasedQuery2<{ version?: string | undefined; defaultTimezone?: string | undefined; migrations?: SchemaMigrations | undefined; hash: number; types: { [x: string]: { partial?: boolean | undefined; ... 4 more ...; props: any; }; }; locales: Partial<...>; }, ... 5 more ..., undefined>'.

[7m86[0m   deepEqual(await client1.query2('article').include('*', '**').get(), [
[7m  [0m [91m                                            ~~~~~~~[0m

[96mtest/validation/validation.ts[0m:[93m162[0m:[93m8[0m - [91merror[0m[90m TS2339: [0mProperty 'include' does not exist on type 'BasedQuery2<{ version?: string | undefined; defaultTimezone?: string | undefined; migrations?: SchemaMigrations | undefined; hash: number; types: { readonly user: { props: { readonly json: { type: "json"; }; ... 17 more ...; readonly connections: Omit<...> & { ...; }; }; }; }; locales: Partial<...>; }, ... 5 more .....'.

[7m162[0m       .include('cardinality')
[7m   [0m [91m       ~~~~~~~[0m

[96mtest/validation/validation.ts[0m:[93m286[0m:[93m29[0m - [91merror[0m[90m TS2339: [0mProperty 'include' does not exist on type 'BasedQuery2<{ version?: string | undefined; defaultTimezone?: string | undefined; migrations?: SchemaMigrations | undefined; hash: number; types: { readonly user: { props: { readonly json: { type: "json"; }; ... 17 more ...; readonly connections: Omit<...> & { ...; }; }; }; }; locales: Partial<...>; }, ... 5 more .....'.

[7m286[0m     await db.query2('user').include('name', 'friend').get(),
[7m   [0m [91m                            ~~~~~~~[0m

[96mtest/validation/validation.ts[0m:[93m605[0m:[93m6[0m - [91merror[0m[90m TS2339: [0mProperty 'filter' does not exist on type 'BasedQuery2<{ version?: string | undefined; defaultTimezone?: string | undefined; migrations?: SchemaMigrations | undefined; hash: number; types: { readonly todo: { props: { readonly done: { type: "boolean"; }; ... 4 more ...; readonly body: { ...; }; }; }; readonly user: { ...; }; }; locales: Partial<...>; }, ... 5...'.

[7m605[0m     .filter('friend.description.en', '=', 'nice')
[7m   [0m [91m     ~~~~~~[0m

[96mtest/validation/validation.ts[0m:[93m663[0m:[93m29[0m - [91merror[0m[90m TS2339: [0mProperty 'filter' does not exist on type 'BasedQuery2<{ version?: string | undefined; defaultTimezone?: string | undefined; migrations?: SchemaMigrations | undefined; hash: number; types: { readonly todo: { props: { readonly done: { type: "boolean"; }; ... 4 more ...; readonly body: { ...; }; }; }; readonly user: { ...; }; }; locales: Partial<...>; }, ... 5...'.

[7m663[0m     () => db.query2('user').filter('rating', 'includes', 1).get(),
[7m   [0m [91m                            ~~~~~~[0m

[96mtest/validation/validation.ts[0m:[93m680[0m:[93m29[0m - [91merror[0m[90m TS2339: [0mProperty 'filter' does not exist on type 'BasedQuery2<{ version?: string | undefined; defaultTimezone?: string | undefined; migrations?: SchemaMigrations | undefined; hash: number; types: { readonly todo: { props: { readonly done: { type: "boolean"; }; ... 4 more ...; readonly body: { ...; }; }; }; readonly user: { ...; }; }; locales: Partial<...>; }, ... 5...'.

[7m680[0m     () => db.query2('user').filter('friend', 'includes', 1).get(),
[7m   [0m [91m                            ~~~~~~[0m

[96mtest/validation/validation.ts[0m:[93m708[0m:[93m8[0m - [91merror[0m[90m TS2339: [0mProperty 'filter' does not exist on type 'BasedQuery2<{ version?: string | undefined; defaultTimezone?: string | undefined; migrations?: SchemaMigrations | undefined; hash: number; types: { readonly todo: { props: { readonly done: { type: "boolean"; }; ... 4 more ...; readonly body: { ...; }; }; }; readonly user: { ...; }; }; locales: Partial<...>; }, ... 5...'.

[7m708[0m       .filter('name', 'includes', '')
[7m   [0m [91m       ~~~~~~[0m

[96mtest/validation/validation.ts[0m:[93m718[0m:[93m8[0m - [91merror[0m[90m TS2339: [0mProperty 'filter' does not exist on type 'BasedQuery2<{ version?: string | undefined; defaultTimezone?: string | undefined; migrations?: SchemaMigrations | undefined; hash: number; types: { readonly todo: { props: { readonly done: { type: "boolean"; }; ... 4 more ...; readonly body: { ...; }; }; }; readonly user: { ...; }; }; locales: Partial<...>; }, ... 5...'.

[7m718[0m       .filter('name', 'includes', '')
[7m   [0m [91m       ~~~~~~[0m

[96mtest/validation/validation.ts[0m:[93m776[0m:[93m27[0m - [91merror[0m[90m TS2339: [0mProperty 'sort' does not exist on type 'BasedQuery2<{ version?: string | undefined; defaultTimezone?: string | undefined; migrations?: SchemaMigrations | undefined; hash: number; types: { readonly todo: { props: { readonly done: { type: "boolean"; }; ... 4 more ...; readonly body: { ...; }; }; }; readonly user: { ...; }; }; locales: Partial<...>; }, ... 5...'.

[7m776[0m   await db.query2('user').sort('drip', 'desc').get()
[7m   [0m [91m                          ~~~~[0m

[96mtest/validation/validation.ts[0m:[93m780[0m:[93m31[0m - [91merror[0m[90m TS2339: [0mProperty 'sort' does not exist on type 'BasedQuery2<{ version?: string | undefined; defaultTimezone?: string | undefined; migrations?: SchemaMigrations | undefined; hash: number; types: { readonly todo: { props: { readonly done: { type: "boolean"; }; ... 4 more ...; readonly body: { ...; }; }; }; readonly user: { ...; }; }; locales: Partial<...>; }, ... 5...'.

[7m780[0m       await db.query2('user').sort('flurp').get()
[7m   [0m [91m                              ~~~~[0m

[96mtest/validation/validation.ts[0m:[93m792[0m:[93m29[0m - [91merror[0m[90m TS2339: [0mProperty 'sort' does not exist on type 'BasedQuery2<{ version?: string | undefined; defaultTimezone?: string | undefined; migrations?: SchemaMigrations | undefined; hash: number; types: { readonly todo: { props: { readonly done: { type: "boolean"; }; ... 4 more ...; readonly body: { ...; }; }; }; readonly user: { ...; }; }; locales: Partial<...>; }, ... 5...'.

[7m792[0m     await db.query2('user').sort('connections').get()
[7m   [0m [91m                            ~~~~[0m

[96mtest/validation/validation.ts[0m:[93m796[0m:[93m29[0m - [91merror[0m[90m TS2339: [0mProperty 'sort' does not exist on type 'BasedQuery2<{ version?: string | undefined; defaultTimezone?: string | undefined; migrations?: SchemaMigrations | undefined; hash: number; types: { readonly todo: { props: { readonly done: { type: "boolean"; }; ... 4 more ...; readonly body: { ...; }; }; }; readonly user: { ...; }; }; locales: Partial<...>; }, ... 5...'.

[7m796[0m     await db.query2('user').sort('friend').get()
[7m   [0m [91m                            ~~~~[0m

[96mtest/validation/validation.ts[0m:[93m800[0m:[93m32[0m - [91merror[0m[90m TS2339: [0mProperty 'sort' does not exist on type 'BasedQuery2<{ version?: string | undefined; defaultTimezone?: string | undefined; migrations?: SchemaMigrations | undefined; hash: number; types: { readonly todo: { props: { readonly done: { type: "boolean"; }; ... 4 more ...; readonly body: { ...; }; }; }; readonly user: { ...; }; }; locales: Partial<...>; }, ... 5...'.

[7m800[0m     await db.query2('user', 1).sort('drip').get()
[7m   [0m [91m                               ~~~~[0m

[96mtest/validation/validation.ts[0m:[93m803[0m:[93m31[0m - [91merror[0m[90m TS2339: [0mProperty 'sort' does not exist on type 'BasedQuery2<{ version?: string | undefined; defaultTimezone?: string | undefined; migrations?: SchemaMigrations | undefined; hash: number; types: { readonly todo: { props: { readonly done: { type: "boolean"; }; ... 4 more ...; readonly body: { ...; }; }; }; readonly user: { ...; }; }; locales: Partial<...>; }, ... 5...'.

[7m803[0m   await db.query2('user', []).sort('drip').get()
[7m   [0m [91m                              ~~~~[0m

[96mtest/validation/validation.ts[0m:[93m805[0m:[93m38[0m - [91merror[0m[90m TS2339: [0mProperty 'sort' does not exist on type 'BasedQuery2<{ version?: string | undefined; defaultTimezone?: string | undefined; migrations?: SchemaMigrations | undefined; hash: number; types: { readonly todo: { props: { readonly done: { type: "boolean"; }; ... 4 more ...; readonly body: { ...; }; }; }; readonly user: { ...; }; }; locales: Partial<...>; }, ... 5...'.

[7m805[0m   await db.query2('user', [1, 2, 3]).sort('drip').get()
[7m   [0m [91m                                     ~~~~[0m

[96mtest/validation/validation.ts[0m:[93m808[0m:[93m29[0m - [91merror[0m[90m TS2339: [0mProperty 'sort' does not exist on type 'BasedQuery2<{ version?: string | undefined; defaultTimezone?: string | undefined; migrations?: SchemaMigrations | undefined; hash: number; types: { readonly todo: { props: { readonly done: { type: "boolean"; }; ... 4 more ...; readonly body: { ...; }; }; }; readonly user: { ...; }; }; locales: Partial<...>; }, ... 5...'.

[7m808[0m     await db.query2('user').sort('drip').range(0, -10).get()
[7m   [0m [91m                            ~~~~[0m

[96mtest/validation/validation.ts[0m:[93m929[0m:[93m27[0m - [91merror[0m[90m TS2339: [0mProperty 'range' does not exist on type 'BasedQuery2<{ version?: string | undefined; defaultTimezone?: string | undefined; migrations?: SchemaMigrations | undefined; hash: number; types: { readonly user: { props: { readonly name: { type: "string"; }; readonly rating: { ...; }; }; }; }; locales: Partial<...>; }, ... 5 more ..., undefined>'.

[7m929[0m   await db.query2('user').range(0, 5).get()
[7m   [0m [91m                          ~~~~~[0m

[96mtest/validation/validation.ts[0m:[93m930[0m:[93m27[0m - [91merror[0m[90m TS2339: [0mProperty 'range' does not exist on type 'BasedQuery2<{ version?: string | undefined; defaultTimezone?: string | undefined; migrations?: SchemaMigrations | undefined; hash: number; types: { readonly user: { props: { readonly name: { type: "string"; }; readonly rating: { ...; }; }; }; }; locales: Partial<...>; }, ... 5 more ..., undefined>'.

[7m930[0m   await db.query2('user').range(1, 10).get()
[7m   [0m [91m                          ~~~~~[0m

[96mtest/validation/validation.ts[0m:[93m931[0m:[93m27[0m - [91merror[0m[90m TS2339: [0mProperty 'range' does not exist on type 'BasedQuery2<{ version?: string | undefined; defaultTimezone?: string | undefined; migrations?: SchemaMigrations | undefined; hash: number; types: { readonly user: { props: { readonly name: { type: "string"; }; readonly rating: { ...; }; }; }; }; locales: Partial<...>; }, ... 5 more ..., undefined>'.

[7m931[0m   await db.query2('user').range(0, 1).get()
[7m   [0m [91m                          ~~~~~[0m

[96mtest/validation/validation.ts[0m:[93m932[0m:[93m27[0m - [91merror[0m[90m TS2339: [0mProperty 'range' does not exist on type 'BasedQuery2<{ version?: string | undefined; defaultTimezone?: string | undefined; migrations?: SchemaMigrations | undefined; hash: number; types: { readonly user: { props: { readonly name: { type: "string"; }; readonly rating: { ...; }; }; }; }; locales: Partial<...>; }, ... 5 more ..., undefined>'.

[7m932[0m   await db.query2('user').range(100, 101).get()
[7m   [0m [91m                          ~~~~~[0m

[96mtest/validation/validation.ts[0m:[93m933[0m:[93m27[0m - [91merror[0m[90m TS2339: [0mProperty 'range' does not exist on type 'BasedQuery2<{ version?: string | undefined; defaultTimezone?: string | undefined; migrations?: SchemaMigrations | undefined; hash: number; types: { readonly user: { props: { readonly name: { type: "string"; }; readonly rating: { ...; }; }; }; }; locales: Partial<...>; }, ... 5 more ..., undefined>'.

[7m933[0m   await db.query2('user').range(1000, 1001).get()
[7m   [0m [91m                          ~~~~~[0m

[96mtest/validation/validation.ts[0m:[93m934[0m:[93m27[0m - [91merror[0m[90m TS2339: [0mProperty 'range' does not exist on type 'BasedQuery2<{ version?: string | undefined; defaultTimezone?: string | undefined; migrations?: SchemaMigrations | undefined; hash: number; types: { readonly user: { props: { readonly name: { type: "string"; }; readonly rating: { ...; }; }; }; }; locales: Partial<...>; }, ... 5 more ..., undefined>'.

[7m934[0m   await db.query2('user').range(0, undefined).get()
[7m   [0m [91m                          ~~~~~[0m

[96mtest/validation/validation.ts[0m:[93m937[0m:[93m29[0m - [91merror[0m[90m TS2339: [0mProperty 'range' does not exist on type 'BasedQuery2<{ version?: string | undefined; defaultTimezone?: string | undefined; migrations?: SchemaMigrations | undefined; hash: number; types: { readonly user: { props: { readonly name: { type: "string"; }; readonly rating: { ...; }; }; }; }; locales: Partial<...>; }, ... 5 more ..., undefined>'.

[7m937[0m     await db.query2('user').range(0, 0).get()
[7m   [0m [91m                            ~~~~~[0m

[96mtest/validation/validation.ts[0m:[93m941[0m:[93m29[0m - [91merror[0m[90m TS2339: [0mProperty 'range' does not exist on type 'BasedQuery2<{ version?: string | undefined; defaultTimezone?: string | undefined; migrations?: SchemaMigrations | undefined; hash: number; types: { readonly user: { props: { readonly name: { type: "string"; }; readonly rating: { ...; }; }; }; }; locales: Partial<...>; }, ... 5 more ..., undefined>'.

[7m941[0m     await db.query2('user').range(5, 5).get()
[7m   [0m [91m                            ~~~~~[0m

[96mtest/validation/validation.ts[0m:[93m945[0m:[93m29[0m - [91merror[0m[90m TS2339: [0mProperty 'range' does not exist on type 'BasedQuery2<{ version?: string | undefined; defaultTimezone?: string | undefined; migrations?: SchemaMigrations | undefined; hash: number; types: { readonly user: { props: { readonly name: { type: "string"; }; readonly rating: { ...; }; }; }; }; locales: Partial<...>; }, ... 5 more ..., undefined>'.

[7m945[0m     await db.query2('user').range(4294967295, 4294967295).get()
[7m   [0m [91m                            ~~~~~[0m

[96mtest/validation/validation.ts[0m:[93m1024[0m:[93m29[0m - [91merror[0m[90m TS2339: [0mProperty 'range' does not exist on type 'BasedQuery2<{ version?: string | undefined; defaultTimezone?: string | undefined; migrations?: SchemaMigrations | undefined; hash: number; types: { readonly user: { props: { readonly name: { type: "string"; }; readonly rating: { ...; }; }; }; }; locales: Partial<...>; }, ... 5 more ..., undefined>'.

[7m1024[0m     await db.query2('user').range(5, 3).get()
[7m    [0m [91m                            ~~~~~[0m

[96mtest/validation/validation.ts[0m:[93m1027[0m:[93m27[0m - [91merror[0m[90m TS2339: [0mProperty 'filter' does not exist on type 'BasedQuery2<{ version?: string | undefined; defaultTimezone?: string | undefined; migrations?: SchemaMigrations | undefined; hash: number; types: { readonly user: { props: { readonly name: { type: "string"; }; readonly rating: { ...; }; }; }; }; locales: Partial<...>; }, ... 5 more ..., undefined>'.

[7m1027[0m   await db.query2('user').filter('rating', '>', 0).range(0, 5).get()
[7m    [0m [91m                          ~~~~~~[0m

[96mtest/validation/validation.ts[0m:[93m1028[0m:[93m27[0m - [91merror[0m[90m TS2339: [0mProperty 'sort' does not exist on type 'BasedQuery2<{ version?: string | undefined; defaultTimezone?: string | undefined; migrations?: SchemaMigrations | undefined; hash: number; types: { readonly user: { props: { readonly name: { type: "string"; }; readonly rating: { ...; }; }; }; }; locales: Partial<...>; }, ... 5 more ..., undefined>'.

[7m1028[0m   await db.query2('user').sort('rating').range(0, 5).get()
[7m    [0m [91m                          ~~~~[0m

[96mtest/validation/validation.ts[0m:[93m1029[0m:[93m27[0m - [91merror[0m[90m TS2339: [0mProperty 'include' does not exist on type 'BasedQuery2<{ version?: string | undefined; defaultTimezone?: string | undefined; migrations?: SchemaMigrations | undefined; hash: number; types: { readonly user: { props: { readonly name: { type: "string"; }; readonly rating: { ...; }; }; }; }; locales: Partial<...>; }, ... 5 more ..., undefined>'.

[7m1029[0m   await db.query2('user').include('name').range(0, 5).get()
[7m    [0m [91m                          ~~~~~~~[0m

[96mtest/validation/validation.ts[0m:[93m1033[0m:[93m6[0m - [91merror[0m[90m TS2339: [0mProperty 'range' does not exist on type 'BasedQuery2<{ version?: string | undefined; defaultTimezone?: string | undefined; migrations?: SchemaMigrations | undefined; hash: number; types: { readonly user: { props: { readonly name: { type: "string"; }; readonly rating: { ...; }; }; }; }; locales: Partial<...>; }, ... 5 more ..., undefined>'.

[7m1033[0m     .range(0, 5)
[7m    [0m [91m     ~~~~~[0m

[96mtest/validation/validation.ts[0m:[93m1079[0m:[93m6[0m - [91merror[0m[90m TS2339: [0mProperty 'filter' does not exist on type 'BasedQuery2<{ version?: string | undefined; defaultTimezone?: string | undefined; migrations?: SchemaMigrations | undefined; hash: number; types: { readonly user: { props: { readonly name: { type: "string"; }; readonly binaryData: { ...; }; }; }; }; locales: Partial<...>; }, ... 5 more ..., undefined>'.

[7m1079[0m     .filter('binaryData', '=', Buffer.from([1, 2, 3, 4]))
[7m    [0m [91m     ~~~~~~[0m

[96mtest/validation/validation.ts[0m:[93m1084[0m:[93m6[0m - [91merror[0m[90m TS2339: [0mProperty 'filter' does not exist on type 'BasedQuery2<{ version?: string | undefined; defaultTimezone?: string | undefined; migrations?: SchemaMigrations | undefined; hash: number; types: { readonly user: { props: { readonly name: { type: "string"; }; readonly binaryData: { ...; }; }; }; }; locales: Partial<...>; }, ... 5 more ..., undefined>'.

[7m1084[0m     .filter('binaryData', '=', new Uint8Array([5, 6, 7, 8]))
[7m    [0m [91m     ~~~~~~[0m

[96mtest/validation/validationReferences.ts[0m:[93m68[0m:[93m8[0m - [91merror[0m[90m TS2339: [0mProperty 'include' does not exist on type 'BasedQuery2<{ version?: string | undefined; defaultTimezone?: string | undefined; migrations?: SchemaMigrations | undefined; hash: number; types: { readonly flap: { props: { readonly x: { readonly ref: "user"; readonly prop: "y"; } & { ...; }; }; }; readonly user: { ...; }; }; locales: Partial<...>; }, ... 5 more .....'.

[7m68[0m       .include('name', 'connections.id')
[7m  [0m [91m       ~~~~~~~[0m

[96mtest/validation/validationReferences.ts[0m:[93m177[0m:[93m46[0m - [91merror[0m[90m TS2339: [0mProperty 'include' does not exist on type 'BasedQuery2<{ version?: string | undefined; defaultTimezone?: string | undefined; migrations?: SchemaMigrations | undefined; hash: number; types: { readonly flap: { props: { readonly x: { readonly ref: "user"; readonly prop: "y"; } & { ...; }; }; }; readonly user: { ...; }; }; locales: Partial<...>; }, ... 5 more .....'.

[7m177[0m     await db.query2('user', userWithFriends).include('name', 'friends').get(),
[7m   [0m [91m                                             ~~~~~~~[0m

[96mtest/validation/validationReferences.ts[0m:[93m198[0m:[93m8[0m - [91merror[0m[90m TS2339: [0mProperty 'include' does not exist on type 'BasedQuery2<{ version?: string | undefined; defaultTimezone?: string | undefined; migrations?: SchemaMigrations | undefined; hash: number; types: { readonly flap: { props: { readonly x: { readonly ref: "user"; readonly prop: "y"; } & { ...; }; }; }; readonly user: { ...; }; }; locales: Partial<...>; }, ... 5 more .....'.

[7m198[0m       .include(
[7m   [0m [91m       ~~~~~~~[0m

[96mtest/validation/validationReferences.ts[0m:[93m244[0m:[93m8[0m - [91merror[0m[90m TS2339: [0mProperty 'include' does not exist on type 'BasedQuery2<{ version?: string | undefined; defaultTimezone?: string | undefined; migrations?: SchemaMigrations | undefined; hash: number; types: { readonly flap: { props: { readonly x: { readonly ref: "user"; readonly prop: "y"; } & { ...; }; }; }; readonly user: { ...; }; }; locales: Partial<...>; }, ... 5 more .....'.

[7m244[0m       .include(
[7m   [0m [91m       ~~~~~~~[0m

[96mtest/vector.ts[0m:[93m50[0m:[93m39[0m - [91merror[0m[90m TS2339: [0mProperty 'include' does not exist on type 'BasedQuery2<SchemaOut, "data", "*", false, undefined, {}, undefined>'.

[7m50[0m   const res = await db.query2('data').include('name', 'a').get()
[7m  [0m [91m                                      ~~~~~~~[0m

[96mtest/vector.ts[0m:[93m63[0m:[93m6[0m - [91merror[0m[90m TS2339: [0mProperty 'include' does not exist on type 'BasedQuery2<SchemaOut, "data", "*", false, undefined, {}, undefined>'.

[7m63[0m     .include('name')
[7m  [0m [91m     ~~~~~~~[0m

[96mtest/vector.ts[0m:[93m70[0m:[93m6[0m - [91merror[0m[90m TS2339: [0mProperty 'include' does not exist on type 'BasedQuery2<SchemaOut, "data", "*", false, undefined, {}, undefined>'.

[7m70[0m     .include('name')
[7m  [0m [91m     ~~~~~~~[0m

[96mtest/vector.ts[0m:[93m83[0m:[93m6[0m - [91merror[0m[90m TS2339: [0mProperty 'include' does not exist on type 'BasedQuery2<SchemaOut, "data", "*", false, undefined, {}, undefined>'.

[7m83[0m     .include('name')
[7m  [0m [91m     ~~~~~~~[0m

[96mtest/vector.ts[0m:[93m105[0m:[93m8[0m - [91merror[0m[90m TS2339: [0mProperty 'include' does not exist on type 'BasedQuery2<SchemaOut, "data", "*", false, undefined, {}, undefined>'.

[7m105[0m       .include('name')
[7m   [0m [91m       ~~~~~~~[0m


Found 1233 errors in 187 files.

Errors  Files
     1  scripts/repl.ts[90m:6[0m
     2  scripts/test_push_exports.ts[90m:13[0m
    48  src/db-client/query2/index.ts[90m:73[0m
     3  src/db-client/query2/types.ts[90m:347[0m
    26  test/aggregate/basic.ts[90m:55[0m
    14  test/aggregate/deep.ts[90m:57[0m
     2  test/aggregate/experimental.ts[90m:90[0m
    13  test/aggregate/groupBY.ts[90m:52[0m
     6  test/aggregate/multiple.ts[90m:77[0m
    10  test/aggregate/overall.perf.ts[90m:41[0m
    19  test/aggregate/temporal.ts[90m:32[0m
     5  test/aggregate/validation.ts[90m:29[0m
     8  test/alias/alias.ts[90m:43[0m
     1  test/alias/filter.ts[90m:33[0m
     1  test/alignModify.ts[90m:45[0m
     1  test/based-client/addSpecs.ts[90m:57[0m
     4  test/based-client/authorize.ts[90m:139[0m
     1  test/based-client/authorizeOnSpec.ts[90m:94[0m
     2  test/based-client/browser/index.ts[90m:78[0m
     4  test/based-client/dbQuery.ts[90m:32[0m
     2  test/based-client/error.ts[90m:140[0m
     1  test/based-client/functions.ts[90m:3[0m
     1  test/based-client/functionsPerf.ts[90m:2[0m
    20  test/based-client/get.ts[90m:2[0m
     6  test/based-client/hooks.ts[90m:2[0m
     1  test/based-client/http.ts[90m:2[0m
     1  test/based-client/httpGet.ts[90m:2[0m
     1  test/based-client/installFunctions.ts[90m:2[0m
     2  test/based-client/lazyConnect.ts[90m:2[0m
     1  test/based-client/memLeaks.ts[90m:2[0m
     2  test/based-client/messages.ts[90m:2[0m
     1  test/based-client/nestedChannelSimple.ts[90m:2[0m
    13  test/based-client/nestedFunctions.ts[90m:3[0m
     3  test/based-client/nestedFunctionsError.ts[90m:2[0m
     4  test/based-client/nestedQuerySimple.ts[90m:2[0m
     5  test/based-client/null.ts[90m:2[0m
     2  test/based-client/payloadPerf.ts[90m:85[0m
     5  test/based-client/persist.ts[90m:2[0m
    16  test/based-client/protocolContentType.ts[90m:3[0m
     3  test/based-client/query.ts[90m:2[0m
     3  test/based-client/queryCache.ts[90m:2[0m
    18  test/based-client/queryCtxBound.ts[90m:2[0m
     2  test/based-client/queryDiff.ts[90m:2[0m
    10  test/based-client/queryErrorHandling.ts[90m:2[0m
     2  test/based-client/queryInstancePerf.ts[90m:2[0m
     3  test/based-client/queryReusedDiff.ts[90m:2[0m
     4  test/based-client/queryUint8Payload.ts[90m:2[0m
     1  test/based-client/rateLimit.ts[90m:2[0m
     2  test/based-client/reEvaluateAuthState.ts.ts[90m:2[0m
     3  test/based-client/relay.ts[90m:2[0m
     1  test/based-client/reload.ts[90m:2[0m
     4  test/based-client/ssr.ts[90m:2[0m
     1  test/based-client/stream.ts[90m:2[0m
     1  test/based-client/streamChunks.ts[90m:4[0m
     1  test/based-client/streamHttp.ts[90m:2[0m
     1  test/based-client/streamNested.ts[90m:2[0m
     2  test/based-client/throttle.ts[90m:2[0m
     2  test/based-client/verifyAuthState.ts[90m:2[0m
     5  test/bench.perf.ts[90m:54[0m
     1  test/benchmarks/utils.ts[90m:1[0m
    10  test/bigNode.perf.ts[90m:37[0m
     6  test/binary.ts[90m:21[0m
     3  test/boolean.ts[90m:34[0m
     1  test/capped.ts[90m:131[0m
    16  test/cardinality.ts[90m:45[0m
     2  test/clientServer.perf.ts[90m:43[0m
     5  test/clientServer.ts[90m:27[0m
     3  test/colvec.ts[90m:63[0m
     2  test/concurrency.perf.ts[90m:46[0m
     4  test/copy.ts[90m:63[0m
     2  test/crc32c.ts[90m:115[0m
     4  test/db-schema/schemaUpdates.ts[90m:45[0m
    10  test/default.ts[90m:46[0m
     3  test/delete.perf.ts[90m:58[0m
     7  test/delete.ts[90m:39[0m
     9  test/dependent.ts[90m:66[0m
     2  test/edges/edgeFilterNested.ts[90m:45[0m
     1  test/edges/edgeNumbers.ts[90m:41[0m
    18  test/edges/edges.ts[90m:113[0m
    12  test/edges/edgesMain.ts[90m:60[0m
     3  test/edges/edgesReference.ts[90m:58[0m
    18  test/edges/edgesReferences.ts[90m:100[0m
     5  test/edges/edgeText.ts[90m:39[0m
     1  test/edges/edgeType.ts[90m:92[0m
     8  test/enum.ts[90m:34[0m
     2  test/errors.ts[90m:23[0m
    10  test/exists.ts[90m:32[0m
     4  test/expire.ts[90m:40[0m
     4  test/filter/api.ts[90m:33[0m
     2  test/filter/edges.ts[90m:55[0m
    42  test/filter/filter.ts[90m:44[0m
     4  test/filter/or.ts[90m:21[0m
     2  test/filter/references.ts[90m:51[0m
     6  test/filter/referencesField.ts[90m:32[0m
    34  test/filter/string.ts[90m:18[0m
     1  test/HLLunion.ts[90m:86[0m
    14  test/hooks.ts[90m:67[0m
     5  test/include/include.ts[90m:26[0m
    12  test/include/includeMeta.ts[90m:39[0m
     2  test/include/includeNested.ts[90m:26[0m
     7  test/include/includeSlice.ts[90m:58[0m
     3  test/include/referencesField.ts[90m:34[0m
     6  test/include/thread.perf.ts[90m:79[0m
     1  test/isModified.perf.ts[90m:23[0m
     4  test/json.ts[90m:82[0m
     2  test/locales.ts[90m:39[0m
     2  test/mem.ts[90m:57[0m
     2  test/migration.ts[90m:227[0m
     2  test/modify/props/binary.ts[90m:63[0m
     9  test/modify/props/boolean.ts[90m:94[0m
     2  test/modify/props/cardinality.ts[90m:74[0m
     3  test/modify/props/default.ts[90m:102[0m
     2  test/modify/props/enum.ts[90m:65[0m
     2  test/modify/props/json.ts[90m:66[0m
     2  test/modify/props/mixed.ts[90m:41[0m
     1  test/modify/props/numbers.ts[90m:241[0m
     4  test/modify/props/object.ts[90m:56[0m
     8  test/modify/props/references.ts[90m:26[0m
     6  test/modify/props/string.ts[90m:111[0m
     3  test/modify/props/text.ts[90m:71[0m
     2  test/modify/props/timestamp.ts[90m:100[0m
     6  test/modify/props/vector.ts[90m:108[0m
     2  test/protocol/schema.ts[90m:59[0m
     1  test/query-ast/validate.perf.ts[90m:1[0m
     7  test/query/db.ts[90m:66[0m
    23  test/query/types.ts[90m:110[0m
     8  test/queryResponse.ts[90m:25[0m
     2  test/range.ts[90m:59[0m
     2  test/raw.ts[90m:21[0m
    34  test/references/references.ts[90m:61[0m
    14  test/references/referencesIndex.ts[90m:37[0m
     6  test/references/referencesModify.ts[90m:49[0m
     2  test/save/blockHash.ts[90m:50[0m
    15  test/save/save.ts[90m:197[0m
     1  test/save/saveEdge.ts[90m:43[0m
     6  test/save/saveRange.ts[90m:63[0m
     7  test/scenarios/e-commerce.ts[90m:1[0m
    47  test/scenarios/northwind.ts[90m:12[0m
    20  test/scenarios/nycTaxi.ts[90m:429[0m
     4  test/scenarios/vote.ts[90m:155[0m
     2  test/scenarios/voteEdges.ts[90m:132[0m
     4  test/scenarios/voteLargeAmounts.perf.ts[90m:138[0m
     5  test/scenarios/voteStorage.ts[90m:131[0m
     4  test/schema/parse/edges.ts[90m:36[0m
     1  test/schema/parse/infer.ts[90m:1[0m
     1  test/schema/parse/references.ts[90m:211[0m
     1  test/schema/parse/schema.ts[90m:12[0m
     1  test/schema/props/write.ts[90m:20[0m
     4  test/schema/serialize/serialize.ts[90m:46[0m
    27  test/search.ts[90m:29[0m
     3  test/serializeQueryDef.ts[90m:33[0m
     2  test/shared/test.ts[90m:89[0m
     3  test/simpleQuery.ts[90m:36[0m
    33  test/singleRef.ts[90m:100[0m
     2  test/singleRefQuery.ts[90m:108[0m
     2  test/sort/sort.perf.ts[90m:27[0m
    29  test/sort/sort.ts[90m:56[0m
     4  test/sort/sortAlias.ts[90m:28[0m
     3  test/sort/sortBinary.ts[90m:38[0m
     3  test/sort/sortById.ts[90m:33[0m
     2  test/sort/sortEnum.ts[90m:37[0m
     8  test/sort/sortHll.ts[90m:55[0m
     8  test/sort/sortIds.ts[90m:31[0m
     1  test/sort/sortNodeId.ts[90m:27[0m
    11  test/sort/sortNumber.ts[90m:52[0m
     4  test/sort/sortString.ts[90m:70[0m
     8  test/sort/sortTimestamp.ts[90m:43[0m
    17  test/string.ts[90m:42[0m
     4  test/subscription/subscription.perf.ts[90m:36[0m
     6  test/subscription/subscription.ts[90m:16[0m
     6  test/subscription/subscriptionId.ts[90m:15[0m
     4  test/subscription/subscriptionIdPartial.ts[90m:15[0m
     3  test/subscription/subscriptionIdRemove.ts[90m:15[0m
     2  test/subscription/subscriptionMulti.perf.ts[90m:15[0m
     8  test/subscription/subscriptionNow.ts[90m:15[0m
     3  test/subscription/subscriptionSchemaChanges.ts[90m:16[0m
     3  test/subscription/subscriptionWorkers.perf.ts[90m:64[0m
    43  test/text/text.ts[90m:32[0m
     1  test/text/textFallback.ts[90m:72[0m
     3  test/text/textFilter.ts[90m:89[0m
     1  test/type-gen/examples/helloWorld/index.ts[90m:1[0m
     1  test/type-gen/examples/query/index.ts[90m:1[0m
     4  test/update.ts[90m:204[0m
     1  test/upsert.ts[90m:86[0m
    31  test/validation/validation.ts[90m:162[0m
     4  test/validation/validationReferences.ts[90m:68[0m
     5  test/vector.ts[90m:50[0m
